Archive member included because of file (symbol)

D:\Ride\Ride\Lib\ARM\STM32x_io_putchar_thumb.a(STM32F10X_io_putchar.o)
                              (__io_putchar)
D:\Ride\Ride\Lib\ARM\std_sbrk_thumb.lib(write.o)
                              (_write)

Allocating common symbols
Common symbol       size              file

STM32_Compass       0xc               D:\FbEdit\Projects\Applications\fbe\STM32Discovery\Compass\STM32I2C\main.o
HSEStartUpStatus    0x1               D:\FbEdit\Projects\Applications\fbe\STM32Discovery\Compass\STM32I2C\main.o

Discarded input sections

 .text          0x00000000       0x14 D:\Ride\Ride\Lib\ARM\startup_stm32f10x_md.o
 .data          0x00000000        0x0 D:\Ride\Ride\Lib\ARM\startup_stm32f10x_md.o
 .bss           0x00000000        0x0 D:\Ride\Ride\Lib\ARM\startup_stm32f10x_md.o
 .text          0x00000000        0x0 D:\FbEdit\Projects\Applications\fbe\STM32Discovery\Compass\STM32I2C\main.o
 .data          0x00000000        0x0 D:\FbEdit\Projects\Applications\fbe\STM32Discovery\Compass\STM32I2C\main.o
 .bss           0x00000000        0x0 D:\FbEdit\Projects\Applications\fbe\STM32Discovery\Compass\STM32I2C\main.o
 .text          0x00000000        0x0 D:\FbEdit\Projects\Applications\fbe\STM32Discovery\Compass\STM32I2C\stm32f10x_it.o
 .data          0x00000000        0x0 D:\FbEdit\Projects\Applications\fbe\STM32Discovery\Compass\STM32I2C\stm32f10x_it.o
 .bss           0x00000000        0x0 D:\FbEdit\Projects\Applications\fbe\STM32Discovery\Compass\STM32I2C\stm32f10x_it.o
 .text.NMIException
                0x00000000        0x4 D:\FbEdit\Projects\Applications\fbe\STM32Discovery\Compass\STM32I2C\stm32f10x_it.o
 .text.HardFaultException
                0x00000000        0x4 D:\FbEdit\Projects\Applications\fbe\STM32Discovery\Compass\STM32I2C\stm32f10x_it.o
 .text.MemManageException
                0x00000000        0x4 D:\FbEdit\Projects\Applications\fbe\STM32Discovery\Compass\STM32I2C\stm32f10x_it.o
 .text.BusFaultException
                0x00000000        0x4 D:\FbEdit\Projects\Applications\fbe\STM32Discovery\Compass\STM32I2C\stm32f10x_it.o
 .text.UsageFaultException
                0x00000000        0x4 D:\FbEdit\Projects\Applications\fbe\STM32Discovery\Compass\STM32I2C\stm32f10x_it.o
 .text.DebugMonitor
                0x00000000        0x4 D:\FbEdit\Projects\Applications\fbe\STM32Discovery\Compass\STM32I2C\stm32f10x_it.o
 .text.SVCHandler
                0x00000000        0x4 D:\FbEdit\Projects\Applications\fbe\STM32Discovery\Compass\STM32I2C\stm32f10x_it.o
 .text.PendSVC  0x00000000        0x4 D:\FbEdit\Projects\Applications\fbe\STM32Discovery\Compass\STM32I2C\stm32f10x_it.o
 .text.SysTickHandler
                0x00000000        0x4 D:\FbEdit\Projects\Applications\fbe\STM32Discovery\Compass\STM32I2C\stm32f10x_it.o
 .text.USB_HP_CAN_TX_IRQHandler
                0x00000000        0x4 D:\FbEdit\Projects\Applications\fbe\STM32Discovery\Compass\STM32I2C\stm32f10x_it.o
 .text.USB_LP_CAN_RX0_IRQHandler
                0x00000000        0x4 D:\FbEdit\Projects\Applications\fbe\STM32Discovery\Compass\STM32I2C\stm32f10x_it.o
 .text.CAN_RX1_IRQHandler
                0x00000000        0x4 D:\FbEdit\Projects\Applications\fbe\STM32Discovery\Compass\STM32I2C\stm32f10x_it.o
 .text.CAN_SCE_IRQHandler
                0x00000000        0x4 D:\FbEdit\Projects\Applications\fbe\STM32Discovery\Compass\STM32I2C\stm32f10x_it.o
 .text.TIM8_BRK_IRQHandler
                0x00000000        0x4 D:\FbEdit\Projects\Applications\fbe\STM32Discovery\Compass\STM32I2C\stm32f10x_it.o
 .text.TIM8_UP_IRQHandler
                0x00000000        0x4 D:\FbEdit\Projects\Applications\fbe\STM32Discovery\Compass\STM32I2C\stm32f10x_it.o
 .text.TIM8_TRG_COM_IRQHandler
                0x00000000        0x4 D:\FbEdit\Projects\Applications\fbe\STM32Discovery\Compass\STM32I2C\stm32f10x_it.o
 .text.TIM8_CC_IRQHandler
                0x00000000        0x4 D:\FbEdit\Projects\Applications\fbe\STM32Discovery\Compass\STM32I2C\stm32f10x_it.o
 .text.ADC3_IRQHandler
                0x00000000        0x4 D:\FbEdit\Projects\Applications\fbe\STM32Discovery\Compass\STM32I2C\stm32f10x_it.o
 .text.FSMC_IRQHandler
                0x00000000        0x4 D:\FbEdit\Projects\Applications\fbe\STM32Discovery\Compass\STM32I2C\stm32f10x_it.o
 .text.SDIO_IRQHandler
                0x00000000        0x4 D:\FbEdit\Projects\Applications\fbe\STM32Discovery\Compass\STM32I2C\stm32f10x_it.o
 .text.TIM5_IRQHandler
                0x00000000        0x4 D:\FbEdit\Projects\Applications\fbe\STM32Discovery\Compass\STM32I2C\stm32f10x_it.o
 .text.SPI3_IRQHandler
                0x00000000        0x4 D:\FbEdit\Projects\Applications\fbe\STM32Discovery\Compass\STM32I2C\stm32f10x_it.o
 .text.UART4_IRQHandler
                0x00000000        0x4 D:\FbEdit\Projects\Applications\fbe\STM32Discovery\Compass\STM32I2C\stm32f10x_it.o
 .text.UART5_IRQHandler
                0x00000000        0x4 D:\FbEdit\Projects\Applications\fbe\STM32Discovery\Compass\STM32I2C\stm32f10x_it.o
 .text.TIM6_IRQHandler
                0x00000000        0x4 D:\FbEdit\Projects\Applications\fbe\STM32Discovery\Compass\STM32I2C\stm32f10x_it.o
 .text.TIM7_IRQHandler
                0x00000000        0x4 D:\FbEdit\Projects\Applications\fbe\STM32Discovery\Compass\STM32I2C\stm32f10x_it.o
 .text.DMA2_Channel1_IRQHandler
                0x00000000        0x4 D:\FbEdit\Projects\Applications\fbe\STM32Discovery\Compass\STM32I2C\stm32f10x_it.o
 .text.DMA2_Channel2_IRQHandler
                0x00000000        0x4 D:\FbEdit\Projects\Applications\fbe\STM32Discovery\Compass\STM32I2C\stm32f10x_it.o
 .text.DMA2_Channel3_IRQHandler
                0x00000000        0x4 D:\FbEdit\Projects\Applications\fbe\STM32Discovery\Compass\STM32I2C\stm32f10x_it.o
 .text.DMA2_Channel4_5_IRQHandler
                0x00000000        0x4 D:\FbEdit\Projects\Applications\fbe\STM32Discovery\Compass\STM32I2C\stm32f10x_it.o
 .text          0x00000000        0x0 D:\FbEdit\Projects\Applications\fbe\STM32Discovery\Compass\STM32I2C\stm32f10x_flash.o
 .data          0x00000000        0x0 D:\FbEdit\Projects\Applications\fbe\STM32Discovery\Compass\STM32I2C\stm32f10x_flash.o
 .bss           0x00000000        0x0 D:\FbEdit\Projects\Applications\fbe\STM32Discovery\Compass\STM32I2C\stm32f10x_flash.o
 .text.FLASH_HalfCycleAccessCmd
                0x00000000       0x1c D:\FbEdit\Projects\Applications\fbe\STM32Discovery\Compass\STM32I2C\stm32f10x_flash.o
 .text          0x00000000        0x0 D:\FbEdit\Projects\Applications\fbe\STM32Discovery\Compass\STM32I2C\stm32f10x_gpio.o
 .data          0x00000000        0x0 D:\FbEdit\Projects\Applications\fbe\STM32Discovery\Compass\STM32I2C\stm32f10x_gpio.o
 .bss           0x00000000        0x0 D:\FbEdit\Projects\Applications\fbe\STM32Discovery\Compass\STM32I2C\stm32f10x_gpio.o
 .text.GPIO_DeInit
                0x00000000      0x11c D:\FbEdit\Projects\Applications\fbe\STM32Discovery\Compass\STM32I2C\stm32f10x_gpio.o
 .text.GPIO_AFIODeInit
                0x00000000       0x1c D:\FbEdit\Projects\Applications\fbe\STM32Discovery\Compass\STM32I2C\stm32f10x_gpio.o
 .text.GPIO_StructInit
                0x00000000       0x14 D:\FbEdit\Projects\Applications\fbe\STM32Discovery\Compass\STM32I2C\stm32f10x_gpio.o
 .text.GPIO_ReadInputDataBit
                0x00000000        0xc D:\FbEdit\Projects\Applications\fbe\STM32Discovery\Compass\STM32I2C\stm32f10x_gpio.o
 .text.GPIO_ReadInputData
                0x00000000        0x8 D:\FbEdit\Projects\Applications\fbe\STM32Discovery\Compass\STM32I2C\stm32f10x_gpio.o
 .text.GPIO_ReadOutputDataBit
                0x00000000        0xc D:\FbEdit\Projects\Applications\fbe\STM32Discovery\Compass\STM32I2C\stm32f10x_gpio.o
 .text.GPIO_ReadOutputData
                0x00000000        0x8 D:\FbEdit\Projects\Applications\fbe\STM32Discovery\Compass\STM32I2C\stm32f10x_gpio.o
 .text.GPIO_SetBits
                0x00000000        0x4 D:\FbEdit\Projects\Applications\fbe\STM32Discovery\Compass\STM32I2C\stm32f10x_gpio.o
 .text.GPIO_ResetBits
                0x00000000        0x4 D:\FbEdit\Projects\Applications\fbe\STM32Discovery\Compass\STM32I2C\stm32f10x_gpio.o
 .text.GPIO_WriteBit
                0x00000000        0xc D:\FbEdit\Projects\Applications\fbe\STM32Discovery\Compass\STM32I2C\stm32f10x_gpio.o
 .text.GPIO_Write
                0x00000000        0x4 D:\FbEdit\Projects\Applications\fbe\STM32Discovery\Compass\STM32I2C\stm32f10x_gpio.o
 .text.GPIO_PinLockConfig
                0x00000000       0x10 D:\FbEdit\Projects\Applications\fbe\STM32Discovery\Compass\STM32I2C\stm32f10x_gpio.o
 .text.GPIO_EventOutputConfig
                0x00000000       0x24 D:\FbEdit\Projects\Applications\fbe\STM32Discovery\Compass\STM32I2C\stm32f10x_gpio.o
 .text.GPIO_EventOutputCmd
                0x00000000        0xc D:\FbEdit\Projects\Applications\fbe\STM32Discovery\Compass\STM32I2C\stm32f10x_gpio.o
 .text.GPIO_PinRemapConfig
                0x00000000       0x70 D:\FbEdit\Projects\Applications\fbe\STM32Discovery\Compass\STM32I2C\stm32f10x_gpio.o
 .text.GPIO_EXTILineConfig
                0x00000000       0x44 D:\FbEdit\Projects\Applications\fbe\STM32Discovery\Compass\STM32I2C\stm32f10x_gpio.o
 .text          0x00000000        0x0 D:\FbEdit\Projects\Applications\fbe\STM32Discovery\Compass\STM32I2C\stm32f10x_lib.o
 .data          0x00000000        0x0 D:\FbEdit\Projects\Applications\fbe\STM32Discovery\Compass\STM32I2C\stm32f10x_lib.o
 .bss           0x00000000        0x0 D:\FbEdit\Projects\Applications\fbe\STM32Discovery\Compass\STM32I2C\stm32f10x_lib.o
 .text          0x00000000        0x0 D:\FbEdit\Projects\Applications\fbe\STM32Discovery\Compass\STM32I2C\stm32f10x_nvic.o
 .data          0x00000000        0x0 D:\FbEdit\Projects\Applications\fbe\STM32Discovery\Compass\STM32I2C\stm32f10x_nvic.o
 .bss           0x00000000        0x0 D:\FbEdit\Projects\Applications\fbe\STM32Discovery\Compass\STM32I2C\stm32f10x_nvic.o
 .text.NVIC_DeInit
                0x00000000       0x40 D:\FbEdit\Projects\Applications\fbe\STM32Discovery\Compass\STM32I2C\stm32f10x_nvic.o
 .text.NVIC_SCBDeInit
                0x00000000       0x34 D:\FbEdit\Projects\Applications\fbe\STM32Discovery\Compass\STM32I2C\stm32f10x_nvic.o
 .text.NVIC_PriorityGroupConfig
                0x00000000       0x14 D:\FbEdit\Projects\Applications\fbe\STM32Discovery\Compass\STM32I2C\stm32f10x_nvic.o
 .text.NVIC_Init
                0x00000000       0xac D:\FbEdit\Projects\Applications\fbe\STM32Discovery\Compass\STM32I2C\stm32f10x_nvic.o
 .text.NVIC_StructInit
                0x00000000       0x10 D:\FbEdit\Projects\Applications\fbe\STM32Discovery\Compass\STM32I2C\stm32f10x_nvic.o
 .text.NVIC_SETPRIMASK
                0x00000000        0x8 D:\FbEdit\Projects\Applications\fbe\STM32Discovery\Compass\STM32I2C\stm32f10x_nvic.o
 .text.NVIC_RESETPRIMASK
                0x00000000        0x8 D:\FbEdit\Projects\Applications\fbe\STM32Discovery\Compass\STM32I2C\stm32f10x_nvic.o
 .text.NVIC_SETFAULTMASK
                0x00000000        0x8 D:\FbEdit\Projects\Applications\fbe\STM32Discovery\Compass\STM32I2C\stm32f10x_nvic.o
 .text.NVIC_RESETFAULTMASK
                0x00000000        0x8 D:\FbEdit\Projects\Applications\fbe\STM32Discovery\Compass\STM32I2C\stm32f10x_nvic.o
 .text.NVIC_BASEPRICONFIG
                0x00000000        0xc D:\FbEdit\Projects\Applications\fbe\STM32Discovery\Compass\STM32I2C\stm32f10x_nvic.o
 .text.NVIC_GetBASEPRI
                0x00000000        0x8 D:\FbEdit\Projects\Applications\fbe\STM32Discovery\Compass\STM32I2C\stm32f10x_nvic.o
 .text.NVIC_GetCurrentPendingIRQChannel
                0x00000000       0x10 D:\FbEdit\Projects\Applications\fbe\STM32Discovery\Compass\STM32I2C\stm32f10x_nvic.o
 .text.NVIC_GetIRQChannelPendingBitStatus
                0x00000000       0x2c D:\FbEdit\Projects\Applications\fbe\STM32Discovery\Compass\STM32I2C\stm32f10x_nvic.o
 .text.NVIC_SetIRQChannelPendingBit
                0x00000000        0xc D:\FbEdit\Projects\Applications\fbe\STM32Discovery\Compass\STM32I2C\stm32f10x_nvic.o
 .text.NVIC_ClearIRQChannelPendingBit
                0x00000000       0x24 D:\FbEdit\Projects\Applications\fbe\STM32Discovery\Compass\STM32I2C\stm32f10x_nvic.o
 .text.NVIC_GetCurrentActiveHandler
                0x00000000       0x14 D:\FbEdit\Projects\Applications\fbe\STM32Discovery\Compass\STM32I2C\stm32f10x_nvic.o
 .text.NVIC_GetIRQChannelActiveBitStatus
                0x00000000       0x2c D:\FbEdit\Projects\Applications\fbe\STM32Discovery\Compass\STM32I2C\stm32f10x_nvic.o
 .text.NVIC_GetCPUID
                0x00000000        0xc D:\FbEdit\Projects\Applications\fbe\STM32Discovery\Compass\STM32I2C\stm32f10x_nvic.o
 .text.NVIC_GenerateSystemReset
                0x00000000       0x14 D:\FbEdit\Projects\Applications\fbe\STM32Discovery\Compass\STM32I2C\stm32f10x_nvic.o
 .text.NVIC_GenerateCoreReset
                0x00000000       0x14 D:\FbEdit\Projects\Applications\fbe\STM32Discovery\Compass\STM32I2C\stm32f10x_nvic.o
 .text.NVIC_SystemLPConfig
                0x00000000       0x24 D:\FbEdit\Projects\Applications\fbe\STM32Discovery\Compass\STM32I2C\stm32f10x_nvic.o
 .text.NVIC_SystemHandlerConfig
                0x00000000       0x30 D:\FbEdit\Projects\Applications\fbe\STM32Discovery\Compass\STM32I2C\stm32f10x_nvic.o
 .text.NVIC_SystemHandlerPriorityConfig
                0x00000000       0x64 D:\FbEdit\Projects\Applications\fbe\STM32Discovery\Compass\STM32I2C\stm32f10x_nvic.o
 .text.NVIC_GetSystemHandlerPendingBitStatus
                0x00000000       0x24 D:\FbEdit\Projects\Applications\fbe\STM32Discovery\Compass\STM32I2C\stm32f10x_nvic.o
 .text.NVIC_SetSystemHandlerPendingBit
                0x00000000       0x20 D:\FbEdit\Projects\Applications\fbe\STM32Discovery\Compass\STM32I2C\stm32f10x_nvic.o
 .text.NVIC_ClearSystemHandlerPendingBit
                0x00000000       0x24 D:\FbEdit\Projects\Applications\fbe\STM32Discovery\Compass\STM32I2C\stm32f10x_nvic.o
 .text.NVIC_GetSystemHandlerActiveBitStatus
                0x00000000       0x24 D:\FbEdit\Projects\Applications\fbe\STM32Discovery\Compass\STM32I2C\stm32f10x_nvic.o
 .text.NVIC_GetFaultHandlerSources
                0x00000000       0x48 D:\FbEdit\Projects\Applications\fbe\STM32Discovery\Compass\STM32I2C\stm32f10x_nvic.o
 .text.NVIC_GetFaultAddress
                0x00000000       0x14 D:\FbEdit\Projects\Applications\fbe\STM32Discovery\Compass\STM32I2C\stm32f10x_nvic.o
 .text          0x00000000        0x0 D:\FbEdit\Projects\Applications\fbe\STM32Discovery\Compass\STM32I2C\stm32f10x_rcc.o
 .data          0x00000000        0x0 D:\FbEdit\Projects\Applications\fbe\STM32Discovery\Compass\STM32I2C\stm32f10x_rcc.o
 .bss           0x00000000        0x0 D:\FbEdit\Projects\Applications\fbe\STM32Discovery\Compass\STM32I2C\stm32f10x_rcc.o
 .text.RCC_AdjustHSICalibrationValue
                0x00000000       0x18 D:\FbEdit\Projects\Applications\fbe\STM32Discovery\Compass\STM32I2C\stm32f10x_rcc.o
 .text.RCC_HSICmd
                0x00000000        0xc D:\FbEdit\Projects\Applications\fbe\STM32Discovery\Compass\STM32I2C\stm32f10x_rcc.o
 .text.RCC_ITConfig
                0x00000000       0x24 D:\FbEdit\Projects\Applications\fbe\STM32Discovery\Compass\STM32I2C\stm32f10x_rcc.o
 .text.RCC_USBCLKConfig
                0x00000000        0xc D:\FbEdit\Projects\Applications\fbe\STM32Discovery\Compass\STM32I2C\stm32f10x_rcc.o
 .text.RCC_LSEConfig
                0x00000000       0x3c D:\FbEdit\Projects\Applications\fbe\STM32Discovery\Compass\STM32I2C\stm32f10x_rcc.o
 .text.RCC_LSICmd
                0x00000000        0xc D:\FbEdit\Projects\Applications\fbe\STM32Discovery\Compass\STM32I2C\stm32f10x_rcc.o
 .text.RCC_RTCCLKConfig
                0x00000000       0x14 D:\FbEdit\Projects\Applications\fbe\STM32Discovery\Compass\STM32I2C\stm32f10x_rcc.o
 .text.RCC_RTCCLKCmd
                0x00000000        0xc D:\FbEdit\Projects\Applications\fbe\STM32Discovery\Compass\STM32I2C\stm32f10x_rcc.o
 .text.RCC_AHBPeriphClockCmd
                0x00000000       0x24 D:\FbEdit\Projects\Applications\fbe\STM32Discovery\Compass\STM32I2C\stm32f10x_rcc.o
 .text.RCC_APB2PeriphResetCmd
                0x00000000       0x24 D:\FbEdit\Projects\Applications\fbe\STM32Discovery\Compass\STM32I2C\stm32f10x_rcc.o
 .text.RCC_APB1PeriphResetCmd
                0x00000000       0x24 D:\FbEdit\Projects\Applications\fbe\STM32Discovery\Compass\STM32I2C\stm32f10x_rcc.o
 .text.RCC_BackupResetCmd
                0x00000000        0xc D:\FbEdit\Projects\Applications\fbe\STM32Discovery\Compass\STM32I2C\stm32f10x_rcc.o
 .text.RCC_ClockSecuritySystemCmd
                0x00000000        0xc D:\FbEdit\Projects\Applications\fbe\STM32Discovery\Compass\STM32I2C\stm32f10x_rcc.o
 .text.RCC_MCOConfig
                0x00000000        0xc D:\FbEdit\Projects\Applications\fbe\STM32Discovery\Compass\STM32I2C\stm32f10x_rcc.o
 .text.RCC_ClearFlag
                0x00000000       0x14 D:\FbEdit\Projects\Applications\fbe\STM32Discovery\Compass\STM32I2C\stm32f10x_rcc.o
 .text.RCC_GetITStatus
                0x00000000       0x14 D:\FbEdit\Projects\Applications\fbe\STM32Discovery\Compass\STM32I2C\stm32f10x_rcc.o
 .text.RCC_ClearITPendingBit
                0x00000000        0xc D:\FbEdit\Projects\Applications\fbe\STM32Discovery\Compass\STM32I2C\stm32f10x_rcc.o
 .text          0x00000000        0x0 D:\FbEdit\Projects\Applications\fbe\STM32Discovery\Compass\STM32I2C\stm32f10x_adc.o
 .data          0x00000000        0x0 D:\FbEdit\Projects\Applications\fbe\STM32Discovery\Compass\STM32I2C\stm32f10x_adc.o
 .bss           0x00000000        0x0 D:\FbEdit\Projects\Applications\fbe\STM32Discovery\Compass\STM32I2C\stm32f10x_adc.o
 .text.ADC_DeInit
                0x00000000       0x74 D:\FbEdit\Projects\Applications\fbe\STM32Discovery\Compass\STM32I2C\stm32f10x_adc.o
 .text.ADC_Init
                0x00000000       0x50 D:\FbEdit\Projects\Applications\fbe\STM32Discovery\Compass\STM32I2C\stm32f10x_adc.o
 .text.ADC_StructInit
                0x00000000       0x18 D:\FbEdit\Projects\Applications\fbe\STM32Discovery\Compass\STM32I2C\stm32f10x_adc.o
 .text.ADC_Cmd  0x00000000       0x18 D:\FbEdit\Projects\Applications\fbe\STM32Discovery\Compass\STM32I2C\stm32f10x_adc.o
 .text.ADC_DMACmd
                0x00000000       0x18 D:\FbEdit\Projects\Applications\fbe\STM32Discovery\Compass\STM32I2C\stm32f10x_adc.o
 .text.ADC_ITConfig
                0x00000000       0x18 D:\FbEdit\Projects\Applications\fbe\STM32Discovery\Compass\STM32I2C\stm32f10x_adc.o
 .text.ADC_ResetCalibration
                0x00000000        0xc D:\FbEdit\Projects\Applications\fbe\STM32Discovery\Compass\STM32I2C\stm32f10x_adc.o
 .text.ADC_GetResetCalibrationStatus
                0x00000000        0x8 D:\FbEdit\Projects\Applications\fbe\STM32Discovery\Compass\STM32I2C\stm32f10x_adc.o
 .text.ADC_StartCalibration
                0x00000000        0xc D:\FbEdit\Projects\Applications\fbe\STM32Discovery\Compass\STM32I2C\stm32f10x_adc.o
 .text.ADC_GetCalibrationStatus
                0x00000000        0x8 D:\FbEdit\Projects\Applications\fbe\STM32Discovery\Compass\STM32I2C\stm32f10x_adc.o
 .text.ADC_SoftwareStartConvCmd
                0x00000000       0x18 D:\FbEdit\Projects\Applications\fbe\STM32Discovery\Compass\STM32I2C\stm32f10x_adc.o
 .text.ADC_GetSoftwareStartConvStatus
                0x00000000        0x8 D:\FbEdit\Projects\Applications\fbe\STM32Discovery\Compass\STM32I2C\stm32f10x_adc.o
 .text.ADC_DiscModeChannelCountConfig
                0x00000000       0x14 D:\FbEdit\Projects\Applications\fbe\STM32Discovery\Compass\STM32I2C\stm32f10x_adc.o
 .text.ADC_DiscModeCmd
                0x00000000       0x18 D:\FbEdit\Projects\Applications\fbe\STM32Discovery\Compass\STM32I2C\stm32f10x_adc.o
 .text.ADC_RegularChannelConfig
                0x00000000       0xb4 D:\FbEdit\Projects\Applications\fbe\STM32Discovery\Compass\STM32I2C\stm32f10x_adc.o
 .text.ADC_ExternalTrigConvCmd
                0x00000000       0x18 D:\FbEdit\Projects\Applications\fbe\STM32Discovery\Compass\STM32I2C\stm32f10x_adc.o
 .text.ADC_GetConversionValue
                0x00000000        0x8 D:\FbEdit\Projects\Applications\fbe\STM32Discovery\Compass\STM32I2C\stm32f10x_adc.o
 .text.ADC_GetDualModeConversionValue
                0x00000000        0xc D:\FbEdit\Projects\Applications\fbe\STM32Discovery\Compass\STM32I2C\stm32f10x_adc.o
 .text.ADC_AutoInjectedConvCmd
                0x00000000       0x18 D:\FbEdit\Projects\Applications\fbe\STM32Discovery\Compass\STM32I2C\stm32f10x_adc.o
 .text.ADC_InjectedDiscModeCmd
                0x00000000       0x18 D:\FbEdit\Projects\Applications\fbe\STM32Discovery\Compass\STM32I2C\stm32f10x_adc.o
 .text.ADC_ExternalTrigInjectedConvConfig
                0x00000000       0x10 D:\FbEdit\Projects\Applications\fbe\STM32Discovery\Compass\STM32I2C\stm32f10x_adc.o
 .text.ADC_ExternalTrigInjectedConvCmd
                0x00000000       0x18 D:\FbEdit\Projects\Applications\fbe\STM32Discovery\Compass\STM32I2C\stm32f10x_adc.o
 .text.ADC_SoftwareStartInjectedConvCmd
                0x00000000       0x18 D:\FbEdit\Projects\Applications\fbe\STM32Discovery\Compass\STM32I2C\stm32f10x_adc.o
 .text.ADC_GetSoftwareStartInjectedConvCmdStatus
                0x00000000        0x8 D:\FbEdit\Projects\Applications\fbe\STM32Discovery\Compass\STM32I2C\stm32f10x_adc.o
 .text.ADC_InjectedChannelConfig
                0x00000000       0x70 D:\FbEdit\Projects\Applications\fbe\STM32Discovery\Compass\STM32I2C\stm32f10x_adc.o
 .text.ADC_InjectedSequencerLengthConfig
                0x00000000       0x14 D:\FbEdit\Projects\Applications\fbe\STM32Discovery\Compass\STM32I2C\stm32f10x_adc.o
 .text.ADC_SetInjectedOffset
                0x00000000        0x4 D:\FbEdit\Projects\Applications\fbe\STM32Discovery\Compass\STM32I2C\stm32f10x_adc.o
 .text.ADC_GetInjectedConversionValue
                0x00000000        0xc D:\FbEdit\Projects\Applications\fbe\STM32Discovery\Compass\STM32I2C\stm32f10x_adc.o
 .text.ADC_AnalogWatchdogCmd
                0x00000000       0x14 D:\FbEdit\Projects\Applications\fbe\STM32Discovery\Compass\STM32I2C\stm32f10x_adc.o
 .text.ADC_AnalogWatchdogThresholdsConfig
                0x00000000        0x8 D:\FbEdit\Projects\Applications\fbe\STM32Discovery\Compass\STM32I2C\stm32f10x_adc.o
 .text.ADC_AnalogWatchdogSingleChannelConfig
                0x00000000       0x10 D:\FbEdit\Projects\Applications\fbe\STM32Discovery\Compass\STM32I2C\stm32f10x_adc.o
 .text.ADC_TempSensorVrefintCmd
                0x00000000       0x28 D:\FbEdit\Projects\Applications\fbe\STM32Discovery\Compass\STM32I2C\stm32f10x_adc.o
 .text.ADC_GetFlagStatus
                0x00000000        0xc D:\FbEdit\Projects\Applications\fbe\STM32Discovery\Compass\STM32I2C\stm32f10x_adc.o
 .text.ADC_ClearFlag
                0x00000000        0x8 D:\FbEdit\Projects\Applications\fbe\STM32Discovery\Compass\STM32I2C\stm32f10x_adc.o
 .text.ADC_GetITStatus
                0x00000000       0x1c D:\FbEdit\Projects\Applications\fbe\STM32Discovery\Compass\STM32I2C\stm32f10x_adc.o
 .text.ADC_ClearITPendingBit
                0x00000000        0x8 D:\FbEdit\Projects\Applications\fbe\STM32Discovery\Compass\STM32I2C\stm32f10x_adc.o
 .text          0x00000000        0x0 D:\FbEdit\Projects\Applications\fbe\STM32Discovery\Compass\STM32I2C\stm32f10x_dma.o
 .data          0x00000000        0x0 D:\FbEdit\Projects\Applications\fbe\STM32Discovery\Compass\STM32I2C\stm32f10x_dma.o
 .bss           0x00000000        0x0 D:\FbEdit\Projects\Applications\fbe\STM32Discovery\Compass\STM32I2C\stm32f10x_dma.o
 .text.DMA_DeInit
                0x00000000      0x1b0 D:\FbEdit\Projects\Applications\fbe\STM32Discovery\Compass\STM32I2C\stm32f10x_dma.o
 .text.DMA_Init
                0x00000000       0x40 D:\FbEdit\Projects\Applications\fbe\STM32Discovery\Compass\STM32I2C\stm32f10x_dma.o
 .text.DMA_StructInit
                0x00000000       0x1c D:\FbEdit\Projects\Applications\fbe\STM32Discovery\Compass\STM32I2C\stm32f10x_dma.o
 .text.DMA_Cmd  0x00000000       0x18 D:\FbEdit\Projects\Applications\fbe\STM32Discovery\Compass\STM32I2C\stm32f10x_dma.o
 .text.DMA_ITConfig
                0x00000000       0x14 D:\FbEdit\Projects\Applications\fbe\STM32Discovery\Compass\STM32I2C\stm32f10x_dma.o
 .text.DMA_GetCurrDataCounter
                0x00000000        0x8 D:\FbEdit\Projects\Applications\fbe\STM32Discovery\Compass\STM32I2C\stm32f10x_dma.o
 .text.DMA_GetFlagStatus
                0x00000000       0x1c D:\FbEdit\Projects\Applications\fbe\STM32Discovery\Compass\STM32I2C\stm32f10x_dma.o
 .text.DMA_ClearFlag
                0x00000000       0x14 D:\FbEdit\Projects\Applications\fbe\STM32Discovery\Compass\STM32I2C\stm32f10x_dma.o
 .text.DMA_GetITStatus
                0x00000000       0x1c D:\FbEdit\Projects\Applications\fbe\STM32Discovery\Compass\STM32I2C\stm32f10x_dma.o
 .text.DMA_ClearITPendingBit
                0x00000000       0x14 D:\FbEdit\Projects\Applications\fbe\STM32Discovery\Compass\STM32I2C\stm32f10x_dma.o
 .text          0x00000000        0x0 D:\FbEdit\Projects\Applications\fbe\STM32Discovery\Compass\STM32I2C\stm32f10x_i2c.o
 .data          0x00000000        0x0 D:\FbEdit\Projects\Applications\fbe\STM32Discovery\Compass\STM32I2C\stm32f10x_i2c.o
 .bss           0x00000000        0x0 D:\FbEdit\Projects\Applications\fbe\STM32Discovery\Compass\STM32I2C\stm32f10x_i2c.o
 .text.I2C_DeInit
                0x00000000       0x50 D:\FbEdit\Projects\Applications\fbe\STM32Discovery\Compass\STM32I2C\stm32f10x_i2c.o
 .text.I2C_StructInit
                0x00000000       0x20 D:\FbEdit\Projects\Applications\fbe\STM32Discovery\Compass\STM32I2C\stm32f10x_i2c.o
 .text.I2C_DMACmd
                0x00000000       0x20 D:\FbEdit\Projects\Applications\fbe\STM32Discovery\Compass\STM32I2C\stm32f10x_i2c.o
 .text.I2C_DMALastTransferCmd
                0x00000000       0x20 D:\FbEdit\Projects\Applications\fbe\STM32Discovery\Compass\STM32I2C\stm32f10x_i2c.o
 .text.I2C_OwnAddress2Config
                0x00000000       0x1c D:\FbEdit\Projects\Applications\fbe\STM32Discovery\Compass\STM32I2C\stm32f10x_i2c.o
 .text.I2C_DualAddressCmd
                0x00000000       0x20 D:\FbEdit\Projects\Applications\fbe\STM32Discovery\Compass\STM32I2C\stm32f10x_i2c.o
 .text.I2C_GeneralCallCmd
                0x00000000       0x20 D:\FbEdit\Projects\Applications\fbe\STM32Discovery\Compass\STM32I2C\stm32f10x_i2c.o
 .text.I2C_ITConfig
                0x00000000       0x18 D:\FbEdit\Projects\Applications\fbe\STM32Discovery\Compass\STM32I2C\stm32f10x_i2c.o
 .text.I2C_ReadRegister
                0x00000000       0x10 D:\FbEdit\Projects\Applications\fbe\STM32Discovery\Compass\STM32I2C\stm32f10x_i2c.o
 .text.I2C_SoftwareResetCmd
                0x00000000       0x20 D:\FbEdit\Projects\Applications\fbe\STM32Discovery\Compass\STM32I2C\stm32f10x_i2c.o
 .text.I2C_SMBusAlertConfig
                0x00000000       0x1c D:\FbEdit\Projects\Applications\fbe\STM32Discovery\Compass\STM32I2C\stm32f10x_i2c.o
 .text.I2C_TransmitPEC
                0x00000000       0x20 D:\FbEdit\Projects\Applications\fbe\STM32Discovery\Compass\STM32I2C\stm32f10x_i2c.o
 .text.I2C_PECPositionConfig
                0x00000000       0x1c D:\FbEdit\Projects\Applications\fbe\STM32Discovery\Compass\STM32I2C\stm32f10x_i2c.o
 .text.I2C_CalculatePEC
                0x00000000       0x20 D:\FbEdit\Projects\Applications\fbe\STM32Discovery\Compass\STM32I2C\stm32f10x_i2c.o
 .text.I2C_GetPEC
                0x00000000        0x8 D:\FbEdit\Projects\Applications\fbe\STM32Discovery\Compass\STM32I2C\stm32f10x_i2c.o
 .text.I2C_ARPCmd
                0x00000000       0x20 D:\FbEdit\Projects\Applications\fbe\STM32Discovery\Compass\STM32I2C\stm32f10x_i2c.o
 .text.I2C_StretchClockCmd
                0x00000000       0x20 D:\FbEdit\Projects\Applications\fbe\STM32Discovery\Compass\STM32I2C\stm32f10x_i2c.o
 .text.I2C_FastModeDutyCycleConfig
                0x00000000       0x1c D:\FbEdit\Projects\Applications\fbe\STM32Discovery\Compass\STM32I2C\stm32f10x_i2c.o
 .text.I2C_GetLastEvent
                0x00000000       0x10 D:\FbEdit\Projects\Applications\fbe\STM32Discovery\Compass\STM32I2C\stm32f10x_i2c.o
 .text.I2C_ClearFlag
                0x00000000        0xc D:\FbEdit\Projects\Applications\fbe\STM32Discovery\Compass\STM32I2C\stm32f10x_i2c.o
 .text.I2C_GetITStatus
                0x00000000       0x24 D:\FbEdit\Projects\Applications\fbe\STM32Discovery\Compass\STM32I2C\stm32f10x_i2c.o
 .text.I2C_ClearITPendingBit
                0x00000000        0xc D:\FbEdit\Projects\Applications\fbe\STM32Discovery\Compass\STM32I2C\stm32f10x_i2c.o
 .text          0x00000000        0x0 D:\Ride\Ride\Lib\ARM\STM32x_io_putchar_thumb.a(STM32F10X_io_putchar.o)
 .data          0x00000000        0x0 D:\Ride\Ride\Lib\ARM\STM32x_io_putchar_thumb.a(STM32F10X_io_putchar.o)
 .bss           0x00000000        0x0 D:\Ride\Ride\Lib\ARM\STM32x_io_putchar_thumb.a(STM32F10X_io_putchar.o)
 .text.__io_init
                0x00000000       0x94 D:\Ride\Ride\Lib\ARM\STM32x_io_putchar_thumb.a(STM32F10X_io_putchar.o)
 .text.__io_getchar
                0x00000000       0xb4 D:\Ride\Ride\Lib\ARM\STM32x_io_putchar_thumb.a(STM32F10X_io_putchar.o)
 .text.getchar  0x00000000       0xb4 D:\Ride\Ride\Lib\ARM\STM32x_io_putchar_thumb.a(STM32F10X_io_putchar.o)
 .text.putchar  0x00000000       0xd4 D:\Ride\Ride\Lib\ARM\STM32x_io_putchar_thumb.a(STM32F10X_io_putchar.o)
 .text          0x00000000        0x0 D:\Ride\Ride\Lib\ARM\std_sbrk_thumb.lib(write.o)
 .data          0x00000000        0x0 D:\Ride\Ride\Lib\ARM\std_sbrk_thumb.lib(write.o)
 .bss           0x00000000        0x0 D:\Ride\Ride\Lib\ARM\std_sbrk_thumb.lib(write.o)

Memory Configuration

Name             Origin             Length             Attributes
RAM              0x20000000         0x00002000         xrw
FLASH            0x08000000         0x00010000         xr
STARTFLASH       0x00000000         0x00000000         xr
CRPPATCH         0x00000000         0x00000000         r
FLASHPATCH       0x00000000         0x00000000         r
ENDFLASH         0x00000000         0x00000000         xr
FLASHB1          0x00000000         0x00000000         xr
EXTMEMB0         0x00000000         0x00000000         xr
EXTMEMB1         0x00000000         0x00000000         xr
EXTMEMB2         0x00000000         0x00000000         xr
EXTMEMB3         0x00000000         0x00000000         xr
*default*        0x00000000         0xffffffff

Linker script and memory map

LOAD D:\Ride\Ride\Lib\ARM\startup_stm32f10x_md.o
LOAD D:\FbEdit\Projects\Applications\fbe\STM32Discovery\Compass\STM32I2C\main.o
LOAD D:\FbEdit\Projects\Applications\fbe\STM32Discovery\Compass\STM32I2C\stm32f10x_it.o
LOAD D:\FbEdit\Projects\Applications\fbe\STM32Discovery\Compass\STM32I2C\stm32f10x_flash.o
LOAD D:\FbEdit\Projects\Applications\fbe\STM32Discovery\Compass\STM32I2C\stm32f10x_gpio.o
LOAD D:\FbEdit\Projects\Applications\fbe\STM32Discovery\Compass\STM32I2C\stm32f10x_lib.o
LOAD D:\FbEdit\Projects\Applications\fbe\STM32Discovery\Compass\STM32I2C\stm32f10x_nvic.o
LOAD D:\FbEdit\Projects\Applications\fbe\STM32Discovery\Compass\STM32I2C\stm32f10x_rcc.o
LOAD D:\FbEdit\Projects\Applications\fbe\STM32Discovery\Compass\STM32I2C\stm32f10x_adc.o
LOAD D:\FbEdit\Projects\Applications\fbe\STM32Discovery\Compass\STM32I2C\stm32f10x_dma.o
LOAD D:\FbEdit\Projects\Applications\fbe\STM32Discovery\Compass\STM32I2C\stm32f10x_i2c.o
START GROUP
LOAD D:\Ride\Ride\Lib\ARM\STM32x_io_putchar_thumb.a
LOAD D:\Ride\Ride\Lib\ARM\std_sbrk_thumb.lib
LOAD D:\Ride\Ride\Lib\ARM\smallprintf_thumb.a
LOAD d:/ride/ride/arm-gcc/bin/../lib/gcc/arm-none-eabi/4.5.1/../../../../arm-none-eabi/lib/thumb2\libc.a
LOAD d:/ride/ride/arm-gcc/bin/../lib/gcc/arm-none-eabi/4.5.1/../../../../arm-none-eabi/lib/thumb2\libm.a
END GROUP
                0x00000400                __Stack_Size = 0x400
                0x00000400                PROVIDE (_Stack_Size, __Stack_Size)
                0x20001c00                __Stack_Init = (_estack - __Stack_Size)
                0x20001c00                PROVIDE (_Stack_Init, __Stack_Init)
                0x00000100                _Minimum_Stack_Size = 0x100
                0x00000000                PROVIDE (Undefined_Handler, 0x0)
                0x00000000                PROVIDE (SWI_Handler, 0x0)
                0x00000000                PROVIDE (IRQ_Handler, 0x0)
                0x00000000                PROVIDE (Prefetch_Handler, 0x0)
                0x00000000                PROVIDE (Abort_Handler, 0x0)
                0x00000000                PROVIDE (FIQ_Handler, 0x0)
                0x00000000                PROVIDE (NMIException, 0x0)
                0x00000000                PROVIDE (NMI_Handler, 0x0)
                0x00000000                PROVIDE (HardFaultException, 0x0)
                0x00000000                PROVIDE (HardFault_Handler, 0x0)
                0x00000000                PROVIDE (MemManageException, 0x0)
                0x00000000                PROVIDE (MemManage_Handler, 0x0)
                0x00000000                PROVIDE (BusFaultException, 0x0)
                0x00000000                PROVIDE (BusFault_Handler, 0x0)
                0x00000000                PROVIDE (UsageFaultException, 0x0)
                0x00000000                PROVIDE (UsageFault_Handler, 0x0)
                0x00000000                PROVIDE (SVCHandler, 0x0)
                0x00000000                PROVIDE (SVC_Handler, 0x0)
                0x00000000                PROVIDE (DebugMonitor, 0x0)
                0x00000000                PROVIDE (DebugMon_Handler, 0x0)
                0x00000000                PROVIDE (PendSVC, 0x0)
                0x00000000                PROVIDE (PendSV_Handler, 0x0)
                0x00000000                PROVIDE (SysTickHandler, 0x0)
                0x00000000                PROVIDE (SysTick_Handler, 0x0)
                0x00000000                PROVIDE (WWDG_IRQHandler, 0x0)
                0x00000000                PROVIDE (PVD_IRQHandler, 0x0)
                0x00000000                PROVIDE (TAMPER_IRQHandler, 0x0)
                0x00000000                PROVIDE (RTC_IRQHandler, 0x0)
                0x00000000                PROVIDE (FLASH_IRQHandler, 0x0)
                0x00000000                PROVIDE (RCC_IRQHandler, 0x0)
                0x00000000                PROVIDE (EXTI0_IRQHandler, 0x0)
                0x00000000                PROVIDE (EXTI1_IRQHandler, 0x0)
                0x00000000                PROVIDE (EXTI2_IRQHandler, 0x0)
                0x00000000                PROVIDE (EXTI3_IRQHandler, 0x0)
                0x00000000                PROVIDE (EXTI4_IRQHandler, 0x0)
                0x00000000                PROVIDE (DMAChannel1_IRQHandler, 0x0)
                0x00000000                PROVIDE (DMAChannel2_IRQHandler, 0x0)
                0x00000000                PROVIDE (DMAChannel3_IRQHandler, 0x0)
                0x00000000                PROVIDE (DMAChannel4_IRQHandler, 0x0)
                0x00000000                PROVIDE (DMAChannel5_IRQHandler, 0x0)
                0x00000000                PROVIDE (DMAChannel6_IRQHandler, 0x0)
                0x00000000                PROVIDE (DMAChannel7_IRQHandler, 0x0)
                0x00000000                PROVIDE (DMA1_Channel1_IRQHandler, 0x0)
                0x00000000                PROVIDE (DMA1_Channel2_IRQHandler, 0x0)
                0x00000000                PROVIDE (DMA1_Channel3_IRQHandler, 0x0)
                0x00000000                PROVIDE (DMA1_Channel4_IRQHandler, 0x0)
                0x00000000                PROVIDE (DMA1_Channel5_IRQHandler, 0x0)
                0x00000000                PROVIDE (DMA1_Channel6_IRQHandler, 0x0)
                0x00000000                PROVIDE (DMA1_Channel7_IRQHandler, 0x0)
                0x00000000                PROVIDE (ADC_IRQHandler, 0x0)
                0x00000000                PROVIDE (ADC1_2_IRQHandler, 0x0)
                0x00000000                PROVIDE (USB_HP_CAN_TX_IRQHandler, 0x0)
                0x00000000                PROVIDE (USB_HP_CAN1_TX_IRQHandler, 0x0)
                0x00000000                PROVIDE (USB_LP_CAN_RX0_IRQHandler, 0x0)
                0x00000000                PROVIDE (USB_LP_CAN1_RX0_IRQHandler, 0x0)
                0x00000000                PROVIDE (CAN_RX1_IRQHandler, 0x0)
                0x00000000                PROVIDE (CAN1_RX1_IRQHandler, 0x0)
                0x00000000                PROVIDE (CAN_SCE_IRQHandler, 0x0)
                0x00000000                PROVIDE (CAN1_SCE_IRQHandler, 0x0)
                0x00000000                PROVIDE (EXTI9_5_IRQHandler, 0x0)
                0x00000000                PROVIDE (TIM1_BRK_IRQHandler, 0x0)
                0x00000000                PROVIDE (TIM1_UP_IRQHandler, 0x0)
                0x00000000                PROVIDE (TIM1_TRG_COM_IRQHandler, 0x0)
                0x00000000                PROVIDE (TIM1_CC_IRQHandler, 0x0)
                0x00000000                PROVIDE (TIM2_IRQHandler, 0x0)
                0x00000000                PROVIDE (TIM3_IRQHandler, 0x0)
                0x00000000                PROVIDE (TIM4_IRQHandler, 0x0)
                0x00000000                PROVIDE (I2C1_EV_IRQHandler, 0x0)
                0x00000000                PROVIDE (I2C1_ER_IRQHandler, 0x0)
                0x00000000                PROVIDE (I2C2_EV_IRQHandler, 0x0)
                0x00000000                PROVIDE (I2C2_ER_IRQHandler, 0x0)
                0x00000000                PROVIDE (SPI1_IRQHandler, 0x0)
                0x00000000                PROVIDE (SPI2_IRQHandler, 0x0)
                0x00000000                PROVIDE (USART1_IRQHandler, 0x0)
                0x00000000                PROVIDE (USART2_IRQHandler, 0x0)
                0x00000000                PROVIDE (USART3_IRQHandler, 0x0)
                0x00000000                PROVIDE (EXTI15_10_IRQHandler, 0x0)
                0x00000000                PROVIDE (RTCAlarm_IRQHandler, 0x0)
                0x00000000                PROVIDE (USBWakeUp_IRQHandler, 0x0)
                0x00000000                PROVIDE (TIM8_BRK_IRQHandler, 0x0)
                0x00000000                PROVIDE (TIM8_UP_IRQHandler, 0x0)
                0x00000000                PROVIDE (TIM8_TRG_COM_IRQHandler, 0x0)
                0x00000000                PROVIDE (TIM8_CC_IRQHandler, 0x0)
                0x00000000                PROVIDE (ADC3_IRQHandler, 0x0)
                0x00000000                PROVIDE (FSMC_IRQHandler, 0x0)
                0x00000000                PROVIDE (SDIO_IRQHandler, 0x0)
                0x00000000                PROVIDE (TIM5_IRQHandler, 0x0)
                0x00000000                PROVIDE (SPI3_IRQHandler, 0x0)
                0x00000000                PROVIDE (UART4_IRQHandler, 0x0)
                0x00000000                PROVIDE (UART5_IRQHandler, 0x0)
                0x00000000                PROVIDE (TIM6_IRQHandler, 0x0)
                0x00000000                PROVIDE (TIM7_IRQHandler, 0x0)
                0x00000000                PROVIDE (DMA2_Channel1_IRQHandler, 0x0)
                0x00000000                PROVIDE (DMA2_Channel2_IRQHandler, 0x0)
                0x00000000                PROVIDE (DMA2_Channel3_IRQHandler, 0x0)
                0x00000000                PROVIDE (DMA2_Channel4_5_IRQHandler, 0x0)
                0x42000000                PERIPH_BB_BASE = 0x42000000
                0x22000000                SRAM_BB_BASE = 0x22000000
                0x20000000                SRAM_BASE = 0x20000000
                0x40000000                PERIPH_BASE = 0x40000000
                0x40022000                PROVIDE (FLASH_BASE, 0x40022000)
                0x1ffff800                PROVIDE (OB_BASE, 0x1ffff800)
                0x40000000                APB1PERIPH_BASE = PERIPH_BASE
                0x40010000                APB2PERIPH_BASE = (PERIPH_BASE + 0x10000)
                0x40020000                AHBPERIPH_BASE = (PERIPH_BASE + 0x20000)
                0x40000000                PROVIDE (TIM2, (APB1PERIPH_BASE + 0x0))
                0x40000400                PROVIDE (TIM3, (APB1PERIPH_BASE + 0x400))
                0x40000800                PROVIDE (TIM4, (APB1PERIPH_BASE + 0x800))
                0x40002800                PROVIDE (RTC, (APB1PERIPH_BASE + 0x2800))
                0x40002c00                PROVIDE (WWDG, (APB1PERIPH_BASE + 0x2c00))
                0x40003000                PROVIDE (IWDG, (APB1PERIPH_BASE + 0x3000))
                0x40003800                PROVIDE (SPI2, (APB1PERIPH_BASE + 0x3800))
                0x40004400                PROVIDE (USART2, (APB1PERIPH_BASE + 0x4400))
                0x40004800                PROVIDE (USART3, (APB1PERIPH_BASE + 0x4800))
                0x40005400                PROVIDE (I2C1, (APB1PERIPH_BASE + 0x5400))
                0x40005800                PROVIDE (I2C2, (APB1PERIPH_BASE + 0x5800))
                0x40006400                PROVIDE (CAN, (APB1PERIPH_BASE + 0x6400))
                0x40006c00                PROVIDE (BKP, (APB1PERIPH_BASE + 0x6c00))
                0x40007000                PROVIDE (PWR, (APB1PERIPH_BASE + 0x7000))
                0x40010000                PROVIDE (AFIO, (APB2PERIPH_BASE + 0x0))
                0x40010400                PROVIDE (EXTI, (APB2PERIPH_BASE + 0x400))
                0x40010800                PROVIDE (GPIOA, (APB2PERIPH_BASE + 0x800))
                0x40010c00                PROVIDE (GPIOB, (APB2PERIPH_BASE + 0xc00))
                0x40011000                PROVIDE (GPIOC, (APB2PERIPH_BASE + 0x1000))
                0x40011400                PROVIDE (GPIOD, (APB2PERIPH_BASE + 0x1400))
                0x40011800                PROVIDE (GPIOE, (APB2PERIPH_BASE + 0x1800))
                0x40012400                PROVIDE (ADC1, (APB2PERIPH_BASE + 0x2400))
                0x40012800                PROVIDE (ADC2, (APB2PERIPH_BASE + 0x2800))
                0x40012c00                PROVIDE (TIM1, (APB2PERIPH_BASE + 0x2c00))
                0x40013000                PROVIDE (SPI1, (APB2PERIPH_BASE + 0x3000))
                0x40013800                PROVIDE (USART1, (APB2PERIPH_BASE + 0x3800))
                0x40020000                PROVIDE (DMA, (AHBPERIPH_BASE + 0x0))
                0x40020008                PROVIDE (DMA_Channel1, (AHBPERIPH_BASE + 0x8))
                0x4002001c                PROVIDE (DMA_Channel2, (AHBPERIPH_BASE + 0x1c))
                0x40020030                PROVIDE (DMA_Channel3, (AHBPERIPH_BASE + 0x30))
                0x40020044                PROVIDE (DMA_Channel4, (AHBPERIPH_BASE + 0x44))
                0x40020058                PROVIDE (DMA_Channel5, (AHBPERIPH_BASE + 0x58))
                0x4002006c                PROVIDE (DMA_Channel6, (AHBPERIPH_BASE + 0x6c))
                0x40020080                PROVIDE (DMA_Channel7, (AHBPERIPH_BASE + 0x80))
                0x40021000                PROVIDE (RCC, (AHBPERIPH_BASE + 0x1000))
                0xe000e000                SCS_BASE = 0xe000e000
                0xe000e010                PROVIDE (SysTick, (SCS_BASE + 0x10))
                0xe000e100                PROVIDE (NVIC, (SCS_BASE + 0x100))
                0xe000ed00                PROVIDE (SCB, (SCS_BASE + 0xd00))
                0x20002000                _estack = 0x20002000

.isr_vector     0x08000000      0x10c
                0x08000000                . = ALIGN (0x4)
 *(.isr_vector)
 .isr_vector    0x08000000      0x10c D:\Ride\Ride\Lib\ARM\startup_stm32f10x_md.o
                0x08000000                g_pfnVectors
                0x0800010c                . = ALIGN (0x4)

.flash_start    0x00000000        0x0
                0x00000000                . = ALIGN (0x4)
 *(.flash_start)
 *(.flash_start.*)
                0x00000000                . = ALIGN (0x4)

.crp_patch      0x00000000        0x0
                0x00000000                . = ALIGN (0x4)
 *(.crp_patch)
                0x00000000                . = ALIGN (0x4)

.flashtext      0x0800010c        0x0
                0x0800010c                . = ALIGN (0x4)
 *(.flashtext)
                0x0800010c                . = ALIGN (0x4)

.text           0x0800010c      0xd1c
                0x0800010c                . = ALIGN (0x4)
 *(.text)
 *(.text.*)
 .text.Reset_Handler
                0x0800010c       0x40 D:\Ride\Ride\Lib\ARM\startup_stm32f10x_md.o
                0x0800010c                Reset_Handler
 .text.Default_Handler
                0x0800014c        0x2 D:\Ride\Ride\Lib\ARM\startup_stm32f10x_md.o
                0x0800014c                DebugMon_Handler
                0x0800014c                HardFault_Handler
                0x0800014c                SysTick_Handler
                0x0800014c                PendSV_Handler
                0x0800014c                NMI_Handler
                0x0800014c                UsageFault_Handler
                0x0800014c                CAN1_RX1_IRQHandler
                0x0800014c                Default_Handler
                0x0800014c                MemManage_Handler
                0x0800014c                SVC_Handler
                0x0800014c                USB_LP_CAN1_RX0_IRQHandler
                0x0800014c                USB_HP_CAN1_TX_IRQHandler
                0x0800014c                CAN1_SCE_IRQHandler
                0x0800014c                BusFault_Handler
 *fill*         0x0800014e        0x2 00
 .text.Init_Compass
                0x08000150       0xe4 D:\FbEdit\Projects\Applications\fbe\STM32Discovery\Compass\STM32I2C\main.o
                0x08000150                Init_Compass
 .text.GetCompassAxis
                0x08000234       0xb0 D:\FbEdit\Projects\Applications\fbe\STM32Discovery\Compass\STM32I2C\main.o
                0x08000234                GetCompassAxis
 .text.Get_Compass
                0x080002e4      0x138 D:\FbEdit\Projects\Applications\fbe\STM32Discovery\Compass\STM32I2C\main.o
                0x080002e4                Get_Compass
 .text.ClockWait
                0x0800041c       0x18 D:\FbEdit\Projects\Applications\fbe\STM32Discovery\Compass\STM32I2C\main.o
                0x0800041c                ClockWait
 .text.RCC_Configuration
                0x08000434       0x9c D:\FbEdit\Projects\Applications\fbe\STM32Discovery\Compass\STM32I2C\main.o
                0x08000434                RCC_Configuration
 .text.GPIO_Configuration
                0x080004d0       0x4c D:\FbEdit\Projects\Applications\fbe\STM32Discovery\Compass\STM32I2C\main.o
                0x080004d0                GPIO_Configuration
 .text.I2C_Configuration
                0x0800051c       0x54 D:\FbEdit\Projects\Applications\fbe\STM32Discovery\Compass\STM32I2C\main.o
                0x0800051c                I2C_Configuration
 .text.NVIC_Configuration
                0x08000570       0x10 D:\FbEdit\Projects\Applications\fbe\STM32Discovery\Compass\STM32I2C\main.o
                0x08000570                NVIC_Configuration
 .text.main     0x08000580       0xd0 D:\FbEdit\Projects\Applications\fbe\STM32Discovery\Compass\STM32I2C\main.o
                0x08000580                main
 .text.WWDG_IRQHandler
                0x08000650        0x4 D:\FbEdit\Projects\Applications\fbe\STM32Discovery\Compass\STM32I2C\stm32f10x_it.o
                0x08000650                WWDG_IRQHandler
 .text.PVD_IRQHandler
                0x08000654        0x4 D:\FbEdit\Projects\Applications\fbe\STM32Discovery\Compass\STM32I2C\stm32f10x_it.o
                0x08000654                PVD_IRQHandler
 .text.TAMPER_IRQHandler
                0x08000658        0x4 D:\FbEdit\Projects\Applications\fbe\STM32Discovery\Compass\STM32I2C\stm32f10x_it.o
                0x08000658                TAMPER_IRQHandler
 .text.RTC_IRQHandler
                0x0800065c        0x4 D:\FbEdit\Projects\Applications\fbe\STM32Discovery\Compass\STM32I2C\stm32f10x_it.o
                0x0800065c                RTC_IRQHandler
 .text.FLASH_IRQHandler
                0x08000660        0x4 D:\FbEdit\Projects\Applications\fbe\STM32Discovery\Compass\STM32I2C\stm32f10x_it.o
                0x08000660                FLASH_IRQHandler
 .text.RCC_IRQHandler
                0x08000664        0x4 D:\FbEdit\Projects\Applications\fbe\STM32Discovery\Compass\STM32I2C\stm32f10x_it.o
                0x08000664                RCC_IRQHandler
 .text.EXTI0_IRQHandler
                0x08000668        0x4 D:\FbEdit\Projects\Applications\fbe\STM32Discovery\Compass\STM32I2C\stm32f10x_it.o
                0x08000668                EXTI0_IRQHandler
 .text.EXTI1_IRQHandler
                0x0800066c        0x4 D:\FbEdit\Projects\Applications\fbe\STM32Discovery\Compass\STM32I2C\stm32f10x_it.o
                0x0800066c                EXTI1_IRQHandler
 .text.EXTI2_IRQHandler
                0x08000670        0x4 D:\FbEdit\Projects\Applications\fbe\STM32Discovery\Compass\STM32I2C\stm32f10x_it.o
                0x08000670                EXTI2_IRQHandler
 .text.EXTI3_IRQHandler
                0x08000674        0x4 D:\FbEdit\Projects\Applications\fbe\STM32Discovery\Compass\STM32I2C\stm32f10x_it.o
                0x08000674                EXTI3_IRQHandler
 .text.EXTI4_IRQHandler
                0x08000678        0x4 D:\FbEdit\Projects\Applications\fbe\STM32Discovery\Compass\STM32I2C\stm32f10x_it.o
                0x08000678                EXTI4_IRQHandler
 .text.DMA1_Channel1_IRQHandler
                0x0800067c        0x4 D:\FbEdit\Projects\Applications\fbe\STM32Discovery\Compass\STM32I2C\stm32f10x_it.o
                0x0800067c                DMA1_Channel1_IRQHandler
 .text.DMA1_Channel2_IRQHandler
                0x08000680        0x4 D:\FbEdit\Projects\Applications\fbe\STM32Discovery\Compass\STM32I2C\stm32f10x_it.o
                0x08000680                DMA1_Channel2_IRQHandler
 .text.DMA1_Channel3_IRQHandler
                0x08000684        0x4 D:\FbEdit\Projects\Applications\fbe\STM32Discovery\Compass\STM32I2C\stm32f10x_it.o
                0x08000684                DMA1_Channel3_IRQHandler
 .text.DMA1_Channel4_IRQHandler
                0x08000688        0x4 D:\FbEdit\Projects\Applications\fbe\STM32Discovery\Compass\STM32I2C\stm32f10x_it.o
                0x08000688                DMA1_Channel4_IRQHandler
 .text.DMA1_Channel5_IRQHandler
                0x0800068c        0x4 D:\FbEdit\Projects\Applications\fbe\STM32Discovery\Compass\STM32I2C\stm32f10x_it.o
                0x0800068c                DMA1_Channel5_IRQHandler
 .text.DMA1_Channel6_IRQHandler
                0x08000690        0x4 D:\FbEdit\Projects\Applications\fbe\STM32Discovery\Compass\STM32I2C\stm32f10x_it.o
                0x08000690                DMA1_Channel6_IRQHandler
 .text.DMA1_Channel7_IRQHandler
                0x08000694        0x4 D:\FbEdit\Projects\Applications\fbe\STM32Discovery\Compass\STM32I2C\stm32f10x_it.o
                0x08000694                DMA1_Channel7_IRQHandler
 .text.ADC1_2_IRQHandler
                0x08000698        0x4 D:\FbEdit\Projects\Applications\fbe\STM32Discovery\Compass\STM32I2C\stm32f10x_it.o
                0x08000698                ADC1_2_IRQHandler
 .text.EXTI9_5_IRQHandler
                0x0800069c        0x4 D:\FbEdit\Projects\Applications\fbe\STM32Discovery\Compass\STM32I2C\stm32f10x_it.o
                0x0800069c                EXTI9_5_IRQHandler
 .text.TIM1_BRK_IRQHandler
                0x080006a0        0x4 D:\FbEdit\Projects\Applications\fbe\STM32Discovery\Compass\STM32I2C\stm32f10x_it.o
                0x080006a0                TIM1_BRK_IRQHandler
 .text.TIM1_UP_IRQHandler
                0x080006a4        0x4 D:\FbEdit\Projects\Applications\fbe\STM32Discovery\Compass\STM32I2C\stm32f10x_it.o
                0x080006a4                TIM1_UP_IRQHandler
 .text.TIM1_TRG_COM_IRQHandler
                0x080006a8        0x4 D:\FbEdit\Projects\Applications\fbe\STM32Discovery\Compass\STM32I2C\stm32f10x_it.o
                0x080006a8                TIM1_TRG_COM_IRQHandler
 .text.TIM1_CC_IRQHandler
                0x080006ac        0x4 D:\FbEdit\Projects\Applications\fbe\STM32Discovery\Compass\STM32I2C\stm32f10x_it.o
                0x080006ac                TIM1_CC_IRQHandler
 .text.TIM2_IRQHandler
                0x080006b0        0x4 D:\FbEdit\Projects\Applications\fbe\STM32Discovery\Compass\STM32I2C\stm32f10x_it.o
                0x080006b0                TIM2_IRQHandler
 .text.TIM3_IRQHandler
                0x080006b4        0x4 D:\FbEdit\Projects\Applications\fbe\STM32Discovery\Compass\STM32I2C\stm32f10x_it.o
                0x080006b4                TIM3_IRQHandler
 .text.TIM4_IRQHandler
                0x080006b8        0x4 D:\FbEdit\Projects\Applications\fbe\STM32Discovery\Compass\STM32I2C\stm32f10x_it.o
                0x080006b8                TIM4_IRQHandler
 .text.I2C1_EV_IRQHandler
                0x080006bc        0x4 D:\FbEdit\Projects\Applications\fbe\STM32Discovery\Compass\STM32I2C\stm32f10x_it.o
                0x080006bc                I2C1_EV_IRQHandler
 .text.I2C1_ER_IRQHandler
                0x080006c0        0x4 D:\FbEdit\Projects\Applications\fbe\STM32Discovery\Compass\STM32I2C\stm32f10x_it.o
                0x080006c0                I2C1_ER_IRQHandler
 .text.I2C2_EV_IRQHandler
                0x080006c4        0x4 D:\FbEdit\Projects\Applications\fbe\STM32Discovery\Compass\STM32I2C\stm32f10x_it.o
                0x080006c4                I2C2_EV_IRQHandler
 .text.I2C2_ER_IRQHandler
                0x080006c8        0x4 D:\FbEdit\Projects\Applications\fbe\STM32Discovery\Compass\STM32I2C\stm32f10x_it.o
                0x080006c8                I2C2_ER_IRQHandler
 .text.SPI1_IRQHandler
                0x080006cc        0x4 D:\FbEdit\Projects\Applications\fbe\STM32Discovery\Compass\STM32I2C\stm32f10x_it.o
                0x080006cc                SPI1_IRQHandler
 .text.SPI2_IRQHandler
                0x080006d0        0x4 D:\FbEdit\Projects\Applications\fbe\STM32Discovery\Compass\STM32I2C\stm32f10x_it.o
                0x080006d0                SPI2_IRQHandler
 .text.USART1_IRQHandler
                0x080006d4        0x4 D:\FbEdit\Projects\Applications\fbe\STM32Discovery\Compass\STM32I2C\stm32f10x_it.o
                0x080006d4                USART1_IRQHandler
 .text.USART2_IRQHandler
                0x080006d8        0x4 D:\FbEdit\Projects\Applications\fbe\STM32Discovery\Compass\STM32I2C\stm32f10x_it.o
                0x080006d8                USART2_IRQHandler
 .text.USART3_IRQHandler
                0x080006dc        0x4 D:\FbEdit\Projects\Applications\fbe\STM32Discovery\Compass\STM32I2C\stm32f10x_it.o
                0x080006dc                USART3_IRQHandler
 .text.EXTI15_10_IRQHandler
                0x080006e0        0x4 D:\FbEdit\Projects\Applications\fbe\STM32Discovery\Compass\STM32I2C\stm32f10x_it.o
                0x080006e0                EXTI15_10_IRQHandler
 .text.RTCAlarm_IRQHandler
                0x080006e4        0x4 D:\FbEdit\Projects\Applications\fbe\STM32Discovery\Compass\STM32I2C\stm32f10x_it.o
                0x080006e4                RTCAlarm_IRQHandler
 .text.USBWakeUp_IRQHandler
                0x080006e8        0x4 D:\FbEdit\Projects\Applications\fbe\STM32Discovery\Compass\STM32I2C\stm32f10x_it.o
                0x080006e8                USBWakeUp_IRQHandler
 .text.FLASH_SetLatency
                0x080006ec       0x1c D:\FbEdit\Projects\Applications\fbe\STM32Discovery\Compass\STM32I2C\stm32f10x_flash.o
                0x080006ec                FLASH_SetLatency
 .text.FLASH_PrefetchBufferCmd
                0x08000708       0x1c D:\FbEdit\Projects\Applications\fbe\STM32Discovery\Compass\STM32I2C\stm32f10x_flash.o
                0x08000708                FLASH_PrefetchBufferCmd
 .text.GPIO_Init
                0x08000724       0xc4 D:\FbEdit\Projects\Applications\fbe\STM32Discovery\Compass\STM32I2C\stm32f10x_gpio.o
                0x08000724                GPIO_Init
 .text.NVIC_SetVectorTable
                0x080007e8       0x18 D:\FbEdit\Projects\Applications\fbe\STM32Discovery\Compass\STM32I2C\stm32f10x_nvic.o
                0x080007e8                NVIC_SetVectorTable
 .text.RCC_DeInit
                0x08000800       0x44 D:\FbEdit\Projects\Applications\fbe\STM32Discovery\Compass\STM32I2C\stm32f10x_rcc.o
                0x08000800                RCC_DeInit
 .text.RCC_HSEConfig
                0x08000844       0x4c D:\FbEdit\Projects\Applications\fbe\STM32Discovery\Compass\STM32I2C\stm32f10x_rcc.o
                0x08000844                RCC_HSEConfig
 .text.RCC_PLLConfig
                0x08000890       0x18 D:\FbEdit\Projects\Applications\fbe\STM32Discovery\Compass\STM32I2C\stm32f10x_rcc.o
                0x08000890                RCC_PLLConfig
 .text.RCC_PLLCmd
                0x080008a8        0xc D:\FbEdit\Projects\Applications\fbe\STM32Discovery\Compass\STM32I2C\stm32f10x_rcc.o
                0x080008a8                RCC_PLLCmd
 .text.RCC_SYSCLKConfig
                0x080008b4       0x18 D:\FbEdit\Projects\Applications\fbe\STM32Discovery\Compass\STM32I2C\stm32f10x_rcc.o
                0x080008b4                RCC_SYSCLKConfig
 .text.RCC_GetSYSCLKSource
                0x080008cc       0x10 D:\FbEdit\Projects\Applications\fbe\STM32Discovery\Compass\STM32I2C\stm32f10x_rcc.o
                0x080008cc                RCC_GetSYSCLKSource
 .text.RCC_HCLKConfig
                0x080008dc       0x18 D:\FbEdit\Projects\Applications\fbe\STM32Discovery\Compass\STM32I2C\stm32f10x_rcc.o
                0x080008dc                RCC_HCLKConfig
 .text.RCC_PCLK1Config
                0x080008f4       0x18 D:\FbEdit\Projects\Applications\fbe\STM32Discovery\Compass\STM32I2C\stm32f10x_rcc.o
                0x080008f4                RCC_PCLK1Config
 .text.RCC_PCLK2Config
                0x0800090c       0x18 D:\FbEdit\Projects\Applications\fbe\STM32Discovery\Compass\STM32I2C\stm32f10x_rcc.o
                0x0800090c                RCC_PCLK2Config
 .text.RCC_ADCCLKConfig
                0x08000924       0x18 D:\FbEdit\Projects\Applications\fbe\STM32Discovery\Compass\STM32I2C\stm32f10x_rcc.o
                0x08000924                RCC_ADCCLKConfig
 .text.RCC_GetClocksFreq
                0x0800093c       0xe0 D:\FbEdit\Projects\Applications\fbe\STM32Discovery\Compass\STM32I2C\stm32f10x_rcc.o
                0x0800093c                RCC_GetClocksFreq
 .text.RCC_APB2PeriphClockCmd
                0x08000a1c       0x24 D:\FbEdit\Projects\Applications\fbe\STM32Discovery\Compass\STM32I2C\stm32f10x_rcc.o
                0x08000a1c                RCC_APB2PeriphClockCmd
 .text.RCC_APB1PeriphClockCmd
                0x08000a40       0x24 D:\FbEdit\Projects\Applications\fbe\STM32Discovery\Compass\STM32I2C\stm32f10x_rcc.o
                0x08000a40                RCC_APB1PeriphClockCmd
 .text.RCC_GetFlagStatus
                0x08000a64       0x34 D:\FbEdit\Projects\Applications\fbe\STM32Discovery\Compass\STM32I2C\stm32f10x_rcc.o
                0x08000a64                RCC_GetFlagStatus
 .text.RCC_WaitForHSEStartUp
                0x08000a98       0x38 D:\FbEdit\Projects\Applications\fbe\STM32Discovery\Compass\STM32I2C\stm32f10x_rcc.o
                0x08000a98                RCC_WaitForHSEStartUp
 .text.I2C_Init
                0x08000ad0      0x104 D:\FbEdit\Projects\Applications\fbe\STM32Discovery\Compass\STM32I2C\stm32f10x_i2c.o
                0x08000ad0                I2C_Init
 .text.I2C_Cmd  0x08000bd4       0x20 D:\FbEdit\Projects\Applications\fbe\STM32Discovery\Compass\STM32I2C\stm32f10x_i2c.o
                0x08000bd4                I2C_Cmd
 .text.I2C_GenerateSTART
                0x08000bf4       0x20 D:\FbEdit\Projects\Applications\fbe\STM32Discovery\Compass\STM32I2C\stm32f10x_i2c.o
                0x08000bf4                I2C_GenerateSTART
 .text.I2C_GenerateSTOP
                0x08000c14       0x20 D:\FbEdit\Projects\Applications\fbe\STM32Discovery\Compass\STM32I2C\stm32f10x_i2c.o
                0x08000c14                I2C_GenerateSTOP
 .text.I2C_AcknowledgeConfig
                0x08000c34       0x20 D:\FbEdit\Projects\Applications\fbe\STM32Discovery\Compass\STM32I2C\stm32f10x_i2c.o
                0x08000c34                I2C_AcknowledgeConfig
 .text.I2C_SendData
                0x08000c54        0x4 D:\FbEdit\Projects\Applications\fbe\STM32Discovery\Compass\STM32I2C\stm32f10x_i2c.o
                0x08000c54                I2C_SendData
 .text.I2C_ReceiveData
                0x08000c58        0x8 D:\FbEdit\Projects\Applications\fbe\STM32Discovery\Compass\STM32I2C\stm32f10x_i2c.o
                0x08000c58                I2C_ReceiveData
 .text.I2C_Send7bitAddress
                0x08000c60       0x10 D:\FbEdit\Projects\Applications\fbe\STM32Discovery\Compass\STM32I2C\stm32f10x_i2c.o
                0x08000c60                I2C_Send7bitAddress
 .text.I2C_CheckEvent
                0x08000c70       0x18 D:\FbEdit\Projects\Applications\fbe\STM32Discovery\Compass\STM32I2C\stm32f10x_i2c.o
                0x08000c70                I2C_CheckEvent
 .text.I2C_GetFlagStatus
                0x08000c88       0x1c D:\FbEdit\Projects\Applications\fbe\STM32Discovery\Compass\STM32I2C\stm32f10x_i2c.o
                0x08000c88                I2C_GetFlagStatus
 .text.__io_putchar
                0x08000ca4      0x16c D:\Ride\Ride\Lib\ARM\STM32x_io_putchar_thumb.a(STM32F10X_io_putchar.o)
                0x08000ca4                __io_putchar
 .text._write   0x08000e10        0x4 D:\Ride\Ride\Lib\ARM\std_sbrk_thumb.lib(write.o)
                0x08000e10                _write
 *(.rodata)
 .rodata        0x08000e14       0x14 D:\FbEdit\Projects\Applications\fbe\STM32Discovery\Compass\STM32I2C\stm32f10x_rcc.o
 *(.rodata*)
 *(.glue_7)
 .glue_7        0x00000000        0x0 linker stubs
 *(.glue_7t)
 .glue_7t       0x00000000        0x0 linker stubs
                0x08000e28                . = ALIGN (0x4)
                0x08000e28                _etext = .
                0x08000e28                _sidata = _etext

.vfp11_veneer   0x08000e28        0x0
 .vfp11_veneer  0x00000000        0x0 linker stubs

.v4_bx          0x08000e28        0x0
 .v4_bx         0x00000000        0x0 linker stubs

.flashpatch     0x00000000        0x0
                0x00000000                . = ALIGN (0x4)
 *(.flashpatch)
                0x00000000                . = ALIGN (0x4)

.endflash       0x00000000        0x0
                0x00000000                . = ALIGN (0x4)
 *(.endflash)
                0x00000000                . = ALIGN (0x4)
                0x00000000                _e_endflash = .

.data           0x20000000        0x0 load address 0x08000e28
                0x20000000                . = ALIGN (0x4)
                0x20000000                _sdata = .
                0x20000000                _data = .
 *(.data)
 *(.data.*)
 *(.RAMtext)
                0x20000000                . = ALIGN (0x4)
                0x20000000                _edata = .
                0x08000e28                _eidata = ((_sidata + _edata) - _sdata)
                0x08010000                _lastdataromaddress = 0x8010000
                0x00000000                toobig = (_eidata > _lastdataromaddress)?!!!!!!!!! FLASH IS FULL !!!!!!!!!:0x0

.bss            0x20000000       0x10
                0x20000000                . = ALIGN (0x4)
                0x20000000                _sbss = .
                0x20000000                _bss = .
 *(.bss)
 *(COMMON)
 COMMON         0x20000000        0xd D:\FbEdit\Projects\Applications\fbe\STM32Discovery\Compass\STM32I2C\main.o
                0x20000000                STM32_Compass
                0x2000000c                HSEStartUpStatus
                0x20000010                . = ALIGN (0x4)
 *fill*         0x2000000d        0x3 00
                0x20000010                _ebss = .
                0x20000010                PROVIDE (end, _ebss)
                0x20000010                PROVIDE (_end, _ebss)

._usrstack      0x20000010      0x100
                0x20000010                . = ALIGN (0x4)
                0x20000010                _susrstack = .
                0x20000110                . = (. + _Minimum_Stack_Size)
 *fill*         0x20000010      0x100 00
                0x20000110                . = ALIGN (0x4)
                0x20000110                _eusrstack = .

.b1text
 *(.b1text)
 *(.b1rodata)
 *(.b1rodata*)

.eb0text
 *(.eb0text)
 *(.eb0rodata)
 *(.eb0rodata*)

.eb1text
 *(.eb1text)
 *(.eb1rodata)
 *(.eb1rodata*)

.eb2text
 *(.eb2text)
 *(.eb2rodata)
 *(.eb2rodata*)

.eb3text
 *(.eb3text)
 *(.eb3rodata)
 *(.eb3rodata*)
                0x20000110                __exidx_start = .
                0x20000110                __exidx_end = .

/DISCARD/
 libc.a(*)
 libm.a(*)
 libgcc.a(*)

.stab
 *(.stab)

.stabstr
 *(.stabstr)

.stab.excl
 *(.stab.excl)

.stab.exclstr
 *(.stab.exclstr)

.stab.index
 *(.stab.index)

.stab.indexstr
 *(.stab.indexstr)

.ARM.attributes
                0x00000000       0x2d
 .ARM.attributes
                0x00000000       0x21 D:\Ride\Ride\Lib\ARM\startup_stm32f10x_md.o
 .ARM.attributes
                0x00000021       0x31 D:\FbEdit\Projects\Applications\fbe\STM32Discovery\Compass\STM32I2C\main.o
 .ARM.attributes
                0x00000052       0x31 D:\FbEdit\Projects\Applications\fbe\STM32Discovery\Compass\STM32I2C\stm32f10x_it.o
 .ARM.attributes
                0x00000083       0x31 D:\FbEdit\Projects\Applications\fbe\STM32Discovery\Compass\STM32I2C\stm32f10x_flash.o
 .ARM.attributes
                0x000000b4       0x31 D:\FbEdit\Projects\Applications\fbe\STM32Discovery\Compass\STM32I2C\stm32f10x_gpio.o
 .ARM.attributes
                0x000000e5       0x31 D:\FbEdit\Projects\Applications\fbe\STM32Discovery\Compass\STM32I2C\stm32f10x_lib.o
 .ARM.attributes
                0x00000116       0x31 D:\FbEdit\Projects\Applications\fbe\STM32Discovery\Compass\STM32I2C\stm32f10x_nvic.o
 .ARM.attributes
                0x00000147       0x31 D:\FbEdit\Projects\Applications\fbe\STM32Discovery\Compass\STM32I2C\stm32f10x_rcc.o
 .ARM.attributes
                0x00000178       0x31 D:\FbEdit\Projects\Applications\fbe\STM32Discovery\Compass\STM32I2C\stm32f10x_adc.o
 .ARM.attributes
                0x000001a9       0x31 D:\FbEdit\Projects\Applications\fbe\STM32Discovery\Compass\STM32I2C\stm32f10x_dma.o
 .ARM.attributes
                0x000001da       0x31 D:\FbEdit\Projects\Applications\fbe\STM32Discovery\Compass\STM32I2C\stm32f10x_i2c.o
 .ARM.attributes
                0x0000020b       0x31 D:\Ride\Ride\Lib\ARM\STM32x_io_putchar_thumb.a(STM32F10X_io_putchar.o)
 .ARM.attributes
                0x0000023c       0x2e D:\Ride\Ride\Lib\ARM\std_sbrk_thumb.lib(write.o)

.comment        0x00000000       0x7f
 *(.comment)
 .comment       0x00000000       0x2a D:\FbEdit\Projects\Applications\fbe\STM32Discovery\Compass\STM32I2C\main.o
                                 0x2b (size before relaxing)
 .comment       0x00000000       0x2b D:\FbEdit\Projects\Applications\fbe\STM32Discovery\Compass\STM32I2C\stm32f10x_it.o
 .comment       0x00000000       0x2b D:\FbEdit\Projects\Applications\fbe\STM32Discovery\Compass\STM32I2C\stm32f10x_flash.o
 .comment       0x00000000       0x2b D:\FbEdit\Projects\Applications\fbe\STM32Discovery\Compass\STM32I2C\stm32f10x_gpio.o
 .comment       0x00000000       0x2b D:\FbEdit\Projects\Applications\fbe\STM32Discovery\Compass\STM32I2C\stm32f10x_lib.o
 .comment       0x00000000       0x2b D:\FbEdit\Projects\Applications\fbe\STM32Discovery\Compass\STM32I2C\stm32f10x_nvic.o
 .comment       0x00000000       0x2b D:\FbEdit\Projects\Applications\fbe\STM32Discovery\Compass\STM32I2C\stm32f10x_rcc.o
 .comment       0x00000000       0x2b D:\FbEdit\Projects\Applications\fbe\STM32Discovery\Compass\STM32I2C\stm32f10x_adc.o
 .comment       0x00000000       0x2b D:\FbEdit\Projects\Applications\fbe\STM32Discovery\Compass\STM32I2C\stm32f10x_dma.o
 .comment       0x00000000       0x2b D:\FbEdit\Projects\Applications\fbe\STM32Discovery\Compass\STM32I2C\stm32f10x_i2c.o
 .comment       0x0000002a       0x2b D:\Ride\Ride\Lib\ARM\STM32x_io_putchar_thumb.a(STM32F10X_io_putchar.o)
 .comment       0x00000055       0x2a D:\Ride\Ride\Lib\ARM\std_sbrk_thumb.lib(write.o)

.debug
 *(.debug)

.line
 *(.line)

.debug_srcinfo
 *(.debug_srcinfo)

.debug_sfnames
 *(.debug_sfnames)

.debug_aranges  0x00000000      0x848
 *(.debug_aranges)
 .debug_aranges
                0x00000000       0x60 D:\FbEdit\Projects\Applications\fbe\STM32Discovery\Compass\STM32I2C\main.o
 .debug_aranges
                0x00000060      0x240 D:\FbEdit\Projects\Applications\fbe\STM32Discovery\Compass\STM32I2C\stm32f10x_it.o
 .debug_aranges
                0x000002a0       0x30 D:\FbEdit\Projects\Applications\fbe\STM32Discovery\Compass\STM32I2C\stm32f10x_flash.o
 .debug_aranges
                0x000002d0       0xa0 D:\FbEdit\Projects\Applications\fbe\STM32Discovery\Compass\STM32I2C\stm32f10x_gpio.o
 .debug_aranges
                0x00000370      0x108 D:\FbEdit\Projects\Applications\fbe\STM32Discovery\Compass\STM32I2C\stm32f10x_nvic.o
 .debug_aranges
                0x00000478      0x118 D:\FbEdit\Projects\Applications\fbe\STM32Discovery\Compass\STM32I2C\stm32f10x_rcc.o
 .debug_aranges
                0x00000590      0x138 D:\FbEdit\Projects\Applications\fbe\STM32Discovery\Compass\STM32I2C\stm32f10x_adc.o
 .debug_aranges
                0x000006c8       0x68 D:\FbEdit\Projects\Applications\fbe\STM32Discovery\Compass\STM32I2C\stm32f10x_dma.o
 .debug_aranges
                0x00000730      0x118 D:\FbEdit\Projects\Applications\fbe\STM32Discovery\Compass\STM32I2C\stm32f10x_i2c.o

.debug_pubnames
                0x00000000     0x1699
 *(.debug_pubnames)
 .debug_pubnames
                0x00000000       0xde D:\FbEdit\Projects\Applications\fbe\STM32Discovery\Compass\STM32I2C\main.o
 .debug_pubnames
                0x000000de      0x63c D:\FbEdit\Projects\Applications\fbe\STM32Discovery\Compass\STM32I2C\stm32f10x_it.o
 .debug_pubnames
                0x0000071a       0x60 D:\FbEdit\Projects\Applications\fbe\STM32Discovery\Compass\STM32I2C\stm32f10x_flash.o
 .debug_pubnames
                0x0000077a      0x17b D:\FbEdit\Projects\Applications\fbe\STM32Discovery\Compass\STM32I2C\stm32f10x_gpio.o
 .debug_pubnames
                0x000008f5      0x360 D:\FbEdit\Projects\Applications\fbe\STM32Discovery\Compass\STM32I2C\stm32f10x_nvic.o
 .debug_pubnames
                0x00000c55      0x2c4 D:\FbEdit\Projects\Applications\fbe\STM32Discovery\Compass\STM32I2C\stm32f10x_rcc.o
 .debug_pubnames
                0x00000f19      0x401 D:\FbEdit\Projects\Applications\fbe\STM32Discovery\Compass\STM32I2C\stm32f10x_adc.o
 .debug_pubnames
                0x0000131a       0xcf D:\FbEdit\Projects\Applications\fbe\STM32Discovery\Compass\STM32I2C\stm32f10x_dma.o
 .debug_pubnames
                0x000013e9      0x2b0 D:\FbEdit\Projects\Applications\fbe\STM32Discovery\Compass\STM32I2C\stm32f10x_i2c.o

.debug_info     0x00000000     0x405e
 *(.debug_info .gnu.linkonce.wi.*)
 .debug_info    0x00000000      0x586 D:\FbEdit\Projects\Applications\fbe\STM32Discovery\Compass\STM32I2C\main.o
 .debug_info    0x00000586      0x5ed D:\FbEdit\Projects\Applications\fbe\STM32Discovery\Compass\STM32I2C\stm32f10x_it.o
 .debug_info    0x00000b73      0x16f D:\FbEdit\Projects\Applications\fbe\STM32Discovery\Compass\STM32I2C\stm32f10x_flash.o
 .debug_info    0x00000ce2      0x690 D:\FbEdit\Projects\Applications\fbe\STM32Discovery\Compass\STM32I2C\stm32f10x_gpio.o
 .debug_info    0x00001372       0x53 D:\FbEdit\Projects\Applications\fbe\STM32Discovery\Compass\STM32I2C\stm32f10x_lib.o
 .debug_info    0x000013c5      0x964 D:\FbEdit\Projects\Applications\fbe\STM32Discovery\Compass\STM32I2C\stm32f10x_nvic.o
 .debug_info    0x00001d29      0x8ac D:\FbEdit\Projects\Applications\fbe\STM32Discovery\Compass\STM32I2C\stm32f10x_rcc.o
 .debug_info    0x000025d5      0xb7a D:\FbEdit\Projects\Applications\fbe\STM32Discovery\Compass\STM32I2C\stm32f10x_adc.o
 .debug_info    0x0000314f      0x414 D:\FbEdit\Projects\Applications\fbe\STM32Discovery\Compass\STM32I2C\stm32f10x_dma.o
 .debug_info    0x00003563      0xafb D:\FbEdit\Projects\Applications\fbe\STM32Discovery\Compass\STM32I2C\stm32f10x_i2c.o

.debug_abbrev   0x00000000      0xd4c
 *(.debug_abbrev)
 .debug_abbrev  0x00000000      0x1af D:\FbEdit\Projects\Applications\fbe\STM32Discovery\Compass\STM32I2C\main.o
 .debug_abbrev  0x000001af       0x49 D:\FbEdit\Projects\Applications\fbe\STM32Discovery\Compass\STM32I2C\stm32f10x_it.o
 .debug_abbrev  0x000001f8       0xa6 D:\FbEdit\Projects\Applications\fbe\STM32Discovery\Compass\STM32I2C\stm32f10x_flash.o
 .debug_abbrev  0x0000029e      0x1f5 D:\FbEdit\Projects\Applications\fbe\STM32Discovery\Compass\STM32I2C\stm32f10x_gpio.o
 .debug_abbrev  0x00000493       0x1d D:\FbEdit\Projects\Applications\fbe\STM32Discovery\Compass\STM32I2C\stm32f10x_lib.o
 .debug_abbrev  0x000004b0      0x22f D:\FbEdit\Projects\Applications\fbe\STM32Discovery\Compass\STM32I2C\stm32f10x_nvic.o
 .debug_abbrev  0x000006df      0x1f6 D:\FbEdit\Projects\Applications\fbe\STM32Discovery\Compass\STM32I2C\stm32f10x_rcc.o
 .debug_abbrev  0x000008d5      0x19b D:\FbEdit\Projects\Applications\fbe\STM32Discovery\Compass\STM32I2C\stm32f10x_adc.o
 .debug_abbrev  0x00000a70      0x151 D:\FbEdit\Projects\Applications\fbe\STM32Discovery\Compass\STM32I2C\stm32f10x_dma.o
 .debug_abbrev  0x00000bc1      0x18b D:\FbEdit\Projects\Applications\fbe\STM32Discovery\Compass\STM32I2C\stm32f10x_i2c.o

.debug_line     0x00000000     0x1a40
 *(.debug_line)
 .debug_line    0x00000000      0x237 D:\FbEdit\Projects\Applications\fbe\STM32Discovery\Compass\STM32I2C\main.o
 .debug_line    0x00000237      0x501 D:\FbEdit\Projects\Applications\fbe\STM32Discovery\Compass\STM32I2C\stm32f10x_it.o
 .debug_line    0x00000738       0xe1 D:\FbEdit\Projects\Applications\fbe\STM32Discovery\Compass\STM32I2C\stm32f10x_flash.o
 .debug_line    0x00000819      0x25e D:\FbEdit\Projects\Applications\fbe\STM32Discovery\Compass\STM32I2C\stm32f10x_gpio.o
 .debug_line    0x00000a77       0x1d D:\FbEdit\Projects\Applications\fbe\STM32Discovery\Compass\STM32I2C\stm32f10x_lib.o
 .debug_line    0x00000a94      0x33f D:\FbEdit\Projects\Applications\fbe\STM32Discovery\Compass\STM32I2C\stm32f10x_nvic.o
 .debug_line    0x00000dd3      0x365 D:\FbEdit\Projects\Applications\fbe\STM32Discovery\Compass\STM32I2C\stm32f10x_rcc.o
 .debug_line    0x00001138      0x3de D:\FbEdit\Projects\Applications\fbe\STM32Discovery\Compass\STM32I2C\stm32f10x_adc.o
 .debug_line    0x00001516      0x1af D:\FbEdit\Projects\Applications\fbe\STM32Discovery\Compass\STM32I2C\stm32f10x_dma.o
 .debug_line    0x000016c5      0x37b D:\FbEdit\Projects\Applications\fbe\STM32Discovery\Compass\STM32I2C\stm32f10x_i2c.o

.debug_frame    0x00000000     0x10b8
 *(.debug_frame)
 .debug_frame   0x00000000      0x108 D:\FbEdit\Projects\Applications\fbe\STM32Discovery\Compass\STM32I2C\main.o
 .debug_frame   0x00000108      0x460 D:\FbEdit\Projects\Applications\fbe\STM32Discovery\Compass\STM32I2C\stm32f10x_it.o
 .debug_frame   0x00000568       0x40 D:\FbEdit\Projects\Applications\fbe\STM32Discovery\Compass\STM32I2C\stm32f10x_flash.o
 .debug_frame   0x000005a8      0x158 D:\FbEdit\Projects\Applications\fbe\STM32Discovery\Compass\STM32I2C\stm32f10x_gpio.o
 .debug_frame   0x00000700      0x238 D:\FbEdit\Projects\Applications\fbe\STM32Discovery\Compass\STM32I2C\stm32f10x_nvic.o
 .debug_frame   0x00000938      0x224 D:\FbEdit\Projects\Applications\fbe\STM32Discovery\Compass\STM32I2C\stm32f10x_rcc.o
 .debug_frame   0x00000b5c      0x278 D:\FbEdit\Projects\Applications\fbe\STM32Discovery\Compass\STM32I2C\stm32f10x_adc.o
 .debug_frame   0x00000dd4       0xb8 D:\FbEdit\Projects\Applications\fbe\STM32Discovery\Compass\STM32I2C\stm32f10x_dma.o
 .debug_frame   0x00000e8c      0x22c D:\FbEdit\Projects\Applications\fbe\STM32Discovery\Compass\STM32I2C\stm32f10x_i2c.o

.debug_str      0x00000000     0x20b9
 *(.debug_str)
 .debug_str     0x00000000      0x3b6 D:\FbEdit\Projects\Applications\fbe\STM32Discovery\Compass\STM32I2C\main.o
                                0x3da (size before relaxing)
 .debug_str     0x000003b6      0x569 D:\FbEdit\Projects\Applications\fbe\STM32Discovery\Compass\STM32I2C\stm32f10x_it.o
                                0x5d4 (size before relaxing)
 .debug_str     0x0000091f       0xf5 D:\FbEdit\Projects\Applications\fbe\STM32Discovery\Compass\STM32I2C\stm32f10x_flash.o
                                0x165 (size before relaxing)
 .debug_str     0x00000a14      0x265 D:\FbEdit\Projects\Applications\fbe\STM32Discovery\Compass\STM32I2C\stm32f10x_gpio.o
                                0x3fc (size before relaxing)
 .debug_str     0x00000c79       0x54 D:\FbEdit\Projects\Applications\fbe\STM32Discovery\Compass\STM32I2C\stm32f10x_lib.o
                                 0xbf (size before relaxing)
 .debug_str     0x00000ccd      0x514 D:\FbEdit\Projects\Applications\fbe\STM32Discovery\Compass\STM32I2C\stm32f10x_nvic.o
                                0x60e (size before relaxing)
 .debug_str     0x000011e1      0x44b D:\FbEdit\Projects\Applications\fbe\STM32Discovery\Compass\STM32I2C\stm32f10x_rcc.o
                                0x543 (size before relaxing)
 .debug_str     0x0000162c      0x55a D:\FbEdit\Projects\Applications\fbe\STM32Discovery\Compass\STM32I2C\stm32f10x_adc.o
                                0x624 (size before relaxing)
 .debug_str     0x00001b86      0x204 D:\FbEdit\Projects\Applications\fbe\STM32Discovery\Compass\STM32I2C\stm32f10x_dma.o
                                0x2c2 (size before relaxing)
 .debug_str     0x00001d8a      0x32f D:\FbEdit\Projects\Applications\fbe\STM32Discovery\Compass\STM32I2C\stm32f10x_i2c.o
                                0x56c (size before relaxing)

.debug_loc      0x00000000     0x238d
 *(.debug_loc)
 .debug_loc     0x00000000      0x21a D:\FbEdit\Projects\Applications\fbe\STM32Discovery\Compass\STM32I2C\main.o
 .debug_loc     0x0000021a      0x490 D:\FbEdit\Projects\Applications\fbe\STM32Discovery\Compass\STM32I2C\stm32f10x_gpio.o
 .debug_loc     0x000006aa      0x83d D:\FbEdit\Projects\Applications\fbe\STM32Discovery\Compass\STM32I2C\stm32f10x_nvic.o
 .debug_loc     0x00000ee7      0x4d5 D:\FbEdit\Projects\Applications\fbe\STM32Discovery\Compass\STM32I2C\stm32f10x_rcc.o
 .debug_loc     0x000013bc      0x8a2 D:\FbEdit\Projects\Applications\fbe\STM32Discovery\Compass\STM32I2C\stm32f10x_adc.o
 .debug_loc     0x00001c5e      0x142 D:\FbEdit\Projects\Applications\fbe\STM32Discovery\Compass\STM32I2C\stm32f10x_dma.o
 .debug_loc     0x00001da0      0x5ed D:\FbEdit\Projects\Applications\fbe\STM32Discovery\Compass\STM32I2C\stm32f10x_i2c.o

.debug_macinfo
 *(.debug_macinfo)

.debug_weaknames
 *(.debug_weaknames)

.debug_funcnames
 *(.debug_funcnames)

.debug_typenames
 *(.debug_typenames)

.debug_varnames
 *(.debug_varnames)
START GROUP
LOAD d:/ride/ride/arm-gcc/bin/../lib/gcc/arm-none-eabi/4.5.1/thumb2\libgcc.a
LOAD d:/ride/ride/arm-gcc/bin/../lib/gcc/arm-none-eabi/4.5.1/../../../../arm-none-eabi/lib/thumb2\libc.a
END GROUP
OUTPUT(D:\FbEdit\Projects\Applications\fbe\STM32Discovery\Compass\STM32I2C\Compass.elf elf32-littlearm)

.debug_pubtypes
                0x00000000      0x4bf
 .debug_pubtypes
                0x00000000       0xc7 D:\FbEdit\Projects\Applications\fbe\STM32Discovery\Compass\STM32I2C\main.o
 .debug_pubtypes
                0x000000c7       0x12 D:\FbEdit\Projects\Applications\fbe\STM32Discovery\Compass\STM32I2C\stm32f10x_it.o
 .debug_pubtypes
                0x000000d9       0x2c D:\FbEdit\Projects\Applications\fbe\STM32Discovery\Compass\STM32I2C\stm32f10x_flash.o
 .debug_pubtypes
                0x00000105       0xb6 D:\FbEdit\Projects\Applications\fbe\STM32Discovery\Compass\STM32I2C\stm32f10x_gpio.o
 .debug_pubtypes
                0x000001bb       0x12 D:\FbEdit\Projects\Applications\fbe\STM32Discovery\Compass\STM32I2C\stm32f10x_lib.o
 .debug_pubtypes
                0x000001cd       0x89 D:\FbEdit\Projects\Applications\fbe\STM32Discovery\Compass\STM32I2C\stm32f10x_nvic.o
 .debug_pubtypes
                0x00000256       0xa0 D:\FbEdit\Projects\Applications\fbe\STM32Discovery\Compass\STM32I2C\stm32f10x_rcc.o
 .debug_pubtypes
                0x000002f6       0x86 D:\FbEdit\Projects\Applications\fbe\STM32Discovery\Compass\STM32I2C\stm32f10x_adc.o
 .debug_pubtypes
                0x0000037c       0x8e D:\FbEdit\Projects\Applications\fbe\STM32Discovery\Compass\STM32I2C\stm32f10x_dma.o
 .debug_pubtypes
                0x0000040a       0xb5 D:\FbEdit\Projects\Applications\fbe\STM32Discovery\Compass\STM32I2C\stm32f10x_i2c.o

.debug_ranges   0x00000000      0x7b8
 .debug_ranges  0x00000000       0x50 D:\FbEdit\Projects\Applications\fbe\STM32Discovery\Compass\STM32I2C\main.o
 .debug_ranges  0x00000050      0x230 D:\FbEdit\Projects\Applications\fbe\STM32Discovery\Compass\STM32I2C\stm32f10x_it.o
 .debug_ranges  0x00000280       0x20 D:\FbEdit\Projects\Applications\fbe\STM32Discovery\Compass\STM32I2C\stm32f10x_flash.o
 .debug_ranges  0x000002a0       0x90 D:\FbEdit\Projects\Applications\fbe\STM32Discovery\Compass\STM32I2C\stm32f10x_gpio.o
 .debug_ranges  0x00000330       0xf8 D:\FbEdit\Projects\Applications\fbe\STM32Discovery\Compass\STM32I2C\stm32f10x_nvic.o
 .debug_ranges  0x00000428      0x108 D:\FbEdit\Projects\Applications\fbe\STM32Discovery\Compass\STM32I2C\stm32f10x_rcc.o
 .debug_ranges  0x00000530      0x128 D:\FbEdit\Projects\Applications\fbe\STM32Discovery\Compass\STM32I2C\stm32f10x_adc.o
 .debug_ranges  0x00000658       0x58 D:\FbEdit\Projects\Applications\fbe\STM32Discovery\Compass\STM32I2C\stm32f10x_dma.o
 .debug_ranges  0x000006b0      0x108 D:\FbEdit\Projects\Applications\fbe\STM32Discovery\Compass\STM32I2C\stm32f10x_i2c.o
