Archive member included because of file (symbol)

D:\Ride\Ride\Lib\ARM\STM32x_io_putchar_thumb.a(STM32F10X_io_putchar.o)
                              (__io_putchar)
D:\Ride\Ride\Lib\ARM\std_sbrk_thumb.lib(write.o)
                              (_write)

Allocating common symbols
Common symbol       size              file

BlueLED             0x1               D:\FbEdit\Projects\Applications\fbe\BoatNavBluetooth\STM32_Sonar\main.o
Ping                0x2               D:\FbEdit\Projects\Applications\fbe\BoatNavBluetooth\STM32_Sonar\main.o
Setup               0x1               D:\FbEdit\Projects\Applications\fbe\BoatNavBluetooth\STM32_Sonar\main.o

Discarded input sections

 .text          0x00000000       0x14 D:\Ride\Ride\Lib\ARM\startup_stm32f10x_md.o
 .data          0x00000000        0x0 D:\Ride\Ride\Lib\ARM\startup_stm32f10x_md.o
 .bss           0x00000000        0x0 D:\Ride\Ride\Lib\ARM\startup_stm32f10x_md.o
 .text          0x00000000        0x0 D:\FbEdit\Projects\Applications\fbe\BoatNavBluetooth\STM32_Sonar\main.o
 .data          0x00000000        0x0 D:\FbEdit\Projects\Applications\fbe\BoatNavBluetooth\STM32_Sonar\main.o
 .text.USART3_putdata
                0x00000000       0x28 D:\FbEdit\Projects\Applications\fbe\BoatNavBluetooth\STM32_Sonar\main.o
 .text          0x00000000        0x0 D:\FbEdit\Projects\Applications\fbe\BoatNavBluetooth\STM32_Sonar\stm32f10x_adc.o
 .data          0x00000000        0x0 D:\FbEdit\Projects\Applications\fbe\BoatNavBluetooth\STM32_Sonar\stm32f10x_adc.o
 .bss           0x00000000        0x0 D:\FbEdit\Projects\Applications\fbe\BoatNavBluetooth\STM32_Sonar\stm32f10x_adc.o
 .text.ADC_DeInit
                0x00000000       0x74 D:\FbEdit\Projects\Applications\fbe\BoatNavBluetooth\STM32_Sonar\stm32f10x_adc.o
 .text.ADC_StructInit
                0x00000000       0x18 D:\FbEdit\Projects\Applications\fbe\BoatNavBluetooth\STM32_Sonar\stm32f10x_adc.o
 .text.ADC_DMACmd
                0x00000000       0x18 D:\FbEdit\Projects\Applications\fbe\BoatNavBluetooth\STM32_Sonar\stm32f10x_adc.o
 .text.ADC_ITConfig
                0x00000000       0x18 D:\FbEdit\Projects\Applications\fbe\BoatNavBluetooth\STM32_Sonar\stm32f10x_adc.o
 .text.ADC_GetSoftwareStartConvStatus
                0x00000000        0x8 D:\FbEdit\Projects\Applications\fbe\BoatNavBluetooth\STM32_Sonar\stm32f10x_adc.o
 .text.ADC_DiscModeChannelCountConfig
                0x00000000       0x14 D:\FbEdit\Projects\Applications\fbe\BoatNavBluetooth\STM32_Sonar\stm32f10x_adc.o
 .text.ADC_DiscModeCmd
                0x00000000       0x18 D:\FbEdit\Projects\Applications\fbe\BoatNavBluetooth\STM32_Sonar\stm32f10x_adc.o
 .text.ADC_ExternalTrigConvCmd
                0x00000000       0x18 D:\FbEdit\Projects\Applications\fbe\BoatNavBluetooth\STM32_Sonar\stm32f10x_adc.o
 .text.ADC_GetConversionValue
                0x00000000        0x8 D:\FbEdit\Projects\Applications\fbe\BoatNavBluetooth\STM32_Sonar\stm32f10x_adc.o
 .text.ADC_GetDualModeConversionValue
                0x00000000        0xc D:\FbEdit\Projects\Applications\fbe\BoatNavBluetooth\STM32_Sonar\stm32f10x_adc.o
 .text.ADC_InjectedDiscModeCmd
                0x00000000       0x18 D:\FbEdit\Projects\Applications\fbe\BoatNavBluetooth\STM32_Sonar\stm32f10x_adc.o
 .text.ADC_ExternalTrigInjectedConvConfig
                0x00000000       0x10 D:\FbEdit\Projects\Applications\fbe\BoatNavBluetooth\STM32_Sonar\stm32f10x_adc.o
 .text.ADC_ExternalTrigInjectedConvCmd
                0x00000000       0x18 D:\FbEdit\Projects\Applications\fbe\BoatNavBluetooth\STM32_Sonar\stm32f10x_adc.o
 .text.ADC_SoftwareStartInjectedConvCmd
                0x00000000       0x18 D:\FbEdit\Projects\Applications\fbe\BoatNavBluetooth\STM32_Sonar\stm32f10x_adc.o
 .text.ADC_GetSoftwareStartInjectedConvCmdStatus
                0x00000000        0x8 D:\FbEdit\Projects\Applications\fbe\BoatNavBluetooth\STM32_Sonar\stm32f10x_adc.o
 .text.ADC_SetInjectedOffset
                0x00000000        0x4 D:\FbEdit\Projects\Applications\fbe\BoatNavBluetooth\STM32_Sonar\stm32f10x_adc.o
 .text.ADC_GetInjectedConversionValue
                0x00000000        0xc D:\FbEdit\Projects\Applications\fbe\BoatNavBluetooth\STM32_Sonar\stm32f10x_adc.o
 .text.ADC_AnalogWatchdogCmd
                0x00000000       0x14 D:\FbEdit\Projects\Applications\fbe\BoatNavBluetooth\STM32_Sonar\stm32f10x_adc.o
 .text.ADC_AnalogWatchdogThresholdsConfig
                0x00000000        0x8 D:\FbEdit\Projects\Applications\fbe\BoatNavBluetooth\STM32_Sonar\stm32f10x_adc.o
 .text.ADC_AnalogWatchdogSingleChannelConfig
                0x00000000       0x10 D:\FbEdit\Projects\Applications\fbe\BoatNavBluetooth\STM32_Sonar\stm32f10x_adc.o
 .text.ADC_TempSensorVrefintCmd
                0x00000000       0x28 D:\FbEdit\Projects\Applications\fbe\BoatNavBluetooth\STM32_Sonar\stm32f10x_adc.o
 .text.ADC_GetITStatus
                0x00000000       0x1c D:\FbEdit\Projects\Applications\fbe\BoatNavBluetooth\STM32_Sonar\stm32f10x_adc.o
 .text.ADC_ClearITPendingBit
                0x00000000        0x8 D:\FbEdit\Projects\Applications\fbe\BoatNavBluetooth\STM32_Sonar\stm32f10x_adc.o
 .text          0x00000000        0x0 D:\FbEdit\Projects\Applications\fbe\BoatNavBluetooth\STM32_Sonar\stm32f10x_flash.o
 .data          0x00000000        0x0 D:\FbEdit\Projects\Applications\fbe\BoatNavBluetooth\STM32_Sonar\stm32f10x_flash.o
 .bss           0x00000000        0x0 D:\FbEdit\Projects\Applications\fbe\BoatNavBluetooth\STM32_Sonar\stm32f10x_flash.o
 .text.FLASH_HalfCycleAccessCmd
                0x00000000       0x1c D:\FbEdit\Projects\Applications\fbe\BoatNavBluetooth\STM32_Sonar\stm32f10x_flash.o
 .text          0x00000000        0x0 D:\FbEdit\Projects\Applications\fbe\BoatNavBluetooth\STM32_Sonar\stm32f10x_gpio.o
 .data          0x00000000        0x0 D:\FbEdit\Projects\Applications\fbe\BoatNavBluetooth\STM32_Sonar\stm32f10x_gpio.o
 .bss           0x00000000        0x0 D:\FbEdit\Projects\Applications\fbe\BoatNavBluetooth\STM32_Sonar\stm32f10x_gpio.o
 .text.GPIO_DeInit
                0x00000000      0x11c D:\FbEdit\Projects\Applications\fbe\BoatNavBluetooth\STM32_Sonar\stm32f10x_gpio.o
 .text.GPIO_AFIODeInit
                0x00000000       0x1c D:\FbEdit\Projects\Applications\fbe\BoatNavBluetooth\STM32_Sonar\stm32f10x_gpio.o
 .text.GPIO_StructInit
                0x00000000       0x14 D:\FbEdit\Projects\Applications\fbe\BoatNavBluetooth\STM32_Sonar\stm32f10x_gpio.o
 .text.GPIO_ReadInputData
                0x00000000        0x8 D:\FbEdit\Projects\Applications\fbe\BoatNavBluetooth\STM32_Sonar\stm32f10x_gpio.o
 .text.GPIO_ReadOutputDataBit
                0x00000000        0xc D:\FbEdit\Projects\Applications\fbe\BoatNavBluetooth\STM32_Sonar\stm32f10x_gpio.o
 .text.GPIO_ReadOutputData
                0x00000000        0x8 D:\FbEdit\Projects\Applications\fbe\BoatNavBluetooth\STM32_Sonar\stm32f10x_gpio.o
 .text.GPIO_SetBits
                0x00000000        0x4 D:\FbEdit\Projects\Applications\fbe\BoatNavBluetooth\STM32_Sonar\stm32f10x_gpio.o
 .text.GPIO_ResetBits
                0x00000000        0x4 D:\FbEdit\Projects\Applications\fbe\BoatNavBluetooth\STM32_Sonar\stm32f10x_gpio.o
 .text.GPIO_Write
                0x00000000        0x4 D:\FbEdit\Projects\Applications\fbe\BoatNavBluetooth\STM32_Sonar\stm32f10x_gpio.o
 .text.GPIO_PinLockConfig
                0x00000000       0x10 D:\FbEdit\Projects\Applications\fbe\BoatNavBluetooth\STM32_Sonar\stm32f10x_gpio.o
 .text.GPIO_EventOutputConfig
                0x00000000       0x24 D:\FbEdit\Projects\Applications\fbe\BoatNavBluetooth\STM32_Sonar\stm32f10x_gpio.o
 .text.GPIO_EventOutputCmd
                0x00000000        0xc D:\FbEdit\Projects\Applications\fbe\BoatNavBluetooth\STM32_Sonar\stm32f10x_gpio.o
 .text.GPIO_PinRemapConfig
                0x00000000       0x70 D:\FbEdit\Projects\Applications\fbe\BoatNavBluetooth\STM32_Sonar\stm32f10x_gpio.o
 .text.GPIO_EXTILineConfig
                0x00000000       0x44 D:\FbEdit\Projects\Applications\fbe\BoatNavBluetooth\STM32_Sonar\stm32f10x_gpio.o
 .text          0x00000000        0x0 D:\FbEdit\Projects\Applications\fbe\BoatNavBluetooth\STM32_Sonar\stm32f10x_it.o
 .data          0x00000000        0x0 D:\FbEdit\Projects\Applications\fbe\BoatNavBluetooth\STM32_Sonar\stm32f10x_it.o
 .bss           0x00000000        0x0 D:\FbEdit\Projects\Applications\fbe\BoatNavBluetooth\STM32_Sonar\stm32f10x_it.o
 .text.NMIException
                0x00000000        0x4 D:\FbEdit\Projects\Applications\fbe\BoatNavBluetooth\STM32_Sonar\stm32f10x_it.o
 .text.HardFaultException
                0x00000000        0x4 D:\FbEdit\Projects\Applications\fbe\BoatNavBluetooth\STM32_Sonar\stm32f10x_it.o
 .text.MemManageException
                0x00000000        0x4 D:\FbEdit\Projects\Applications\fbe\BoatNavBluetooth\STM32_Sonar\stm32f10x_it.o
 .text.BusFaultException
                0x00000000        0x4 D:\FbEdit\Projects\Applications\fbe\BoatNavBluetooth\STM32_Sonar\stm32f10x_it.o
 .text.UsageFaultException
                0x00000000        0x4 D:\FbEdit\Projects\Applications\fbe\BoatNavBluetooth\STM32_Sonar\stm32f10x_it.o
 .text.DebugMonitor
                0x00000000        0x4 D:\FbEdit\Projects\Applications\fbe\BoatNavBluetooth\STM32_Sonar\stm32f10x_it.o
 .text.SVCHandler
                0x00000000        0x4 D:\FbEdit\Projects\Applications\fbe\BoatNavBluetooth\STM32_Sonar\stm32f10x_it.o
 .text.PendSVC  0x00000000        0x4 D:\FbEdit\Projects\Applications\fbe\BoatNavBluetooth\STM32_Sonar\stm32f10x_it.o
 .text.SysTickHandler
                0x00000000        0x4 D:\FbEdit\Projects\Applications\fbe\BoatNavBluetooth\STM32_Sonar\stm32f10x_it.o
 .text.USB_HP_CAN_TX_IRQHandler
                0x00000000        0x4 D:\FbEdit\Projects\Applications\fbe\BoatNavBluetooth\STM32_Sonar\stm32f10x_it.o
 .text.USB_LP_CAN_RX0_IRQHandler
                0x00000000        0x4 D:\FbEdit\Projects\Applications\fbe\BoatNavBluetooth\STM32_Sonar\stm32f10x_it.o
 .text.CAN_RX1_IRQHandler
                0x00000000        0x4 D:\FbEdit\Projects\Applications\fbe\BoatNavBluetooth\STM32_Sonar\stm32f10x_it.o
 .text.CAN_SCE_IRQHandler
                0x00000000        0x4 D:\FbEdit\Projects\Applications\fbe\BoatNavBluetooth\STM32_Sonar\stm32f10x_it.o
 .text.TIM8_BRK_IRQHandler
                0x00000000        0x4 D:\FbEdit\Projects\Applications\fbe\BoatNavBluetooth\STM32_Sonar\stm32f10x_it.o
 .text.TIM8_UP_IRQHandler
                0x00000000        0x4 D:\FbEdit\Projects\Applications\fbe\BoatNavBluetooth\STM32_Sonar\stm32f10x_it.o
 .text.TIM8_TRG_COM_IRQHandler
                0x00000000        0x4 D:\FbEdit\Projects\Applications\fbe\BoatNavBluetooth\STM32_Sonar\stm32f10x_it.o
 .text.TIM8_CC_IRQHandler
                0x00000000        0x4 D:\FbEdit\Projects\Applications\fbe\BoatNavBluetooth\STM32_Sonar\stm32f10x_it.o
 .text.ADC3_IRQHandler
                0x00000000        0x4 D:\FbEdit\Projects\Applications\fbe\BoatNavBluetooth\STM32_Sonar\stm32f10x_it.o
 .text.FSMC_IRQHandler
                0x00000000        0x4 D:\FbEdit\Projects\Applications\fbe\BoatNavBluetooth\STM32_Sonar\stm32f10x_it.o
 .text.SDIO_IRQHandler
                0x00000000        0x4 D:\FbEdit\Projects\Applications\fbe\BoatNavBluetooth\STM32_Sonar\stm32f10x_it.o
 .text.TIM5_IRQHandler
                0x00000000        0x4 D:\FbEdit\Projects\Applications\fbe\BoatNavBluetooth\STM32_Sonar\stm32f10x_it.o
 .text.SPI3_IRQHandler
                0x00000000        0x4 D:\FbEdit\Projects\Applications\fbe\BoatNavBluetooth\STM32_Sonar\stm32f10x_it.o
 .text.UART4_IRQHandler
                0x00000000        0x4 D:\FbEdit\Projects\Applications\fbe\BoatNavBluetooth\STM32_Sonar\stm32f10x_it.o
 .text.UART5_IRQHandler
                0x00000000        0x4 D:\FbEdit\Projects\Applications\fbe\BoatNavBluetooth\STM32_Sonar\stm32f10x_it.o
 .text.TIM6_IRQHandler
                0x00000000        0x4 D:\FbEdit\Projects\Applications\fbe\BoatNavBluetooth\STM32_Sonar\stm32f10x_it.o
 .text.TIM7_IRQHandler
                0x00000000        0x4 D:\FbEdit\Projects\Applications\fbe\BoatNavBluetooth\STM32_Sonar\stm32f10x_it.o
 .text.DMA2_Channel1_IRQHandler
                0x00000000        0x4 D:\FbEdit\Projects\Applications\fbe\BoatNavBluetooth\STM32_Sonar\stm32f10x_it.o
 .text.DMA2_Channel2_IRQHandler
                0x00000000        0x4 D:\FbEdit\Projects\Applications\fbe\BoatNavBluetooth\STM32_Sonar\stm32f10x_it.o
 .text.DMA2_Channel3_IRQHandler
                0x00000000        0x4 D:\FbEdit\Projects\Applications\fbe\BoatNavBluetooth\STM32_Sonar\stm32f10x_it.o
 .text.DMA2_Channel4_5_IRQHandler
                0x00000000        0x4 D:\FbEdit\Projects\Applications\fbe\BoatNavBluetooth\STM32_Sonar\stm32f10x_it.o
 .text          0x00000000        0x0 D:\FbEdit\Projects\Applications\fbe\BoatNavBluetooth\STM32_Sonar\stm32f10x_lib.o
 .data          0x00000000        0x0 D:\FbEdit\Projects\Applications\fbe\BoatNavBluetooth\STM32_Sonar\stm32f10x_lib.o
 .bss           0x00000000        0x0 D:\FbEdit\Projects\Applications\fbe\BoatNavBluetooth\STM32_Sonar\stm32f10x_lib.o
 .text          0x00000000        0x0 D:\FbEdit\Projects\Applications\fbe\BoatNavBluetooth\STM32_Sonar\stm32f10x_nvic.o
 .data          0x00000000        0x0 D:\FbEdit\Projects\Applications\fbe\BoatNavBluetooth\STM32_Sonar\stm32f10x_nvic.o
 .bss           0x00000000        0x0 D:\FbEdit\Projects\Applications\fbe\BoatNavBluetooth\STM32_Sonar\stm32f10x_nvic.o
 .text.NVIC_DeInit
                0x00000000       0x40 D:\FbEdit\Projects\Applications\fbe\BoatNavBluetooth\STM32_Sonar\stm32f10x_nvic.o
 .text.NVIC_SCBDeInit
                0x00000000       0x34 D:\FbEdit\Projects\Applications\fbe\BoatNavBluetooth\STM32_Sonar\stm32f10x_nvic.o
 .text.NVIC_PriorityGroupConfig
                0x00000000       0x14 D:\FbEdit\Projects\Applications\fbe\BoatNavBluetooth\STM32_Sonar\stm32f10x_nvic.o
 .text.NVIC_StructInit
                0x00000000       0x10 D:\FbEdit\Projects\Applications\fbe\BoatNavBluetooth\STM32_Sonar\stm32f10x_nvic.o
 .text.NVIC_SETPRIMASK
                0x00000000        0x8 D:\FbEdit\Projects\Applications\fbe\BoatNavBluetooth\STM32_Sonar\stm32f10x_nvic.o
 .text.NVIC_RESETPRIMASK
                0x00000000        0x8 D:\FbEdit\Projects\Applications\fbe\BoatNavBluetooth\STM32_Sonar\stm32f10x_nvic.o
 .text.NVIC_SETFAULTMASK
                0x00000000        0x8 D:\FbEdit\Projects\Applications\fbe\BoatNavBluetooth\STM32_Sonar\stm32f10x_nvic.o
 .text.NVIC_RESETFAULTMASK
                0x00000000        0x8 D:\FbEdit\Projects\Applications\fbe\BoatNavBluetooth\STM32_Sonar\stm32f10x_nvic.o
 .text.NVIC_BASEPRICONFIG
                0x00000000        0xc D:\FbEdit\Projects\Applications\fbe\BoatNavBluetooth\STM32_Sonar\stm32f10x_nvic.o
 .text.NVIC_GetBASEPRI
                0x00000000        0x8 D:\FbEdit\Projects\Applications\fbe\BoatNavBluetooth\STM32_Sonar\stm32f10x_nvic.o
 .text.NVIC_GetCurrentPendingIRQChannel
                0x00000000       0x10 D:\FbEdit\Projects\Applications\fbe\BoatNavBluetooth\STM32_Sonar\stm32f10x_nvic.o
 .text.NVIC_GetIRQChannelPendingBitStatus
                0x00000000       0x2c D:\FbEdit\Projects\Applications\fbe\BoatNavBluetooth\STM32_Sonar\stm32f10x_nvic.o
 .text.NVIC_SetIRQChannelPendingBit
                0x00000000        0xc D:\FbEdit\Projects\Applications\fbe\BoatNavBluetooth\STM32_Sonar\stm32f10x_nvic.o
 .text.NVIC_ClearIRQChannelPendingBit
                0x00000000       0x24 D:\FbEdit\Projects\Applications\fbe\BoatNavBluetooth\STM32_Sonar\stm32f10x_nvic.o
 .text.NVIC_GetCurrentActiveHandler
                0x00000000       0x14 D:\FbEdit\Projects\Applications\fbe\BoatNavBluetooth\STM32_Sonar\stm32f10x_nvic.o
 .text.NVIC_GetIRQChannelActiveBitStatus
                0x00000000       0x2c D:\FbEdit\Projects\Applications\fbe\BoatNavBluetooth\STM32_Sonar\stm32f10x_nvic.o
 .text.NVIC_GetCPUID
                0x00000000        0xc D:\FbEdit\Projects\Applications\fbe\BoatNavBluetooth\STM32_Sonar\stm32f10x_nvic.o
 .text.NVIC_GenerateSystemReset
                0x00000000       0x14 D:\FbEdit\Projects\Applications\fbe\BoatNavBluetooth\STM32_Sonar\stm32f10x_nvic.o
 .text.NVIC_GenerateCoreReset
                0x00000000       0x14 D:\FbEdit\Projects\Applications\fbe\BoatNavBluetooth\STM32_Sonar\stm32f10x_nvic.o
 .text.NVIC_SystemLPConfig
                0x00000000       0x24 D:\FbEdit\Projects\Applications\fbe\BoatNavBluetooth\STM32_Sonar\stm32f10x_nvic.o
 .text.NVIC_SystemHandlerConfig
                0x00000000       0x30 D:\FbEdit\Projects\Applications\fbe\BoatNavBluetooth\STM32_Sonar\stm32f10x_nvic.o
 .text.NVIC_SystemHandlerPriorityConfig
                0x00000000       0x64 D:\FbEdit\Projects\Applications\fbe\BoatNavBluetooth\STM32_Sonar\stm32f10x_nvic.o
 .text.NVIC_GetSystemHandlerPendingBitStatus
                0x00000000       0x24 D:\FbEdit\Projects\Applications\fbe\BoatNavBluetooth\STM32_Sonar\stm32f10x_nvic.o
 .text.NVIC_SetSystemHandlerPendingBit
                0x00000000       0x20 D:\FbEdit\Projects\Applications\fbe\BoatNavBluetooth\STM32_Sonar\stm32f10x_nvic.o
 .text.NVIC_ClearSystemHandlerPendingBit
                0x00000000       0x24 D:\FbEdit\Projects\Applications\fbe\BoatNavBluetooth\STM32_Sonar\stm32f10x_nvic.o
 .text.NVIC_GetSystemHandlerActiveBitStatus
                0x00000000       0x24 D:\FbEdit\Projects\Applications\fbe\BoatNavBluetooth\STM32_Sonar\stm32f10x_nvic.o
 .text.NVIC_GetFaultHandlerSources
                0x00000000       0x48 D:\FbEdit\Projects\Applications\fbe\BoatNavBluetooth\STM32_Sonar\stm32f10x_nvic.o
 .text.NVIC_GetFaultAddress
                0x00000000       0x14 D:\FbEdit\Projects\Applications\fbe\BoatNavBluetooth\STM32_Sonar\stm32f10x_nvic.o
 .text          0x00000000        0x0 D:\FbEdit\Projects\Applications\fbe\BoatNavBluetooth\STM32_Sonar\stm32f10x_rcc.o
 .data          0x00000000        0x0 D:\FbEdit\Projects\Applications\fbe\BoatNavBluetooth\STM32_Sonar\stm32f10x_rcc.o
 .bss           0x00000000        0x0 D:\FbEdit\Projects\Applications\fbe\BoatNavBluetooth\STM32_Sonar\stm32f10x_rcc.o
 .text.RCC_AdjustHSICalibrationValue
                0x00000000       0x18 D:\FbEdit\Projects\Applications\fbe\BoatNavBluetooth\STM32_Sonar\stm32f10x_rcc.o
 .text.RCC_HSICmd
                0x00000000        0xc D:\FbEdit\Projects\Applications\fbe\BoatNavBluetooth\STM32_Sonar\stm32f10x_rcc.o
 .text.RCC_ITConfig
                0x00000000       0x24 D:\FbEdit\Projects\Applications\fbe\BoatNavBluetooth\STM32_Sonar\stm32f10x_rcc.o
 .text.RCC_USBCLKConfig
                0x00000000        0xc D:\FbEdit\Projects\Applications\fbe\BoatNavBluetooth\STM32_Sonar\stm32f10x_rcc.o
 .text.RCC_LSEConfig
                0x00000000       0x3c D:\FbEdit\Projects\Applications\fbe\BoatNavBluetooth\STM32_Sonar\stm32f10x_rcc.o
 .text.RCC_LSICmd
                0x00000000        0xc D:\FbEdit\Projects\Applications\fbe\BoatNavBluetooth\STM32_Sonar\stm32f10x_rcc.o
 .text.RCC_RTCCLKConfig
                0x00000000       0x14 D:\FbEdit\Projects\Applications\fbe\BoatNavBluetooth\STM32_Sonar\stm32f10x_rcc.o
 .text.RCC_RTCCLKCmd
                0x00000000        0xc D:\FbEdit\Projects\Applications\fbe\BoatNavBluetooth\STM32_Sonar\stm32f10x_rcc.o
 .text.RCC_AHBPeriphClockCmd
                0x00000000       0x24 D:\FbEdit\Projects\Applications\fbe\BoatNavBluetooth\STM32_Sonar\stm32f10x_rcc.o
 .text.RCC_BackupResetCmd
                0x00000000        0xc D:\FbEdit\Projects\Applications\fbe\BoatNavBluetooth\STM32_Sonar\stm32f10x_rcc.o
 .text.RCC_ClockSecuritySystemCmd
                0x00000000        0xc D:\FbEdit\Projects\Applications\fbe\BoatNavBluetooth\STM32_Sonar\stm32f10x_rcc.o
 .text.RCC_MCOConfig
                0x00000000        0xc D:\FbEdit\Projects\Applications\fbe\BoatNavBluetooth\STM32_Sonar\stm32f10x_rcc.o
 .text.RCC_ClearFlag
                0x00000000       0x14 D:\FbEdit\Projects\Applications\fbe\BoatNavBluetooth\STM32_Sonar\stm32f10x_rcc.o
 .text.RCC_GetITStatus
                0x00000000       0x14 D:\FbEdit\Projects\Applications\fbe\BoatNavBluetooth\STM32_Sonar\stm32f10x_rcc.o
 .text.RCC_ClearITPendingBit
                0x00000000        0xc D:\FbEdit\Projects\Applications\fbe\BoatNavBluetooth\STM32_Sonar\stm32f10x_rcc.o
 .text          0x00000000        0x0 D:\FbEdit\Projects\Applications\fbe\BoatNavBluetooth\STM32_Sonar\stm32f10x_tim.o
 .data          0x00000000        0x0 D:\FbEdit\Projects\Applications\fbe\BoatNavBluetooth\STM32_Sonar\stm32f10x_tim.o
 .bss           0x00000000        0x0 D:\FbEdit\Projects\Applications\fbe\BoatNavBluetooth\STM32_Sonar\stm32f10x_tim.o
 .text.TI1_Config
                0x00000000       0x48 D:\FbEdit\Projects\Applications\fbe\BoatNavBluetooth\STM32_Sonar\stm32f10x_tim.o
 .text.TI2_Config
                0x00000000       0x4c D:\FbEdit\Projects\Applications\fbe\BoatNavBluetooth\STM32_Sonar\stm32f10x_tim.o
 .text.TIM_DeInit
                0x00000000      0x14c D:\FbEdit\Projects\Applications\fbe\BoatNavBluetooth\STM32_Sonar\stm32f10x_tim.o
 .text.TIM_OC1Init
                0x00000000       0xa0 D:\FbEdit\Projects\Applications\fbe\BoatNavBluetooth\STM32_Sonar\stm32f10x_tim.o
 .text.TIM_OC2Init
                0x00000000       0xb0 D:\FbEdit\Projects\Applications\fbe\BoatNavBluetooth\STM32_Sonar\stm32f10x_tim.o
 .text.TIM_OC4Init
                0x00000000       0x8c D:\FbEdit\Projects\Applications\fbe\BoatNavBluetooth\STM32_Sonar\stm32f10x_tim.o
 .text.TIM_BDTRConfig
                0x00000000       0x24 D:\FbEdit\Projects\Applications\fbe\BoatNavBluetooth\STM32_Sonar\stm32f10x_tim.o
 .text.TIM_TimeBaseStructInit
                0x00000000       0x14 D:\FbEdit\Projects\Applications\fbe\BoatNavBluetooth\STM32_Sonar\stm32f10x_tim.o
 .text.TIM_OCStructInit
                0x00000000       0x18 D:\FbEdit\Projects\Applications\fbe\BoatNavBluetooth\STM32_Sonar\stm32f10x_tim.o
 .text.TIM_ICStructInit
                0x00000000       0x14 D:\FbEdit\Projects\Applications\fbe\BoatNavBluetooth\STM32_Sonar\stm32f10x_tim.o
 .text.TIM_BDTRStructInit
                0x00000000       0x14 D:\FbEdit\Projects\Applications\fbe\BoatNavBluetooth\STM32_Sonar\stm32f10x_tim.o
 .text.TIM_GenerateEvent
                0x00000000        0x4 D:\FbEdit\Projects\Applications\fbe\BoatNavBluetooth\STM32_Sonar\stm32f10x_tim.o
 .text.TIM_DMAConfig
                0x00000000        0x8 D:\FbEdit\Projects\Applications\fbe\BoatNavBluetooth\STM32_Sonar\stm32f10x_tim.o
 .text.TIM_DMACmd
                0x00000000       0x18 D:\FbEdit\Projects\Applications\fbe\BoatNavBluetooth\STM32_Sonar\stm32f10x_tim.o
 .text.TIM_InternalClockConfig
                0x00000000       0x14 D:\FbEdit\Projects\Applications\fbe\BoatNavBluetooth\STM32_Sonar\stm32f10x_tim.o
 .text.TIM_ETRConfig
                0x00000000       0x1c D:\FbEdit\Projects\Applications\fbe\BoatNavBluetooth\STM32_Sonar\stm32f10x_tim.o
 .text.TIM_ETRClockMode2Config
                0x00000000       0x14 D:\FbEdit\Projects\Applications\fbe\BoatNavBluetooth\STM32_Sonar\stm32f10x_tim.o
 .text.TIM_ETRClockMode1Config
                0x00000000       0x20 D:\FbEdit\Projects\Applications\fbe\BoatNavBluetooth\STM32_Sonar\stm32f10x_tim.o
 .text.TIM_PrescalerConfig
                0x00000000        0x8 D:\FbEdit\Projects\Applications\fbe\BoatNavBluetooth\STM32_Sonar\stm32f10x_tim.o
 .text.TIM_CounterModeConfig
                0x00000000       0x18 D:\FbEdit\Projects\Applications\fbe\BoatNavBluetooth\STM32_Sonar\stm32f10x_tim.o
 .text.TIM_SelectInputTrigger
                0x00000000       0x18 D:\FbEdit\Projects\Applications\fbe\BoatNavBluetooth\STM32_Sonar\stm32f10x_tim.o
 .text.TIM_TIxExternalClockConfig
                0x00000000       0x34 D:\FbEdit\Projects\Applications\fbe\BoatNavBluetooth\STM32_Sonar\stm32f10x_tim.o
 .text.TIM_ITRxExternalClockConfig
                0x00000000       0x14 D:\FbEdit\Projects\Applications\fbe\BoatNavBluetooth\STM32_Sonar\stm32f10x_tim.o
 .text.TIM_EncoderInterfaceConfig
                0x00000000       0x50 D:\FbEdit\Projects\Applications\fbe\BoatNavBluetooth\STM32_Sonar\stm32f10x_tim.o
 .text.TIM_ForcedOC1Config
                0x00000000       0x18 D:\FbEdit\Projects\Applications\fbe\BoatNavBluetooth\STM32_Sonar\stm32f10x_tim.o
 .text.TIM_ForcedOC2Config
                0x00000000       0x18 D:\FbEdit\Projects\Applications\fbe\BoatNavBluetooth\STM32_Sonar\stm32f10x_tim.o
 .text.TIM_ForcedOC3Config
                0x00000000       0x18 D:\FbEdit\Projects\Applications\fbe\BoatNavBluetooth\STM32_Sonar\stm32f10x_tim.o
 .text.TIM_ForcedOC4Config
                0x00000000       0x18 D:\FbEdit\Projects\Applications\fbe\BoatNavBluetooth\STM32_Sonar\stm32f10x_tim.o
 .text.TIM_SelectCOM
                0x00000000       0x20 D:\FbEdit\Projects\Applications\fbe\BoatNavBluetooth\STM32_Sonar\stm32f10x_tim.o
 .text.TIM_SelectCCDMA
                0x00000000       0x20 D:\FbEdit\Projects\Applications\fbe\BoatNavBluetooth\STM32_Sonar\stm32f10x_tim.o
 .text.TIM_CCPreloadControl
                0x00000000       0x20 D:\FbEdit\Projects\Applications\fbe\BoatNavBluetooth\STM32_Sonar\stm32f10x_tim.o
 .text.TIM_OC2PreloadConfig
                0x00000000       0x18 D:\FbEdit\Projects\Applications\fbe\BoatNavBluetooth\STM32_Sonar\stm32f10x_tim.o
 .text.TIM_OC3PreloadConfig
                0x00000000       0x18 D:\FbEdit\Projects\Applications\fbe\BoatNavBluetooth\STM32_Sonar\stm32f10x_tim.o
 .text.TIM_OC4PreloadConfig
                0x00000000       0x18 D:\FbEdit\Projects\Applications\fbe\BoatNavBluetooth\STM32_Sonar\stm32f10x_tim.o
 .text.TIM_OC1FastConfig
                0x00000000       0x18 D:\FbEdit\Projects\Applications\fbe\BoatNavBluetooth\STM32_Sonar\stm32f10x_tim.o
 .text.TIM_OC2FastConfig
                0x00000000       0x18 D:\FbEdit\Projects\Applications\fbe\BoatNavBluetooth\STM32_Sonar\stm32f10x_tim.o
 .text.TIM_OC3FastConfig
                0x00000000       0x18 D:\FbEdit\Projects\Applications\fbe\BoatNavBluetooth\STM32_Sonar\stm32f10x_tim.o
 .text.TIM_OC4FastConfig
                0x00000000       0x18 D:\FbEdit\Projects\Applications\fbe\BoatNavBluetooth\STM32_Sonar\stm32f10x_tim.o
 .text.TIM_ClearOC1Ref
                0x00000000       0x18 D:\FbEdit\Projects\Applications\fbe\BoatNavBluetooth\STM32_Sonar\stm32f10x_tim.o
 .text.TIM_ClearOC2Ref
                0x00000000       0x14 D:\FbEdit\Projects\Applications\fbe\BoatNavBluetooth\STM32_Sonar\stm32f10x_tim.o
 .text.TIM_ClearOC3Ref
                0x00000000       0x18 D:\FbEdit\Projects\Applications\fbe\BoatNavBluetooth\STM32_Sonar\stm32f10x_tim.o
 .text.TIM_ClearOC4Ref
                0x00000000       0x14 D:\FbEdit\Projects\Applications\fbe\BoatNavBluetooth\STM32_Sonar\stm32f10x_tim.o
 .text.TIM_OC1PolarityConfig
                0x00000000       0x18 D:\FbEdit\Projects\Applications\fbe\BoatNavBluetooth\STM32_Sonar\stm32f10x_tim.o
 .text.TIM_OC1NPolarityConfig
                0x00000000       0x18 D:\FbEdit\Projects\Applications\fbe\BoatNavBluetooth\STM32_Sonar\stm32f10x_tim.o
 .text.TIM_OC2PolarityConfig
                0x00000000       0x18 D:\FbEdit\Projects\Applications\fbe\BoatNavBluetooth\STM32_Sonar\stm32f10x_tim.o
 .text.TIM_OC2NPolarityConfig
                0x00000000       0x18 D:\FbEdit\Projects\Applications\fbe\BoatNavBluetooth\STM32_Sonar\stm32f10x_tim.o
 .text.TIM_OC3PolarityConfig
                0x00000000       0x18 D:\FbEdit\Projects\Applications\fbe\BoatNavBluetooth\STM32_Sonar\stm32f10x_tim.o
 .text.TIM_OC3NPolarityConfig
                0x00000000       0x18 D:\FbEdit\Projects\Applications\fbe\BoatNavBluetooth\STM32_Sonar\stm32f10x_tim.o
 .text.TIM_OC4PolarityConfig
                0x00000000       0x18 D:\FbEdit\Projects\Applications\fbe\BoatNavBluetooth\STM32_Sonar\stm32f10x_tim.o
 .text.TIM_CCxCmd
                0x00000000       0x28 D:\FbEdit\Projects\Applications\fbe\BoatNavBluetooth\STM32_Sonar\stm32f10x_tim.o
 .text.TIM_CCxNCmd
                0x00000000       0x28 D:\FbEdit\Projects\Applications\fbe\BoatNavBluetooth\STM32_Sonar\stm32f10x_tim.o
 .text.TIM_SelectOCxM
                0x00000000       0x70 D:\FbEdit\Projects\Applications\fbe\BoatNavBluetooth\STM32_Sonar\stm32f10x_tim.o
 .text.TIM_UpdateDisableConfig
                0x00000000       0x20 D:\FbEdit\Projects\Applications\fbe\BoatNavBluetooth\STM32_Sonar\stm32f10x_tim.o
 .text.TIM_UpdateRequestConfig
                0x00000000       0x20 D:\FbEdit\Projects\Applications\fbe\BoatNavBluetooth\STM32_Sonar\stm32f10x_tim.o
 .text.TIM_SelectHallSensor
                0x00000000       0x20 D:\FbEdit\Projects\Applications\fbe\BoatNavBluetooth\STM32_Sonar\stm32f10x_tim.o
 .text.TIM_SelectOnePulseMode
                0x00000000       0x1c D:\FbEdit\Projects\Applications\fbe\BoatNavBluetooth\STM32_Sonar\stm32f10x_tim.o
 .text.TIM_SelectOutputTrigger
                0x00000000       0x1c D:\FbEdit\Projects\Applications\fbe\BoatNavBluetooth\STM32_Sonar\stm32f10x_tim.o
 .text.TIM_SelectSlaveMode
                0x00000000       0x1c D:\FbEdit\Projects\Applications\fbe\BoatNavBluetooth\STM32_Sonar\stm32f10x_tim.o
 .text.TIM_SelectMasterSlaveMode
                0x00000000       0x1c D:\FbEdit\Projects\Applications\fbe\BoatNavBluetooth\STM32_Sonar\stm32f10x_tim.o
 .text.TIM_SetCounter
                0x00000000        0x4 D:\FbEdit\Projects\Applications\fbe\BoatNavBluetooth\STM32_Sonar\stm32f10x_tim.o
 .text.TIM_SetAutoreload
                0x00000000        0x4 D:\FbEdit\Projects\Applications\fbe\BoatNavBluetooth\STM32_Sonar\stm32f10x_tim.o
 .text.TIM_SetCompare1
                0x00000000        0x4 D:\FbEdit\Projects\Applications\fbe\BoatNavBluetooth\STM32_Sonar\stm32f10x_tim.o
 .text.TIM_SetCompare2
                0x00000000        0x4 D:\FbEdit\Projects\Applications\fbe\BoatNavBluetooth\STM32_Sonar\stm32f10x_tim.o
 .text.TIM_SetCompare3
                0x00000000        0x4 D:\FbEdit\Projects\Applications\fbe\BoatNavBluetooth\STM32_Sonar\stm32f10x_tim.o
 .text.TIM_SetCompare4
                0x00000000        0x8 D:\FbEdit\Projects\Applications\fbe\BoatNavBluetooth\STM32_Sonar\stm32f10x_tim.o
 .text.TIM_SetIC1Prescaler
                0x00000000       0x1c D:\FbEdit\Projects\Applications\fbe\BoatNavBluetooth\STM32_Sonar\stm32f10x_tim.o
 .text.TIM_SetIC2Prescaler
                0x00000000       0x20 D:\FbEdit\Projects\Applications\fbe\BoatNavBluetooth\STM32_Sonar\stm32f10x_tim.o
 .text.TIM_PWMIConfig
                0x00000000       0x68 D:\FbEdit\Projects\Applications\fbe\BoatNavBluetooth\STM32_Sonar\stm32f10x_tim.o
 .text.TIM_SetIC3Prescaler
                0x00000000       0x1c D:\FbEdit\Projects\Applications\fbe\BoatNavBluetooth\STM32_Sonar\stm32f10x_tim.o
 .text.TIM_SetIC4Prescaler
                0x00000000       0x20 D:\FbEdit\Projects\Applications\fbe\BoatNavBluetooth\STM32_Sonar\stm32f10x_tim.o
 .text.TIM_ICInit
                0x00000000       0xe0 D:\FbEdit\Projects\Applications\fbe\BoatNavBluetooth\STM32_Sonar\stm32f10x_tim.o
 .text.TIM_SetClockDivision
                0x00000000       0x14 D:\FbEdit\Projects\Applications\fbe\BoatNavBluetooth\STM32_Sonar\stm32f10x_tim.o
 .text.TIM_GetCapture1
                0x00000000        0x8 D:\FbEdit\Projects\Applications\fbe\BoatNavBluetooth\STM32_Sonar\stm32f10x_tim.o
 .text.TIM_GetCapture2
                0x00000000        0x8 D:\FbEdit\Projects\Applications\fbe\BoatNavBluetooth\STM32_Sonar\stm32f10x_tim.o
 .text.TIM_GetCapture3
                0x00000000        0x8 D:\FbEdit\Projects\Applications\fbe\BoatNavBluetooth\STM32_Sonar\stm32f10x_tim.o
 .text.TIM_GetCapture4
                0x00000000        0x8 D:\FbEdit\Projects\Applications\fbe\BoatNavBluetooth\STM32_Sonar\stm32f10x_tim.o
 .text.TIM_GetCounter
                0x00000000        0x8 D:\FbEdit\Projects\Applications\fbe\BoatNavBluetooth\STM32_Sonar\stm32f10x_tim.o
 .text.TIM_GetPrescaler
                0x00000000        0x8 D:\FbEdit\Projects\Applications\fbe\BoatNavBluetooth\STM32_Sonar\stm32f10x_tim.o
 .text.TIM_GetFlagStatus
                0x00000000        0xc D:\FbEdit\Projects\Applications\fbe\BoatNavBluetooth\STM32_Sonar\stm32f10x_tim.o
 .text.TIM_ClearFlag
                0x00000000        0xc D:\FbEdit\Projects\Applications\fbe\BoatNavBluetooth\STM32_Sonar\stm32f10x_tim.o
 .text.TIM_GetITStatus
                0x00000000       0x18 D:\FbEdit\Projects\Applications\fbe\BoatNavBluetooth\STM32_Sonar\stm32f10x_tim.o
 .text          0x00000000        0x0 D:\FbEdit\Projects\Applications\fbe\BoatNavBluetooth\STM32_Sonar\stm32f10x_usart.o
 .data          0x00000000        0x0 D:\FbEdit\Projects\Applications\fbe\BoatNavBluetooth\STM32_Sonar\stm32f10x_usart.o
 .bss           0x00000000        0x0 D:\FbEdit\Projects\Applications\fbe\BoatNavBluetooth\STM32_Sonar\stm32f10x_usart.o
 .text.USART_StructInit
                0x00000000       0x1c D:\FbEdit\Projects\Applications\fbe\BoatNavBluetooth\STM32_Sonar\stm32f10x_usart.o
 .text.USART_ClockInit
                0x00000000       0x2c D:\FbEdit\Projects\Applications\fbe\BoatNavBluetooth\STM32_Sonar\stm32f10x_usart.o
 .text.USART_ClockStructInit
                0x00000000       0x10 D:\FbEdit\Projects\Applications\fbe\BoatNavBluetooth\STM32_Sonar\stm32f10x_usart.o
 .text.USART_DMACmd
                0x00000000       0x18 D:\FbEdit\Projects\Applications\fbe\BoatNavBluetooth\STM32_Sonar\stm32f10x_usart.o
 .text.USART_SetAddress
                0x00000000       0x1c D:\FbEdit\Projects\Applications\fbe\BoatNavBluetooth\STM32_Sonar\stm32f10x_usart.o
 .text.USART_WakeUpConfig
                0x00000000       0x1c D:\FbEdit\Projects\Applications\fbe\BoatNavBluetooth\STM32_Sonar\stm32f10x_usart.o
 .text.USART_ReceiverWakeUpCmd
                0x00000000       0x20 D:\FbEdit\Projects\Applications\fbe\BoatNavBluetooth\STM32_Sonar\stm32f10x_usart.o
 .text.USART_LINBreakDetectLengthConfig
                0x00000000       0x1c D:\FbEdit\Projects\Applications\fbe\BoatNavBluetooth\STM32_Sonar\stm32f10x_usart.o
 .text.USART_LINCmd
                0x00000000       0x20 D:\FbEdit\Projects\Applications\fbe\BoatNavBluetooth\STM32_Sonar\stm32f10x_usart.o
 .text.USART_SendData
                0x00000000        0xc D:\FbEdit\Projects\Applications\fbe\BoatNavBluetooth\STM32_Sonar\stm32f10x_usart.o
 .text.USART_ReceiveData
                0x00000000        0xc D:\FbEdit\Projects\Applications\fbe\BoatNavBluetooth\STM32_Sonar\stm32f10x_usart.o
 .text.USART_SendBreak
                0x00000000        0xc D:\FbEdit\Projects\Applications\fbe\BoatNavBluetooth\STM32_Sonar\stm32f10x_usart.o
 .text.USART_SetGuardTime
                0x00000000       0x14 D:\FbEdit\Projects\Applications\fbe\BoatNavBluetooth\STM32_Sonar\stm32f10x_usart.o
 .text.USART_SetPrescaler
                0x00000000       0x14 D:\FbEdit\Projects\Applications\fbe\BoatNavBluetooth\STM32_Sonar\stm32f10x_usart.o
 .text.USART_SmartCardCmd
                0x00000000       0x20 D:\FbEdit\Projects\Applications\fbe\BoatNavBluetooth\STM32_Sonar\stm32f10x_usart.o
 .text.USART_SmartCardNACKCmd
                0x00000000       0x20 D:\FbEdit\Projects\Applications\fbe\BoatNavBluetooth\STM32_Sonar\stm32f10x_usart.o
 .text.USART_HalfDuplexCmd
                0x00000000       0x20 D:\FbEdit\Projects\Applications\fbe\BoatNavBluetooth\STM32_Sonar\stm32f10x_usart.o
 .text.USART_IrDAConfig
                0x00000000       0x1c D:\FbEdit\Projects\Applications\fbe\BoatNavBluetooth\STM32_Sonar\stm32f10x_usart.o
 .text.USART_IrDACmd
                0x00000000       0x20 D:\FbEdit\Projects\Applications\fbe\BoatNavBluetooth\STM32_Sonar\stm32f10x_usart.o
 .text.USART_GetFlagStatus
                0x00000000        0xc D:\FbEdit\Projects\Applications\fbe\BoatNavBluetooth\STM32_Sonar\stm32f10x_usart.o
 .text.USART_ClearFlag
                0x00000000        0xc D:\FbEdit\Projects\Applications\fbe\BoatNavBluetooth\STM32_Sonar\stm32f10x_usart.o
 .text.USART_GetITStatus
                0x00000000       0x54 D:\FbEdit\Projects\Applications\fbe\BoatNavBluetooth\STM32_Sonar\stm32f10x_usart.o
 .text.USART_ClearITPendingBit
                0x00000000       0x18 D:\FbEdit\Projects\Applications\fbe\BoatNavBluetooth\STM32_Sonar\stm32f10x_usart.o
 .text          0x00000000        0x0 D:\Ride\Ride\Lib\ARM\STM32x_io_putchar_thumb.a(STM32F10X_io_putchar.o)
 .data          0x00000000        0x0 D:\Ride\Ride\Lib\ARM\STM32x_io_putchar_thumb.a(STM32F10X_io_putchar.o)
 .bss           0x00000000        0x0 D:\Ride\Ride\Lib\ARM\STM32x_io_putchar_thumb.a(STM32F10X_io_putchar.o)
 .text.__io_init
                0x00000000       0x94 D:\Ride\Ride\Lib\ARM\STM32x_io_putchar_thumb.a(STM32F10X_io_putchar.o)
 .text.__io_getchar
                0x00000000       0xb4 D:\Ride\Ride\Lib\ARM\STM32x_io_putchar_thumb.a(STM32F10X_io_putchar.o)
 .text.getchar  0x00000000       0xb4 D:\Ride\Ride\Lib\ARM\STM32x_io_putchar_thumb.a(STM32F10X_io_putchar.o)
 .text.putchar  0x00000000       0xd4 D:\Ride\Ride\Lib\ARM\STM32x_io_putchar_thumb.a(STM32F10X_io_putchar.o)
 .text          0x00000000        0x0 D:\Ride\Ride\Lib\ARM\std_sbrk_thumb.lib(write.o)
 .data          0x00000000        0x0 D:\Ride\Ride\Lib\ARM\std_sbrk_thumb.lib(write.o)
 .bss           0x00000000        0x0 D:\Ride\Ride\Lib\ARM\std_sbrk_thumb.lib(write.o)

Memory Configuration

Name             Origin             Length             Attributes
RAM              0x20000000         0x00002000         xrw
FLASH            0x08000000         0x00010000         xr
STARTFLASH       0x00000000         0x00000000         xr
CRPPATCH         0x00000000         0x00000000         r
FLASHPATCH       0x00000000         0x00000000         r
ENDFLASH         0x00000000         0x00000000         xr
FLASHB1          0x00000000         0x00000000         xr
EXTMEMB0         0x00000000         0x00000000         xr
EXTMEMB1         0x00000000         0x00000000         xr
EXTMEMB2         0x00000000         0x00000000         xr
EXTMEMB3         0x00000000         0x00000000         xr
*default*        0x00000000         0xffffffff

Linker script and memory map

LOAD D:\Ride\Ride\Lib\ARM\startup_stm32f10x_md.o
LOAD D:\FbEdit\Projects\Applications\fbe\BoatNavBluetooth\STM32_Sonar\main.o
LOAD D:\FbEdit\Projects\Applications\fbe\BoatNavBluetooth\STM32_Sonar\stm32f10x_adc.o
LOAD D:\FbEdit\Projects\Applications\fbe\BoatNavBluetooth\STM32_Sonar\stm32f10x_flash.o
LOAD D:\FbEdit\Projects\Applications\fbe\BoatNavBluetooth\STM32_Sonar\stm32f10x_gpio.o
LOAD D:\FbEdit\Projects\Applications\fbe\BoatNavBluetooth\STM32_Sonar\stm32f10x_it.o
LOAD D:\FbEdit\Projects\Applications\fbe\BoatNavBluetooth\STM32_Sonar\stm32f10x_lib.o
LOAD D:\FbEdit\Projects\Applications\fbe\BoatNavBluetooth\STM32_Sonar\stm32f10x_nvic.o
LOAD D:\FbEdit\Projects\Applications\fbe\BoatNavBluetooth\STM32_Sonar\stm32f10x_rcc.o
LOAD D:\FbEdit\Projects\Applications\fbe\BoatNavBluetooth\STM32_Sonar\stm32f10x_tim.o
LOAD D:\FbEdit\Projects\Applications\fbe\BoatNavBluetooth\STM32_Sonar\stm32f10x_usart.o
START GROUP
LOAD D:\Ride\Ride\Lib\ARM\STM32x_io_putchar_thumb.a
LOAD D:\Ride\Ride\Lib\ARM\std_sbrk_thumb.lib
LOAD D:\Ride\Ride\Lib\ARM\smallprintf_thumb.a
LOAD d:/ride/ride/arm-gcc/bin/../lib/gcc/arm-none-eabi/4.5.1/../../../../arm-none-eabi/lib/thumb2\libc.a
LOAD d:/ride/ride/arm-gcc/bin/../lib/gcc/arm-none-eabi/4.5.1/../../../../arm-none-eabi/lib/thumb2\libm.a
END GROUP
                0x00000400                __Stack_Size = 0x400
                0x00000400                PROVIDE (_Stack_Size, __Stack_Size)
                0x20001c00                __Stack_Init = (_estack - __Stack_Size)
                0x20001c00                PROVIDE (_Stack_Init, __Stack_Init)
                0x00000100                _Minimum_Stack_Size = 0x100
                0x00000000                PROVIDE (Undefined_Handler, 0x0)
                0x00000000                PROVIDE (SWI_Handler, 0x0)
                0x00000000                PROVIDE (IRQ_Handler, 0x0)
                0x00000000                PROVIDE (Prefetch_Handler, 0x0)
                0x00000000                PROVIDE (Abort_Handler, 0x0)
                0x00000000                PROVIDE (FIQ_Handler, 0x0)
                0x00000000                PROVIDE (NMIException, 0x0)
                0x00000000                PROVIDE (NMI_Handler, 0x0)
                0x00000000                PROVIDE (HardFaultException, 0x0)
                0x00000000                PROVIDE (HardFault_Handler, 0x0)
                0x00000000                PROVIDE (MemManageException, 0x0)
                0x00000000                PROVIDE (MemManage_Handler, 0x0)
                0x00000000                PROVIDE (BusFaultException, 0x0)
                0x00000000                PROVIDE (BusFault_Handler, 0x0)
                0x00000000                PROVIDE (UsageFaultException, 0x0)
                0x00000000                PROVIDE (UsageFault_Handler, 0x0)
                0x00000000                PROVIDE (SVCHandler, 0x0)
                0x00000000                PROVIDE (SVC_Handler, 0x0)
                0x00000000                PROVIDE (DebugMonitor, 0x0)
                0x00000000                PROVIDE (DebugMon_Handler, 0x0)
                0x00000000                PROVIDE (PendSVC, 0x0)
                0x00000000                PROVIDE (PendSV_Handler, 0x0)
                0x00000000                PROVIDE (SysTickHandler, 0x0)
                0x00000000                PROVIDE (SysTick_Handler, 0x0)
                0x00000000                PROVIDE (WWDG_IRQHandler, 0x0)
                0x00000000                PROVIDE (PVD_IRQHandler, 0x0)
                0x00000000                PROVIDE (TAMPER_IRQHandler, 0x0)
                0x00000000                PROVIDE (RTC_IRQHandler, 0x0)
                0x00000000                PROVIDE (FLASH_IRQHandler, 0x0)
                0x00000000                PROVIDE (RCC_IRQHandler, 0x0)
                0x00000000                PROVIDE (EXTI0_IRQHandler, 0x0)
                0x00000000                PROVIDE (EXTI1_IRQHandler, 0x0)
                0x00000000                PROVIDE (EXTI2_IRQHandler, 0x0)
                0x00000000                PROVIDE (EXTI3_IRQHandler, 0x0)
                0x00000000                PROVIDE (EXTI4_IRQHandler, 0x0)
                0x00000000                PROVIDE (DMAChannel1_IRQHandler, 0x0)
                0x00000000                PROVIDE (DMAChannel2_IRQHandler, 0x0)
                0x00000000                PROVIDE (DMAChannel3_IRQHandler, 0x0)
                0x00000000                PROVIDE (DMAChannel4_IRQHandler, 0x0)
                0x00000000                PROVIDE (DMAChannel5_IRQHandler, 0x0)
                0x00000000                PROVIDE (DMAChannel6_IRQHandler, 0x0)
                0x00000000                PROVIDE (DMAChannel7_IRQHandler, 0x0)
                0x00000000                PROVIDE (DMA1_Channel1_IRQHandler, 0x0)
                0x00000000                PROVIDE (DMA1_Channel2_IRQHandler, 0x0)
                0x00000000                PROVIDE (DMA1_Channel3_IRQHandler, 0x0)
                0x00000000                PROVIDE (DMA1_Channel4_IRQHandler, 0x0)
                0x00000000                PROVIDE (DMA1_Channel5_IRQHandler, 0x0)
                0x00000000                PROVIDE (DMA1_Channel6_IRQHandler, 0x0)
                0x00000000                PROVIDE (DMA1_Channel7_IRQHandler, 0x0)
                0x00000000                PROVIDE (ADC_IRQHandler, 0x0)
                0x00000000                PROVIDE (ADC1_2_IRQHandler, 0x0)
                0x00000000                PROVIDE (USB_HP_CAN_TX_IRQHandler, 0x0)
                0x00000000                PROVIDE (USB_HP_CAN1_TX_IRQHandler, 0x0)
                0x00000000                PROVIDE (USB_LP_CAN_RX0_IRQHandler, 0x0)
                0x00000000                PROVIDE (USB_LP_CAN1_RX0_IRQHandler, 0x0)
                0x00000000                PROVIDE (CAN_RX1_IRQHandler, 0x0)
                0x00000000                PROVIDE (CAN1_RX1_IRQHandler, 0x0)
                0x00000000                PROVIDE (CAN_SCE_IRQHandler, 0x0)
                0x00000000                PROVIDE (CAN1_SCE_IRQHandler, 0x0)
                0x00000000                PROVIDE (EXTI9_5_IRQHandler, 0x0)
                0x00000000                PROVIDE (TIM1_BRK_IRQHandler, 0x0)
                0x00000000                PROVIDE (TIM1_UP_IRQHandler, 0x0)
                0x00000000                PROVIDE (TIM1_TRG_COM_IRQHandler, 0x0)
                0x00000000                PROVIDE (TIM1_CC_IRQHandler, 0x0)
                0x00000000                PROVIDE (TIM2_IRQHandler, 0x0)
                0x00000000                PROVIDE (TIM3_IRQHandler, 0x0)
                0x00000000                PROVIDE (TIM4_IRQHandler, 0x0)
                0x00000000                PROVIDE (I2C1_EV_IRQHandler, 0x0)
                0x00000000                PROVIDE (I2C1_ER_IRQHandler, 0x0)
                0x00000000                PROVIDE (I2C2_EV_IRQHandler, 0x0)
                0x00000000                PROVIDE (I2C2_ER_IRQHandler, 0x0)
                0x00000000                PROVIDE (SPI1_IRQHandler, 0x0)
                0x00000000                PROVIDE (SPI2_IRQHandler, 0x0)
                0x00000000                PROVIDE (USART1_IRQHandler, 0x0)
                0x00000000                PROVIDE (USART2_IRQHandler, 0x0)
                0x00000000                PROVIDE (USART3_IRQHandler, 0x0)
                0x00000000                PROVIDE (EXTI15_10_IRQHandler, 0x0)
                0x00000000                PROVIDE (RTCAlarm_IRQHandler, 0x0)
                0x00000000                PROVIDE (USBWakeUp_IRQHandler, 0x0)
                0x00000000                PROVIDE (TIM8_BRK_IRQHandler, 0x0)
                0x00000000                PROVIDE (TIM8_UP_IRQHandler, 0x0)
                0x00000000                PROVIDE (TIM8_TRG_COM_IRQHandler, 0x0)
                0x00000000                PROVIDE (TIM8_CC_IRQHandler, 0x0)
                0x00000000                PROVIDE (ADC3_IRQHandler, 0x0)
                0x00000000                PROVIDE (FSMC_IRQHandler, 0x0)
                0x00000000                PROVIDE (SDIO_IRQHandler, 0x0)
                0x00000000                PROVIDE (TIM5_IRQHandler, 0x0)
                0x00000000                PROVIDE (SPI3_IRQHandler, 0x0)
                0x00000000                PROVIDE (UART4_IRQHandler, 0x0)
                0x00000000                PROVIDE (UART5_IRQHandler, 0x0)
                0x00000000                PROVIDE (TIM6_IRQHandler, 0x0)
                0x00000000                PROVIDE (TIM7_IRQHandler, 0x0)
                0x00000000                PROVIDE (DMA2_Channel1_IRQHandler, 0x0)
                0x00000000                PROVIDE (DMA2_Channel2_IRQHandler, 0x0)
                0x00000000                PROVIDE (DMA2_Channel3_IRQHandler, 0x0)
                0x00000000                PROVIDE (DMA2_Channel4_5_IRQHandler, 0x0)
                0x42000000                PERIPH_BB_BASE = 0x42000000
                0x22000000                SRAM_BB_BASE = 0x22000000
                0x20000000                SRAM_BASE = 0x20000000
                0x40000000                PERIPH_BASE = 0x40000000
                0x40022000                PROVIDE (FLASH_BASE, 0x40022000)
                0x1ffff800                PROVIDE (OB_BASE, 0x1ffff800)
                0x40000000                APB1PERIPH_BASE = PERIPH_BASE
                0x40010000                APB2PERIPH_BASE = (PERIPH_BASE + 0x10000)
                0x40020000                AHBPERIPH_BASE = (PERIPH_BASE + 0x20000)
                0x40000000                PROVIDE (TIM2, (APB1PERIPH_BASE + 0x0))
                0x40000400                PROVIDE (TIM3, (APB1PERIPH_BASE + 0x400))
                0x40000800                PROVIDE (TIM4, (APB1PERIPH_BASE + 0x800))
                0x40002800                PROVIDE (RTC, (APB1PERIPH_BASE + 0x2800))
                0x40002c00                PROVIDE (WWDG, (APB1PERIPH_BASE + 0x2c00))
                0x40003000                PROVIDE (IWDG, (APB1PERIPH_BASE + 0x3000))
                0x40003800                PROVIDE (SPI2, (APB1PERIPH_BASE + 0x3800))
                0x40004400                PROVIDE (USART2, (APB1PERIPH_BASE + 0x4400))
                0x40004800                PROVIDE (USART3, (APB1PERIPH_BASE + 0x4800))
                0x40005400                PROVIDE (I2C1, (APB1PERIPH_BASE + 0x5400))
                0x40005800                PROVIDE (I2C2, (APB1PERIPH_BASE + 0x5800))
                0x40006400                PROVIDE (CAN, (APB1PERIPH_BASE + 0x6400))
                0x40006c00                PROVIDE (BKP, (APB1PERIPH_BASE + 0x6c00))
                0x40007000                PROVIDE (PWR, (APB1PERIPH_BASE + 0x7000))
                0x40010000                PROVIDE (AFIO, (APB2PERIPH_BASE + 0x0))
                0x40010400                PROVIDE (EXTI, (APB2PERIPH_BASE + 0x400))
                0x40010800                PROVIDE (GPIOA, (APB2PERIPH_BASE + 0x800))
                0x40010c00                PROVIDE (GPIOB, (APB2PERIPH_BASE + 0xc00))
                0x40011000                PROVIDE (GPIOC, (APB2PERIPH_BASE + 0x1000))
                0x40011400                PROVIDE (GPIOD, (APB2PERIPH_BASE + 0x1400))
                0x40011800                PROVIDE (GPIOE, (APB2PERIPH_BASE + 0x1800))
                0x40012400                PROVIDE (ADC1, (APB2PERIPH_BASE + 0x2400))
                0x40012800                PROVIDE (ADC2, (APB2PERIPH_BASE + 0x2800))
                0x40012c00                PROVIDE (TIM1, (APB2PERIPH_BASE + 0x2c00))
                0x40013000                PROVIDE (SPI1, (APB2PERIPH_BASE + 0x3000))
                0x40013800                PROVIDE (USART1, (APB2PERIPH_BASE + 0x3800))
                0x40020000                PROVIDE (DMA, (AHBPERIPH_BASE + 0x0))
                0x40020008                PROVIDE (DMA_Channel1, (AHBPERIPH_BASE + 0x8))
                0x4002001c                PROVIDE (DMA_Channel2, (AHBPERIPH_BASE + 0x1c))
                0x40020030                PROVIDE (DMA_Channel3, (AHBPERIPH_BASE + 0x30))
                0x40020044                PROVIDE (DMA_Channel4, (AHBPERIPH_BASE + 0x44))
                0x40020058                PROVIDE (DMA_Channel5, (AHBPERIPH_BASE + 0x58))
                0x4002006c                PROVIDE (DMA_Channel6, (AHBPERIPH_BASE + 0x6c))
                0x40020080                PROVIDE (DMA_Channel7, (AHBPERIPH_BASE + 0x80))
                0x40021000                PROVIDE (RCC, (AHBPERIPH_BASE + 0x1000))
                0xe000e000                SCS_BASE = 0xe000e000
                0xe000e010                PROVIDE (SysTick, (SCS_BASE + 0x10))
                0xe000e100                PROVIDE (NVIC, (SCS_BASE + 0x100))
                0xe000ed00                PROVIDE (SCB, (SCS_BASE + 0xd00))
                0x20002000                _estack = 0x20002000

.isr_vector     0x08000000      0x10c
                0x08000000                . = ALIGN (0x4)
 *(.isr_vector)
 .isr_vector    0x08000000      0x10c D:\Ride\Ride\Lib\ARM\startup_stm32f10x_md.o
                0x08000000                g_pfnVectors
                0x0800010c                . = ALIGN (0x4)

.flash_start    0x00000000        0x0
                0x00000000                . = ALIGN (0x4)
 *(.flash_start)
 *(.flash_start.*)
                0x00000000                . = ALIGN (0x4)

.crp_patch      0x00000000        0x0
                0x00000000                . = ALIGN (0x4)
 *(.crp_patch)
                0x00000000                . = ALIGN (0x4)

.flashtext      0x0800010c        0x0
                0x0800010c                . = ALIGN (0x4)
 *(.flashtext)
                0x0800010c                . = ALIGN (0x4)

.text           0x0800010c     0x18d0
                0x0800010c                . = ALIGN (0x4)
 *(.text)
 *(.text.*)
 .text.Reset_Handler
                0x0800010c       0x40 D:\Ride\Ride\Lib\ARM\startup_stm32f10x_md.o
                0x0800010c                Reset_Handler
 .text.Default_Handler
                0x0800014c        0x2 D:\Ride\Ride\Lib\ARM\startup_stm32f10x_md.o
                0x0800014c                DebugMon_Handler
                0x0800014c                HardFault_Handler
                0x0800014c                SysTick_Handler
                0x0800014c                PendSV_Handler
                0x0800014c                NMI_Handler
                0x0800014c                UsageFault_Handler
                0x0800014c                CAN1_RX1_IRQHandler
                0x0800014c                Default_Handler
                0x0800014c                MemManage_Handler
                0x0800014c                SVC_Handler
                0x0800014c                USB_LP_CAN1_RX0_IRQHandler
                0x0800014c                USB_HP_CAN1_TX_IRQHandler
                0x0800014c                CAN1_SCE_IRQHandler
                0x0800014c                BusFault_Handler
 *fill*         0x0800014e        0x2 00
 .text.GetEcho  0x08000150       0x40 D:\FbEdit\Projects\Applications\fbe\BoatNavBluetooth\STM32_Sonar\main.o
                0x08000150                GetEcho
 .text.GetADCValue
                0x08000190       0xc4 D:\FbEdit\Projects\Applications\fbe\BoatNavBluetooth\STM32_Sonar\main.o
                0x08000190                GetADCValue
 .text.TrimOutput
                0x08000254       0x54 D:\FbEdit\Projects\Applications\fbe\BoatNavBluetooth\STM32_Sonar\main.o
                0x08000254                TrimOutput
 .text.GainSetup
                0x080002a8       0xdc D:\FbEdit\Projects\Applications\fbe\BoatNavBluetooth\STM32_Sonar\main.o
                0x080002a8                GainSetup
 .text.TIM2_IRQHandler
                0x08000384       0x30 D:\FbEdit\Projects\Applications\fbe\BoatNavBluetooth\STM32_Sonar\main.o
                0x08000384                TIM2_IRQHandler
 .text.USART1_puts
                0x080003b4       0x24 D:\FbEdit\Projects\Applications\fbe\BoatNavBluetooth\STM32_Sonar\main.o
                0x080003b4                USART1_puts
 .text.USART1_IRQHandler
                0x080003d8       0x28 D:\FbEdit\Projects\Applications\fbe\BoatNavBluetooth\STM32_Sonar\main.o
                0x080003d8                USART1_IRQHandler
 .text.USART3_IRQHandler
                0x08000400       0x2c D:\FbEdit\Projects\Applications\fbe\BoatNavBluetooth\STM32_Sonar\main.o
                0x08000400                USART3_IRQHandler
 .text.ADC_Startup
                0x0800042c       0x8c D:\FbEdit\Projects\Applications\fbe\BoatNavBluetooth\STM32_Sonar\main.o
                0x0800042c                ADC_Startup
 .text.ADC_Configuration
                0x080004b8       0x54 D:\FbEdit\Projects\Applications\fbe\BoatNavBluetooth\STM32_Sonar\main.o
                0x080004b8                ADC_Configuration
 .text.RCC_Configuration
                0x0800050c       0x98 D:\FbEdit\Projects\Applications\fbe\BoatNavBluetooth\STM32_Sonar\main.o
                0x0800050c                RCC_Configuration
 .text.GPIO_Configuration
                0x080005a4      0x14c D:\FbEdit\Projects\Applications\fbe\BoatNavBluetooth\STM32_Sonar\main.o
                0x080005a4                GPIO_Configuration
 .text.NVIC_Configuration
                0x080006f0       0x84 D:\FbEdit\Projects\Applications\fbe\BoatNavBluetooth\STM32_Sonar\main.o
                0x080006f0                NVIC_Configuration
 .text.TIM1_Configuration
                0x08000774       0x4c D:\FbEdit\Projects\Applications\fbe\BoatNavBluetooth\STM32_Sonar\main.o
                0x08000774                TIM1_Configuration
 .text.TIM2_Configuration
                0x080007c0       0x50 D:\FbEdit\Projects\Applications\fbe\BoatNavBluetooth\STM32_Sonar\main.o
                0x080007c0                TIM2_Configuration
 .text.TIM1_UP_IRQHandler
                0x08000810       0xa8 D:\FbEdit\Projects\Applications\fbe\BoatNavBluetooth\STM32_Sonar\main.o
                0x08000810                TIM1_UP_IRQHandler
 .text.TIM3_Configuration
                0x080008b8       0x88 D:\FbEdit\Projects\Applications\fbe\BoatNavBluetooth\STM32_Sonar\main.o
                0x080008b8                TIM3_Configuration
 .text.USART1_Configuration
                0x08000940       0x58 D:\FbEdit\Projects\Applications\fbe\BoatNavBluetooth\STM32_Sonar\main.o
                0x08000940                USART1_Configuration
 .text.USART3_Configuration
                0x08000998       0x5c D:\FbEdit\Projects\Applications\fbe\BoatNavBluetooth\STM32_Sonar\main.o
                0x08000998                USART3_Configuration
 .text.main     0x080009f4      0x2a8 D:\FbEdit\Projects\Applications\fbe\BoatNavBluetooth\STM32_Sonar\main.o
                0x080009f4                main
 .text.ADC_Init
                0x08000c9c       0x50 D:\FbEdit\Projects\Applications\fbe\BoatNavBluetooth\STM32_Sonar\stm32f10x_adc.o
                0x08000c9c                ADC_Init
 .text.ADC_Cmd  0x08000cec       0x18 D:\FbEdit\Projects\Applications\fbe\BoatNavBluetooth\STM32_Sonar\stm32f10x_adc.o
                0x08000cec                ADC_Cmd
 .text.ADC_ResetCalibration
                0x08000d04        0xc D:\FbEdit\Projects\Applications\fbe\BoatNavBluetooth\STM32_Sonar\stm32f10x_adc.o
                0x08000d04                ADC_ResetCalibration
 .text.ADC_GetResetCalibrationStatus
                0x08000d10        0x8 D:\FbEdit\Projects\Applications\fbe\BoatNavBluetooth\STM32_Sonar\stm32f10x_adc.o
                0x08000d10                ADC_GetResetCalibrationStatus
 .text.ADC_StartCalibration
                0x08000d18        0xc D:\FbEdit\Projects\Applications\fbe\BoatNavBluetooth\STM32_Sonar\stm32f10x_adc.o
                0x08000d18                ADC_StartCalibration
 .text.ADC_GetCalibrationStatus
                0x08000d24        0x8 D:\FbEdit\Projects\Applications\fbe\BoatNavBluetooth\STM32_Sonar\stm32f10x_adc.o
                0x08000d24                ADC_GetCalibrationStatus
 .text.ADC_SoftwareStartConvCmd
                0x08000d2c       0x18 D:\FbEdit\Projects\Applications\fbe\BoatNavBluetooth\STM32_Sonar\stm32f10x_adc.o
                0x08000d2c                ADC_SoftwareStartConvCmd
 .text.ADC_RegularChannelConfig
                0x08000d44       0xb4 D:\FbEdit\Projects\Applications\fbe\BoatNavBluetooth\STM32_Sonar\stm32f10x_adc.o
                0x08000d44                ADC_RegularChannelConfig
 .text.ADC_AutoInjectedConvCmd
                0x08000df8       0x18 D:\FbEdit\Projects\Applications\fbe\BoatNavBluetooth\STM32_Sonar\stm32f10x_adc.o
                0x08000df8                ADC_AutoInjectedConvCmd
 .text.ADC_InjectedChannelConfig
                0x08000e10       0x70 D:\FbEdit\Projects\Applications\fbe\BoatNavBluetooth\STM32_Sonar\stm32f10x_adc.o
                0x08000e10                ADC_InjectedChannelConfig
 .text.ADC_InjectedSequencerLengthConfig
                0x08000e80       0x14 D:\FbEdit\Projects\Applications\fbe\BoatNavBluetooth\STM32_Sonar\stm32f10x_adc.o
                0x08000e80                ADC_InjectedSequencerLengthConfig
 .text.ADC_GetFlagStatus
                0x08000e94        0xc D:\FbEdit\Projects\Applications\fbe\BoatNavBluetooth\STM32_Sonar\stm32f10x_adc.o
                0x08000e94                ADC_GetFlagStatus
 .text.ADC_ClearFlag
                0x08000ea0        0x8 D:\FbEdit\Projects\Applications\fbe\BoatNavBluetooth\STM32_Sonar\stm32f10x_adc.o
                0x08000ea0                ADC_ClearFlag
 .text.FLASH_SetLatency
                0x08000ea8       0x1c D:\FbEdit\Projects\Applications\fbe\BoatNavBluetooth\STM32_Sonar\stm32f10x_flash.o
                0x08000ea8                FLASH_SetLatency
 .text.FLASH_PrefetchBufferCmd
                0x08000ec4       0x1c D:\FbEdit\Projects\Applications\fbe\BoatNavBluetooth\STM32_Sonar\stm32f10x_flash.o
                0x08000ec4                FLASH_PrefetchBufferCmd
 .text.GPIO_Init
                0x08000ee0       0xc4 D:\FbEdit\Projects\Applications\fbe\BoatNavBluetooth\STM32_Sonar\stm32f10x_gpio.o
                0x08000ee0                GPIO_Init
 .text.GPIO_ReadInputDataBit
                0x08000fa4        0xc D:\FbEdit\Projects\Applications\fbe\BoatNavBluetooth\STM32_Sonar\stm32f10x_gpio.o
                0x08000fa4                GPIO_ReadInputDataBit
 .text.GPIO_WriteBit
                0x08000fb0        0xc D:\FbEdit\Projects\Applications\fbe\BoatNavBluetooth\STM32_Sonar\stm32f10x_gpio.o
                0x08000fb0                GPIO_WriteBit
 .text.WWDG_IRQHandler
                0x08000fbc        0x4 D:\FbEdit\Projects\Applications\fbe\BoatNavBluetooth\STM32_Sonar\stm32f10x_it.o
                0x08000fbc                WWDG_IRQHandler
 .text.PVD_IRQHandler
                0x08000fc0        0x4 D:\FbEdit\Projects\Applications\fbe\BoatNavBluetooth\STM32_Sonar\stm32f10x_it.o
                0x08000fc0                PVD_IRQHandler
 .text.TAMPER_IRQHandler
                0x08000fc4        0x4 D:\FbEdit\Projects\Applications\fbe\BoatNavBluetooth\STM32_Sonar\stm32f10x_it.o
                0x08000fc4                TAMPER_IRQHandler
 .text.RTC_IRQHandler
                0x08000fc8        0x4 D:\FbEdit\Projects\Applications\fbe\BoatNavBluetooth\STM32_Sonar\stm32f10x_it.o
                0x08000fc8                RTC_IRQHandler
 .text.FLASH_IRQHandler
                0x08000fcc        0x4 D:\FbEdit\Projects\Applications\fbe\BoatNavBluetooth\STM32_Sonar\stm32f10x_it.o
                0x08000fcc                FLASH_IRQHandler
 .text.RCC_IRQHandler
                0x08000fd0        0x4 D:\FbEdit\Projects\Applications\fbe\BoatNavBluetooth\STM32_Sonar\stm32f10x_it.o
                0x08000fd0                RCC_IRQHandler
 .text.EXTI0_IRQHandler
                0x08000fd4        0x4 D:\FbEdit\Projects\Applications\fbe\BoatNavBluetooth\STM32_Sonar\stm32f10x_it.o
                0x08000fd4                EXTI0_IRQHandler
 .text.EXTI1_IRQHandler
                0x08000fd8        0x4 D:\FbEdit\Projects\Applications\fbe\BoatNavBluetooth\STM32_Sonar\stm32f10x_it.o
                0x08000fd8                EXTI1_IRQHandler
 .text.EXTI2_IRQHandler
                0x08000fdc        0x4 D:\FbEdit\Projects\Applications\fbe\BoatNavBluetooth\STM32_Sonar\stm32f10x_it.o
                0x08000fdc                EXTI2_IRQHandler
 .text.EXTI3_IRQHandler
                0x08000fe0        0x4 D:\FbEdit\Projects\Applications\fbe\BoatNavBluetooth\STM32_Sonar\stm32f10x_it.o
                0x08000fe0                EXTI3_IRQHandler
 .text.EXTI4_IRQHandler
                0x08000fe4        0x4 D:\FbEdit\Projects\Applications\fbe\BoatNavBluetooth\STM32_Sonar\stm32f10x_it.o
                0x08000fe4                EXTI4_IRQHandler
 .text.DMA1_Channel1_IRQHandler
                0x08000fe8        0x4 D:\FbEdit\Projects\Applications\fbe\BoatNavBluetooth\STM32_Sonar\stm32f10x_it.o
                0x08000fe8                DMA1_Channel1_IRQHandler
 .text.DMA1_Channel2_IRQHandler
                0x08000fec        0x4 D:\FbEdit\Projects\Applications\fbe\BoatNavBluetooth\STM32_Sonar\stm32f10x_it.o
                0x08000fec                DMA1_Channel2_IRQHandler
 .text.DMA1_Channel3_IRQHandler
                0x08000ff0        0x4 D:\FbEdit\Projects\Applications\fbe\BoatNavBluetooth\STM32_Sonar\stm32f10x_it.o
                0x08000ff0                DMA1_Channel3_IRQHandler
 .text.DMA1_Channel4_IRQHandler
                0x08000ff4        0x4 D:\FbEdit\Projects\Applications\fbe\BoatNavBluetooth\STM32_Sonar\stm32f10x_it.o
                0x08000ff4                DMA1_Channel4_IRQHandler
 .text.DMA1_Channel5_IRQHandler
                0x08000ff8        0x4 D:\FbEdit\Projects\Applications\fbe\BoatNavBluetooth\STM32_Sonar\stm32f10x_it.o
                0x08000ff8                DMA1_Channel5_IRQHandler
 .text.DMA1_Channel6_IRQHandler
                0x08000ffc        0x4 D:\FbEdit\Projects\Applications\fbe\BoatNavBluetooth\STM32_Sonar\stm32f10x_it.o
                0x08000ffc                DMA1_Channel6_IRQHandler
 .text.DMA1_Channel7_IRQHandler
                0x08001000        0x4 D:\FbEdit\Projects\Applications\fbe\BoatNavBluetooth\STM32_Sonar\stm32f10x_it.o
                0x08001000                DMA1_Channel7_IRQHandler
 .text.ADC1_2_IRQHandler
                0x08001004        0x4 D:\FbEdit\Projects\Applications\fbe\BoatNavBluetooth\STM32_Sonar\stm32f10x_it.o
                0x08001004                ADC1_2_IRQHandler
 .text.EXTI9_5_IRQHandler
                0x08001008        0x4 D:\FbEdit\Projects\Applications\fbe\BoatNavBluetooth\STM32_Sonar\stm32f10x_it.o
                0x08001008                EXTI9_5_IRQHandler
 .text.TIM1_BRK_IRQHandler
                0x0800100c        0x4 D:\FbEdit\Projects\Applications\fbe\BoatNavBluetooth\STM32_Sonar\stm32f10x_it.o
                0x0800100c                TIM1_BRK_IRQHandler
 .text.TIM1_TRG_COM_IRQHandler
                0x08001010        0x4 D:\FbEdit\Projects\Applications\fbe\BoatNavBluetooth\STM32_Sonar\stm32f10x_it.o
                0x08001010                TIM1_TRG_COM_IRQHandler
 .text.TIM1_CC_IRQHandler
                0x08001014        0x4 D:\FbEdit\Projects\Applications\fbe\BoatNavBluetooth\STM32_Sonar\stm32f10x_it.o
                0x08001014                TIM1_CC_IRQHandler
 .text.TIM3_IRQHandler
                0x08001018        0x4 D:\FbEdit\Projects\Applications\fbe\BoatNavBluetooth\STM32_Sonar\stm32f10x_it.o
                0x08001018                TIM3_IRQHandler
 .text.TIM4_IRQHandler
                0x0800101c        0x4 D:\FbEdit\Projects\Applications\fbe\BoatNavBluetooth\STM32_Sonar\stm32f10x_it.o
                0x0800101c                TIM4_IRQHandler
 .text.I2C1_EV_IRQHandler
                0x08001020        0x4 D:\FbEdit\Projects\Applications\fbe\BoatNavBluetooth\STM32_Sonar\stm32f10x_it.o
                0x08001020                I2C1_EV_IRQHandler
 .text.I2C1_ER_IRQHandler
                0x08001024        0x4 D:\FbEdit\Projects\Applications\fbe\BoatNavBluetooth\STM32_Sonar\stm32f10x_it.o
                0x08001024                I2C1_ER_IRQHandler
 .text.I2C2_EV_IRQHandler
                0x08001028        0x4 D:\FbEdit\Projects\Applications\fbe\BoatNavBluetooth\STM32_Sonar\stm32f10x_it.o
                0x08001028                I2C2_EV_IRQHandler
 .text.I2C2_ER_IRQHandler
                0x0800102c        0x4 D:\FbEdit\Projects\Applications\fbe\BoatNavBluetooth\STM32_Sonar\stm32f10x_it.o
                0x0800102c                I2C2_ER_IRQHandler
 .text.SPI1_IRQHandler
                0x08001030        0x4 D:\FbEdit\Projects\Applications\fbe\BoatNavBluetooth\STM32_Sonar\stm32f10x_it.o
                0x08001030                SPI1_IRQHandler
 .text.SPI2_IRQHandler
                0x08001034        0x4 D:\FbEdit\Projects\Applications\fbe\BoatNavBluetooth\STM32_Sonar\stm32f10x_it.o
                0x08001034                SPI2_IRQHandler
 .text.USART2_IRQHandler
                0x08001038        0x4 D:\FbEdit\Projects\Applications\fbe\BoatNavBluetooth\STM32_Sonar\stm32f10x_it.o
                0x08001038                USART2_IRQHandler
 .text.EXTI15_10_IRQHandler
                0x0800103c        0x4 D:\FbEdit\Projects\Applications\fbe\BoatNavBluetooth\STM32_Sonar\stm32f10x_it.o
                0x0800103c                EXTI15_10_IRQHandler
 .text.RTCAlarm_IRQHandler
                0x08001040        0x4 D:\FbEdit\Projects\Applications\fbe\BoatNavBluetooth\STM32_Sonar\stm32f10x_it.o
                0x08001040                RTCAlarm_IRQHandler
 .text.USBWakeUp_IRQHandler
                0x08001044        0x4 D:\FbEdit\Projects\Applications\fbe\BoatNavBluetooth\STM32_Sonar\stm32f10x_it.o
                0x08001044                USBWakeUp_IRQHandler
 .text.NVIC_Init
                0x08001048       0xac D:\FbEdit\Projects\Applications\fbe\BoatNavBluetooth\STM32_Sonar\stm32f10x_nvic.o
                0x08001048                NVIC_Init
 .text.NVIC_SetVectorTable
                0x080010f4       0x18 D:\FbEdit\Projects\Applications\fbe\BoatNavBluetooth\STM32_Sonar\stm32f10x_nvic.o
                0x080010f4                NVIC_SetVectorTable
 .text.RCC_DeInit
                0x0800110c       0x44 D:\FbEdit\Projects\Applications\fbe\BoatNavBluetooth\STM32_Sonar\stm32f10x_rcc.o
                0x0800110c                RCC_DeInit
 .text.RCC_HSEConfig
                0x08001150       0x4c D:\FbEdit\Projects\Applications\fbe\BoatNavBluetooth\STM32_Sonar\stm32f10x_rcc.o
                0x08001150                RCC_HSEConfig
 .text.RCC_PLLConfig
                0x0800119c       0x18 D:\FbEdit\Projects\Applications\fbe\BoatNavBluetooth\STM32_Sonar\stm32f10x_rcc.o
                0x0800119c                RCC_PLLConfig
 .text.RCC_PLLCmd
                0x080011b4        0xc D:\FbEdit\Projects\Applications\fbe\BoatNavBluetooth\STM32_Sonar\stm32f10x_rcc.o
                0x080011b4                RCC_PLLCmd
 .text.RCC_SYSCLKConfig
                0x080011c0       0x18 D:\FbEdit\Projects\Applications\fbe\BoatNavBluetooth\STM32_Sonar\stm32f10x_rcc.o
                0x080011c0                RCC_SYSCLKConfig
 .text.RCC_GetSYSCLKSource
                0x080011d8       0x10 D:\FbEdit\Projects\Applications\fbe\BoatNavBluetooth\STM32_Sonar\stm32f10x_rcc.o
                0x080011d8                RCC_GetSYSCLKSource
 .text.RCC_HCLKConfig
                0x080011e8       0x18 D:\FbEdit\Projects\Applications\fbe\BoatNavBluetooth\STM32_Sonar\stm32f10x_rcc.o
                0x080011e8                RCC_HCLKConfig
 .text.RCC_PCLK1Config
                0x08001200       0x18 D:\FbEdit\Projects\Applications\fbe\BoatNavBluetooth\STM32_Sonar\stm32f10x_rcc.o
                0x08001200                RCC_PCLK1Config
 .text.RCC_PCLK2Config
                0x08001218       0x18 D:\FbEdit\Projects\Applications\fbe\BoatNavBluetooth\STM32_Sonar\stm32f10x_rcc.o
                0x08001218                RCC_PCLK2Config
 .text.RCC_ADCCLKConfig
                0x08001230       0x18 D:\FbEdit\Projects\Applications\fbe\BoatNavBluetooth\STM32_Sonar\stm32f10x_rcc.o
                0x08001230                RCC_ADCCLKConfig
 .text.RCC_GetClocksFreq
                0x08001248       0xe0 D:\FbEdit\Projects\Applications\fbe\BoatNavBluetooth\STM32_Sonar\stm32f10x_rcc.o
                0x08001248                RCC_GetClocksFreq
 .text.RCC_APB2PeriphClockCmd
                0x08001328       0x24 D:\FbEdit\Projects\Applications\fbe\BoatNavBluetooth\STM32_Sonar\stm32f10x_rcc.o
                0x08001328                RCC_APB2PeriphClockCmd
 .text.RCC_APB1PeriphClockCmd
                0x0800134c       0x24 D:\FbEdit\Projects\Applications\fbe\BoatNavBluetooth\STM32_Sonar\stm32f10x_rcc.o
                0x0800134c                RCC_APB1PeriphClockCmd
 .text.RCC_APB2PeriphResetCmd
                0x08001370       0x24 D:\FbEdit\Projects\Applications\fbe\BoatNavBluetooth\STM32_Sonar\stm32f10x_rcc.o
                0x08001370                RCC_APB2PeriphResetCmd
 .text.RCC_APB1PeriphResetCmd
                0x08001394       0x24 D:\FbEdit\Projects\Applications\fbe\BoatNavBluetooth\STM32_Sonar\stm32f10x_rcc.o
                0x08001394                RCC_APB1PeriphResetCmd
 .text.RCC_GetFlagStatus
                0x080013b8       0x34 D:\FbEdit\Projects\Applications\fbe\BoatNavBluetooth\STM32_Sonar\stm32f10x_rcc.o
                0x080013b8                RCC_GetFlagStatus
 .text.RCC_WaitForHSEStartUp
                0x080013ec       0x38 D:\FbEdit\Projects\Applications\fbe\BoatNavBluetooth\STM32_Sonar\stm32f10x_rcc.o
                0x080013ec                RCC_WaitForHSEStartUp
 .text.TIM_TimeBaseInit
                0x08001424       0x50 D:\FbEdit\Projects\Applications\fbe\BoatNavBluetooth\STM32_Sonar\stm32f10x_tim.o
                0x08001424                TIM_TimeBaseInit
 .text.TIM_OC3Init
                0x08001474       0xac D:\FbEdit\Projects\Applications\fbe\BoatNavBluetooth\STM32_Sonar\stm32f10x_tim.o
                0x08001474                TIM_OC3Init
 .text.TIM_Cmd  0x08001520       0x20 D:\FbEdit\Projects\Applications\fbe\BoatNavBluetooth\STM32_Sonar\stm32f10x_tim.o
                0x08001520                TIM_Cmd
 .text.TIM_CtrlPWMOutputs
                0x08001540       0x28 D:\FbEdit\Projects\Applications\fbe\BoatNavBluetooth\STM32_Sonar\stm32f10x_tim.o
                0x08001540                TIM_CtrlPWMOutputs
 .text.TIM_ITConfig
                0x08001568       0x18 D:\FbEdit\Projects\Applications\fbe\BoatNavBluetooth\STM32_Sonar\stm32f10x_tim.o
                0x08001568                TIM_ITConfig
 .text.TIM_ARRPreloadConfig
                0x08001580       0x20 D:\FbEdit\Projects\Applications\fbe\BoatNavBluetooth\STM32_Sonar\stm32f10x_tim.o
                0x08001580                TIM_ARRPreloadConfig
 .text.TIM_OC1PreloadConfig
                0x080015a0       0x18 D:\FbEdit\Projects\Applications\fbe\BoatNavBluetooth\STM32_Sonar\stm32f10x_tim.o
                0x080015a0                TIM_OC1PreloadConfig
 .text.TIM_ClearITPendingBit
                0x080015b8        0xc D:\FbEdit\Projects\Applications\fbe\BoatNavBluetooth\STM32_Sonar\stm32f10x_tim.o
                0x080015b8                TIM_ClearITPendingBit
 .text.USART_DeInit
                0x080015c4       0xd0 D:\FbEdit\Projects\Applications\fbe\BoatNavBluetooth\STM32_Sonar\stm32f10x_usart.o
                0x080015c4                USART_DeInit
 .text.USART_Init
                0x08001694       0xb4 D:\FbEdit\Projects\Applications\fbe\BoatNavBluetooth\STM32_Sonar\stm32f10x_usart.o
                0x08001694                USART_Init
 .text.USART_Cmd
                0x08001748       0x20 D:\FbEdit\Projects\Applications\fbe\BoatNavBluetooth\STM32_Sonar\stm32f10x_usart.o
                0x08001748                USART_Cmd
 .text.USART_ITConfig
                0x08001768       0x3c D:\FbEdit\Projects\Applications\fbe\BoatNavBluetooth\STM32_Sonar\stm32f10x_usart.o
                0x08001768                USART_ITConfig
 .text.__io_putchar
                0x080017a4      0x16c D:\Ride\Ride\Lib\ARM\STM32x_io_putchar_thumb.a(STM32F10X_io_putchar.o)
                0x080017a4                __io_putchar
 .text._write   0x08001910        0x4 D:\Ride\Ride\Lib\ARM\std_sbrk_thumb.lib(write.o)
                0x08001910                _write
 *(.rodata)
 .rodata        0x08001914       0xb4 D:\FbEdit\Projects\Applications\fbe\BoatNavBluetooth\STM32_Sonar\main.o
                0x08001914                GPSBaud
                0x08001930                GPSInit
 .rodata        0x080019c8       0x14 D:\FbEdit\Projects\Applications\fbe\BoatNavBluetooth\STM32_Sonar\stm32f10x_rcc.o
 *(.rodata*)
 *(.glue_7)
 .glue_7        0x00000000        0x0 linker stubs
 *(.glue_7t)
 .glue_7t       0x00000000        0x0 linker stubs
                0x080019dc                . = ALIGN (0x4)
                0x080019dc                _etext = .
                0x080019dc                _sidata = _etext

.vfp11_veneer   0x080019dc        0x0
 .vfp11_veneer  0x00000000        0x0 linker stubs

.v4_bx          0x080019dc        0x0
 .v4_bx         0x00000000        0x0 linker stubs

.flashpatch     0x00000000        0x0
                0x00000000                . = ALIGN (0x4)
 *(.flashpatch)
                0x00000000                . = ALIGN (0x4)

.endflash       0x00000000        0x0
                0x00000000                . = ALIGN (0x4)
 *(.endflash)
                0x00000000                . = ALIGN (0x4)
                0x00000000                _e_endflash = .

.data           0x20000000        0x0 load address 0x080019dc
                0x20000000                . = ALIGN (0x4)
                0x20000000                _sdata = .
                0x20000000                _data = .
 *(.data)
 *(.data.*)
 *(.RAMtext)
                0x20000000                . = ALIGN (0x4)
                0x20000000                _edata = .
                0x080019dc                _eidata = ((_sidata + _edata) - _sdata)
                0x08010000                _lastdataromaddress = 0x8010000
                0x00000000                toobig = (_eidata > _lastdataromaddress)?!!!!!!!!! FLASH IS FULL !!!!!!!!!:0x0

.bss            0x20000000      0xcb4
                0x20000000                . = ALIGN (0x4)
                0x20000000                _sbss = .
                0x20000000                _bss = .
 *(.bss)
 .bss           0x20000000      0xcac D:\FbEdit\Projects\Applications\fbe\BoatNavBluetooth\STM32_Sonar\main.o
 *(COMMON)
 COMMON         0x20000cac        0x5 D:\FbEdit\Projects\Applications\fbe\BoatNavBluetooth\STM32_Sonar\main.o
                0x20000cac                BlueLED
                0x20000cae                Ping
                0x20000cb0                Setup
                0x20000cb4                . = ALIGN (0x4)
 *fill*         0x20000cb1        0x3 00
                0x20000cb4                _ebss = .
                0x20000cb4                PROVIDE (end, _ebss)
                0x20000cb4                PROVIDE (_end, _ebss)

._usrstack      0x20000cb4      0x100
                0x20000cb4                . = ALIGN (0x4)
                0x20000cb4                _susrstack = .
                0x20000db4                . = (. + _Minimum_Stack_Size)
 *fill*         0x20000cb4      0x100 00
                0x20000db4                . = ALIGN (0x4)
                0x20000db4                _eusrstack = .

.b1text
 *(.b1text)
 *(.b1rodata)
 *(.b1rodata*)

.eb0text
 *(.eb0text)
 *(.eb0rodata)
 *(.eb0rodata*)

.eb1text
 *(.eb1text)
 *(.eb1rodata)
 *(.eb1rodata*)

.eb2text
 *(.eb2text)
 *(.eb2rodata)
 *(.eb2rodata*)

.eb3text
 *(.eb3text)
 *(.eb3rodata)
 *(.eb3rodata*)
                0x20000db4                __exidx_start = .
                0x20000db4                __exidx_end = .

/DISCARD/
 libc.a(*)
 libm.a(*)
 libgcc.a(*)

.stab
 *(.stab)

.stabstr
 *(.stabstr)

.stab.excl
 *(.stab.excl)

.stab.exclstr
 *(.stab.exclstr)

.stab.index
 *(.stab.index)

.stab.indexstr
 *(.stab.indexstr)

.ARM.attributes
                0x00000000       0x2d
 .ARM.attributes
                0x00000000       0x21 D:\Ride\Ride\Lib\ARM\startup_stm32f10x_md.o
 .ARM.attributes
                0x00000021       0x31 D:\FbEdit\Projects\Applications\fbe\BoatNavBluetooth\STM32_Sonar\main.o
 .ARM.attributes
                0x00000052       0x31 D:\FbEdit\Projects\Applications\fbe\BoatNavBluetooth\STM32_Sonar\stm32f10x_adc.o
 .ARM.attributes
                0x00000083       0x31 D:\FbEdit\Projects\Applications\fbe\BoatNavBluetooth\STM32_Sonar\stm32f10x_flash.o
 .ARM.attributes
                0x000000b4       0x31 D:\FbEdit\Projects\Applications\fbe\BoatNavBluetooth\STM32_Sonar\stm32f10x_gpio.o
 .ARM.attributes
                0x000000e5       0x31 D:\FbEdit\Projects\Applications\fbe\BoatNavBluetooth\STM32_Sonar\stm32f10x_it.o
 .ARM.attributes
                0x00000116       0x31 D:\FbEdit\Projects\Applications\fbe\BoatNavBluetooth\STM32_Sonar\stm32f10x_lib.o
 .ARM.attributes
                0x00000147       0x31 D:\FbEdit\Projects\Applications\fbe\BoatNavBluetooth\STM32_Sonar\stm32f10x_nvic.o
 .ARM.attributes
                0x00000178       0x31 D:\FbEdit\Projects\Applications\fbe\BoatNavBluetooth\STM32_Sonar\stm32f10x_rcc.o
 .ARM.attributes
                0x000001a9       0x31 D:\FbEdit\Projects\Applications\fbe\BoatNavBluetooth\STM32_Sonar\stm32f10x_tim.o
 .ARM.attributes
                0x000001da       0x31 D:\FbEdit\Projects\Applications\fbe\BoatNavBluetooth\STM32_Sonar\stm32f10x_usart.o
 .ARM.attributes
                0x0000020b       0x31 D:\Ride\Ride\Lib\ARM\STM32x_io_putchar_thumb.a(STM32F10X_io_putchar.o)
 .ARM.attributes
                0x0000023c       0x2e D:\Ride\Ride\Lib\ARM\std_sbrk_thumb.lib(write.o)

.comment        0x00000000       0x7f
 *(.comment)
 .comment       0x00000000       0x2a D:\FbEdit\Projects\Applications\fbe\BoatNavBluetooth\STM32_Sonar\main.o
                                 0x2b (size before relaxing)
 .comment       0x00000000       0x2b D:\FbEdit\Projects\Applications\fbe\BoatNavBluetooth\STM32_Sonar\stm32f10x_adc.o
 .comment       0x00000000       0x2b D:\FbEdit\Projects\Applications\fbe\BoatNavBluetooth\STM32_Sonar\stm32f10x_flash.o
 .comment       0x00000000       0x2b D:\FbEdit\Projects\Applications\fbe\BoatNavBluetooth\STM32_Sonar\stm32f10x_gpio.o
 .comment       0x00000000       0x2b D:\FbEdit\Projects\Applications\fbe\BoatNavBluetooth\STM32_Sonar\stm32f10x_it.o
 .comment       0x00000000       0x2b D:\FbEdit\Projects\Applications\fbe\BoatNavBluetooth\STM32_Sonar\stm32f10x_lib.o
 .comment       0x00000000       0x2b D:\FbEdit\Projects\Applications\fbe\BoatNavBluetooth\STM32_Sonar\stm32f10x_nvic.o
 .comment       0x00000000       0x2b D:\FbEdit\Projects\Applications\fbe\BoatNavBluetooth\STM32_Sonar\stm32f10x_rcc.o
 .comment       0x00000000       0x2b D:\FbEdit\Projects\Applications\fbe\BoatNavBluetooth\STM32_Sonar\stm32f10x_tim.o
 .comment       0x00000000       0x2b D:\FbEdit\Projects\Applications\fbe\BoatNavBluetooth\STM32_Sonar\stm32f10x_usart.o
 .comment       0x0000002a       0x2b D:\Ride\Ride\Lib\ARM\STM32x_io_putchar_thumb.a(STM32F10X_io_putchar.o)
 .comment       0x00000055       0x2a D:\Ride\Ride\Lib\ARM\std_sbrk_thumb.lib(write.o)

.debug
 *(.debug)

.line
 *(.line)

.debug_srcinfo
 *(.debug_srcinfo)

.debug_sfnames
 *(.debug_sfnames)

.debug_aranges  0x00000000      0xad8
 *(.debug_aranges)
 .debug_aranges
                0x00000000       0xc0 D:\FbEdit\Projects\Applications\fbe\BoatNavBluetooth\STM32_Sonar\main.o
 .debug_aranges
                0x000000c0      0x138 D:\FbEdit\Projects\Applications\fbe\BoatNavBluetooth\STM32_Sonar\stm32f10x_adc.o
 .debug_aranges
                0x000001f8       0x30 D:\FbEdit\Projects\Applications\fbe\BoatNavBluetooth\STM32_Sonar\stm32f10x_flash.o
 .debug_aranges
                0x00000228       0xa0 D:\FbEdit\Projects\Applications\fbe\BoatNavBluetooth\STM32_Sonar\stm32f10x_gpio.o
 .debug_aranges
                0x000002c8      0x220 D:\FbEdit\Projects\Applications\fbe\BoatNavBluetooth\STM32_Sonar\stm32f10x_it.o
 .debug_aranges
                0x000004e8      0x108 D:\FbEdit\Projects\Applications\fbe\BoatNavBluetooth\STM32_Sonar\stm32f10x_nvic.o
 .debug_aranges
                0x000005f0      0x118 D:\FbEdit\Projects\Applications\fbe\BoatNavBluetooth\STM32_Sonar\stm32f10x_rcc.o
 .debug_aranges
                0x00000708      0x2e0 D:\FbEdit\Projects\Applications\fbe\BoatNavBluetooth\STM32_Sonar\stm32f10x_tim.o
 .debug_aranges
                0x000009e8       0xf0 D:\FbEdit\Projects\Applications\fbe\BoatNavBluetooth\STM32_Sonar\stm32f10x_usart.o

.debug_pubnames
                0x00000000     0x1dda
 *(.debug_pubnames)
 .debug_pubnames
                0x00000000      0x1e6 D:\FbEdit\Projects\Applications\fbe\BoatNavBluetooth\STM32_Sonar\main.o
 .debug_pubnames
                0x000001e6      0x401 D:\FbEdit\Projects\Applications\fbe\BoatNavBluetooth\STM32_Sonar\stm32f10x_adc.o
 .debug_pubnames
                0x000005e7       0x60 D:\FbEdit\Projects\Applications\fbe\BoatNavBluetooth\STM32_Sonar\stm32f10x_flash.o
 .debug_pubnames
                0x00000647      0x17b D:\FbEdit\Projects\Applications\fbe\BoatNavBluetooth\STM32_Sonar\stm32f10x_gpio.o
 .debug_pubnames
                0x000007c2      0x5e5 D:\FbEdit\Projects\Applications\fbe\BoatNavBluetooth\STM32_Sonar\stm32f10x_it.o
 .debug_pubnames
                0x00000da7      0x360 D:\FbEdit\Projects\Applications\fbe\BoatNavBluetooth\STM32_Sonar\stm32f10x_nvic.o
 .debug_pubnames
                0x00001107      0x2c4 D:\FbEdit\Projects\Applications\fbe\BoatNavBluetooth\STM32_Sonar\stm32f10x_rcc.o
 .debug_pubnames
                0x000013cb      0x7b0 D:\FbEdit\Projects\Applications\fbe\BoatNavBluetooth\STM32_Sonar\stm32f10x_tim.o
 .debug_pubnames
                0x00001b7b      0x25f D:\FbEdit\Projects\Applications\fbe\BoatNavBluetooth\STM32_Sonar\stm32f10x_usart.o

.debug_info     0x00000000     0x641b
 *(.debug_info .gnu.linkonce.wi.*)
 .debug_info    0x00000000     0x117c D:\FbEdit\Projects\Applications\fbe\BoatNavBluetooth\STM32_Sonar\main.o
 .debug_info    0x0000117c      0xb7a D:\FbEdit\Projects\Applications\fbe\BoatNavBluetooth\STM32_Sonar\stm32f10x_adc.o
 .debug_info    0x00001cf6      0x16f D:\FbEdit\Projects\Applications\fbe\BoatNavBluetooth\STM32_Sonar\stm32f10x_flash.o
 .debug_info    0x00001e65      0x690 D:\FbEdit\Projects\Applications\fbe\BoatNavBluetooth\STM32_Sonar\stm32f10x_gpio.o
 .debug_info    0x000024f5      0x599 D:\FbEdit\Projects\Applications\fbe\BoatNavBluetooth\STM32_Sonar\stm32f10x_it.o
 .debug_info    0x00002a8e       0x53 D:\FbEdit\Projects\Applications\fbe\BoatNavBluetooth\STM32_Sonar\stm32f10x_lib.o
 .debug_info    0x00002ae1      0x964 D:\FbEdit\Projects\Applications\fbe\BoatNavBluetooth\STM32_Sonar\stm32f10x_nvic.o
 .debug_info    0x00003445      0x8ac D:\FbEdit\Projects\Applications\fbe\BoatNavBluetooth\STM32_Sonar\stm32f10x_rcc.o
 .debug_info    0x00003cf1     0x1d8d D:\FbEdit\Projects\Applications\fbe\BoatNavBluetooth\STM32_Sonar\stm32f10x_tim.o
 .debug_info    0x00005a7e      0x99d D:\FbEdit\Projects\Applications\fbe\BoatNavBluetooth\STM32_Sonar\stm32f10x_usart.o

.debug_abbrev   0x00000000      0xeff
 *(.debug_abbrev)
 .debug_abbrev  0x00000000      0x236 D:\FbEdit\Projects\Applications\fbe\BoatNavBluetooth\STM32_Sonar\main.o
 .debug_abbrev  0x00000236      0x19b D:\FbEdit\Projects\Applications\fbe\BoatNavBluetooth\STM32_Sonar\stm32f10x_adc.o
 .debug_abbrev  0x000003d1       0xa6 D:\FbEdit\Projects\Applications\fbe\BoatNavBluetooth\STM32_Sonar\stm32f10x_flash.o
 .debug_abbrev  0x00000477      0x1f5 D:\FbEdit\Projects\Applications\fbe\BoatNavBluetooth\STM32_Sonar\stm32f10x_gpio.o
 .debug_abbrev  0x0000066c       0x49 D:\FbEdit\Projects\Applications\fbe\BoatNavBluetooth\STM32_Sonar\stm32f10x_it.o
 .debug_abbrev  0x000006b5       0x1d D:\FbEdit\Projects\Applications\fbe\BoatNavBluetooth\STM32_Sonar\stm32f10x_lib.o
 .debug_abbrev  0x000006d2      0x22f D:\FbEdit\Projects\Applications\fbe\BoatNavBluetooth\STM32_Sonar\stm32f10x_nvic.o
 .debug_abbrev  0x00000901      0x1f6 D:\FbEdit\Projects\Applications\fbe\BoatNavBluetooth\STM32_Sonar\stm32f10x_rcc.o
 .debug_abbrev  0x00000af7      0x240 D:\FbEdit\Projects\Applications\fbe\BoatNavBluetooth\STM32_Sonar\stm32f10x_tim.o
 .debug_abbrev  0x00000d37      0x1c8 D:\FbEdit\Projects\Applications\fbe\BoatNavBluetooth\STM32_Sonar\stm32f10x_usart.o

.debug_line     0x00000000     0x2229
 *(.debug_line)
 .debug_line    0x00000000      0x437 D:\FbEdit\Projects\Applications\fbe\BoatNavBluetooth\STM32_Sonar\main.o
 .debug_line    0x00000437      0x3db D:\FbEdit\Projects\Applications\fbe\BoatNavBluetooth\STM32_Sonar\stm32f10x_adc.o
 .debug_line    0x00000812       0xde D:\FbEdit\Projects\Applications\fbe\BoatNavBluetooth\STM32_Sonar\stm32f10x_flash.o
 .debug_line    0x000008f0      0x25b D:\FbEdit\Projects\Applications\fbe\BoatNavBluetooth\STM32_Sonar\stm32f10x_gpio.o
 .debug_line    0x00000b4b      0x4ba D:\FbEdit\Projects\Applications\fbe\BoatNavBluetooth\STM32_Sonar\stm32f10x_it.o
 .debug_line    0x00001005       0x1d D:\FbEdit\Projects\Applications\fbe\BoatNavBluetooth\STM32_Sonar\stm32f10x_lib.o
 .debug_line    0x00001022      0x33c D:\FbEdit\Projects\Applications\fbe\BoatNavBluetooth\STM32_Sonar\stm32f10x_nvic.o
 .debug_line    0x0000135e      0x362 D:\FbEdit\Projects\Applications\fbe\BoatNavBluetooth\STM32_Sonar\stm32f10x_rcc.o
 .debug_line    0x000016c0      0x856 D:\FbEdit\Projects\Applications\fbe\BoatNavBluetooth\STM32_Sonar\stm32f10x_tim.o
 .debug_line    0x00001f16      0x313 D:\FbEdit\Projects\Applications\fbe\BoatNavBluetooth\STM32_Sonar\stm32f10x_usart.o

.debug_frame    0x00000000     0x171c
 *(.debug_frame)
 .debug_frame   0x00000000      0x248 D:\FbEdit\Projects\Applications\fbe\BoatNavBluetooth\STM32_Sonar\main.o
 .debug_frame   0x00000248      0x278 D:\FbEdit\Projects\Applications\fbe\BoatNavBluetooth\STM32_Sonar\stm32f10x_adc.o
 .debug_frame   0x000004c0       0x40 D:\FbEdit\Projects\Applications\fbe\BoatNavBluetooth\STM32_Sonar\stm32f10x_flash.o
 .debug_frame   0x00000500      0x158 D:\FbEdit\Projects\Applications\fbe\BoatNavBluetooth\STM32_Sonar\stm32f10x_gpio.o
 .debug_frame   0x00000658      0x420 D:\FbEdit\Projects\Applications\fbe\BoatNavBluetooth\STM32_Sonar\stm32f10x_it.o
 .debug_frame   0x00000a78      0x238 D:\FbEdit\Projects\Applications\fbe\BoatNavBluetooth\STM32_Sonar\stm32f10x_nvic.o
 .debug_frame   0x00000cb0      0x224 D:\FbEdit\Projects\Applications\fbe\BoatNavBluetooth\STM32_Sonar\stm32f10x_rcc.o
 .debug_frame   0x00000ed4      0x658 D:\FbEdit\Projects\Applications\fbe\BoatNavBluetooth\STM32_Sonar\stm32f10x_tim.o
 .debug_frame   0x0000152c      0x1f0 D:\FbEdit\Projects\Applications\fbe\BoatNavBluetooth\STM32_Sonar\stm32f10x_usart.o

.debug_str      0x00000000     0x2d8b
 *(.debug_str)
 .debug_str     0x00000000      0xa12 D:\FbEdit\Projects\Applications\fbe\BoatNavBluetooth\STM32_Sonar\main.o
                                0xa60 (size before relaxing)
 .debug_str     0x00000a12      0x4a2 D:\FbEdit\Projects\Applications\fbe\BoatNavBluetooth\STM32_Sonar\stm32f10x_adc.o
                                0x621 (size before relaxing)
 .debug_str     0x00000eb4       0xf2 D:\FbEdit\Projects\Applications\fbe\BoatNavBluetooth\STM32_Sonar\stm32f10x_flash.o
                                0x162 (size before relaxing)
 .debug_str     0x00000fa6      0x221 D:\FbEdit\Projects\Applications\fbe\BoatNavBluetooth\STM32_Sonar\stm32f10x_gpio.o
                                0x3f9 (size before relaxing)
 .debug_str     0x000011c7      0x51f D:\FbEdit\Projects\Applications\fbe\BoatNavBluetooth\STM32_Sonar\stm32f10x_it.o
                                0x58a (size before relaxing)
 .debug_str     0x000016e6       0x51 D:\FbEdit\Projects\Applications\fbe\BoatNavBluetooth\STM32_Sonar\stm32f10x_lib.o
                                 0xbc (size before relaxing)
 .debug_str     0x00001737      0x4a0 D:\FbEdit\Projects\Applications\fbe\BoatNavBluetooth\STM32_Sonar\stm32f10x_nvic.o
                                0x60b (size before relaxing)
 .debug_str     0x00001bd7      0x448 D:\FbEdit\Projects\Applications\fbe\BoatNavBluetooth\STM32_Sonar\stm32f10x_rcc.o
                                0x540 (size before relaxing)
 .debug_str     0x0000201f      0x9e7 D:\FbEdit\Projects\Applications\fbe\BoatNavBluetooth\STM32_Sonar\stm32f10x_tim.o
                                0xcfe (size before relaxing)
 .debug_str     0x00002a06      0x385 D:\FbEdit\Projects\Applications\fbe\BoatNavBluetooth\STM32_Sonar\stm32f10x_usart.o
                                0x589 (size before relaxing)

.debug_loc      0x00000000     0x3840
 *(.debug_loc)
 .debug_loc     0x00000000      0x590 D:\FbEdit\Projects\Applications\fbe\BoatNavBluetooth\STM32_Sonar\main.o
 .debug_loc     0x00000590      0x8a2 D:\FbEdit\Projects\Applications\fbe\BoatNavBluetooth\STM32_Sonar\stm32f10x_adc.o
 .debug_loc     0x00000e32      0x490 D:\FbEdit\Projects\Applications\fbe\BoatNavBluetooth\STM32_Sonar\stm32f10x_gpio.o
 .debug_loc     0x000012c2      0x83d D:\FbEdit\Projects\Applications\fbe\BoatNavBluetooth\STM32_Sonar\stm32f10x_nvic.o
 .debug_loc     0x00001aff      0x4d5 D:\FbEdit\Projects\Applications\fbe\BoatNavBluetooth\STM32_Sonar\stm32f10x_rcc.o
 .debug_loc     0x00001fd4     0x1382 D:\FbEdit\Projects\Applications\fbe\BoatNavBluetooth\STM32_Sonar\stm32f10x_tim.o
 .debug_loc     0x00003356      0x4ea D:\FbEdit\Projects\Applications\fbe\BoatNavBluetooth\STM32_Sonar\stm32f10x_usart.o

.debug_macinfo
 *(.debug_macinfo)

.debug_weaknames
 *(.debug_weaknames)

.debug_funcnames
 *(.debug_funcnames)

.debug_typenames
 *(.debug_typenames)

.debug_varnames
 *(.debug_varnames)
START GROUP
LOAD d:/ride/ride/arm-gcc/bin/../lib/gcc/arm-none-eabi/4.5.1/thumb2\libgcc.a
LOAD d:/ride/ride/arm-gcc/bin/../lib/gcc/arm-none-eabi/4.5.1/../../../../arm-none-eabi/lib/thumb2\libc.a
END GROUP
OUTPUT(D:\FbEdit\Projects\Applications\fbe\BoatNavBluetooth\STM32_Sonar\Sonar.elf elf32-littlearm)

.debug_pubtypes
                0x00000000      0x5f9
 .debug_pubtypes
                0x00000000      0x1b7 D:\FbEdit\Projects\Applications\fbe\BoatNavBluetooth\STM32_Sonar\main.o
 .debug_pubtypes
                0x000001b7       0x86 D:\FbEdit\Projects\Applications\fbe\BoatNavBluetooth\STM32_Sonar\stm32f10x_adc.o
 .debug_pubtypes
                0x0000023d       0x2c D:\FbEdit\Projects\Applications\fbe\BoatNavBluetooth\STM32_Sonar\stm32f10x_flash.o
 .debug_pubtypes
                0x00000269       0xb6 D:\FbEdit\Projects\Applications\fbe\BoatNavBluetooth\STM32_Sonar\stm32f10x_gpio.o
 .debug_pubtypes
                0x0000031f       0x12 D:\FbEdit\Projects\Applications\fbe\BoatNavBluetooth\STM32_Sonar\stm32f10x_it.o
 .debug_pubtypes
                0x00000331       0x12 D:\FbEdit\Projects\Applications\fbe\BoatNavBluetooth\STM32_Sonar\stm32f10x_lib.o
 .debug_pubtypes
                0x00000343       0x89 D:\FbEdit\Projects\Applications\fbe\BoatNavBluetooth\STM32_Sonar\stm32f10x_nvic.o
 .debug_pubtypes
                0x000003cc       0xa0 D:\FbEdit\Projects\Applications\fbe\BoatNavBluetooth\STM32_Sonar\stm32f10x_rcc.o
 .debug_pubtypes
                0x0000046c       0xd2 D:\FbEdit\Projects\Applications\fbe\BoatNavBluetooth\STM32_Sonar\stm32f10x_tim.o
 .debug_pubtypes
                0x0000053e       0xbb D:\FbEdit\Projects\Applications\fbe\BoatNavBluetooth\STM32_Sonar\stm32f10x_usart.o

.debug_ranges   0x00000000      0xa48
 .debug_ranges  0x00000000       0xb0 D:\FbEdit\Projects\Applications\fbe\BoatNavBluetooth\STM32_Sonar\main.o
 .debug_ranges  0x000000b0      0x128 D:\FbEdit\Projects\Applications\fbe\BoatNavBluetooth\STM32_Sonar\stm32f10x_adc.o
 .debug_ranges  0x000001d8       0x20 D:\FbEdit\Projects\Applications\fbe\BoatNavBluetooth\STM32_Sonar\stm32f10x_flash.o
 .debug_ranges  0x000001f8       0x90 D:\FbEdit\Projects\Applications\fbe\BoatNavBluetooth\STM32_Sonar\stm32f10x_gpio.o
 .debug_ranges  0x00000288      0x210 D:\FbEdit\Projects\Applications\fbe\BoatNavBluetooth\STM32_Sonar\stm32f10x_it.o
 .debug_ranges  0x00000498       0xf8 D:\FbEdit\Projects\Applications\fbe\BoatNavBluetooth\STM32_Sonar\stm32f10x_nvic.o
 .debug_ranges  0x00000590      0x108 D:\FbEdit\Projects\Applications\fbe\BoatNavBluetooth\STM32_Sonar\stm32f10x_rcc.o
 .debug_ranges  0x00000698      0x2d0 D:\FbEdit\Projects\Applications\fbe\BoatNavBluetooth\STM32_Sonar\stm32f10x_tim.o
 .debug_ranges  0x00000968       0xe0 D:\FbEdit\Projects\Applications\fbe\BoatNavBluetooth\STM32_Sonar\stm32f10x_usart.o
