Archive member included because of file (symbol)

D:\Ride\Ride\Lib\ARM\STM32x_io_putchar_thumb.a(STM32F10X_io_putchar.o)
                              (__io_putchar)
D:\Ride\Ride\Lib\ARM\std_sbrk_thumb.lib(write.o)
                              (_write)

Allocating common symbols
Common symbol       size              file

STM32_CMD           0xac              D:\FbEdit\Projects\Applications\fbe\STM32F4Discovery\STM32F4_LCMeter\main.o
NVIC_InitStructure  0x4               D:\FbEdit\Projects\Applications\fbe\STM32F4Discovery\STM32F4_LCMeter\stm32f4_discovery.o

Discarded input sections

 .text          0x00000000       0x14 .\startup_stm32f4xx.o
 .data          0x00000000        0x0 .\startup_stm32f4xx.o
 .bss           0x00000000        0x0 .\startup_stm32f4xx.o
 .text          0x00000000        0x0 D:\FbEdit\Projects\Applications\fbe\STM32F4Discovery\STM32F4_LCMeter\main.o
 .data          0x00000000        0x0 D:\FbEdit\Projects\Applications\fbe\STM32F4Discovery\STM32F4_LCMeter\main.o
 .bss           0x00000000        0x0 D:\FbEdit\Projects\Applications\fbe\STM32F4Discovery\STM32F4_LCMeter\main.o
 .text.USART3_puts
                0x00000000       0x24 D:\FbEdit\Projects\Applications\fbe\STM32F4Discovery\STM32F4_LCMeter\main.o
 .text          0x00000000        0x0 D:\FbEdit\Projects\Applications\fbe\STM32F4Discovery\STM32F4_LCMeter\stm32f4xx_it.o
 .data          0x00000000        0x0 D:\FbEdit\Projects\Applications\fbe\STM32F4Discovery\STM32F4_LCMeter\stm32f4xx_it.o
 .bss           0x00000000        0x0 D:\FbEdit\Projects\Applications\fbe\STM32F4Discovery\STM32F4_LCMeter\stm32f4xx_it.o
 .text          0x00000000        0x0 D:\FbEdit\Projects\Applications\fbe\STM32F4Discovery\STM32F4_LCMeter\stm32f4xx_rcc.o
 .bss           0x00000000        0x0 D:\FbEdit\Projects\Applications\fbe\STM32F4Discovery\STM32F4_LCMeter\stm32f4xx_rcc.o
 .text.RCC_DeInit
                0x00000000       0x38 D:\FbEdit\Projects\Applications\fbe\STM32F4Discovery\STM32F4_LCMeter\stm32f4xx_rcc.o
 .text.RCC_HSEConfig
                0x00000000       0x14 D:\FbEdit\Projects\Applications\fbe\STM32F4Discovery\STM32F4_LCMeter\stm32f4xx_rcc.o
 .text.RCC_AdjustHSICalibrationValue
                0x00000000       0x18 D:\FbEdit\Projects\Applications\fbe\STM32F4Discovery\STM32F4_LCMeter\stm32f4xx_rcc.o
 .text.RCC_HSICmd
                0x00000000        0xc D:\FbEdit\Projects\Applications\fbe\STM32F4Discovery\STM32F4_LCMeter\stm32f4xx_rcc.o
 .text.RCC_LSEConfig
                0x00000000       0x3c D:\FbEdit\Projects\Applications\fbe\STM32F4Discovery\STM32F4_LCMeter\stm32f4xx_rcc.o
 .text.RCC_LSICmd
                0x00000000        0xc D:\FbEdit\Projects\Applications\fbe\STM32F4Discovery\STM32F4_LCMeter\stm32f4xx_rcc.o
 .text.RCC_PLLConfig
                0x00000000       0x24 D:\FbEdit\Projects\Applications\fbe\STM32F4Discovery\STM32F4_LCMeter\stm32f4xx_rcc.o
 .text.RCC_PLLCmd
                0x00000000        0xc D:\FbEdit\Projects\Applications\fbe\STM32F4Discovery\STM32F4_LCMeter\stm32f4xx_rcc.o
 .text.RCC_PLLI2SConfig
                0x00000000       0x18 D:\FbEdit\Projects\Applications\fbe\STM32F4Discovery\STM32F4_LCMeter\stm32f4xx_rcc.o
 .text.RCC_PLLI2SCmd
                0x00000000        0xc D:\FbEdit\Projects\Applications\fbe\STM32F4Discovery\STM32F4_LCMeter\stm32f4xx_rcc.o
 .text.RCC_ClockSecuritySystemCmd
                0x00000000        0xc D:\FbEdit\Projects\Applications\fbe\STM32F4Discovery\STM32F4_LCMeter\stm32f4xx_rcc.o
 .text.RCC_MCO1Config
                0x00000000       0x18 D:\FbEdit\Projects\Applications\fbe\STM32F4Discovery\STM32F4_LCMeter\stm32f4xx_rcc.o
 .text.RCC_MCO2Config
                0x00000000       0x18 D:\FbEdit\Projects\Applications\fbe\STM32F4Discovery\STM32F4_LCMeter\stm32f4xx_rcc.o
 .text.RCC_SYSCLKConfig
                0x00000000       0x18 D:\FbEdit\Projects\Applications\fbe\STM32F4Discovery\STM32F4_LCMeter\stm32f4xx_rcc.o
 .text.RCC_GetSYSCLKSource
                0x00000000       0x10 D:\FbEdit\Projects\Applications\fbe\STM32F4Discovery\STM32F4_LCMeter\stm32f4xx_rcc.o
 .text.RCC_HCLKConfig
                0x00000000       0x18 D:\FbEdit\Projects\Applications\fbe\STM32F4Discovery\STM32F4_LCMeter\stm32f4xx_rcc.o
 .text.RCC_PCLK1Config
                0x00000000       0x18 D:\FbEdit\Projects\Applications\fbe\STM32F4Discovery\STM32F4_LCMeter\stm32f4xx_rcc.o
 .text.RCC_PCLK2Config
                0x00000000       0x18 D:\FbEdit\Projects\Applications\fbe\STM32F4Discovery\STM32F4_LCMeter\stm32f4xx_rcc.o
 .text.RCC_RTCCLKConfig
                0x00000000       0x3c D:\FbEdit\Projects\Applications\fbe\STM32F4Discovery\STM32F4_LCMeter\stm32f4xx_rcc.o
 .text.RCC_RTCCLKCmd
                0x00000000        0xc D:\FbEdit\Projects\Applications\fbe\STM32F4Discovery\STM32F4_LCMeter\stm32f4xx_rcc.o
 .text.RCC_BackupResetCmd
                0x00000000        0xc D:\FbEdit\Projects\Applications\fbe\STM32F4Discovery\STM32F4_LCMeter\stm32f4xx_rcc.o
[...]
Memory Configuration

Name             Origin             Length             Attributes
RAM              0x20000000         0x00002000         xrw
FLASH            0x08000000         0x00010000         xr
STARTFLASH       0x00000000         0x00000000         xr
CRPPATCH         0x00000000         0x00000000         r
FLASHPATCH       0x00000000         0x00000000         r
ENDFLASH         0x00000000         0x00000000         xr
FLASHB1          0x00000000         0x00000000         xr
EXTMEMB0         0x00000000         0x00000000         xr
EXTMEMB1         0x00000000         0x00000000         xr
EXTMEMB2         0x00000000         0x00000000         xr
EXTMEMB3         0x00000000         0x00000000         xr
*default*        0x00000000         0xffffffff

Linker script and memory map

LOAD .\startup_stm32f4xx.o
LOAD D:\FbEdit\Projects\Applications\fbe\STM32F4Discovery\STM32F4_LCMeter\main.o
LOAD D:\FbEdit\Projects\Applications\fbe\STM32F4Discovery\STM32F4_LCMeter\stm32f4xx_it.o
LOAD D:\FbEdit\Projects\Applications\fbe\STM32F4Discovery\STM32F4_LCMeter\stm32f4xx_rcc.o
LOAD D:\FbEdit\Projects\Applications\fbe\STM32F4Discovery\STM32F4_LCMeter\stm32f4xx_gpio.o
LOAD D:\FbEdit\Projects\Applications\fbe\STM32F4Discovery\STM32F4_LCMeter\stm32f4xx_tim.o
LOAD D:\FbEdit\Projects\Applications\fbe\STM32F4Discovery\STM32F4_LCMeter\misc.o
LOAD D:\FbEdit\Projects\Applications\fbe\STM32F4Discovery\STM32F4_LCMeter\system_stm32f4xx.o
LOAD D:\FbEdit\Projects\Applications\fbe\STM32F4Discovery\STM32F4_LCMeter\stm32f4_discovery.o
LOAD D:\FbEdit\Projects\Applications\fbe\STM32F4Discovery\STM32F4_LCMeter\stm32f4xx_dma.o
LOAD D:\FbEdit\Projects\Applications\fbe\STM32F4Discovery\STM32F4_LCMeter\stm32f4xx_adc.o
LOAD D:\FbEdit\Projects\Applications\fbe\STM32F4Discovery\STM32F4_LCMeter\stm32f4xx_dac.o
LOAD D:\FbEdit\Projects\Applications\fbe\STM32F4Discovery\STM32F4_LCMeter\stm32f4xx_spi.o
LOAD D:\FbEdit\Projects\Applications\fbe\STM32F4Discovery\STM32F4_LCMeter\stm32f4xx_usart.o
START GROUP
LOAD D:\Ride\Ride\Lib\ARM\STM32x_io_putchar_thumb.a
LOAD D:\Ride\Ride\Lib\ARM\std_sbrk_thumb.lib
LOAD D:\Ride\Ride\Lib\ARM\smallprintf_thumb.a
LOAD d:/ride/ride/arm-gcc/bin/../lib/gcc/arm-none-eabi/4.5.1/../../../../arm-none-eabi/lib/thumb2\libc.a
LOAD d:/ride/ride/arm-gcc/bin/../lib/gcc/arm-none-eabi/4.5.1/../../../../arm-none-eabi/lib/thumb2\libm.a
END GROUP
                0x00000400                __Stack_Size = 0x400
                0x00000400                PROVIDE (_Stack_Size, __Stack_Size)
                0x20001c00                __Stack_Init = (_estack - __Stack_Size)
                0x20001c00                PROVIDE (_Stack_Init, __Stack_Init)
                0x00000100                _Minimum_Stack_Size = 0x100
                0x00000000                PROVIDE (Undefined_Handler, 0x0)
                0x00000000                PROVIDE (SWI_Handler, 0x0)
                0x00000000                PROVIDE (IRQ_Handler, 0x0)
                0x00000000                PROVIDE (Prefetch_Handler, 0x0)
                0x00000000                PROVIDE (Abort_Handler, 0x0)
                0x00000000                PROVIDE (FIQ_Handler, 0x0)
                0x00000000                PROVIDE (NMIException, 0x0)
                0x00000000                PROVIDE (NMI_Handler, 0x0)
                0x00000000                PROVIDE (HardFaultException, 0x0)
                0x00000000                PROVIDE (HardFault_Handler, 0x0)
                0x00000000                PROVIDE (MemManageException, 0x0)
                0x00000000                PROVIDE (MemManage_Handler, 0x0)
                0x00000000                PROVIDE (BusFaultException, 0x0)
                0x00000000                PROVIDE (BusFault_Handler, 0x0)
                0x00000000                PROVIDE (UsageFaultException, 0x0)
                0x00000000                PROVIDE (UsageFault_Handler, 0x0)
                0x00000000                PROVIDE (SVCHandler, 0x0)
                0x00000000                PROVIDE (SVC_Handler, 0x0)
                0x00000000                PROVIDE (DebugMonitor, 0x0)
                0x00000000                PROVIDE (DebugMon_Handler, 0x0)
                0x00000000                PROVIDE (PendSVC, 0x0)
                0x00000000                PROVIDE (PendSV_Handler, 0x0)
                0x00000000                PROVIDE (SysTickHandler, 0x0)
                0x00000000                PROVIDE (SysTick_Handler, 0x0)
                0x00000000                PROVIDE (WWDG_IRQHandler, 0x0)
                0x00000000                PROVIDE (PVD_IRQHandler, 0x0)
                0x00000000                PROVIDE (TAMPER_IRQHandler, 0x0)
                0x00000000                PROVIDE (RTC_IRQHandler, 0x0)
                0x00000000                PROVIDE (FLASH_IRQHandler, 0x0)
                0x00000000                PROVIDE (RCC_IRQHandler, 0x0)
                0x00000000                PROVIDE (EXTI0_IRQHandler, 0x0)
                0x00000000                PROVIDE (EXTI1_IRQHandler, 0x0)
                0x00000000                PROVIDE (EXTI2_IRQHandler, 0x0)
                0x00000000                PROVIDE (EXTI3_IRQHandler, 0x0)
                0x00000000                PROVIDE (EXTI4_IRQHandler, 0x0)
                0x00000000                PROVIDE (DMAChannel1_IRQHandler, 0x0)
                0x00000000                PROVIDE (DMAChannel2_IRQHandler, 0x0)
                0x00000000                PROVIDE (DMAChannel3_IRQHandler, 0x0)
                0x00000000                PROVIDE (DMAChannel4_IRQHandler, 0x0)
                0x00000000                PROVIDE (DMAChannel5_IRQHandler, 0x0)
                0x00000000                PROVIDE (DMAChannel6_IRQHandler, 0x0)
                0x00000000                PROVIDE (DMAChannel7_IRQHandler, 0x0)
                0x00000000                PROVIDE (DMA1_Channel1_IRQHandler, 0x0)
                0x00000000                PROVIDE (DMA1_Channel2_IRQHandler, 0x0)
                0x00000000                PROVIDE (DMA1_Channel3_IRQHandler, 0x0)
                0x00000000                PROVIDE (DMA1_Channel4_IRQHandler, 0x0)
                0x00000000                PROVIDE (DMA1_Channel5_IRQHandler, 0x0)
                0x00000000                PROVIDE (DMA1_Channel6_IRQHandler, 0x0)
                0x00000000                PROVIDE (DMA1_Channel7_IRQHandler, 0x0)
                0x00000000                PROVIDE (ADC_IRQHandler, 0x0)
                0x00000000                PROVIDE (ADC1_2_IRQHandler, 0x0)
                0x00000000                PROVIDE (USB_HP_CAN_TX_IRQHandler, 0x0)
                0x00000000                PROVIDE (USB_HP_CAN1_TX_IRQHandler, 0x0)
                0x00000000                PROVIDE (USB_LP_CAN_RX0_IRQHandler, 0x0)
                0x00000000                PROVIDE (USB_LP_CAN1_RX0_IRQHandler, 0x0)
                0x00000000                PROVIDE (CAN_RX1_IRQHandler, 0x0)
                0x00000000                PROVIDE (CAN1_RX1_IRQHandler, 0x0)
                0x00000000                PROVIDE (CAN_SCE_IRQHandler, 0x0)
                0x00000000                PROVIDE (CAN1_SCE_IRQHandler, 0x0)
                0x00000000                PROVIDE (EXTI9_5_IRQHandler, 0x0)
                0x00000000                PROVIDE (TIM1_BRK_IRQHandler, 0x0)
                0x00000000                PROVIDE (TIM1_UP_IRQHandler, 0x0)
                0x00000000                PROVIDE (TIM1_TRG_COM_IRQHandler, 0x0)
                0x00000000                PROVIDE (TIM1_CC_IRQHandler, 0x0)
                0x00000000                PROVIDE (TIM2_IRQHandler, 0x0)
                0x00000000                PROVIDE (TIM3_IRQHandler, 0x0)
                0x00000000                PROVIDE (TIM4_IRQHandler, 0x0)
                0x00000000                PROVIDE (I2C1_EV_IRQHandler, 0x0)
                0x00000000                PROVIDE (I2C1_ER_IRQHandler, 0x0)
                0x00000000                PROVIDE (I2C2_EV_IRQHandler, 0x0)
                0x00000000                PROVIDE (I2C2_ER_IRQHandler, 0x0)
                0x00000000                PROVIDE (SPI1_IRQHandler, 0x0)
                0x00000000                PROVIDE (SPI2_IRQHandler, 0x0)
                0x00000000                PROVIDE (USART1_IRQHandler, 0x0)
                0x00000000                PROVIDE (USART2_IRQHandler, 0x0)
                0x00000000                PROVIDE (USART3_IRQHandler, 0x0)
                0x00000000                PROVIDE (EXTI15_10_IRQHandler, 0x0)
                0x00000000                PROVIDE (RTCAlarm_IRQHandler, 0x0)
                0x00000000                PROVIDE (USBWakeUp_IRQHandler, 0x0)
                0x00000000                PROVIDE (TIM8_BRK_IRQHandler, 0x0)
                0x00000000                PROVIDE (TIM8_UP_IRQHandler, 0x0)
                0x00000000                PROVIDE (TIM8_TRG_COM_IRQHandler, 0x0)
                0x00000000                PROVIDE (TIM8_CC_IRQHandler, 0x0)
                0x00000000                PROVIDE (ADC3_IRQHandler, 0x0)
                0x00000000                PROVIDE (FSMC_IRQHandler, 0x0)
                0x00000000                PROVIDE (SDIO_IRQHandler, 0x0)
                0x00000000                PROVIDE (TIM5_IRQHandler, 0x0)
                0x00000000                PROVIDE (SPI3_IRQHandler, 0x0)
                0x00000000                PROVIDE (UART4_IRQHandler, 0x0)
                0x00000000                PROVIDE (UART5_IRQHandler, 0x0)
                0x00000000                PROVIDE (TIM6_IRQHandler, 0x0)
                0x00000000                PROVIDE (TIM7_IRQHandler, 0x0)
                0x00000000                PROVIDE (DMA2_Channel1_IRQHandler, 0x0)
                0x00000000                PROVIDE (DMA2_Channel2_IRQHandler, 0x0)
                0x00000000                PROVIDE (DMA2_Channel3_IRQHandler, 0x0)
                0x00000000                PROVIDE (DMA2_Channel4_5_IRQHandler, 0x0)
                0x42000000                PERIPH_BB_BASE = 0x42000000
                0x22000000                SRAM_BB_BASE = 0x22000000
                0x20000000                SRAM_BASE = 0x20000000
                0x40000000                PERIPH_BASE = 0x40000000
                0x40022000                PROVIDE (FLASH_BASE, 0x40022000)
                0x1ffff800                PROVIDE (OB_BASE, 0x1ffff800)
                0x40000000                APB1PERIPH_BASE = PERIPH_BASE
                0x40010000                APB2PERIPH_BASE = (PERIPH_BASE + 0x10000)
                0x40020000                AHBPERIPH_BASE = (PERIPH_BASE + 0x20000)
                0x40000000                PROVIDE (TIM2, (APB1PERIPH_BASE + 0x0))
                0x40000400                PROVIDE (TIM3, (APB1PERIPH_BASE + 0x400))
                0x40000800                PROVIDE (TIM4, (APB1PERIPH_BASE + 0x800))
                0x40002800                PROVIDE (RTC, (APB1PERIPH_BASE + 0x2800))
                0x40002c00                PROVIDE (WWDG, (APB1PERIPH_BASE + 0x2c00))
                0x40003000                PROVIDE (IWDG, (APB1PERIPH_BASE + 0x3000))
                0x40003800                PROVIDE (SPI2, (APB1PERIPH_BASE + 0x3800))
                0x40004400                PROVIDE (USART2, (APB1PERIPH_BASE + 0x4400))
                0x40004800                PROVIDE (USART3, (APB1PERIPH_BASE + 0x4800))
                0x40005400                PROVIDE (I2C1, (APB1PERIPH_BASE + 0x5400))
                0x40005800                PROVIDE (I2C2, (APB1PERIPH_BASE + 0x5800))
                0x40006400                PROVIDE (CAN, (APB1PERIPH_BASE + 0x6400))
                0x40006c00                PROVIDE (BKP, (APB1PERIPH_BASE + 0x6c00))
                0x40007000                PROVIDE (PWR, (APB1PERIPH_BASE + 0x7000))
                0x40010000                PROVIDE (AFIO, (APB2PERIPH_BASE + 0x0))
                0x40010400                PROVIDE (EXTI, (APB2PERIPH_BASE + 0x400))
                0x40010800                PROVIDE (GPIOA, (APB2PERIPH_BASE + 0x800))
                0x40010c00                PROVIDE (GPIOB, (APB2PERIPH_BASE + 0xc00))
                0x40011000                PROVIDE (GPIOC, (APB2PERIPH_BASE + 0x1000))
                0x40011400                PROVIDE (GPIOD, (APB2PERIPH_BASE + 0x1400))
                0x40011800                PROVIDE (GPIOE, (APB2PERIPH_BASE + 0x1800))
                0x40012400                PROVIDE (ADC1, (APB2PERIPH_BASE + 0x2400))
                0x40012800                PROVIDE (ADC2, (APB2PERIPH_BASE + 0x2800))
                0x40012c00                PROVIDE (TIM1, (APB2PERIPH_BASE + 0x2c00))
                0x40013000                PROVIDE (SPI1, (APB2PERIPH_BASE + 0x3000))
                0x40013800                PROVIDE (USART1, (APB2PERIPH_BASE + 0x3800))
                0x40020000                PROVIDE (DMA, (AHBPERIPH_BASE + 0x0))
                0x40020008                PROVIDE (DMA_Channel1, (AHBPERIPH_BASE + 0x8))
                0x4002001c                PROVIDE (DMA_Channel2, (AHBPERIPH_BASE + 0x1c))
                0x40020030                PROVIDE (DMA_Channel3, (AHBPERIPH_BASE + 0x30))
                0x40020044                PROVIDE (DMA_Channel4, (AHBPERIPH_BASE + 0x44))
                0x40020058                PROVIDE (DMA_Channel5, (AHBPERIPH_BASE + 0x58))
                0x4002006c                PROVIDE (DMA_Channel6, (AHBPERIPH_BASE + 0x6c))
                0x40020080                PROVIDE (DMA_Channel7, (AHBPERIPH_BASE + 0x80))
                0x40021000                PROVIDE (RCC, (AHBPERIPH_BASE + 0x1000))
                0xe000e000                SCS_BASE = 0xe000e000
                0xe000e010                PROVIDE (SysTick, (SCS_BASE + 0x10))
                0xe000e100                PROVIDE (NVIC, (SCS_BASE + 0x100))
                0xe000ed00                PROVIDE (SCB, (SCS_BASE + 0xd00))
                0x20002000                _estack = 0x20002000

.isr_vector     0x08000000      0x188
                0x08000000                . = ALIGN (0x4)
 *(.isr_vector)
 .isr_vector    0x08000000      0x188 .\startup_stm32f4xx.o
                0x08000000                g_pfnVectors
                0x08000188                . = ALIGN (0x4)

.flash_start    0x00000000        0x0
                0x00000000                . = ALIGN (0x4)
 *(.flash_start)
 *(.flash_start.*)
                0x00000000                . = ALIGN (0x4)

.crp_patch      0x00000000        0x0
                0x00000000                . = ALIGN (0x4)
 *(.crp_patch)
                0x00000000                . = ALIGN (0x4)

.flashtext      0x08000188        0x0
                0x08000188                . = ALIGN (0x4)
 *(.flashtext)
                0x08000188                . = ALIGN (0x4)

.text           0x08000188     0x1a4c
                0x08000188                . = ALIGN (0x4)
 *(.text)
 *(.text.*)
 .text.Reset_Handler
                0x08000188       0x44 .\startup_stm32f4xx.o
                0x08000188                Reset_Handler
 .text.Default_Handler
                0x080001cc        0x2 .\startup_stm32f4xx.o
                0x080001cc                RTC_Alarm_IRQHandler
                0x080001cc                HASH_RNG_IRQHandler
                0x080001cc                EXTI2_IRQHandler
                0x080001cc                TIM8_CC_IRQHandler
                0x080001cc                TIM1_CC_IRQHandler
                0x080001cc                DMA2_Stream5_IRQHandler
                0x080001cc                DMA1_Stream5_IRQHandler
                0x080001cc                PVD_IRQHandler
                0x080001cc                SDIO_IRQHandler
                0x080001cc                TAMP_STAMP_IRQHandler
                0x080001cc                CAN2_RX1_IRQHandler
                0x080001cc                EXTI3_IRQHandler
                0x080001cc                TIM8_TRG_COM_TIM14_IRQHandler
                0x080001cc                TIM1_UP_TIM10_IRQHandler
                0x080001cc                TIM8_UP_TIM13_IRQHandler
                0x080001cc                I2C3_ER_IRQHandler
                0x080001cc                EXTI0_IRQHandler
                0x080001cc                I2C2_EV_IRQHandler
                0x080001cc                DMA1_Stream2_IRQHandler
                0x080001cc                CAN1_RX0_IRQHandler
                0x080001cc                FPU_IRQHandler
                0x080001cc                OTG_HS_WKUP_IRQHandler
                0x080001cc                CAN2_SCE_IRQHandler
                0x080001cc                DMA2_Stream2_IRQHandler
                0x080001cc                SPI1_IRQHandler
                0x080001cc                TIM6_DAC_IRQHandler
                0x080001cc                TIM1_BRK_TIM9_IRQHandler
                0x080001cc                DCMI_IRQHandler
                0x080001cc                CAN2_RX0_IRQHandler
                0x080001cc                DMA2_Stream3_IRQHandler
                0x080001cc                USART6_IRQHandler
                0x080001cc                USART3_IRQHandler
                0x080001cc                CRYP_IRQHandler
                0x080001cc                CAN1_RX1_IRQHandler
                0x080001cc                UART5_IRQHandler
                0x080001cc                DMA2_Stream0_IRQHandler
                0x080001cc                TIM4_IRQHandler
                0x080001cc                I2C1_EV_IRQHandler
                0x080001cc                DMA1_Stream6_IRQHandler
                0x080001cc                DMA1_Stream1_IRQHandler
                0x080001cc                UART4_IRQHandler
                0x080001cc                RCC_IRQHandler
                0x080001cc                TIM8_BRK_TIM12_IRQHandler
                0x080001cc                Default_Handler
                0x080001cc                EXTI15_10_IRQHandler
                0x080001cc                ADC_IRQHandler
                0x080001cc                DMA1_Stream7_IRQHandler
                0x080001cc                TIM7_IRQHandler
                0x080001cc                CAN2_TX_IRQHandler
                0x080001cc                TIM5_IRQHandler
                0x080001cc                DMA2_Stream7_IRQHandler
                0x080001cc                I2C3_EV_IRQHandler
                0x080001cc                EXTI9_5_IRQHandler
                0x080001cc                RTC_WKUP_IRQHandler
                0x080001cc                ETH_WKUP_IRQHandler
                0x080001cc                SPI2_IRQHandler
                0x080001cc                OTG_HS_EP1_IN_IRQHandler
                0x080001cc                DMA1_Stream0_IRQHandler
                0x080001cc                CAN1_TX_IRQHandler
                0x080001cc                EXTI4_IRQHandler
                0x080001cc                FSMC_IRQHandler
                0x080001cc                ETH_IRQHandler
                0x080001cc                OTG_HS_EP1_OUT_IRQHandler
                0x080001cc                WWDG_IRQHandler
                0x080001cc                TIM2_IRQHandler
                0x080001cc                OTG_FS_WKUP_IRQHandler
                0x080001cc                TIM1_TRG_COM_TIM11_IRQHandler
                0x080001cc                OTG_HS_IRQHandler
                0x080001cc                EXTI1_IRQHandler
                0x080001cc                USART2_IRQHandler
                0x080001cc                I2C2_ER_IRQHandler
                0x080001cc                DMA2_Stream1_IRQHandler
                0x080001cc                CAN1_SCE_IRQHandler
                0x080001cc                FLASH_IRQHandler
                0x080001cc                DMA2_Stream4_IRQHandler
                0x080001cc                USART1_IRQHandler
                0x080001cc                OTG_FS_IRQHandler
                0x080001cc                SPI3_IRQHandler
                0x080001cc                DMA1_Stream4_IRQHandler
                0x080001cc                I2C1_ER_IRQHandler
                0x080001cc                DMA2_Stream6_IRQHandler
                0x080001cc                DMA1_Stream3_IRQHandler
 *fill*         0x080001ce        0x2 00
 .text.GetFrequency
                0x080001d0       0x20 D:\FbEdit\Projects\Applications\fbe\STM32F4Discovery\STM32F4_LCMeter\main.o
                0x080001d0                GetFrequency
 .text.LCM_Calibrate
                0x080001f0       0xa4 D:\FbEdit\Projects\Applications\fbe\STM32F4Discovery\STM32F4_LCMeter\main.o
                0x080001f0                LCM_Calibrate
 .text.SPISendData
                0x08000294       0x2c D:\FbEdit\Projects\Applications\fbe\STM32F4Discovery\STM32F4_LCMeter\main.o
                0x08000294                SPISendData
 .text.USART3_putdata
                0x080002c0       0x30 D:\FbEdit\Projects\Applications\fbe\STM32F4Discovery\STM32F4_LCMeter\main.o
                0x080002c0                USART3_putdata
 .text.USART3_getdata
                0x080002f0       0x38 D:\FbEdit\Projects\Applications\fbe\STM32F4Discovery\STM32F4_LCMeter\main.o
                0x080002f0                USART3_getdata
 .text.RCC_Config
                0x08000328       0x68 D:\FbEdit\Projects\Applications\fbe\STM32F4Discovery\STM32F4_LCMeter\main.o
                0x08000328                RCC_Config
 .text.NVIC_Config
                0x08000390       0x2c D:\FbEdit\Projects\Applications\fbe\STM32F4Discovery\STM32F4_LCMeter\main.o
                0x08000390                NVIC_Config
 .text.GPIO_Config
                0x080003bc      0x174 D:\FbEdit\Projects\Applications\fbe\STM32F4Discovery\STM32F4_LCMeter\main.o
                0x080003bc                GPIO_Config
 .text.TIM_Config
                0x08000530      0x110 D:\FbEdit\Projects\Applications\fbe\STM32F4Discovery\STM32F4_LCMeter\main.o
                0x08000530                TIM_Config
 .text.DAC_Config
                0x08000640       0x34 D:\FbEdit\Projects\Applications\fbe\STM32F4Discovery\STM32F4_LCMeter\main.o
                0x08000640                DAC_Config
 .text.DMA_SingleConfig
                0x08000674       0x80 D:\FbEdit\Projects\Applications\fbe\STM32F4Discovery\STM32F4_LCMeter\main.o
                0x08000674                DMA_SingleConfig
 .text.ADC_SingleConfig
                0x080006f4       0x84 D:\FbEdit\Projects\Applications\fbe\STM32F4Discovery\STM32F4_LCMeter\main.o
                0x080006f4                ADC_SingleConfig
 .text.DMA_TripleConfig
                0x08000778       0x80 D:\FbEdit\Projects\Applications\fbe\STM32F4Discovery\STM32F4_LCMeter\main.o
                0x08000778                DMA_TripleConfig
 .text.ADC_TripleConfig
                0x080007f8       0xd8 D:\FbEdit\Projects\Applications\fbe\STM32F4Discovery\STM32F4_LCMeter\main.o
                0x080007f8                ADC_TripleConfig
 .text.SPI_Config
                0x080008d0       0x64 D:\FbEdit\Projects\Applications\fbe\STM32F4Discovery\STM32F4_LCMeter\main.o
                0x080008d0                SPI_Config
 .text.USART_Config
                0x08000934       0x6c D:\FbEdit\Projects\Applications\fbe\STM32F4Discovery\STM32F4_LCMeter\main.o
                0x08000934                USART_Config
 .text.main     0x080009a0      0x2b4 D:\FbEdit\Projects\Applications\fbe\STM32F4Discovery\STM32F4_LCMeter\main.o
                0x080009a0                main
 .text.TIM3_IRQHandler
                0x08000c54       0x58 D:\FbEdit\Projects\Applications\fbe\STM32F4Discovery\STM32F4_LCMeter\main.o
                0x08000c54                TIM3_IRQHandler
 .text.NMI_Handler
                0x08000cac        0x4 D:\FbEdit\Projects\Applications\fbe\STM32F4Discovery\STM32F4_LCMeter\stm32f4xx_it.o
                0x08000cac                NMI_Handler
 .text.HardFault_Handler
                0x08000cb0        0x4 D:\FbEdit\Projects\Applications\fbe\STM32F4Discovery\STM32F4_LCMeter\stm32f4xx_it.o
                0x08000cb0                HardFault_Handler
 .text.MemManage_Handler
                0x08000cb4        0x4 D:\FbEdit\Projects\Applications\fbe\STM32F4Discovery\STM32F4_LCMeter\stm32f4xx_it.o
                0x08000cb4                MemManage_Handler
 .text.BusFault_Handler
                0x08000cb8        0x4 D:\FbEdit\Projects\Applications\fbe\STM32F4Discovery\STM32F4_LCMeter\stm32f4xx_it.o
                0x08000cb8                BusFault_Handler
 .text.UsageFault_Handler
                0x08000cbc        0x4 D:\FbEdit\Projects\Applications\fbe\STM32F4Discovery\STM32F4_LCMeter\stm32f4xx_it.o
                0x08000cbc                UsageFault_Handler
 .text.DebugMon_Handler
                0x08000cc0        0x4 D:\FbEdit\Projects\Applications\fbe\STM32F4Discovery\STM32F4_LCMeter\stm32f4xx_it.o
                0x08000cc0                DebugMon_Handler
 .text.SVC_Handler
                0x08000cc4        0x4 D:\FbEdit\Projects\Applications\fbe\STM32F4Discovery\STM32F4_LCMeter\stm32f4xx_it.o
                0x08000cc4                SVC_Handler
 .text.PendSV_Handler
                0x08000cc8        0x4 D:\FbEdit\Projects\Applications\fbe\STM32F4Discovery\STM32F4_LCMeter\stm32f4xx_it.o
                0x08000cc8                PendSV_Handler
 .text.SysTick_Handler
                0x08000ccc        0x4 D:\FbEdit\Projects\Applications\fbe\STM32F4Discovery\STM32F4_LCMeter\stm32f4xx_it.o
                0x08000ccc                SysTick_Handler
 .text.RCC_GetClocksFreq
                0x08000cd0       0xd8 D:\FbEdit\Projects\Applications\fbe\STM32F4Discovery\STM32F4_LCMeter\stm32f4xx_rcc.o
                0x08000cd0                RCC_GetClocksFreq
 .text.RCC_AHB1PeriphClockCmd
                0x08000da8       0x24 D:\FbEdit\Projects\Applications\fbe\STM32F4Discovery\STM32F4_LCMeter\stm32f4xx_rcc.o
                0x08000da8                RCC_AHB1PeriphClockCmd
 .text.RCC_APB1PeriphClockCmd
                0x08000dcc       0x24 D:\FbEdit\Projects\Applications\fbe\STM32F4Discovery\STM32F4_LCMeter\stm32f4xx_rcc.o
                0x08000dcc                RCC_APB1PeriphClockCmd
 .text.RCC_APB2PeriphClockCmd
                0x08000df0       0x24 D:\FbEdit\Projects\Applications\fbe\STM32F4Discovery\STM32F4_LCMeter\stm32f4xx_rcc.o
                0x08000df0                RCC_APB2PeriphClockCmd
 .text.GPIO_Init
                0x08000e14       0xbc D:\FbEdit\Projects\Applications\fbe\STM32F4Discovery\STM32F4_LCMeter\stm32f4xx_gpio.o
                0x08000e14                GPIO_Init
 .text.GPIO_SetBits
                0x08000ed0        0x4 D:\FbEdit\Projects\Applications\fbe\STM32F4Discovery\STM32F4_LCMeter\stm32f4xx_gpio.o
                0x08000ed0                GPIO_SetBits
 .text.GPIO_ResetBits
                0x08000ed4        0x4 D:\FbEdit\Projects\Applications\fbe\STM32F4Discovery\STM32F4_LCMeter\stm32f4xx_gpio.o
                0x08000ed4                GPIO_ResetBits
 .text.GPIO_PinAFConfig
                0x08000ed8       0x3c D:\FbEdit\Projects\Applications\fbe\STM32F4Discovery\STM32F4_LCMeter\stm32f4xx_gpio.o
                0x08000ed8                GPIO_PinAFConfig
 .text.TIM_TimeBaseInit
                0x08000f14       0xc0 D:\FbEdit\Projects\Applications\fbe\STM32F4Discovery\STM32F4_LCMeter\stm32f4xx_tim.o
                0x08000f14                TIM_TimeBaseInit
 .text.TIM_ARRPreloadConfig
                0x08000fd4       0x20 D:\FbEdit\Projects\Applications\fbe\STM32F4Discovery\STM32F4_LCMeter\stm32f4xx_tim.o
                0x08000fd4                TIM_ARRPreloadConfig
 .text.TIM_Cmd  0x08000ff4       0x20 D:\FbEdit\Projects\Applications\fbe\STM32F4Discovery\STM32F4_LCMeter\stm32f4xx_tim.o
                0x08000ff4                TIM_Cmd
 .text.TIM_OC2Init
                0x08001014       0xb0 D:\FbEdit\Projects\Applications\fbe\STM32F4Discovery\STM32F4_LCMeter\stm32f4xx_tim.o
                0x08001014                TIM_OC2Init
 .text.TIM_OCStructInit
                0x080010c4       0x18 D:\FbEdit\Projects\Applications\fbe\STM32F4Discovery\STM32F4_LCMeter\stm32f4xx_tim.o
                0x080010c4                TIM_OCStructInit
 .text.TIM_OC2PreloadConfig
                0x080010dc       0x18 D:\FbEdit\Projects\Applications\fbe\STM32F4Discovery\STM32F4_LCMeter\stm32f4xx_tim.o
                0x080010dc                TIM_OC2PreloadConfig
 .text.TIM_ITConfig
                0x080010f4       0x18 D:\FbEdit\Projects\Applications\fbe\STM32F4Discovery\STM32F4_LCMeter\stm32f4xx_tim.o
                0x080010f4                TIM_ITConfig
 .text.TIM_ClearITPendingBit
                0x0800110c        0xc D:\FbEdit\Projects\Applications\fbe\STM32F4Discovery\STM32F4_LCMeter\stm32f4xx_tim.o
                0x0800110c                TIM_ClearITPendingBit
 .text.NVIC_Init
                0x08001118       0x88 D:\FbEdit\Projects\Applications\fbe\STM32F4Discovery\STM32F4_LCMeter\misc.o
                0x08001118                NVIC_Init
 .text.SystemInit
                0x080011a0      0x124 D:\FbEdit\Projects\Applications\fbe\STM32F4Discovery\STM32F4_LCMeter\system_stm32f4xx.o
                0x080011a0                SystemInit
 .text.STM_EVAL_LEDInit
                0x080012c4       0x54 D:\FbEdit\Projects\Applications\fbe\STM32F4Discovery\STM32F4_LCMeter\stm32f4_discovery.o
                0x080012c4                STM_EVAL_LEDInit
 .text.STM_EVAL_LEDToggle
                0x08001318       0x24 D:\FbEdit\Projects\Applications\fbe\STM32F4Discovery\STM32F4_LCMeter\stm32f4_discovery.o
                0x08001318                STM_EVAL_LEDToggle
 .text.DMA_DeInit
                0x0800133c      0x1f4 D:\FbEdit\Projects\Applications\fbe\STM32F4Discovery\STM32F4_LCMeter\stm32f4xx_dma.o
                0x0800133c                DMA_DeInit
 .text.DMA_Init
                0x08001530       0x60 D:\FbEdit\Projects\Applications\fbe\STM32F4Discovery\STM32F4_LCMeter\stm32f4xx_dma.o
                0x08001530                DMA_Init
 .text.DMA_StructInit
                0x08001590       0x24 D:\FbEdit\Projects\Applications\fbe\STM32F4Discovery\STM32F4_LCMeter\stm32f4xx_dma.o
                0x08001590                DMA_StructInit
 .text.DMA_Cmd  0x080015b4       0x18 D:\FbEdit\Projects\Applications\fbe\STM32F4Discovery\STM32F4_LCMeter\stm32f4xx_dma.o
                0x080015b4                DMA_Cmd
 .text.DMA_GetFlagStatus
                0x080015cc       0x44 D:\FbEdit\Projects\Applications\fbe\STM32F4Discovery\STM32F4_LCMeter\stm32f4xx_dma.o
                0x080015cc                DMA_GetFlagStatus
 .text.ADC_Init
                0x08001610       0x54 D:\FbEdit\Projects\Applications\fbe\STM32F4Discovery\STM32F4_LCMeter\stm32f4xx_adc.o
                0x08001610                ADC_Init
 .text.ADC_StructInit
                0x08001664       0x18 D:\FbEdit\Projects\Applications\fbe\STM32F4Discovery\STM32F4_LCMeter\stm32f4xx_adc.o
                0x08001664                ADC_StructInit
 .text.ADC_CommonInit
                0x0800167c       0x34 D:\FbEdit\Projects\Applications\fbe\STM32F4Discovery\STM32F4_LCMeter\stm32f4xx_adc.o
                0x0800167c                ADC_CommonInit
 .text.ADC_CommonStructInit
                0x080016b0       0x10 D:\FbEdit\Projects\Applications\fbe\STM32F4Discovery\STM32F4_LCMeter\stm32f4xx_adc.o
                0x080016b0                ADC_CommonStructInit
 .text.ADC_Cmd  0x080016c0       0x18 D:\FbEdit\Projects\Applications\fbe\STM32F4Discovery\STM32F4_LCMeter\stm32f4xx_adc.o
                0x080016c0                ADC_Cmd
 .text.ADC_RegularChannelConfig
                0x080016d8       0xb4 D:\FbEdit\Projects\Applications\fbe\STM32F4Discovery\STM32F4_LCMeter\stm32f4xx_adc.o
                0x080016d8                ADC_RegularChannelConfig
 .text.ADC_DMACmd
                0x0800178c       0x18 D:\FbEdit\Projects\Applications\fbe\STM32F4Discovery\STM32F4_LCMeter\stm32f4xx_adc.o
                0x0800178c                ADC_DMACmd
 .text.ADC_DMARequestAfterLastTransferCmd
                0x080017a4       0x18 D:\FbEdit\Projects\Applications\fbe\STM32F4Discovery\STM32F4_LCMeter\stm32f4xx_adc.o
                0x080017a4                ADC_DMARequestAfterLastTransferCmd
 .text.ADC_MultiModeDMARequestAfterLastTransferCmd
                0x080017bc       0x28 D:\FbEdit\Projects\Applications\fbe\STM32F4Discovery\STM32F4_LCMeter\stm32f4xx_adc.o
                0x080017bc                ADC_MultiModeDMARequestAfterLastTransferCmd
 .text.DAC_Init
                0x080017e4       0x38 D:\FbEdit\Projects\Applications\fbe\STM32F4Discovery\STM32F4_LCMeter\stm32f4xx_dac.o
                0x080017e4                DAC_Init
 .text.DAC_StructInit
                0x0800181c       0x10 D:\FbEdit\Projects\Applications\fbe\STM32F4Discovery\STM32F4_LCMeter\stm32f4xx_dac.o
                0x0800181c                DAC_StructInit
 .text.DAC_Cmd  0x0800182c       0x34 D:\FbEdit\Projects\Applications\fbe\STM32F4Discovery\STM32F4_LCMeter\stm32f4xx_dac.o
                0x0800182c                DAC_Cmd
 .text.DAC_SetChannel1Data
                0x08001860       0x24 D:\FbEdit\Projects\Applications\fbe\STM32F4Discovery\STM32F4_LCMeter\stm32f4xx_dac.o
                0x08001860                DAC_SetChannel1Data
 .text.SPI_Init
                0x08001884       0x48 D:\FbEdit\Projects\Applications\fbe\STM32F4Discovery\STM32F4_LCMeter\stm32f4xx_spi.o
                0x08001884                SPI_Init
 .text.SPI_Cmd  0x080018cc       0x20 D:\FbEdit\Projects\Applications\fbe\STM32F4Discovery\STM32F4_LCMeter\stm32f4xx_spi.o
                0x080018cc                SPI_Cmd
 .text.USART_Init
                0x080018ec      0x10c D:\FbEdit\Projects\Applications\fbe\STM32F4Discovery\STM32F4_LCMeter\stm32f4xx_usart.o
                0x080018ec                USART_Init
 .text.USART_StructInit
                0x080019f8       0x1c D:\FbEdit\Projects\Applications\fbe\STM32F4Discovery\STM32F4_LCMeter\stm32f4xx_usart.o
                0x080019f8                USART_StructInit
 .text.USART_Cmd
                0x08001a14       0x20 D:\FbEdit\Projects\Applications\fbe\STM32F4Discovery\STM32F4_LCMeter\stm32f4xx_usart.o
                0x08001a14                USART_Cmd
 .text.__io_putchar
                0x08001a34      0x16c D:\Ride\Ride\Lib\ARM\STM32x_io_putchar_thumb.a(STM32F10X_io_putchar.o)
                0x08001a34                __io_putchar
 .text._write   0x08001ba0        0x4 D:\Ride\Ride\Lib\ARM\std_sbrk_thumb.lib(write.o)
                0x08001ba0                _write
 *(.rodata)
 .rodata        0x08001ba4       0x30 D:\FbEdit\Projects\Applications\fbe\STM32F4Discovery\STM32F4_LCMeter\stm32f4_discovery.o
                0x08001ba4                GPIO_CLK
                0x08001bb4                GPIO_PIN
                0x08001bbc                BUTTON_CLK
                0x08001bc0                BUTTON_PIN
                0x08001bc4                BUTTON_PORT_SOURCE
                0x08001bc8                BUTTON_PIN_SOURCE
                0x08001bcc                BUTTON_EXTI_LINE
                0x08001bd0                BUTTON_IRQn
 *(.rodata*)
 *(.glue_7)
 .glue_7        0x00000000        0x0 linker stubs
 *(.glue_7t)
 .glue_7t       0x00000000        0x0 linker stubs
                0x08001bd4                . = ALIGN (0x4)
                0x08001bd4                _etext = .
                0x08001bd4                _sidata = _etext

.vfp11_veneer   0x08001bd4        0x0
 .vfp11_veneer  0x00000000        0x0 linker stubs

.v4_bx          0x08001bd4        0x0
 .v4_bx         0x00000000        0x0 linker stubs

.flashpatch     0x00000000        0x0
                0x00000000                . = ALIGN (0x4)
 *(.flashpatch)
                0x00000000                . = ALIGN (0x4)

.endflash       0x00000000        0x0
                0x00000000                . = ALIGN (0x4)
 *(.endflash)
                0x00000000                . = ALIGN (0x4)
                0x00000000                _e_endflash = .

.data           0x20000000       0x24 load address 0x08001bd4
                0x20000000                . = ALIGN (0x4)
                0x20000000                _sdata = .
                0x20000000                _data = .
 *(.data)
 .data          0x20000000       0x10 D:\FbEdit\Projects\Applications\fbe\STM32F4Discovery\STM32F4_LCMeter\stm32f4xx_rcc.o
 .data          0x20000010       0x14 D:\FbEdit\Projects\Applications\fbe\STM32F4Discovery\STM32F4_LCMeter\stm32f4_discovery.o
                0x20000010                GPIO_PORT
                0x20000020                BUTTON_PORT
 *(.data.*)
 *(.RAMtext)
                0x20000024                . = ALIGN (0x4)
                0x20000024                _edata = .
                0x08001bf8                _eidata = ((_sidata + _edata) - _sdata)
                0x08010000                _lastdataromaddress = 0x8010000
                0x00000000                toobig = (_eidata > _lastdataromaddress)?!!!!!!!!! FLASH IS FULL !!!!!!!!!:0x0

.bss            0x20000024       0xac load address 0x08001bf8
                0x20000024                . = ALIGN (0x4)
                0x20000024                _sbss = .
                0x20000024                _bss = .
 *(.bss)
 *(COMMON)
 COMMON         0x20000024       0xac D:\FbEdit\Projects\Applications\fbe\STM32F4Discovery\STM32F4_LCMeter\main.o
                0x20000024                STM32_CMD
                0x200000d0                . = ALIGN (0x4)
                0x200000d0                _ebss = .
                0x200000d0                PROVIDE (end, _ebss)
                0x200000d0                PROVIDE (_end, _ebss)

._usrstack      0x200000d0      0x100 load address 0x08001ca4
                0x200000d0                . = ALIGN (0x4)
                0x200000d0                _susrstack = .
                0x200001d0                . = (. + _Minimum_Stack_Size)
 *fill*         0x200000d0      0x100 00
                0x200001d0                . = ALIGN (0x4)
                0x200001d0                _eusrstack = .

.b1text
 *(.b1text)
 *(.b1rodata)
 *(.b1rodata*)

.eb0text
 *(.eb0text)
 *(.eb0rodata)
 *(.eb0rodata*)

.eb1text
 *(.eb1text)
 *(.eb1rodata)
 *(.eb1rodata*)

.eb2text
 *(.eb2text)
 *(.eb2rodata)
 *(.eb2rodata*)

.eb3text
 *(.eb3text)
 *(.eb3rodata)
 *(.eb3rodata*)
                0x200001d0                __exidx_start = .
                0x200001d0                __exidx_end = .

/DISCARD/
 libc.a(*)
 libm.a(*)
 libgcc.a(*)

.stab
 *(.stab)

.stabstr
 *(.stabstr)

.stab.excl
 *(.stab.excl)

.stab.exclstr
 *(.stab.exclstr)

.stab.index
 *(.stab.index)

.stab.indexstr
 *(.stab.indexstr)

.ARM.attributes
                0x00000000       0x2d
 .ARM.attributes
                0x00000000       0x21 .\startup_stm32f4xx.o
 .ARM.attributes
                0x00000021       0x31 D:\FbEdit\Projects\Applications\fbe\STM32F4Discovery\STM32F4_LCMeter\main.o
 .ARM.attributes
                0x00000052       0x31 D:\FbEdit\Projects\Applications\fbe\STM32F4Discovery\STM32F4_LCMeter\stm32f4xx_it.o
 .ARM.attributes
                0x00000083       0x31 D:\FbEdit\Projects\Applications\fbe\STM32F4Discovery\STM32F4_LCMeter\stm32f4xx_rcc.o
 .ARM.attributes
                0x000000b4       0x31 D:\FbEdit\Projects\Applications\fbe\STM32F4Discovery\STM32F4_LCMeter\stm32f4xx_gpio.o
 .ARM.attributes
                0x000000e5       0x31 D:\FbEdit\Projects\Applications\fbe\STM32F4Discovery\STM32F4_LCMeter\stm32f4xx_tim.o
 .ARM.attributes
                0x00000116       0x31 D:\FbEdit\Projects\Applications\fbe\STM32F4Discovery\STM32F4_LCMeter\misc.o
 .ARM.attributes
                0x00000147       0x31 D:\FbEdit\Projects\Applications\fbe\STM32F4Discovery\STM32F4_LCMeter\system_stm32f4xx.o
 .ARM.attributes
                0x00000178       0x31 D:\FbEdit\Projects\Applications\fbe\STM32F4Discovery\STM32F4_LCMeter\stm32f4_discovery.o
 .ARM.attributes
                0x000001a9       0x31 D:\FbEdit\Projects\Applications\fbe\STM32F4Discovery\STM32F4_LCMeter\stm32f4xx_dma.o
 .ARM.attributes
                0x000001da       0x31 D:\FbEdit\Projects\Applications\fbe\STM32F4Discovery\STM32F4_LCMeter\stm32f4xx_adc.o
 .ARM.attributes
                0x0000020b       0x31 D:\FbEdit\Projects\Applications\fbe\STM32F4Discovery\STM32F4_LCMeter\stm32f4xx_dac.o
 .ARM.attributes
                0x0000023c       0x31 D:\FbEdit\Projects\Applications\fbe\STM32F4Discovery\STM32F4_LCMeter\stm32f4xx_spi.o
 .ARM.attributes
                0x0000026d       0x31 D:\FbEdit\Projects\Applications\fbe\STM32F4Discovery\STM32F4_LCMeter\stm32f4xx_usart.o
 .ARM.attributes
                0x0000029e       0x31 D:\Ride\Ride\Lib\ARM\STM32x_io_putchar_thumb.a(STM32F10X_io_putchar.o)
 .ARM.attributes
                0x000002cf       0x2e D:\Ride\Ride\Lib\ARM\std_sbrk_thumb.lib(write.o)

.comment        0x00000000       0x7f
 *(.comment)
 .comment       0x00000000       0x2a D:\FbEdit\Projects\Applications\fbe\STM32F4Discovery\STM32F4_LCMeter\main.o
                                 0x2b (size before relaxing)
 .comment       0x00000000       0x2b D:\FbEdit\Projects\Applications\fbe\STM32F4Discovery\STM32F4_LCMeter\stm32f4xx_it.o
 .comment       0x00000000       0x2b D:\FbEdit\Projects\Applications\fbe\STM32F4Discovery\STM32F4_LCMeter\stm32f4xx_rcc.o
 .comment       0x00000000       0x2b D:\FbEdit\Projects\Applications\fbe\STM32F4Discovery\STM32F4_LCMeter\stm32f4xx_gpio.o
 .comment       0x00000000       0x2b D:\FbEdit\Projects\Applications\fbe\STM32F4Discovery\STM32F4_LCMeter\stm32f4xx_tim.o
 .comment       0x00000000       0x2b D:\FbEdit\Projects\Applications\fbe\STM32F4Discovery\STM32F4_LCMeter\misc.o
 .comment       0x00000000       0x2b D:\FbEdit\Projects\Applications\fbe\STM32F4Discovery\STM32F4_LCMeter\system_stm32f4xx.o
 .comment       0x00000000       0x2b D:\FbEdit\Projects\Applications\fbe\STM32F4Discovery\STM32F4_LCMeter\stm32f4_discovery.o
 .comment       0x00000000       0x2b D:\FbEdit\Projects\Applications\fbe\STM32F4Discovery\STM32F4_LCMeter\stm32f4xx_dma.o
 .comment       0x00000000       0x2b D:\FbEdit\Projects\Applications\fbe\STM32F4Discovery\STM32F4_LCMeter\stm32f4xx_adc.o
 .comment       0x00000000       0x2b D:\FbEdit\Projects\Applications\fbe\STM32F4Discovery\STM32F4_LCMeter\stm32f4xx_dac.o
 .comment       0x00000000       0x2b D:\FbEdit\Projects\Applications\fbe\STM32F4Discovery\STM32F4_LCMeter\stm32f4xx_spi.o
 .comment       0x00000000       0x2b D:\FbEdit\Projects\Applications\fbe\STM32F4Discovery\STM32F4_LCMeter\stm32f4xx_usart.o
 .comment       0x0000002a       0x2b D:\Ride\Ride\Lib\ARM\STM32x_io_putchar_thumb.a(STM32F10X_io_putchar.o)
 .comment       0x00000055       0x2a D:\Ride\Ride\Lib\ARM\std_sbrk_thumb.lib(write.o)

.debug
 *(.debug)

.line
 *(.line)

.debug_srcinfo
 *(.debug_srcinfo)

.debug_sfnames
 *(.debug_sfnames)

.debug_aranges  0x00000000      0xb20
 *(.debug_aranges)
 .debug_aranges
                0x00000000       0xb0 D:\FbEdit\Projects\Applications\fbe\STM32F4Discovery\STM32F4_LCMeter\main.o
 .debug_aranges
                0x000000b0       0x60 D:\FbEdit\Projects\Applications\fbe\STM32F4Discovery\STM32F4_LCMeter\stm32f4xx_it.o
 .debug_aranges
                0x00000110      0x178 D:\FbEdit\Projects\Applications\fbe\STM32F4Discovery\STM32F4_LCMeter\stm32f4xx_rcc.o
 .debug_aranges
                0x00000288       0x88 D:\FbEdit\Projects\Applications\fbe\STM32F4Discovery\STM32F4_LCMeter\stm32f4xx_gpio.o
 .debug_aranges
                0x00000310      0x2e8 D:\FbEdit\Projects\Applications\fbe\STM32F4Discovery\STM32F4_LCMeter\stm32f4xx_tim.o
 .debug_aranges
                0x000005f8       0x40 D:\FbEdit\Projects\Applications\fbe\STM32F4Discovery\STM32F4_LCMeter\misc.o
 .debug_aranges
                0x00000638       0x28 D:\FbEdit\Projects\Applications\fbe\STM32F4Discovery\STM32F4_LCMeter\system_stm32f4xx.o
 .debug_aranges
                0x00000660       0x48 D:\FbEdit\Projects\Applications\fbe\STM32F4Discovery\STM32F4_LCMeter\stm32f4_discovery.o
 .debug_aranges
                0x000006a8       0xb0 D:\FbEdit\Projects\Applications\fbe\STM32F4Discovery\STM32F4_LCMeter\stm32f4xx_dma.o
 .debug_aranges
                0x00000758      0x148 D:\FbEdit\Projects\Applications\fbe\STM32F4Discovery\STM32F4_LCMeter\stm32f4xx_adc.o
 .debug_aranges
                0x000008a0       0xa0 D:\FbEdit\Projects\Applications\fbe\STM32F4Discovery\STM32F4_LCMeter\stm32f4xx_dac.o
 .debug_aranges
                0x00000940       0xe0 D:\FbEdit\Projects\Applications\fbe\STM32F4Discovery\STM32F4_LCMeter\stm32f4xx_spi.o
 .debug_aranges
                0x00000a20      0x100 D:\FbEdit\Projects\Applications\fbe\STM32F4Discovery\STM32F4_LCMeter\stm32f4xx_usart.o

.debug_pubnames
                0x00000000     0x1db0
 *(.debug_pubnames)
 .debug_pubnames
                0x00000000      0x167 D:\FbEdit\Projects\Applications\fbe\STM32F4Discovery\STM32F4_LCMeter\main.o
 .debug_pubnames
                0x00000167       0xc6 D:\FbEdit\Projects\Applications\fbe\STM32F4Discovery\STM32F4_LCMeter\stm32f4xx_it.o
 .debug_pubnames
                0x0000022d      0x417 D:\FbEdit\Projects\Applications\fbe\STM32F4Discovery\STM32F4_LCMeter\stm32f4xx_rcc.o
 .debug_pubnames
                0x00000644      0x12d D:\FbEdit\Projects\Applications\fbe\STM32F4Discovery\STM32F4_LCMeter\stm32f4xx_gpio.o
 .debug_pubnames
                0x00000771      0x7c4 D:\FbEdit\Projects\Applications\fbe\STM32F4Discovery\STM32F4_LCMeter\stm32f4xx_tim.o
 .debug_pubnames
                0x00000f35       0x89 D:\FbEdit\Projects\Applications\fbe\STM32F4Discovery\STM32F4_LCMeter\misc.o
 .debug_pubnames
                0x00000fbe       0x61 D:\FbEdit\Projects\Applications\fbe\STM32F4Discovery\STM32F4_LCMeter\system_stm32f4xx.o
 .debug_pubnames
                0x0000101f      0x150 D:\FbEdit\Projects\Applications\fbe\STM32F4Discovery\STM32F4_LCMeter\stm32f4_discovery.o
 .debug_pubnames
                0x0000116f      0x1c9 D:\FbEdit\Projects\Applications\fbe\STM32F4Discovery\STM32F4_LCMeter\stm32f4xx_dma.o
 .debug_pubnames
                0x00001338      0x446 D:\FbEdit\Projects\Applications\fbe\STM32F4Discovery\STM32F4_LCMeter\stm32f4xx_adc.o
 .debug_pubnames
                0x0000177e      0x17d D:\FbEdit\Projects\Applications\fbe\STM32F4Discovery\STM32F4_LCMeter\stm32f4xx_dac.o
 .debug_pubnames
                0x000018fb      0x221 D:\FbEdit\Projects\Applications\fbe\STM32F4Discovery\STM32F4_LCMeter\stm32f4xx_spi.o
 .debug_pubnames
                0x00001b1c      0x294 D:\FbEdit\Projects\Applications\fbe\STM32F4Discovery\STM32F4_LCMeter\stm32f4xx_usart.o

.debug_info     0x00000000     0x8de5
 *(.debug_info .gnu.linkonce.wi.*)
 .debug_info    0x00000000     0x154a D:\FbEdit\Projects\Applications\fbe\STM32F4Discovery\STM32F4_LCMeter\main.o
 .debug_info    0x0000154a      0x14c D:\FbEdit\Projects\Applications\fbe\STM32F4Discovery\STM32F4_LCMeter\stm32f4xx_it.o
 .debug_info    0x00001696      0xd05 D:\FbEdit\Projects\Applications\fbe\STM32F4Discovery\STM32F4_LCMeter\stm32f4xx_rcc.o
 .debug_info    0x0000239b      0x62d D:\FbEdit\Projects\Applications\fbe\STM32F4Discovery\STM32F4_LCMeter\stm32f4xx_gpio.o
 .debug_info    0x000029c8     0x1e20 D:\FbEdit\Projects\Applications\fbe\STM32F4Discovery\STM32F4_LCMeter\stm32f4xx_tim.o
 .debug_info    0x000047e8      0x598 D:\FbEdit\Projects\Applications\fbe\STM32F4Discovery\STM32F4_LCMeter\misc.o
 .debug_info    0x00004d80      0x635 D:\FbEdit\Projects\Applications\fbe\STM32F4Discovery\STM32F4_LCMeter\system_stm32f4xx.o
 .debug_info    0x000053b5      0x963 D:\FbEdit\Projects\Applications\fbe\STM32F4Discovery\STM32F4_LCMeter\stm32f4_discovery.o
 .debug_info    0x00005d18      0x78d D:\FbEdit\Projects\Applications\fbe\STM32F4Discovery\STM32F4_LCMeter\stm32f4xx_dma.o
 .debug_info    0x000064a5      0xcce D:\FbEdit\Projects\Applications\fbe\STM32F4Discovery\STM32F4_LCMeter\stm32f4xx_adc.o
 .debug_info    0x00007173      0x68d D:\FbEdit\Projects\Applications\fbe\STM32F4Discovery\STM32F4_LCMeter\stm32f4xx_dac.o
 .debug_info    0x00007800      0xbb5 D:\FbEdit\Projects\Applications\fbe\STM32F4Discovery\STM32F4_LCMeter\stm32f4xx_spi.o
 .debug_info    0x000083b5      0xa30 D:\FbEdit\Projects\Applications\fbe\STM32F4Discovery\STM32F4_LCMeter\stm32f4xx_usart.o

.debug_abbrev   0x00000000     0x1529
 *(.debug_abbrev)
 .debug_abbrev  0x00000000      0x206 D:\FbEdit\Projects\Applications\fbe\STM32F4Discovery\STM32F4_LCMeter\main.o
 .debug_abbrev  0x00000206       0x64 D:\FbEdit\Projects\Applications\fbe\STM32F4Discovery\STM32F4_LCMeter\stm32f4xx_it.o
 .debug_abbrev  0x0000026a      0x1f8 D:\FbEdit\Projects\Applications\fbe\STM32F4Discovery\STM32F4_LCMeter\stm32f4xx_rcc.o
 .debug_abbrev  0x00000462      0x1d0 D:\FbEdit\Projects\Applications\fbe\STM32F4Discovery\STM32F4_LCMeter\stm32f4xx_gpio.o
 .debug_abbrev  0x00000632      0x207 D:\FbEdit\Projects\Applications\fbe\STM32F4Discovery\STM32F4_LCMeter\stm32f4xx_tim.o
 .debug_abbrev  0x00000839      0x14e D:\FbEdit\Projects\Applications\fbe\STM32F4Discovery\STM32F4_LCMeter\misc.o
 .debug_abbrev  0x00000987      0x16c D:\FbEdit\Projects\Applications\fbe\STM32F4Discovery\STM32F4_LCMeter\system_stm32f4xx.o
 .debug_abbrev  0x00000af3      0x19c D:\FbEdit\Projects\Applications\fbe\STM32F4Discovery\STM32F4_LCMeter\stm32f4_discovery.o
 .debug_abbrev  0x00000c8f      0x19e D:\FbEdit\Projects\Applications\fbe\STM32F4Discovery\STM32F4_LCMeter\stm32f4xx_dma.o
 .debug_abbrev  0x00000e2d      0x1d7 D:\FbEdit\Projects\Applications\fbe\STM32F4Discovery\STM32F4_LCMeter\stm32f4xx_adc.o
 .debug_abbrev  0x00001004      0x1d9 D:\FbEdit\Projects\Applications\fbe\STM32F4Discovery\STM32F4_LCMeter\stm32f4xx_dac.o
 .debug_abbrev  0x000011dd      0x1ae D:\FbEdit\Projects\Applications\fbe\STM32F4Discovery\STM32F4_LCMeter\stm32f4xx_spi.o
 .debug_abbrev  0x0000138b      0x19e D:\FbEdit\Projects\Applications\fbe\STM32F4Discovery\STM32F4_LCMeter\stm32f4xx_usart.o

.debug_line     0x00000000     0x2f1c
 *(.debug_line)
 .debug_line    0x00000000      0x4ef D:\FbEdit\Projects\Applications\fbe\STM32F4Discovery\STM32F4_LCMeter\main.o
 .debug_line    0x000004ef      0x1c2 D:\FbEdit\Projects\Applications\fbe\STM32F4Discovery\STM32F4_LCMeter\stm32f4xx_it.o
 .debug_line    0x000006b1      0x4e1 D:\FbEdit\Projects\Applications\fbe\STM32F4Discovery\STM32F4_LCMeter\stm32f4xx_rcc.o
 .debug_line    0x00000b92      0x299 D:\FbEdit\Projects\Applications\fbe\STM32F4Discovery\STM32F4_LCMeter\stm32f4xx_gpio.o
 .debug_line    0x00000e2b      0x92e D:\FbEdit\Projects\Applications\fbe\STM32F4Discovery\STM32F4_LCMeter\stm32f4xx_tim.o
 .debug_line    0x00001759      0x1ad D:\FbEdit\Projects\Applications\fbe\STM32F4Discovery\STM32F4_LCMeter\misc.o
 .debug_line    0x00001906      0x1ae D:\FbEdit\Projects\Applications\fbe\STM32F4Discovery\STM32F4_LCMeter\system_stm32f4xx.o
 .debug_line    0x00001ab4      0x254 D:\FbEdit\Projects\Applications\fbe\STM32F4Discovery\STM32F4_LCMeter\stm32f4_discovery.o
 .debug_line    0x00001d08      0x32f D:\FbEdit\Projects\Applications\fbe\STM32F4Discovery\STM32F4_LCMeter\stm32f4xx_dma.o
 .debug_line    0x00002037      0x4a9 D:\FbEdit\Projects\Applications\fbe\STM32F4Discovery\STM32F4_LCMeter\stm32f4xx_adc.o
 .debug_line    0x000024e0      0x2bb D:\FbEdit\Projects\Applications\fbe\STM32F4Discovery\STM32F4_LCMeter\stm32f4xx_dac.o
 .debug_line    0x0000279b      0x39f D:\FbEdit\Projects\Applications\fbe\STM32F4Discovery\STM32F4_LCMeter\stm32f4xx_spi.o
 .debug_line    0x00002b3a      0x3e2 D:\FbEdit\Projects\Applications\fbe\STM32F4Discovery\STM32F4_LCMeter\stm32f4xx_usart.o

.debug_frame    0x00000000     0x1790
 *(.debug_frame)
 .debug_frame   0x00000000      0x224 D:\FbEdit\Projects\Applications\fbe\STM32F4Discovery\STM32F4_LCMeter\main.o
 .debug_frame   0x00000224       0xa0 D:\FbEdit\Projects\Applications\fbe\STM32F4Discovery\STM32F4_LCMeter\stm32f4xx_it.o
 .debug_frame   0x000002c4      0x2e4 D:\FbEdit\Projects\Applications\fbe\STM32F4Discovery\STM32F4_LCMeter\stm32f4xx_rcc.o
 .debug_frame   0x000005a8      0x118 D:\FbEdit\Projects\Applications\fbe\STM32F4Discovery\STM32F4_LCMeter\stm32f4xx_gpio.o
 .debug_frame   0x000006c0      0x670 D:\FbEdit\Projects\Applications\fbe\STM32F4Discovery\STM32F4_LCMeter\stm32f4xx_tim.o
 .debug_frame   0x00000d30       0x68 D:\FbEdit\Projects\Applications\fbe\STM32F4Discovery\STM32F4_LCMeter\misc.o
 .debug_frame   0x00000d98       0x34 D:\FbEdit\Projects\Applications\fbe\STM32F4Discovery\STM32F4_LCMeter\system_stm32f4xx.o
 .debug_frame   0x00000dcc       0x9c D:\FbEdit\Projects\Applications\fbe\STM32F4Discovery\STM32F4_LCMeter\stm32f4_discovery.o
 .debug_frame   0x00000e68      0x168 D:\FbEdit\Projects\Applications\fbe\STM32F4Discovery\STM32F4_LCMeter\stm32f4xx_dma.o
 .debug_frame   0x00000fd0      0x2a8 D:\FbEdit\Projects\Applications\fbe\STM32F4Discovery\STM32F4_LCMeter\stm32f4xx_adc.o
 .debug_frame   0x00001278      0x13c D:\FbEdit\Projects\Applications\fbe\STM32F4Discovery\STM32F4_LCMeter\stm32f4xx_dac.o
 .debug_frame   0x000013b4      0x1cc D:\FbEdit\Projects\Applications\fbe\STM32F4Discovery\STM32F4_LCMeter\stm32f4xx_spi.o
 .debug_frame   0x00001580      0x210 D:\FbEdit\Projects\Applications\fbe\STM32F4Discovery\STM32F4_LCMeter\stm32f4xx_usart.o

.debug_str      0x00000000     0x3a0b
 *(.debug_str)
 .debug_str     0x00000000     0x1173 D:\FbEdit\Projects\Applications\fbe\STM32F4Discovery\STM32F4_LCMeter\main.o
                               0x11d1 (size before relaxing)
 .debug_str     0x00001173       0xe4 D:\FbEdit\Projects\Applications\fbe\STM32F4Discovery\STM32F4_LCMeter\stm32f4xx_it.o
                                0x189 (size before relaxing)
 .debug_str     0x00001257      0x6a0 D:\FbEdit\Projects\Applications\fbe\STM32F4Discovery\STM32F4_LCMeter\stm32f4xx_rcc.o
                                0x7fe (size before relaxing)
 .debug_str     0x000018f7      0x1af D:\FbEdit\Projects\Applications\fbe\STM32F4Discovery\STM32F4_LCMeter\stm32f4xx_gpio.o
                                0x451 (size before relaxing)
 .debug_str     0x00001aa6      0xa0a D:\FbEdit\Projects\Applications\fbe\STM32F4Discovery\STM32F4_LCMeter\stm32f4xx_tim.o
                                0xd7e (size before relaxing)
 .debug_str     0x000024b0      0x1ba D:\FbEdit\Projects\Applications\fbe\STM32F4Discovery\STM32F4_LCMeter\misc.o
                                0x387 (size before relaxing)
 .debug_str     0x0000266a       0xd6 D:\FbEdit\Projects\Applications\fbe\STM32F4Discovery\STM32F4_LCMeter\system_stm32f4xx.o
                                0x319 (size before relaxing)
 .debug_str     0x00002740      0x28f D:\FbEdit\Projects\Applications\fbe\STM32F4Discovery\STM32F4_LCMeter\stm32f4_discovery.o
                                0xa9f (size before relaxing)
 .debug_str     0x000029cf      0x283 D:\FbEdit\Projects\Applications\fbe\STM32F4Discovery\STM32F4_LCMeter\stm32f4xx_dma.o
                                0x4fd (size before relaxing)
 .debug_str     0x00002c52      0x4de D:\FbEdit\Projects\Applications\fbe\STM32F4Discovery\STM32F4_LCMeter\stm32f4xx_adc.o
                                0x7b5 (size before relaxing)
 .debug_str     0x00003130      0x229 D:\FbEdit\Projects\Applications\fbe\STM32F4Discovery\STM32F4_LCMeter\stm32f4xx_dac.o
                                0x401 (size before relaxing)
 .debug_str     0x00003359      0x2fc D:\FbEdit\Projects\Applications\fbe\STM32F4Discovery\STM32F4_LCMeter\stm32f4xx_spi.o
                                0x638 (size before relaxing)
 .debug_str     0x00003655      0x3b6 D:\FbEdit\Projects\Applications\fbe\STM32F4Discovery\STM32F4_LCMeter\stm32f4xx_usart.o
                                0x63d (size before relaxing)

.debug_loc      0x00000000     0x3ece
 *(.debug_loc)
 .debug_loc     0x00000000      0x360 D:\FbEdit\Projects\Applications\fbe\STM32F4Discovery\STM32F4_LCMeter\main.o
 .debug_loc     0x00000360      0x6ed D:\FbEdit\Projects\Applications\fbe\STM32F4Discovery\STM32F4_LCMeter\stm32f4xx_rcc.o
 .debug_loc     0x00000a4d      0x26d D:\FbEdit\Projects\Applications\fbe\STM32F4Discovery\STM32F4_LCMeter\stm32f4xx_gpio.o
 .debug_loc     0x00000cba     0x14bc D:\FbEdit\Projects\Applications\fbe\STM32F4Discovery\STM32F4_LCMeter\stm32f4xx_tim.o
 .debug_loc     0x00002176      0x11d D:\FbEdit\Projects\Applications\fbe\STM32F4Discovery\STM32F4_LCMeter\misc.o
 .debug_loc     0x00002293      0x133 D:\FbEdit\Projects\Applications\fbe\STM32F4Discovery\STM32F4_LCMeter\system_stm32f4xx.o
 .debug_loc     0x000023c6       0xc4 D:\FbEdit\Projects\Applications\fbe\STM32F4Discovery\STM32F4_LCMeter\stm32f4_discovery.o
 .debug_loc     0x0000248a      0x343 D:\FbEdit\Projects\Applications\fbe\STM32F4Discovery\STM32F4_LCMeter\stm32f4xx_dma.o
 .debug_loc     0x000027cd      0x94c D:\FbEdit\Projects\Applications\fbe\STM32F4Discovery\STM32F4_LCMeter\stm32f4xx_adc.o
 .debug_loc     0x00003119      0x425 D:\FbEdit\Projects\Applications\fbe\STM32F4Discovery\STM32F4_LCMeter\stm32f4xx_dac.o
 .debug_loc     0x0000353e      0x488 D:\FbEdit\Projects\Applications\fbe\STM32F4Discovery\STM32F4_LCMeter\stm32f4xx_spi.o
 .debug_loc     0x000039c6      0x508 D:\FbEdit\Projects\Applications\fbe\STM32F4Discovery\STM32F4_LCMeter\stm32f4xx_usart.o

.debug_macinfo
 *(.debug_macinfo)

.debug_weaknames
 *(.debug_weaknames)

.debug_funcnames
 *(.debug_funcnames)

.debug_typenames
 *(.debug_typenames)

.debug_varnames
 *(.debug_varnames)
START GROUP
LOAD d:/ride/ride/arm-gcc/bin/../lib/gcc/arm-none-eabi/4.5.1/thumb2\libgcc.a
LOAD d:/ride/ride/arm-gcc/bin/../lib/gcc/arm-none-eabi/4.5.1/../../../../arm-none-eabi/lib/thumb2\libc.a
END GROUP
OUTPUT(D:\FbEdit\Projects\Applications\fbe\STM32F4Discovery\STM32F4_LCMeter\LCMeter.elf elf32-littlearm)

.debug_pubtypes
                0x00000000      0xb16
 .debug_pubtypes
                0x00000000      0x292 D:\FbEdit\Projects\Applications\fbe\STM32F4Discovery\STM32F4_LCMeter\main.o
 .debug_pubtypes
                0x00000292       0x1e D:\FbEdit\Projects\Applications\fbe\STM32F4Discovery\STM32F4_LCMeter\stm32f4xx_it.o
 .debug_pubtypes
                0x000002b0       0xaa D:\FbEdit\Projects\Applications\fbe\STM32F4Discovery\STM32F4_LCMeter\stm32f4xx_rcc.o
 .debug_pubtypes
                0x0000035a       0xce D:\FbEdit\Projects\Applications\fbe\STM32F4Discovery\STM32F4_LCMeter\stm32f4xx_gpio.o
 .debug_pubtypes
                0x00000428       0xe4 D:\FbEdit\Projects\Applications\fbe\STM32F4Discovery\STM32F4_LCMeter\stm32f4xx_tim.o
 .debug_pubtypes
                0x0000050c       0x8c D:\FbEdit\Projects\Applications\fbe\STM32F4Discovery\STM32F4_LCMeter\misc.o
 .debug_pubtypes
                0x00000598       0x83 D:\FbEdit\Projects\Applications\fbe\STM32F4Discovery\STM32F4_LCMeter\system_stm32f4xx.o
 .debug_pubtypes
                0x0000061b      0x16e D:\FbEdit\Projects\Applications\fbe\STM32F4Discovery\STM32F4_LCMeter\stm32f4_discovery.o
 .debug_pubtypes
                0x00000789       0xa3 D:\FbEdit\Projects\Applications\fbe\STM32F4Discovery\STM32F4_LCMeter\stm32f4xx_dma.o
 .debug_pubtypes
                0x0000082c       0xc9 D:\FbEdit\Projects\Applications\fbe\STM32F4Discovery\STM32F4_LCMeter\stm32f4xx_adc.o
 .debug_pubtypes
                0x000008f5       0x98 D:\FbEdit\Projects\Applications\fbe\STM32F4Discovery\STM32F4_LCMeter\stm32f4xx_dac.o
 .debug_pubtypes
                0x0000098d       0xbc D:\FbEdit\Projects\Applications\fbe\STM32F4Discovery\STM32F4_LCMeter\stm32f4xx_spi.o
 .debug_pubtypes
                0x00000a49       0xcd D:\FbEdit\Projects\Applications\fbe\STM32F4Discovery\STM32F4_LCMeter\stm32f4xx_usart.o

.debug_ranges   0x00000000      0xa50
 .debug_ranges  0x00000000       0xa0 D:\FbEdit\Projects\Applications\fbe\STM32F4Discovery\STM32F4_LCMeter\main.o
 .debug_ranges  0x000000a0       0x50 D:\FbEdit\Projects\Applications\fbe\STM32F4Discovery\STM32F4_LCMeter\stm32f4xx_it.o
 .debug_ranges  0x000000f0      0x168 D:\FbEdit\Projects\Applications\fbe\STM32F4Discovery\STM32F4_LCMeter\stm32f4xx_rcc.o
 .debug_ranges  0x00000258       0x78 D:\FbEdit\Projects\Applications\fbe\STM32F4Discovery\STM32F4_LCMeter\stm32f4xx_gpio.o
 .debug_ranges  0x000002d0      0x2d8 D:\FbEdit\Projects\Applications\fbe\STM32F4Discovery\STM32F4_LCMeter\stm32f4xx_tim.o
 .debug_ranges  0x000005a8       0x30 D:\FbEdit\Projects\Applications\fbe\STM32F4Discovery\STM32F4_LCMeter\misc.o
 .debug_ranges  0x000005d8       0x18 D:\FbEdit\Projects\Applications\fbe\STM32F4Discovery\STM32F4_LCMeter\system_stm32f4xx.o
 .debug_ranges  0x000005f0       0x38 D:\FbEdit\Projects\Applications\fbe\STM32F4Discovery\STM32F4_LCMeter\stm32f4_discovery.o
 .debug_ranges  0x00000628       0xa0 D:\FbEdit\Projects\Applications\fbe\STM32F4Discovery\STM32F4_LCMeter\stm32f4xx_dma.o
 .debug_ranges  0x000006c8      0x138 D:\FbEdit\Projects\Applications\fbe\STM32F4Discovery\STM32F4_LCMeter\stm32f4xx_adc.o
 .debug_ranges  0x00000800       0x90 D:\FbEdit\Projects\Applications\fbe\STM32F4Discovery\STM32F4_LCMeter\stm32f4xx_dac.o
 .debug_ranges  0x00000890       0xd0 D:\FbEdit\Projects\Applications\fbe\STM32F4Discovery\STM32F4_LCMeter\stm32f4xx_spi.o
 .debug_ranges  0x00000960       0xf0 D:\FbEdit\Projects\Applications\fbe\STM32F4Discovery\STM32F4_LCMeter\stm32f4xx_usart.o
