Archive member included because of file (symbol)

D:\Ride\Ride\Lib\ARM\STM32x_io_putchar_thumb.a(STM32F10X_io_putchar.o)
                              (__io_putchar)
D:\Ride\Ride\Lib\ARM\std_sbrk_thumb.lib(write.o)
                              (_write)

Allocating common symbols
Common symbol       size              file

STM32_CMD           0xb4              D:\FbEdit\Projects\Applications\fbe\STM32F4Discovery\STM32F4_LCMeter\main.o
NVIC_InitStructure  0x4               D:\FbEdit\Projects\Applications\fbe\STM32F4Discovery\STM32F4_LCMeter\stm32f4_discovery.o

Discarded input sections

 .text          0x00000000       0x14 .\startup_stm32f4xx.o
 .data          0x00000000        0x0 .\startup_stm32f4xx.o
 .bss           0x00000000        0x0 .\startup_stm32f4xx.o
 .text          0x00000000        0x0 D:\FbEdit\Projects\Applications\fbe\STM32F4Discovery\STM32F4_LCMeter\main.o
 .data          0x00000000        0x0 D:\FbEdit\Projects\Applications\fbe\STM32F4Discovery\STM32F4_LCMeter\main.o
 .bss           0x00000000        0x0 D:\FbEdit\Projects\Applications\fbe\STM32F4Discovery\STM32F4_LCMeter\main.o
 .text.USART3_puts
                0x00000000       0x24 D:\FbEdit\Projects\Applications\fbe\STM32F4Discovery\STM32F4_LCMeter\main.o
 .text          0x00000000        0x0 D:\FbEdit\Projects\Applications\fbe\STM32F4Discovery\STM32F4_LCMeter\stm32f4xx_it.o
 .data          0x00000000        0x0 D:\FbEdit\Projects\Applications\fbe\STM32F4Discovery\STM32F4_LCMeter\stm32f4xx_it.o
 .bss           0x00000000        0x0 D:\FbEdit\Projects\Applications\fbe\STM32F4Discovery\STM32F4_LCMeter\stm32f4xx_it.o
 .text          0x00000000        0x0 D:\FbEdit\Projects\Applications\fbe\STM32F4Discovery\STM32F4_LCMeter\stm32f4xx_rcc.o
 .bss           0x00000000        0x0 D:\FbEdit\Projects\Applications\fbe\STM32F4Discovery\STM32F4_LCMeter\stm32f4xx_rcc.o
 .text.RCC_DeInit
                0x00000000       0x38 D:\FbEdit\Projects\Applications\fbe\STM32F4Discovery\STM32F4_LCMeter\stm32f4xx_rcc.o
 .text.RCC_HSEConfig
                0x00000000       0x14 D:\FbEdit\Projects\Applications\fbe\STM32F4Discovery\STM32F4_LCMeter\stm32f4xx_rcc.o
 .text.RCC_AdjustHSICalibrationValue
                0x00000000       0x18 D:\FbEdit\Projects\Applications\fbe\STM32F4Discovery\STM32F4_LCMeter\stm32f4xx_rcc.o
 .text.RCC_HSICmd
                0x00000000        0xc D:\FbEdit\Projects\Applications\fbe\STM32F4Discovery\STM32F4_LCMeter\stm32f4xx_rcc.o
 .text.RCC_LSEConfig
                0x00000000       0x3c D:\FbEdit\Projects\Applications\fbe\STM32F4Discovery\STM32F4_LCMeter\stm32f4xx_rcc.o
 .text.RCC_LSICmd
                0x00000000        0xc D:\FbEdit\Projects\Applications\fbe\STM32F4Discovery\STM32F4_LCMeter\stm32f4xx_rcc.o
 .text.RCC_PLLConfig
                0x00000000       0x24 D:\FbEdit\Projects\Applications\fbe\STM32F4Discovery\STM32F4_LCMeter\stm32f4xx_rcc.o
 .text.RCC_PLLCmd
                0x00000000        0xc D:\FbEdit\Projects\Applications\fbe\STM32F4Discovery\STM32F4_LCMeter\stm32f4xx_rcc.o
 .text.RCC_PLLI2SConfig
                0x00000000       0x18 D:\FbEdit\Projects\Applications\fbe\STM32F4Discovery\STM32F4_LCMeter\stm32f4xx_rcc.o
 .text.RCC_PLLI2SCmd
                0x00000000        0xc D:\FbEdit\Projects\Applications\fbe\STM32F4Discovery\STM32F4_LCMeter\stm32f4xx_rcc.o
 .text.RCC_ClockSecuritySystemCmd
                0x00000000        0xc D:\FbEdit\Projects\Applications\fbe\STM32F4Discovery\STM32F4_LCMeter\stm32f4xx_rcc.o
 .text.RCC_MCO1Config
                0x00000000       0x18 D:\FbEdit\Projects\Applications\fbe\STM32F4Discovery\STM32F4_LCMeter\stm32f4xx_rcc.o
 .text.RCC_MCO2Config
                0x00000000       0x18 D:\FbEdit\Projects\Applications\fbe\STM32F4Discovery\STM32F4_LCMeter\stm32f4xx_rcc.o
 .text.RCC_SYSCLKConfig
                0x00000000       0x18 D:\FbEdit\Projects\Applications\fbe\STM32F4Discovery\STM32F4_LCMeter\stm32f4xx_rcc.o
 .text.RCC_GetSYSCLKSource
                0x00000000       0x10 D:\FbEdit\Projects\Applications\fbe\STM32F4Discovery\STM32F4_LCMeter\stm32f4xx_rcc.o
 .text.RCC_HCLKConfig
                0x00000000       0x18 D:\FbEdit\Projects\Applications\fbe\STM32F4Discovery\STM32F4_LCMeter\stm32f4xx_rcc.o
 .text.RCC_PCLK1Config
                0x00000000       0x18 D:\FbEdit\Projects\Applications\fbe\STM32F4Discovery\STM32F4_LCMeter\stm32f4xx_rcc.o
 .text.RCC_PCLK2Config
                0x00000000       0x18 D:\FbEdit\Projects\Applications\fbe\STM32F4Discovery\STM32F4_LCMeter\stm32f4xx_rcc.o
 .text.RCC_RTCCLKConfig
                0x00000000       0x3c D:\FbEdit\Projects\Applications\fbe\STM32F4Discovery\STM32F4_LCMeter\stm32f4xx_rcc.o
 .text.RCC_RTCCLKCmd
                0x00000000        0xc D:\FbEdit\Projects\Applications\fbe\STM32F4Discovery\STM32F4_LCMeter\stm32f4xx_rcc.o
 .text.RCC_BackupResetCmd
                0x00000000        0xc D:\FbEdit\Projects\Applications\fbe\STM32F4Discovery\STM32F4_LCMeter\stm32f4xx_rcc.o
[...]
Memory Configuration

Name             Origin             Length             Attributes
RAM              0x20000000         0x00002000         xrw
FLASH            0x08000000         0x00010000         xr
STARTFLASH       0x00000000         0x00000000         xr
CRPPATCH         0x00000000         0x00000000         r
FLASHPATCH       0x00000000         0x00000000         r
ENDFLASH         0x00000000         0x00000000         xr
FLASHB1          0x00000000         0x00000000         xr
EXTMEMB0         0x00000000         0x00000000         xr
EXTMEMB1         0x00000000         0x00000000         xr
EXTMEMB2         0x00000000         0x00000000         xr
EXTMEMB3         0x00000000         0x00000000         xr
*default*        0x00000000         0xffffffff

Linker script and memory map

LOAD .\startup_stm32f4xx.o
LOAD D:\FbEdit\Projects\Applications\fbe\STM32F4Discovery\STM32F4_LCMeter\main.o
LOAD D:\FbEdit\Projects\Applications\fbe\STM32F4Discovery\STM32F4_LCMeter\stm32f4xx_it.o
LOAD D:\FbEdit\Projects\Applications\fbe\STM32F4Discovery\STM32F4_LCMeter\stm32f4xx_rcc.o
LOAD D:\FbEdit\Projects\Applications\fbe\STM32F4Discovery\STM32F4_LCMeter\stm32f4xx_gpio.o
LOAD D:\FbEdit\Projects\Applications\fbe\STM32F4Discovery\STM32F4_LCMeter\stm32f4xx_tim.o
LOAD D:\FbEdit\Projects\Applications\fbe\STM32F4Discovery\STM32F4_LCMeter\misc.o
LOAD D:\FbEdit\Projects\Applications\fbe\STM32F4Discovery\STM32F4_LCMeter\system_stm32f4xx.o
LOAD D:\FbEdit\Projects\Applications\fbe\STM32F4Discovery\STM32F4_LCMeter\stm32f4_discovery.o
LOAD D:\FbEdit\Projects\Applications\fbe\STM32F4Discovery\STM32F4_LCMeter\stm32f4xx_dma.o
LOAD D:\FbEdit\Projects\Applications\fbe\STM32F4Discovery\STM32F4_LCMeter\stm32f4xx_adc.o
LOAD D:\FbEdit\Projects\Applications\fbe\STM32F4Discovery\STM32F4_LCMeter\stm32f4xx_dac.o
LOAD D:\FbEdit\Projects\Applications\fbe\STM32F4Discovery\STM32F4_LCMeter\stm32f4xx_spi.o
LOAD D:\FbEdit\Projects\Applications\fbe\STM32F4Discovery\STM32F4_LCMeter\stm32f4xx_usart.o
START GROUP
LOAD D:\Ride\Ride\Lib\ARM\STM32x_io_putchar_thumb.a
LOAD D:\Ride\Ride\Lib\ARM\std_sbrk_thumb.lib
LOAD D:\Ride\Ride\Lib\ARM\smallprintf_thumb.a
LOAD d:/ride/ride/arm-gcc/bin/../lib/gcc/arm-none-eabi/4.5.1/../../../../arm-none-eabi/lib/thumb2\libc.a
LOAD d:/ride/ride/arm-gcc/bin/../lib/gcc/arm-none-eabi/4.5.1/../../../../arm-none-eabi/lib/thumb2\libm.a
END GROUP
                0x00000400                __Stack_Size = 0x400
                0x00000400                PROVIDE (_Stack_Size, __Stack_Size)
                0x20001c00                __Stack_Init = (_estack - __Stack_Size)
                0x20001c00                PROVIDE (_Stack_Init, __Stack_Init)
                0x00000100                _Minimum_Stack_Size = 0x100
                0x00000000                PROVIDE (Undefined_Handler, 0x0)
                0x00000000                PROVIDE (SWI_Handler, 0x0)
                0x00000000                PROVIDE (IRQ_Handler, 0x0)
                0x00000000                PROVIDE (Prefetch_Handler, 0x0)
                0x00000000                PROVIDE (Abort_Handler, 0x0)
                0x00000000                PROVIDE (FIQ_Handler, 0x0)
                0x00000000                PROVIDE (NMIException, 0x0)
                0x00000000                PROVIDE (NMI_Handler, 0x0)
                0x00000000                PROVIDE (HardFaultException, 0x0)
                0x00000000                PROVIDE (HardFault_Handler, 0x0)
                0x00000000                PROVIDE (MemManageException, 0x0)
                0x00000000                PROVIDE (MemManage_Handler, 0x0)
                0x00000000                PROVIDE (BusFaultException, 0x0)
                0x00000000                PROVIDE (BusFault_Handler, 0x0)
                0x00000000                PROVIDE (UsageFaultException, 0x0)
                0x00000000                PROVIDE (UsageFault_Handler, 0x0)
                0x00000000                PROVIDE (SVCHandler, 0x0)
                0x00000000                PROVIDE (SVC_Handler, 0x0)
                0x00000000                PROVIDE (DebugMonitor, 0x0)
                0x00000000                PROVIDE (DebugMon_Handler, 0x0)
                0x00000000                PROVIDE (PendSVC, 0x0)
                0x00000000                PROVIDE (PendSV_Handler, 0x0)
                0x00000000                PROVIDE (SysTickHandler, 0x0)
                0x00000000                PROVIDE (SysTick_Handler, 0x0)
                0x00000000                PROVIDE (WWDG_IRQHandler, 0x0)
                0x00000000                PROVIDE (PVD_IRQHandler, 0x0)
                0x00000000                PROVIDE (TAMPER_IRQHandler, 0x0)
                0x00000000                PROVIDE (RTC_IRQHandler, 0x0)
                0x00000000                PROVIDE (FLASH_IRQHandler, 0x0)
                0x00000000                PROVIDE (RCC_IRQHandler, 0x0)
                0x00000000                PROVIDE (EXTI0_IRQHandler, 0x0)
                0x00000000                PROVIDE (EXTI1_IRQHandler, 0x0)
                0x00000000                PROVIDE (EXTI2_IRQHandler, 0x0)
                0x00000000                PROVIDE (EXTI3_IRQHandler, 0x0)
                0x00000000                PROVIDE (EXTI4_IRQHandler, 0x0)
                0x00000000                PROVIDE (DMAChannel1_IRQHandler, 0x0)
                0x00000000                PROVIDE (DMAChannel2_IRQHandler, 0x0)
                0x00000000                PROVIDE (DMAChannel3_IRQHandler, 0x0)
                0x00000000                PROVIDE (DMAChannel4_IRQHandler, 0x0)
                0x00000000                PROVIDE (DMAChannel5_IRQHandler, 0x0)
                0x00000000                PROVIDE (DMAChannel6_IRQHandler, 0x0)
                0x00000000                PROVIDE (DMAChannel7_IRQHandler, 0x0)
                0x00000000                PROVIDE (DMA1_Channel1_IRQHandler, 0x0)
                0x00000000                PROVIDE (DMA1_Channel2_IRQHandler, 0x0)
                0x00000000                PROVIDE (DMA1_Channel3_IRQHandler, 0x0)
                0x00000000                PROVIDE (DMA1_Channel4_IRQHandler, 0x0)
                0x00000000                PROVIDE (DMA1_Channel5_IRQHandler, 0x0)
                0x00000000                PROVIDE (DMA1_Channel6_IRQHandler, 0x0)
                0x00000000                PROVIDE (DMA1_Channel7_IRQHandler, 0x0)
                0x00000000                PROVIDE (ADC_IRQHandler, 0x0)
                0x00000000                PROVIDE (ADC1_2_IRQHandler, 0x0)
                0x00000000                PROVIDE (USB_HP_CAN_TX_IRQHandler, 0x0)
                0x00000000                PROVIDE (USB_HP_CAN1_TX_IRQHandler, 0x0)
                0x00000000                PROVIDE (USB_LP_CAN_RX0_IRQHandler, 0x0)
                0x00000000                PROVIDE (USB_LP_CAN1_RX0_IRQHandler, 0x0)
                0x00000000                PROVIDE (CAN_RX1_IRQHandler, 0x0)
                0x00000000                PROVIDE (CAN1_RX1_IRQHandler, 0x0)
                0x00000000                PROVIDE (CAN_SCE_IRQHandler, 0x0)
                0x00000000                PROVIDE (CAN1_SCE_IRQHandler, 0x0)
                0x00000000                PROVIDE (EXTI9_5_IRQHandler, 0x0)
                0x00000000                PROVIDE (TIM1_BRK_IRQHandler, 0x0)
                0x00000000                PROVIDE (TIM1_UP_IRQHandler, 0x0)
                0x00000000                PROVIDE (TIM1_TRG_COM_IRQHandler, 0x0)
                0x00000000                PROVIDE (TIM1_CC_IRQHandler, 0x0)
                0x00000000                PROVIDE (TIM2_IRQHandler, 0x0)
                0x00000000                PROVIDE (TIM3_IRQHandler, 0x0)
                0x00000000                PROVIDE (TIM4_IRQHandler, 0x0)
                0x00000000                PROVIDE (I2C1_EV_IRQHandler, 0x0)
                0x00000000                PROVIDE (I2C1_ER_IRQHandler, 0x0)
                0x00000000                PROVIDE (I2C2_EV_IRQHandler, 0x0)
                0x00000000                PROVIDE (I2C2_ER_IRQHandler, 0x0)
                0x00000000                PROVIDE (SPI1_IRQHandler, 0x0)
                0x00000000                PROVIDE (SPI2_IRQHandler, 0x0)
                0x00000000                PROVIDE (USART1_IRQHandler, 0x0)
                0x00000000                PROVIDE (USART2_IRQHandler, 0x0)
                0x00000000                PROVIDE (USART3_IRQHandler, 0x0)
                0x00000000                PROVIDE (EXTI15_10_IRQHandler, 0x0)
                0x00000000                PROVIDE (RTCAlarm_IRQHandler, 0x0)
                0x00000000                PROVIDE (USBWakeUp_IRQHandler, 0x0)
                0x00000000                PROVIDE (TIM8_BRK_IRQHandler, 0x0)
                0x00000000                PROVIDE (TIM8_UP_IRQHandler, 0x0)
                0x00000000                PROVIDE (TIM8_TRG_COM_IRQHandler, 0x0)
                0x00000000                PROVIDE (TIM8_CC_IRQHandler, 0x0)
                0x00000000                PROVIDE (ADC3_IRQHandler, 0x0)
                0x00000000                PROVIDE (FSMC_IRQHandler, 0x0)
                0x00000000                PROVIDE (SDIO_IRQHandler, 0x0)
                0x00000000                PROVIDE (TIM5_IRQHandler, 0x0)
                0x00000000                PROVIDE (SPI3_IRQHandler, 0x0)
                0x00000000                PROVIDE (UART4_IRQHandler, 0x0)
                0x00000000                PROVIDE (UART5_IRQHandler, 0x0)
                0x00000000                PROVIDE (TIM6_IRQHandler, 0x0)
                0x00000000                PROVIDE (TIM7_IRQHandler, 0x0)
                0x00000000                PROVIDE (DMA2_Channel1_IRQHandler, 0x0)
                0x00000000                PROVIDE (DMA2_Channel2_IRQHandler, 0x0)
                0x00000000                PROVIDE (DMA2_Channel3_IRQHandler, 0x0)
                0x00000000                PROVIDE (DMA2_Channel4_5_IRQHandler, 0x0)
                0x42000000                PERIPH_BB_BASE = 0x42000000
                0x22000000                SRAM_BB_BASE = 0x22000000
                0x20000000                SRAM_BASE = 0x20000000
                0x40000000                PERIPH_BASE = 0x40000000
                0x40022000                PROVIDE (FLASH_BASE, 0x40022000)
                0x1ffff800                PROVIDE (OB_BASE, 0x1ffff800)
                0x40000000                APB1PERIPH_BASE = PERIPH_BASE
                0x40010000                APB2PERIPH_BASE = (PERIPH_BASE + 0x10000)
                0x40020000                AHBPERIPH_BASE = (PERIPH_BASE + 0x20000)
                0x40000000                PROVIDE (TIM2, (APB1PERIPH_BASE + 0x0))
                0x40000400                PROVIDE (TIM3, (APB1PERIPH_BASE + 0x400))
                0x40000800                PROVIDE (TIM4, (APB1PERIPH_BASE + 0x800))
                0x40002800                PROVIDE (RTC, (APB1PERIPH_BASE + 0x2800))
                0x40002c00                PROVIDE (WWDG, (APB1PERIPH_BASE + 0x2c00))
                0x40003000                PROVIDE (IWDG, (APB1PERIPH_BASE + 0x3000))
                0x40003800                PROVIDE (SPI2, (APB1PERIPH_BASE + 0x3800))
                0x40004400                PROVIDE (USART2, (APB1PERIPH_BASE + 0x4400))
                0x40004800                PROVIDE (USART3, (APB1PERIPH_BASE + 0x4800))
                0x40005400                PROVIDE (I2C1, (APB1PERIPH_BASE + 0x5400))
                0x40005800                PROVIDE (I2C2, (APB1PERIPH_BASE + 0x5800))
                0x40006400                PROVIDE (CAN, (APB1PERIPH_BASE + 0x6400))
                0x40006c00                PROVIDE (BKP, (APB1PERIPH_BASE + 0x6c00))
                0x40007000                PROVIDE (PWR, (APB1PERIPH_BASE + 0x7000))
                0x40010000                PROVIDE (AFIO, (APB2PERIPH_BASE + 0x0))
                0x40010400                PROVIDE (EXTI, (APB2PERIPH_BASE + 0x400))
                0x40010800                PROVIDE (GPIOA, (APB2PERIPH_BASE + 0x800))
                0x40010c00                PROVIDE (GPIOB, (APB2PERIPH_BASE + 0xc00))
                0x40011000                PROVIDE (GPIOC, (APB2PERIPH_BASE + 0x1000))
                0x40011400                PROVIDE (GPIOD, (APB2PERIPH_BASE + 0x1400))
                0x40011800                PROVIDE (GPIOE, (APB2PERIPH_BASE + 0x1800))
                0x40012400                PROVIDE (ADC1, (APB2PERIPH_BASE + 0x2400))
                0x40012800                PROVIDE (ADC2, (APB2PERIPH_BASE + 0x2800))
                0x40012c00                PROVIDE (TIM1, (APB2PERIPH_BASE + 0x2c00))
                0x40013000                PROVIDE (SPI1, (APB2PERIPH_BASE + 0x3000))
                0x40013800                PROVIDE (USART1, (APB2PERIPH_BASE + 0x3800))
                0x40020000                PROVIDE (DMA, (AHBPERIPH_BASE + 0x0))
                0x40020008                PROVIDE (DMA_Channel1, (AHBPERIPH_BASE + 0x8))
                0x4002001c                PROVIDE (DMA_Channel2, (AHBPERIPH_BASE + 0x1c))
                0x40020030                PROVIDE (DMA_Channel3, (AHBPERIPH_BASE + 0x30))
                0x40020044                PROVIDE (DMA_Channel4, (AHBPERIPH_BASE + 0x44))
                0x40020058                PROVIDE (DMA_Channel5, (AHBPERIPH_BASE + 0x58))
                0x4002006c                PROVIDE (DMA_Channel6, (AHBPERIPH_BASE + 0x6c))
                0x40020080                PROVIDE (DMA_Channel7, (AHBPERIPH_BASE + 0x80))
                0x40021000                PROVIDE (RCC, (AHBPERIPH_BASE + 0x1000))
                0xe000e000                SCS_BASE = 0xe000e000
                0xe000e010                PROVIDE (SysTick, (SCS_BASE + 0x10))
                0xe000e100                PROVIDE (NVIC, (SCS_BASE + 0x100))
                0xe000ed00                PROVIDE (SCB, (SCS_BASE + 0xd00))
                0x20002000                _estack = 0x20002000

.isr_vector     0x08000000      0x188
                0x08000000                . = ALIGN (0x4)
 *(.isr_vector)
 .isr_vector    0x08000000      0x188 .\startup_stm32f4xx.o
                0x08000000                g_pfnVectors
                0x08000188                . = ALIGN (0x4)

.flash_start    0x00000000        0x0
                0x00000000                . = ALIGN (0x4)
 *(.flash_start)
 *(.flash_start.*)
                0x00000000                . = ALIGN (0x4)

.crp_patch      0x00000000        0x0
                0x00000000                . = ALIGN (0x4)
 *(.crp_patch)
                0x00000000                . = ALIGN (0x4)

.flashtext      0x08000188        0x0
                0x08000188                . = ALIGN (0x4)
 *(.flashtext)
                0x08000188                . = ALIGN (0x4)

.text           0x08000188     0x1c68
                0x08000188                . = ALIGN (0x4)
 *(.text)
 *(.text.*)
 .text.Reset_Handler
                0x08000188       0x44 .\startup_stm32f4xx.o
                0x08000188                Reset_Handler
 .text.Default_Handler
                0x080001cc        0x2 .\startup_stm32f4xx.o
                0x080001cc                RTC_Alarm_IRQHandler
                0x080001cc                HASH_RNG_IRQHandler
                0x080001cc                EXTI2_IRQHandler
                0x080001cc                TIM8_CC_IRQHandler
                0x080001cc                TIM1_CC_IRQHandler
                0x080001cc                DMA2_Stream5_IRQHandler
                0x080001cc                DMA1_Stream5_IRQHandler
                0x080001cc                PVD_IRQHandler
                0x080001cc                SDIO_IRQHandler
                0x080001cc                TAMP_STAMP_IRQHandler
                0x080001cc                CAN2_RX1_IRQHandler
                0x080001cc                EXTI3_IRQHandler
                0x080001cc                TIM8_TRG_COM_TIM14_IRQHandler
                0x080001cc                TIM1_UP_TIM10_IRQHandler
                0x080001cc                TIM8_UP_TIM13_IRQHandler
                0x080001cc                I2C3_ER_IRQHandler
                0x080001cc                EXTI0_IRQHandler
                0x080001cc                I2C2_EV_IRQHandler
                0x080001cc                DMA1_Stream2_IRQHandler
                0x080001cc                CAN1_RX0_IRQHandler
                0x080001cc                FPU_IRQHandler
                0x080001cc                OTG_HS_WKUP_IRQHandler
                0x080001cc                CAN2_SCE_IRQHandler
                0x080001cc                DMA2_Stream2_IRQHandler
                0x080001cc                SPI1_IRQHandler
                0x080001cc                TIM6_DAC_IRQHandler
                0x080001cc                TIM1_BRK_TIM9_IRQHandler
                0x080001cc                DCMI_IRQHandler
                0x080001cc                CAN2_RX0_IRQHandler
                0x080001cc                DMA2_Stream3_IRQHandler
                0x080001cc                USART6_IRQHandler
                0x080001cc                USART3_IRQHandler
                0x080001cc                CRYP_IRQHandler
                0x080001cc                CAN1_RX1_IRQHandler
                0x080001cc                UART5_IRQHandler
                0x080001cc                DMA2_Stream0_IRQHandler
                0x080001cc                TIM4_IRQHandler
                0x080001cc                I2C1_EV_IRQHandler
                0x080001cc                DMA1_Stream6_IRQHandler
                0x080001cc                DMA1_Stream1_IRQHandler
                0x080001cc                UART4_IRQHandler
                0x080001cc                RCC_IRQHandler
                0x080001cc                TIM8_BRK_TIM12_IRQHandler
                0x080001cc                Default_Handler
                0x080001cc                EXTI15_10_IRQHandler
                0x080001cc                ADC_IRQHandler
                0x080001cc                DMA1_Stream7_IRQHandler
                0x080001cc                TIM7_IRQHandler
                0x080001cc                CAN2_TX_IRQHandler
                0x080001cc                TIM5_IRQHandler
                0x080001cc                DMA2_Stream7_IRQHandler
                0x080001cc                I2C3_EV_IRQHandler
                0x080001cc                EXTI9_5_IRQHandler
                0x080001cc                RTC_WKUP_IRQHandler
                0x080001cc                ETH_WKUP_IRQHandler
                0x080001cc                SPI2_IRQHandler
                0x080001cc                OTG_HS_EP1_IN_IRQHandler
                0x080001cc                DMA1_Stream0_IRQHandler
                0x080001cc                CAN1_TX_IRQHandler
                0x080001cc                EXTI4_IRQHandler
                0x080001cc                FSMC_IRQHandler
                0x080001cc                ETH_IRQHandler
                0x080001cc                OTG_HS_EP1_OUT_IRQHandler
                0x080001cc                WWDG_IRQHandler
                0x080001cc                TIM2_IRQHandler
                0x080001cc                OTG_FS_WKUP_IRQHandler
                0x080001cc                TIM1_TRG_COM_TIM11_IRQHandler
                0x080001cc                OTG_HS_IRQHandler
                0x080001cc                EXTI1_IRQHandler
                0x080001cc                USART2_IRQHandler
                0x080001cc                I2C2_ER_IRQHandler
                0x080001cc                DMA2_Stream1_IRQHandler
                0x080001cc                CAN1_SCE_IRQHandler
                0x080001cc                FLASH_IRQHandler
                0x080001cc                DMA2_Stream4_IRQHandler
                0x080001cc                USART1_IRQHandler
                0x080001cc                OTG_FS_IRQHandler
                0x080001cc                SPI3_IRQHandler
                0x080001cc                DMA1_Stream4_IRQHandler
                0x080001cc                I2C1_ER_IRQHandler
                0x080001cc                DMA2_Stream6_IRQHandler
                0x080001cc                DMA1_Stream3_IRQHandler
 *fill*         0x080001ce        0x2 00
 .text.GetFrequency
                0x080001d0       0x20 D:\FbEdit\Projects\Applications\fbe\STM32F4Discovery\STM32F4_LCMeter\main.o
                0x080001d0                GetFrequency
 .text.LCM_Calibrate
                0x080001f0       0xa4 D:\FbEdit\Projects\Applications\fbe\STM32F4Discovery\STM32F4_LCMeter\main.o
                0x080001f0                LCM_Calibrate
 .text.SPISendData
                0x08000294       0x2c D:\FbEdit\Projects\Applications\fbe\STM32F4Discovery\STM32F4_LCMeter\main.o
                0x08000294                SPISendData
 .text.USART3_putdata
                0x080002c0       0x30 D:\FbEdit\Projects\Applications\fbe\STM32F4Discovery\STM32F4_LCMeter\main.o
                0x080002c0                USART3_putdata
 .text.USART3_getdata
                0x080002f0       0x30 D:\FbEdit\Projects\Applications\fbe\STM32F4Discovery\STM32F4_LCMeter\main.o
                0x080002f0                USART3_getdata
 .text.RCC_Config
                0x08000320       0x74 D:\FbEdit\Projects\Applications\fbe\STM32F4Discovery\STM32F4_LCMeter\main.o
                0x08000320                RCC_Config
 .text.NVIC_Config
                0x08000394       0x2c D:\FbEdit\Projects\Applications\fbe\STM32F4Discovery\STM32F4_LCMeter\main.o
                0x08000394                NVIC_Config
 .text.GPIO_Config
                0x080003c0      0x198 D:\FbEdit\Projects\Applications\fbe\STM32F4Discovery\STM32F4_LCMeter\main.o
                0x080003c0                GPIO_Config
 .text.TIM_Config
                0x08000558      0x138 D:\FbEdit\Projects\Applications\fbe\STM32F4Discovery\STM32F4_LCMeter\main.o
                0x08000558                TIM_Config
 .text.DAC_Config
                0x08000690       0x44 D:\FbEdit\Projects\Applications\fbe\STM32F4Discovery\STM32F4_LCMeter\main.o
                0x08000690                DAC_Config
 .text.DMA_SingleConfig
                0x080006d4       0x80 D:\FbEdit\Projects\Applications\fbe\STM32F4Discovery\STM32F4_LCMeter\main.o
                0x080006d4                DMA_SingleConfig
 .text.ADC_SingleConfig
                0x08000754       0x84 D:\FbEdit\Projects\Applications\fbe\STM32F4Discovery\STM32F4_LCMeter\main.o
                0x08000754                ADC_SingleConfig
 .text.DMA_TripleConfig
                0x080007d8       0x80 D:\FbEdit\Projects\Applications\fbe\STM32F4Discovery\STM32F4_LCMeter\main.o
                0x080007d8                DMA_TripleConfig
 .text.ADC_TripleConfig
                0x08000858       0xd8 D:\FbEdit\Projects\Applications\fbe\STM32F4Discovery\STM32F4_LCMeter\main.o
                0x08000858                ADC_TripleConfig
 .text.DMA_LGAConfig
                0x08000930       0x78 D:\FbEdit\Projects\Applications\fbe\STM32F4Discovery\STM32F4_LCMeter\main.o
                0x08000930                DMA_LGAConfig
 .text.SPI_Config
                0x080009a8       0x64 D:\FbEdit\Projects\Applications\fbe\STM32F4Discovery\STM32F4_LCMeter\main.o
                0x080009a8                SPI_Config
 .text.USART_Config
                0x08000a0c       0x6c D:\FbEdit\Projects\Applications\fbe\STM32F4Discovery\STM32F4_LCMeter\main.o
                0x08000a0c                USART_Config
 .text.main     0x08000a78      0x3e0 D:\FbEdit\Projects\Applications\fbe\STM32F4Discovery\STM32F4_LCMeter\main.o
                0x08000a78                main
 .text.TIM3_IRQHandler
                0x08000e58       0x58 D:\FbEdit\Projects\Applications\fbe\STM32F4Discovery\STM32F4_LCMeter\main.o
                0x08000e58                TIM3_IRQHandler
 .text.NMI_Handler
                0x08000eb0        0x4 D:\FbEdit\Projects\Applications\fbe\STM32F4Discovery\STM32F4_LCMeter\stm32f4xx_it.o
                0x08000eb0                NMI_Handler
 .text.HardFault_Handler
                0x08000eb4        0x4 D:\FbEdit\Projects\Applications\fbe\STM32F4Discovery\STM32F4_LCMeter\stm32f4xx_it.o
                0x08000eb4                HardFault_Handler
 .text.MemManage_Handler
                0x08000eb8        0x4 D:\FbEdit\Projects\Applications\fbe\STM32F4Discovery\STM32F4_LCMeter\stm32f4xx_it.o
                0x08000eb8                MemManage_Handler
 .text.BusFault_Handler
                0x08000ebc        0x4 D:\FbEdit\Projects\Applications\fbe\STM32F4Discovery\STM32F4_LCMeter\stm32f4xx_it.o
                0x08000ebc                BusFault_Handler
 .text.UsageFault_Handler
                0x08000ec0        0x4 D:\FbEdit\Projects\Applications\fbe\STM32F4Discovery\STM32F4_LCMeter\stm32f4xx_it.o
                0x08000ec0                UsageFault_Handler
 .text.DebugMon_Handler
                0x08000ec4        0x4 D:\FbEdit\Projects\Applications\fbe\STM32F4Discovery\STM32F4_LCMeter\stm32f4xx_it.o
                0x08000ec4                DebugMon_Handler
 .text.SVC_Handler
                0x08000ec8        0x4 D:\FbEdit\Projects\Applications\fbe\STM32F4Discovery\STM32F4_LCMeter\stm32f4xx_it.o
                0x08000ec8                SVC_Handler
 .text.PendSV_Handler
                0x08000ecc        0x4 D:\FbEdit\Projects\Applications\fbe\STM32F4Discovery\STM32F4_LCMeter\stm32f4xx_it.o
                0x08000ecc                PendSV_Handler
 .text.SysTick_Handler
                0x08000ed0        0x4 D:\FbEdit\Projects\Applications\fbe\STM32F4Discovery\STM32F4_LCMeter\stm32f4xx_it.o
                0x08000ed0                SysTick_Handler
 .text.RCC_GetClocksFreq
                0x08000ed4       0xd8 D:\FbEdit\Projects\Applications\fbe\STM32F4Discovery\STM32F4_LCMeter\stm32f4xx_rcc.o
                0x08000ed4                RCC_GetClocksFreq
 .text.RCC_AHB1PeriphClockCmd
                0x08000fac       0x24 D:\FbEdit\Projects\Applications\fbe\STM32F4Discovery\STM32F4_LCMeter\stm32f4xx_rcc.o
                0x08000fac                RCC_AHB1PeriphClockCmd
 .text.RCC_APB1PeriphClockCmd
                0x08000fd0       0x24 D:\FbEdit\Projects\Applications\fbe\STM32F4Discovery\STM32F4_LCMeter\stm32f4xx_rcc.o
                0x08000fd0                RCC_APB1PeriphClockCmd
 .text.RCC_APB2PeriphClockCmd
                0x08000ff4       0x24 D:\FbEdit\Projects\Applications\fbe\STM32F4Discovery\STM32F4_LCMeter\stm32f4xx_rcc.o
                0x08000ff4                RCC_APB2PeriphClockCmd
 .text.GPIO_Init
                0x08001018       0xbc D:\FbEdit\Projects\Applications\fbe\STM32F4Discovery\STM32F4_LCMeter\stm32f4xx_gpio.o
                0x08001018                GPIO_Init
 .text.GPIO_SetBits
                0x080010d4        0x4 D:\FbEdit\Projects\Applications\fbe\STM32F4Discovery\STM32F4_LCMeter\stm32f4xx_gpio.o
                0x080010d4                GPIO_SetBits
 .text.GPIO_ResetBits
                0x080010d8        0x4 D:\FbEdit\Projects\Applications\fbe\STM32F4Discovery\STM32F4_LCMeter\stm32f4xx_gpio.o
                0x080010d8                GPIO_ResetBits
 .text.GPIO_PinAFConfig
                0x080010dc       0x3c D:\FbEdit\Projects\Applications\fbe\STM32F4Discovery\STM32F4_LCMeter\stm32f4xx_gpio.o
                0x080010dc                GPIO_PinAFConfig
 .text.TIM_TimeBaseInit
                0x08001118       0xc0 D:\FbEdit\Projects\Applications\fbe\STM32F4Discovery\STM32F4_LCMeter\stm32f4xx_tim.o
                0x08001118                TIM_TimeBaseInit
 .text.TIM_ARRPreloadConfig
                0x080011d8       0x20 D:\FbEdit\Projects\Applications\fbe\STM32F4Discovery\STM32F4_LCMeter\stm32f4xx_tim.o
                0x080011d8                TIM_ARRPreloadConfig
 .text.TIM_Cmd  0x080011f8       0x20 D:\FbEdit\Projects\Applications\fbe\STM32F4Discovery\STM32F4_LCMeter\stm32f4xx_tim.o
                0x080011f8                TIM_Cmd
 .text.TIM_OC2Init
                0x08001218       0xb0 D:\FbEdit\Projects\Applications\fbe\STM32F4Discovery\STM32F4_LCMeter\stm32f4xx_tim.o
                0x08001218                TIM_OC2Init
 .text.TIM_OCStructInit
                0x080012c8       0x18 D:\FbEdit\Projects\Applications\fbe\STM32F4Discovery\STM32F4_LCMeter\stm32f4xx_tim.o
                0x080012c8                TIM_OCStructInit
 .text.TIM_OC2PreloadConfig
                0x080012e0       0x18 D:\FbEdit\Projects\Applications\fbe\STM32F4Discovery\STM32F4_LCMeter\stm32f4xx_tim.o
                0x080012e0                TIM_OC2PreloadConfig
 .text.TIM_ITConfig
                0x080012f8       0x18 D:\FbEdit\Projects\Applications\fbe\STM32F4Discovery\STM32F4_LCMeter\stm32f4xx_tim.o
                0x080012f8                TIM_ITConfig
 .text.TIM_ClearITPendingBit
                0x08001310        0xc D:\FbEdit\Projects\Applications\fbe\STM32F4Discovery\STM32F4_LCMeter\stm32f4xx_tim.o
                0x08001310                TIM_ClearITPendingBit
 .text.TIM_DMACmd
                0x0800131c       0x18 D:\FbEdit\Projects\Applications\fbe\STM32F4Discovery\STM32F4_LCMeter\stm32f4xx_tim.o
                0x0800131c                TIM_DMACmd
 .text.NVIC_Init
                0x08001334       0x88 D:\FbEdit\Projects\Applications\fbe\STM32F4Discovery\STM32F4_LCMeter\misc.o
                0x08001334                NVIC_Init
 .text.SystemInit
                0x080013bc      0x124 D:\FbEdit\Projects\Applications\fbe\STM32F4Discovery\STM32F4_LCMeter\system_stm32f4xx.o
                0x080013bc                SystemInit
 .text.STM_EVAL_LEDInit
                0x080014e0       0x54 D:\FbEdit\Projects\Applications\fbe\STM32F4Discovery\STM32F4_LCMeter\stm32f4_discovery.o
                0x080014e0                STM_EVAL_LEDInit
 .text.STM_EVAL_LEDToggle
                0x08001534       0x24 D:\FbEdit\Projects\Applications\fbe\STM32F4Discovery\STM32F4_LCMeter\stm32f4_discovery.o
                0x08001534                STM_EVAL_LEDToggle
 .text.DMA_DeInit
                0x08001558      0x1f4 D:\FbEdit\Projects\Applications\fbe\STM32F4Discovery\STM32F4_LCMeter\stm32f4xx_dma.o
                0x08001558                DMA_DeInit
 .text.DMA_Init
                0x0800174c       0x60 D:\FbEdit\Projects\Applications\fbe\STM32F4Discovery\STM32F4_LCMeter\stm32f4xx_dma.o
                0x0800174c                DMA_Init
 .text.DMA_StructInit
                0x080017ac       0x24 D:\FbEdit\Projects\Applications\fbe\STM32F4Discovery\STM32F4_LCMeter\stm32f4xx_dma.o
                0x080017ac                DMA_StructInit
 .text.DMA_Cmd  0x080017d0       0x18 D:\FbEdit\Projects\Applications\fbe\STM32F4Discovery\STM32F4_LCMeter\stm32f4xx_dma.o
                0x080017d0                DMA_Cmd
 .text.DMA_GetFlagStatus
                0x080017e8       0x44 D:\FbEdit\Projects\Applications\fbe\STM32F4Discovery\STM32F4_LCMeter\stm32f4xx_dma.o
                0x080017e8                DMA_GetFlagStatus
 .text.ADC_Init
                0x0800182c       0x54 D:\FbEdit\Projects\Applications\fbe\STM32F4Discovery\STM32F4_LCMeter\stm32f4xx_adc.o
                0x0800182c                ADC_Init
 .text.ADC_StructInit
                0x08001880       0x18 D:\FbEdit\Projects\Applications\fbe\STM32F4Discovery\STM32F4_LCMeter\stm32f4xx_adc.o
                0x08001880                ADC_StructInit
 .text.ADC_CommonInit
                0x08001898       0x34 D:\FbEdit\Projects\Applications\fbe\STM32F4Discovery\STM32F4_LCMeter\stm32f4xx_adc.o
                0x08001898                ADC_CommonInit
 .text.ADC_CommonStructInit
                0x080018cc       0x10 D:\FbEdit\Projects\Applications\fbe\STM32F4Discovery\STM32F4_LCMeter\stm32f4xx_adc.o
                0x080018cc                ADC_CommonStructInit
 .text.ADC_Cmd  0x080018dc       0x18 D:\FbEdit\Projects\Applications\fbe\STM32F4Discovery\STM32F4_LCMeter\stm32f4xx_adc.o
                0x080018dc                ADC_Cmd
 .text.ADC_RegularChannelConfig
                0x080018f4       0xb4 D:\FbEdit\Projects\Applications\fbe\STM32F4Discovery\STM32F4_LCMeter\stm32f4xx_adc.o
                0x080018f4                ADC_RegularChannelConfig
 .text.ADC_DMACmd
                0x080019a8       0x18 D:\FbEdit\Projects\Applications\fbe\STM32F4Discovery\STM32F4_LCMeter\stm32f4xx_adc.o
                0x080019a8                ADC_DMACmd
 .text.ADC_DMARequestAfterLastTransferCmd
                0x080019c0       0x18 D:\FbEdit\Projects\Applications\fbe\STM32F4Discovery\STM32F4_LCMeter\stm32f4xx_adc.o
                0x080019c0                ADC_DMARequestAfterLastTransferCmd
 .text.ADC_MultiModeDMARequestAfterLastTransferCmd
                0x080019d8       0x28 D:\FbEdit\Projects\Applications\fbe\STM32F4Discovery\STM32F4_LCMeter\stm32f4xx_adc.o
                0x080019d8                ADC_MultiModeDMARequestAfterLastTransferCmd
 .text.DAC_Init
                0x08001a00       0x38 D:\FbEdit\Projects\Applications\fbe\STM32F4Discovery\STM32F4_LCMeter\stm32f4xx_dac.o
                0x08001a00                DAC_Init
 .text.DAC_StructInit
                0x08001a38       0x10 D:\FbEdit\Projects\Applications\fbe\STM32F4Discovery\STM32F4_LCMeter\stm32f4xx_dac.o
                0x08001a38                DAC_StructInit
 .text.DAC_Cmd  0x08001a48       0x34 D:\FbEdit\Projects\Applications\fbe\STM32F4Discovery\STM32F4_LCMeter\stm32f4xx_dac.o
                0x08001a48                DAC_Cmd
 .text.DAC_SetChannel1Data
                0x08001a7c       0x24 D:\FbEdit\Projects\Applications\fbe\STM32F4Discovery\STM32F4_LCMeter\stm32f4xx_dac.o
                0x08001a7c                DAC_SetChannel1Data
 .text.SPI_Init
                0x08001aa0       0x48 D:\FbEdit\Projects\Applications\fbe\STM32F4Discovery\STM32F4_LCMeter\stm32f4xx_spi.o
                0x08001aa0                SPI_Init
 .text.SPI_Cmd  0x08001ae8       0x20 D:\FbEdit\Projects\Applications\fbe\STM32F4Discovery\STM32F4_LCMeter\stm32f4xx_spi.o
                0x08001ae8                SPI_Cmd
 .text.USART_Init
                0x08001b08      0x10c D:\FbEdit\Projects\Applications\fbe\STM32F4Discovery\STM32F4_LCMeter\stm32f4xx_usart.o
                0x08001b08                USART_Init
 .text.USART_StructInit
                0x08001c14       0x1c D:\FbEdit\Projects\Applications\fbe\STM32F4Discovery\STM32F4_LCMeter\stm32f4xx_usart.o
                0x08001c14                USART_StructInit
 .text.USART_Cmd
                0x08001c30       0x20 D:\FbEdit\Projects\Applications\fbe\STM32F4Discovery\STM32F4_LCMeter\stm32f4xx_usart.o
                0x08001c30                USART_Cmd
 .text.__io_putchar
                0x08001c50      0x16c D:\Ride\Ride\Lib\ARM\STM32x_io_putchar_thumb.a(STM32F10X_io_putchar.o)
                0x08001c50                __io_putchar
 .text._write   0x08001dbc        0x4 D:\Ride\Ride\Lib\ARM\std_sbrk_thumb.lib(write.o)
                0x08001dbc                _write
 *(.rodata)
 .rodata        0x08001dc0       0x30 D:\FbEdit\Projects\Applications\fbe\STM32F4Discovery\STM32F4_LCMeter\stm32f4_discovery.o
                0x08001dc0                GPIO_CLK
                0x08001dd0                GPIO_PIN
                0x08001dd8                BUTTON_CLK
                0x08001ddc                BUTTON_PIN
                0x08001de0                BUTTON_PORT_SOURCE
                0x08001de4                BUTTON_PIN_SOURCE
                0x08001de8                BUTTON_EXTI_LINE
                0x08001dec                BUTTON_IRQn
 *(.rodata*)
 *(.glue_7)
 .glue_7        0x00000000        0x0 linker stubs
 *(.glue_7t)
 .glue_7t       0x00000000        0x0 linker stubs
                0x08001df0                . = ALIGN (0x4)
                0x08001df0                _etext = .
                0x08001df0                _sidata = _etext

.vfp11_veneer   0x08001df0        0x0
 .vfp11_veneer  0x00000000        0x0 linker stubs

.v4_bx          0x08001df0        0x0
 .v4_bx         0x00000000        0x0 linker stubs

.flashpatch     0x00000000        0x0
                0x00000000                . = ALIGN (0x4)
 *(.flashpatch)
                0x00000000                . = ALIGN (0x4)

.endflash       0x00000000        0x0
                0x00000000                . = ALIGN (0x4)
 *(.endflash)
                0x00000000                . = ALIGN (0x4)
                0x00000000                _e_endflash = .

.data           0x20000000       0x24 load address 0x08001df0
                0x20000000                . = ALIGN (0x4)
                0x20000000                _sdata = .
                0x20000000                _data = .
 *(.data)
 .data          0x20000000       0x10 D:\FbEdit\Projects\Applications\fbe\STM32F4Discovery\STM32F4_LCMeter\stm32f4xx_rcc.o
 .data          0x20000010       0x14 D:\FbEdit\Projects\Applications\fbe\STM32F4Discovery\STM32F4_LCMeter\stm32f4_discovery.o
                0x20000010                GPIO_PORT
                0x20000020                BUTTON_PORT
 *(.data.*)
 *(.RAMtext)
                0x20000024                . = ALIGN (0x4)
                0x20000024                _edata = .
                0x08001e14                _eidata = ((_sidata + _edata) - _sdata)
                0x08010000                _lastdataromaddress = 0x8010000
                0x00000000                toobig = (_eidata > _lastdataromaddress)?!!!!!!!!! FLASH IS FULL !!!!!!!!!:0x0

.bss            0x20000024       0xb4 load address 0x08001e14
                0x20000024                . = ALIGN (0x4)
                0x20000024                _sbss = .
                0x20000024                _bss = .
 *(.bss)
 *(COMMON)
 COMMON         0x20000024       0xb4 D:\FbEdit\Projects\Applications\fbe\STM32F4Discovery\STM32F4_LCMeter\main.o
                0x20000024                STM32_CMD
                0x200000d8                . = ALIGN (0x4)
                0x200000d8                _ebss = .
                0x200000d8                PROVIDE (end, _ebss)
                0x200000d8                PROVIDE (_end, _ebss)

._usrstack      0x200000d8      0x100 load address 0x08001ec8
                0x200000d8                . = ALIGN (0x4)
                0x200000d8                _susrstack = .
                0x200001d8                . = (. + _Minimum_Stack_Size)
 *fill*         0x200000d8      0x100 00
                0x200001d8                . = ALIGN (0x4)
                0x200001d8                _eusrstack = .

.b1text
 *(.b1text)
 *(.b1rodata)
 *(.b1rodata*)

.eb0text
 *(.eb0text)
 *(.eb0rodata)
 *(.eb0rodata*)

.eb1text
 *(.eb1text)
 *(.eb1rodata)
 *(.eb1rodata*)

.eb2text
 *(.eb2text)
 *(.eb2rodata)
 *(.eb2rodata*)

.eb3text
 *(.eb3text)
 *(.eb3rodata)
 *(.eb3rodata*)
                0x200001d8                __exidx_start = .
                0x200001d8                __exidx_end = .

/DISCARD/
 libc.a(*)
 libm.a(*)
 libgcc.a(*)

.stab
 *(.stab)

.stabstr
 *(.stabstr)

.stab.excl
 *(.stab.excl)

.stab.exclstr
 *(.stab.exclstr)

.stab.index
 *(.stab.index)

.stab.indexstr
 *(.stab.indexstr)

.ARM.attributes
                0x00000000       0x2d
 .ARM.attributes
                0x00000000       0x21 .\startup_stm32f4xx.o
 .ARM.attributes
                0x00000021       0x31 D:\FbEdit\Projects\Applications\fbe\STM32F4Discovery\STM32F4_LCMeter\main.o
 .ARM.attributes
                0x00000052       0x31 D:\FbEdit\Projects\Applications\fbe\STM32F4Discovery\STM32F4_LCMeter\stm32f4xx_it.o
 .ARM.attributes
                0x00000083       0x31 D:\FbEdit\Projects\Applications\fbe\STM32F4Discovery\STM32F4_LCMeter\stm32f4xx_rcc.o
 .ARM.attributes
                0x000000b4       0x31 D:\FbEdit\Projects\Applications\fbe\STM32F4Discovery\STM32F4_LCMeter\stm32f4xx_gpio.o
 .ARM.attributes
                0x000000e5       0x31 D:\FbEdit\Projects\Applications\fbe\STM32F4Discovery\STM32F4_LCMeter\stm32f4xx_tim.o
 .ARM.attributes
                0x00000116       0x31 D:\FbEdit\Projects\Applications\fbe\STM32F4Discovery\STM32F4_LCMeter\misc.o
 .ARM.attributes
                0x00000147       0x31 D:\FbEdit\Projects\Applications\fbe\STM32F4Discovery\STM32F4_LCMeter\system_stm32f4xx.o
 .ARM.attributes
                0x00000178       0x31 D:\FbEdit\Projects\Applications\fbe\STM32F4Discovery\STM32F4_LCMeter\stm32f4_discovery.o
 .ARM.attributes
                0x000001a9       0x31 D:\FbEdit\Projects\Applications\fbe\STM32F4Discovery\STM32F4_LCMeter\stm32f4xx_dma.o
 .ARM.attributes
                0x000001da       0x31 D:\FbEdit\Projects\Applications\fbe\STM32F4Discovery\STM32F4_LCMeter\stm32f4xx_adc.o
 .ARM.attributes
                0x0000020b       0x31 D:\FbEdit\Projects\Applications\fbe\STM32F4Discovery\STM32F4_LCMeter\stm32f4xx_dac.o
 .ARM.attributes
                0x0000023c       0x31 D:\FbEdit\Projects\Applications\fbe\STM32F4Discovery\STM32F4_LCMeter\stm32f4xx_spi.o
 .ARM.attributes
                0x0000026d       0x31 D:\FbEdit\Projects\Applications\fbe\STM32F4Discovery\STM32F4_LCMeter\stm32f4xx_usart.o
 .ARM.attributes
                0x0000029e       0x31 D:\Ride\Ride\Lib\ARM\STM32x_io_putchar_thumb.a(STM32F10X_io_putchar.o)
 .ARM.attributes
                0x000002cf       0x2e D:\Ride\Ride\Lib\ARM\std_sbrk_thumb.lib(write.o)

.comment        0x00000000       0x7f
 *(.comment)
 .comment       0x00000000       0x2a D:\FbEdit\Projects\Applications\fbe\STM32F4Discovery\STM32F4_LCMeter\main.o
                                 0x2b (size before relaxing)
 .comment       0x00000000       0x2b D:\FbEdit\Projects\Applications\fbe\STM32F4Discovery\STM32F4_LCMeter\stm32f4xx_it.o
 .comment       0x00000000       0x2b D:\FbEdit\Projects\Applications\fbe\STM32F4Discovery\STM32F4_LCMeter\stm32f4xx_rcc.o
 .comment       0x00000000       0x2b D:\FbEdit\Projects\Applications\fbe\STM32F4Discovery\STM32F4_LCMeter\stm32f4xx_gpio.o
 .comment       0x00000000       0x2b D:\FbEdit\Projects\Applications\fbe\STM32F4Discovery\STM32F4_LCMeter\stm32f4xx_tim.o
 .comment       0x00000000       0x2b D:\FbEdit\Projects\Applications\fbe\STM32F4Discovery\STM32F4_LCMeter\misc.o
 .comment       0x00000000       0x2b D:\FbEdit\Projects\Applications\fbe\STM32F4Discovery\STM32F4_LCMeter\system_stm32f4xx.o
 .comment       0x00000000       0x2b D:\FbEdit\Projects\Applications\fbe\STM32F4Discovery\STM32F4_LCMeter\stm32f4_discovery.o
 .comment       0x00000000       0x2b D:\FbEdit\Projects\Applications\fbe\STM32F4Discovery\STM32F4_LCMeter\stm32f4xx_dma.o
 .comment       0x00000000       0x2b D:\FbEdit\Projects\Applications\fbe\STM32F4Discovery\STM32F4_LCMeter\stm32f4xx_adc.o
 .comment       0x00000000       0x2b D:\FbEdit\Projects\Applications\fbe\STM32F4Discovery\STM32F4_LCMeter\stm32f4xx_dac.o
 .comment       0x00000000       0x2b D:\FbEdit\Projects\Applications\fbe\STM32F4Discovery\STM32F4_LCMeter\stm32f4xx_spi.o
 .comment       0x00000000       0x2b D:\FbEdit\Projects\Applications\fbe\STM32F4Discovery\STM32F4_LCMeter\stm32f4xx_usart.o
 .comment       0x0000002a       0x2b D:\Ride\Ride\Lib\ARM\STM32x_io_putchar_thumb.a(STM32F10X_io_putchar.o)
 .comment       0x00000055       0x2a D:\Ride\Ride\Lib\ARM\std_sbrk_thumb.lib(write.o)

.debug
 *(.debug)

.line
 *(.line)

.debug_srcinfo
 *(.debug_srcinfo)

.debug_sfnames
 *(.debug_sfnames)

.debug_aranges  0x00000000      0xb28
 *(.debug_aranges)
 .debug_aranges
                0x00000000       0xb8 D:\FbEdit\Projects\Applications\fbe\STM32F4Discovery\STM32F4_LCMeter\main.o
 .debug_aranges
                0x000000b8       0x60 D:\FbEdit\Projects\Applications\fbe\STM32F4Discovery\STM32F4_LCMeter\stm32f4xx_it.o
 .debug_aranges
                0x00000118      0x178 D:\FbEdit\Projects\Applications\fbe\STM32F4Discovery\STM32F4_LCMeter\stm32f4xx_rcc.o
 .debug_aranges
                0x00000290       0x88 D:\FbEdit\Projects\Applications\fbe\STM32F4Discovery\STM32F4_LCMeter\stm32f4xx_gpio.o
 .debug_aranges
                0x00000318      0x2e8 D:\FbEdit\Projects\Applications\fbe\STM32F4Discovery\STM32F4_LCMeter\stm32f4xx_tim.o
 .debug_aranges
                0x00000600       0x40 D:\FbEdit\Projects\Applications\fbe\STM32F4Discovery\STM32F4_LCMeter\misc.o
 .debug_aranges
                0x00000640       0x28 D:\FbEdit\Projects\Applications\fbe\STM32F4Discovery\STM32F4_LCMeter\system_stm32f4xx.o
 .debug_aranges
                0x00000668       0x48 D:\FbEdit\Projects\Applications\fbe\STM32F4Discovery\STM32F4_LCMeter\stm32f4_discovery.o
 .debug_aranges
                0x000006b0       0xb0 D:\FbEdit\Projects\Applications\fbe\STM32F4Discovery\STM32F4_LCMeter\stm32f4xx_dma.o
 .debug_aranges
                0x00000760      0x148 D:\FbEdit\Projects\Applications\fbe\STM32F4Discovery\STM32F4_LCMeter\stm32f4xx_adc.o
 .debug_aranges
                0x000008a8       0xa0 D:\FbEdit\Projects\Applications\fbe\STM32F4Discovery\STM32F4_LCMeter\stm32f4xx_dac.o
 .debug_aranges
                0x00000948       0xe0 D:\FbEdit\Projects\Applications\fbe\STM32F4Discovery\STM32F4_LCMeter\stm32f4xx_spi.o
 .debug_aranges
                0x00000a28      0x100 D:\FbEdit\Projects\Applications\fbe\STM32F4Discovery\STM32F4_LCMeter\stm32f4xx_usart.o

.debug_pubnames
                0x00000000     0x1dc2
 *(.debug_pubnames)
 .debug_pubnames
                0x00000000      0x179 D:\FbEdit\Projects\Applications\fbe\STM32F4Discovery\STM32F4_LCMeter\main.o
 .debug_pubnames
                0x00000179       0xc6 D:\FbEdit\Projects\Applications\fbe\STM32F4Discovery\STM32F4_LCMeter\stm32f4xx_it.o
 .debug_pubnames
                0x0000023f      0x417 D:\FbEdit\Projects\Applications\fbe\STM32F4Discovery\STM32F4_LCMeter\stm32f4xx_rcc.o
 .debug_pubnames
                0x00000656      0x12d D:\FbEdit\Projects\Applications\fbe\STM32F4Discovery\STM32F4_LCMeter\stm32f4xx_gpio.o
 .debug_pubnames
                0x00000783      0x7c4 D:\FbEdit\Projects\Applications\fbe\STM32F4Discovery\STM32F4_LCMeter\stm32f4xx_tim.o
 .debug_pubnames
                0x00000f47       0x89 D:\FbEdit\Projects\Applications\fbe\STM32F4Discovery\STM32F4_LCMeter\misc.o
 .debug_pubnames
                0x00000fd0       0x61 D:\FbEdit\Projects\Applications\fbe\STM32F4Discovery\STM32F4_LCMeter\system_stm32f4xx.o
 .debug_pubnames
                0x00001031      0x150 D:\FbEdit\Projects\Applications\fbe\STM32F4Discovery\STM32F4_LCMeter\stm32f4_discovery.o
 .debug_pubnames
                0x00001181      0x1c9 D:\FbEdit\Projects\Applications\fbe\STM32F4Discovery\STM32F4_LCMeter\stm32f4xx_dma.o
 .debug_pubnames
                0x0000134a      0x446 D:\FbEdit\Projects\Applications\fbe\STM32F4Discovery\STM32F4_LCMeter\stm32f4xx_adc.o
 .debug_pubnames
                0x00001790      0x17d D:\FbEdit\Projects\Applications\fbe\STM32F4Discovery\STM32F4_LCMeter\stm32f4xx_dac.o
 .debug_pubnames
                0x0000190d      0x221 D:\FbEdit\Projects\Applications\fbe\STM32F4Discovery\STM32F4_LCMeter\stm32f4xx_spi.o
 .debug_pubnames
                0x00001b2e      0x294 D:\FbEdit\Projects\Applications\fbe\STM32F4Discovery\STM32F4_LCMeter\stm32f4xx_usart.o

.debug_info     0x00000000     0x8f6b
 *(.debug_info .gnu.linkonce.wi.*)
 .debug_info    0x00000000     0x16d0 D:\FbEdit\Projects\Applications\fbe\STM32F4Discovery\STM32F4_LCMeter\main.o
 .debug_info    0x000016d0      0x14c D:\FbEdit\Projects\Applications\fbe\STM32F4Discovery\STM32F4_LCMeter\stm32f4xx_it.o
 .debug_info    0x0000181c      0xd05 D:\FbEdit\Projects\Applications\fbe\STM32F4Discovery\STM32F4_LCMeter\stm32f4xx_rcc.o
 .debug_info    0x00002521      0x62d D:\FbEdit\Projects\Applications\fbe\STM32F4Discovery\STM32F4_LCMeter\stm32f4xx_gpio.o
 .debug_info    0x00002b4e     0x1e20 D:\FbEdit\Projects\Applications\fbe\STM32F4Discovery\STM32F4_LCMeter\stm32f4xx_tim.o
 .debug_info    0x0000496e      0x598 D:\FbEdit\Projects\Applications\fbe\STM32F4Discovery\STM32F4_LCMeter\misc.o
 .debug_info    0x00004f06      0x635 D:\FbEdit\Projects\Applications\fbe\STM32F4Discovery\STM32F4_LCMeter\system_stm32f4xx.o
 .debug_info    0x0000553b      0x963 D:\FbEdit\Projects\Applications\fbe\STM32F4Discovery\STM32F4_LCMeter\stm32f4_discovery.o
 .debug_info    0x00005e9e      0x78d D:\FbEdit\Projects\Applications\fbe\STM32F4Discovery\STM32F4_LCMeter\stm32f4xx_dma.o
 .debug_info    0x0000662b      0xcce D:\FbEdit\Projects\Applications\fbe\STM32F4Discovery\STM32F4_LCMeter\stm32f4xx_adc.o
 .debug_info    0x000072f9      0x68d D:\FbEdit\Projects\Applications\fbe\STM32F4Discovery\STM32F4_LCMeter\stm32f4xx_dac.o
 .debug_info    0x00007986      0xbb5 D:\FbEdit\Projects\Applications\fbe\STM32F4Discovery\STM32F4_LCMeter\stm32f4xx_spi.o
 .debug_info    0x0000853b      0xa30 D:\FbEdit\Projects\Applications\fbe\STM32F4Discovery\STM32F4_LCMeter\stm32f4xx_usart.o

.debug_abbrev   0x00000000     0x1529
 *(.debug_abbrev)
 .debug_abbrev  0x00000000      0x206 D:\FbEdit\Projects\Applications\fbe\STM32F4Discovery\STM32F4_LCMeter\main.o
 .debug_abbrev  0x00000206       0x64 D:\FbEdit\Projects\Applications\fbe\STM32F4Discovery\STM32F4_LCMeter\stm32f4xx_it.o
 .debug_abbrev  0x0000026a      0x1f8 D:\FbEdit\Projects\Applications\fbe\STM32F4Discovery\STM32F4_LCMeter\stm32f4xx_rcc.o
 .debug_abbrev  0x00000462      0x1d0 D:\FbEdit\Projects\Applications\fbe\STM32F4Discovery\STM32F4_LCMeter\stm32f4xx_gpio.o
 .debug_abbrev  0x00000632      0x207 D:\FbEdit\Projects\Applications\fbe\STM32F4Discovery\STM32F4_LCMeter\stm32f4xx_tim.o
 .debug_abbrev  0x00000839      0x14e D:\FbEdit\Projects\Applications\fbe\STM32F4Discovery\STM32F4_LCMeter\misc.o
 .debug_abbrev  0x00000987      0x16c D:\FbEdit\Projects\Applications\fbe\STM32F4Discovery\STM32F4_LCMeter\system_stm32f4xx.o
 .debug_abbrev  0x00000af3      0x19c D:\FbEdit\Projects\Applications\fbe\STM32F4Discovery\STM32F4_LCMeter\stm32f4_discovery.o
 .debug_abbrev  0x00000c8f      0x19e D:\FbEdit\Projects\Applications\fbe\STM32F4Discovery\STM32F4_LCMeter\stm32f4xx_dma.o
 .debug_abbrev  0x00000e2d      0x1d7 D:\FbEdit\Projects\Applications\fbe\STM32F4Discovery\STM32F4_LCMeter\stm32f4xx_adc.o
 .debug_abbrev  0x00001004      0x1d9 D:\FbEdit\Projects\Applications\fbe\STM32F4Discovery\STM32F4_LCMeter\stm32f4xx_dac.o
 .debug_abbrev  0x000011dd      0x1ae D:\FbEdit\Projects\Applications\fbe\STM32F4Discovery\STM32F4_LCMeter\stm32f4xx_spi.o
 .debug_abbrev  0x0000138b      0x19e D:\FbEdit\Projects\Applications\fbe\STM32F4Discovery\STM32F4_LCMeter\stm32f4xx_usart.o

.debug_line     0x00000000     0x2f72
 *(.debug_line)
 .debug_line    0x00000000      0x545 D:\FbEdit\Projects\Applications\fbe\STM32F4Discovery\STM32F4_LCMeter\main.o
 .debug_line    0x00000545      0x1c2 D:\FbEdit\Projects\Applications\fbe\STM32F4Discovery\STM32F4_LCMeter\stm32f4xx_it.o
 .debug_line    0x00000707      0x4e1 D:\FbEdit\Projects\Applications\fbe\STM32F4Discovery\STM32F4_LCMeter\stm32f4xx_rcc.o
 .debug_line    0x00000be8      0x299 D:\FbEdit\Projects\Applications\fbe\STM32F4Discovery\STM32F4_LCMeter\stm32f4xx_gpio.o
 .debug_line    0x00000e81      0x92e D:\FbEdit\Projects\Applications\fbe\STM32F4Discovery\STM32F4_LCMeter\stm32f4xx_tim.o
 .debug_line    0x000017af      0x1ad D:\FbEdit\Projects\Applications\fbe\STM32F4Discovery\STM32F4_LCMeter\misc.o
 .debug_line    0x0000195c      0x1ae D:\FbEdit\Projects\Applications\fbe\STM32F4Discovery\STM32F4_LCMeter\system_stm32f4xx.o
 .debug_line    0x00001b0a      0x254 D:\FbEdit\Projects\Applications\fbe\STM32F4Discovery\STM32F4_LCMeter\stm32f4_discovery.o
 .debug_line    0x00001d5e      0x32f D:\FbEdit\Projects\Applications\fbe\STM32F4Discovery\STM32F4_LCMeter\stm32f4xx_dma.o
 .debug_line    0x0000208d      0x4a9 D:\FbEdit\Projects\Applications\fbe\STM32F4Discovery\STM32F4_LCMeter\stm32f4xx_adc.o
 .debug_line    0x00002536      0x2bb D:\FbEdit\Projects\Applications\fbe\STM32F4Discovery\STM32F4_LCMeter\stm32f4xx_dac.o
 .debug_line    0x000027f1      0x39f D:\FbEdit\Projects\Applications\fbe\STM32F4Discovery\STM32F4_LCMeter\stm32f4xx_spi.o
 .debug_line    0x00002b90      0x3e2 D:\FbEdit\Projects\Applications\fbe\STM32F4Discovery\STM32F4_LCMeter\stm32f4xx_usart.o

.debug_frame    0x00000000     0x17a4
 *(.debug_frame)
 .debug_frame   0x00000000      0x238 D:\FbEdit\Projects\Applications\fbe\STM32F4Discovery\STM32F4_LCMeter\main.o
 .debug_frame   0x00000238       0xa0 D:\FbEdit\Projects\Applications\fbe\STM32F4Discovery\STM32F4_LCMeter\stm32f4xx_it.o
 .debug_frame   0x000002d8      0x2e4 D:\FbEdit\Projects\Applications\fbe\STM32F4Discovery\STM32F4_LCMeter\stm32f4xx_rcc.o
 .debug_frame   0x000005bc      0x118 D:\FbEdit\Projects\Applications\fbe\STM32F4Discovery\STM32F4_LCMeter\stm32f4xx_gpio.o
 .debug_frame   0x000006d4      0x670 D:\FbEdit\Projects\Applications\fbe\STM32F4Discovery\STM32F4_LCMeter\stm32f4xx_tim.o
 .debug_frame   0x00000d44       0x68 D:\FbEdit\Projects\Applications\fbe\STM32F4Discovery\STM32F4_LCMeter\misc.o
 .debug_frame   0x00000dac       0x34 D:\FbEdit\Projects\Applications\fbe\STM32F4Discovery\STM32F4_LCMeter\system_stm32f4xx.o
 .debug_frame   0x00000de0       0x9c D:\FbEdit\Projects\Applications\fbe\STM32F4Discovery\STM32F4_LCMeter\stm32f4_discovery.o
 .debug_frame   0x00000e7c      0x168 D:\FbEdit\Projects\Applications\fbe\STM32F4Discovery\STM32F4_LCMeter\stm32f4xx_dma.o
 .debug_frame   0x00000fe4      0x2a8 D:\FbEdit\Projects\Applications\fbe\STM32F4Discovery\STM32F4_LCMeter\stm32f4xx_adc.o
 .debug_frame   0x0000128c      0x13c D:\FbEdit\Projects\Applications\fbe\STM32F4Discovery\STM32F4_LCMeter\stm32f4xx_dac.o
 .debug_frame   0x000013c8      0x1cc D:\FbEdit\Projects\Applications\fbe\STM32F4Discovery\STM32F4_LCMeter\stm32f4xx_spi.o
 .debug_frame   0x00001594      0x210 D:\FbEdit\Projects\Applications\fbe\STM32F4Discovery\STM32F4_LCMeter\stm32f4xx_usart.o

.debug_str      0x00000000     0x3a83
 *(.debug_str)
 .debug_str     0x00000000     0x124e D:\FbEdit\Projects\Applications\fbe\STM32F4Discovery\STM32F4_LCMeter\main.o
                               0x12ac (size before relaxing)
 .debug_str     0x0000124e       0xe4 D:\FbEdit\Projects\Applications\fbe\STM32F4Discovery\STM32F4_LCMeter\stm32f4xx_it.o
                                0x189 (size before relaxing)
 .debug_str     0x00001332      0x6a0 D:\FbEdit\Projects\Applications\fbe\STM32F4Discovery\STM32F4_LCMeter\stm32f4xx_rcc.o
                                0x7fe (size before relaxing)
 .debug_str     0x000019d2      0x1af D:\FbEdit\Projects\Applications\fbe\STM32F4Discovery\STM32F4_LCMeter\stm32f4xx_gpio.o
                                0x451 (size before relaxing)
 .debug_str     0x00001b81      0xa0a D:\FbEdit\Projects\Applications\fbe\STM32F4Discovery\STM32F4_LCMeter\stm32f4xx_tim.o
                                0xd7e (size before relaxing)
 .debug_str     0x0000258b      0x1ba D:\FbEdit\Projects\Applications\fbe\STM32F4Discovery\STM32F4_LCMeter\misc.o
                                0x387 (size before relaxing)
 .debug_str     0x00002745       0xd6 D:\FbEdit\Projects\Applications\fbe\STM32F4Discovery\STM32F4_LCMeter\system_stm32f4xx.o
                                0x319 (size before relaxing)
 .debug_str     0x0000281b      0x28f D:\FbEdit\Projects\Applications\fbe\STM32F4Discovery\STM32F4_LCMeter\stm32f4_discovery.o
                                0xa9f (size before relaxing)
 .debug_str     0x00002aaa      0x283 D:\FbEdit\Projects\Applications\fbe\STM32F4Discovery\STM32F4_LCMeter\stm32f4xx_dma.o
                                0x4fd (size before relaxing)
 .debug_str     0x00002d2d      0x4de D:\FbEdit\Projects\Applications\fbe\STM32F4Discovery\STM32F4_LCMeter\stm32f4xx_adc.o
                                0x7b5 (size before relaxing)
 .debug_str     0x0000320b      0x1c6 D:\FbEdit\Projects\Applications\fbe\STM32F4Discovery\STM32F4_LCMeter\stm32f4xx_dac.o
                                0x401 (size before relaxing)
 .debug_str     0x000033d1      0x2fc D:\FbEdit\Projects\Applications\fbe\STM32F4Discovery\STM32F4_LCMeter\stm32f4xx_spi.o
                                0x638 (size before relaxing)
 .debug_str     0x000036cd      0x3b6 D:\FbEdit\Projects\Applications\fbe\STM32F4Discovery\STM32F4_LCMeter\stm32f4xx_usart.o
                                0x63d (size before relaxing)

.debug_loc      0x00000000     0x3ed0
 *(.debug_loc)
 .debug_loc     0x00000000      0x362 D:\FbEdit\Projects\Applications\fbe\STM32F4Discovery\STM32F4_LCMeter\main.o
 .debug_loc     0x00000362      0x6ed D:\FbEdit\Projects\Applications\fbe\STM32F4Discovery\STM32F4_LCMeter\stm32f4xx_rcc.o
 .debug_loc     0x00000a4f      0x26d D:\FbEdit\Projects\Applications\fbe\STM32F4Discovery\STM32F4_LCMeter\stm32f4xx_gpio.o
 .debug_loc     0x00000cbc     0x14bc D:\FbEdit\Projects\Applications\fbe\STM32F4Discovery\STM32F4_LCMeter\stm32f4xx_tim.o
 .debug_loc     0x00002178      0x11d D:\FbEdit\Projects\Applications\fbe\STM32F4Discovery\STM32F4_LCMeter\misc.o
 .debug_loc     0x00002295      0x133 D:\FbEdit\Projects\Applications\fbe\STM32F4Discovery\STM32F4_LCMeter\system_stm32f4xx.o
 .debug_loc     0x000023c8       0xc4 D:\FbEdit\Projects\Applications\fbe\STM32F4Discovery\STM32F4_LCMeter\stm32f4_discovery.o
 .debug_loc     0x0000248c      0x343 D:\FbEdit\Projects\Applications\fbe\STM32F4Discovery\STM32F4_LCMeter\stm32f4xx_dma.o
 .debug_loc     0x000027cf      0x94c D:\FbEdit\Projects\Applications\fbe\STM32F4Discovery\STM32F4_LCMeter\stm32f4xx_adc.o
 .debug_loc     0x0000311b      0x425 D:\FbEdit\Projects\Applications\fbe\STM32F4Discovery\STM32F4_LCMeter\stm32f4xx_dac.o
 .debug_loc     0x00003540      0x488 D:\FbEdit\Projects\Applications\fbe\STM32F4Discovery\STM32F4_LCMeter\stm32f4xx_spi.o
 .debug_loc     0x000039c8      0x508 D:\FbEdit\Projects\Applications\fbe\STM32F4Discovery\STM32F4_LCMeter\stm32f4xx_usart.o

.debug_macinfo
 *(.debug_macinfo)

.debug_weaknames
 *(.debug_weaknames)

.debug_funcnames
 *(.debug_funcnames)

.debug_typenames
 *(.debug_typenames)

.debug_varnames
 *(.debug_varnames)
START GROUP
LOAD d:/ride/ride/arm-gcc/bin/../lib/gcc/arm-none-eabi/4.5.1/thumb2\libgcc.a
LOAD d:/ride/ride/arm-gcc/bin/../lib/gcc/arm-none-eabi/4.5.1/../../../../arm-none-eabi/lib/thumb2\libc.a
END GROUP
OUTPUT(D:\FbEdit\Projects\Applications\fbe\STM32F4Discovery\STM32F4_LCMeter\LCMeter.elf elf32-littlearm)

.debug_pubtypes
                0x00000000      0xb3b
 .debug_pubtypes
                0x00000000      0x2b7 D:\FbEdit\Projects\Applications\fbe\STM32F4Discovery\STM32F4_LCMeter\main.o
 .debug_pubtypes
                0x000002b7       0x1e D:\FbEdit\Projects\Applications\fbe\STM32F4Discovery\STM32F4_LCMeter\stm32f4xx_it.o
 .debug_pubtypes
                0x000002d5       0xaa D:\FbEdit\Projects\Applications\fbe\STM32F4Discovery\STM32F4_LCMeter\stm32f4xx_rcc.o
 .debug_pubtypes
                0x0000037f       0xce D:\FbEdit\Projects\Applications\fbe\STM32F4Discovery\STM32F4_LCMeter\stm32f4xx_gpio.o
 .debug_pubtypes
                0x0000044d       0xe4 D:\FbEdit\Projects\Applications\fbe\STM32F4Discovery\STM32F4_LCMeter\stm32f4xx_tim.o
 .debug_pubtypes
                0x00000531       0x8c D:\FbEdit\Projects\Applications\fbe\STM32F4Discovery\STM32F4_LCMeter\misc.o
 .debug_pubtypes
                0x000005bd       0x83 D:\FbEdit\Projects\Applications\fbe\STM32F4Discovery\STM32F4_LCMeter\system_stm32f4xx.o
 .debug_pubtypes
                0x00000640      0x16e D:\FbEdit\Projects\Applications\fbe\STM32F4Discovery\STM32F4_LCMeter\stm32f4_discovery.o
 .debug_pubtypes
                0x000007ae       0xa3 D:\FbEdit\Projects\Applications\fbe\STM32F4Discovery\STM32F4_LCMeter\stm32f4xx_dma.o
 .debug_pubtypes
                0x00000851       0xc9 D:\FbEdit\Projects\Applications\fbe\STM32F4Discovery\STM32F4_LCMeter\stm32f4xx_adc.o
 .debug_pubtypes
                0x0000091a       0x98 D:\FbEdit\Projects\Applications\fbe\STM32F4Discovery\STM32F4_LCMeter\stm32f4xx_dac.o
 .debug_pubtypes
                0x000009b2       0xbc D:\FbEdit\Projects\Applications\fbe\STM32F4Discovery\STM32F4_LCMeter\stm32f4xx_spi.o
 .debug_pubtypes
                0x00000a6e       0xcd D:\FbEdit\Projects\Applications\fbe\STM32F4Discovery\STM32F4_LCMeter\stm32f4xx_usart.o

.debug_ranges   0x00000000      0xa58
 .debug_ranges  0x00000000       0xa8 D:\FbEdit\Projects\Applications\fbe\STM32F4Discovery\STM32F4_LCMeter\main.o
 .debug_ranges  0x000000a8       0x50 D:\FbEdit\Projects\Applications\fbe\STM32F4Discovery\STM32F4_LCMeter\stm32f4xx_it.o
 .debug_ranges  0x000000f8      0x168 D:\FbEdit\Projects\Applications\fbe\STM32F4Discovery\STM32F4_LCMeter\stm32f4xx_rcc.o
 .debug_ranges  0x00000260       0x78 D:\FbEdit\Projects\Applications\fbe\STM32F4Discovery\STM32F4_LCMeter\stm32f4xx_gpio.o
 .debug_ranges  0x000002d8      0x2d8 D:\FbEdit\Projects\Applications\fbe\STM32F4Discovery\STM32F4_LCMeter\stm32f4xx_tim.o
 .debug_ranges  0x000005b0       0x30 D:\FbEdit\Projects\Applications\fbe\STM32F4Discovery\STM32F4_LCMeter\misc.o
 .debug_ranges  0x000005e0       0x18 D:\FbEdit\Projects\Applications\fbe\STM32F4Discovery\STM32F4_LCMeter\system_stm32f4xx.o
 .debug_ranges  0x000005f8       0x38 D:\FbEdit\Projects\Applications\fbe\STM32F4Discovery\STM32F4_LCMeter\stm32f4_discovery.o
 .debug_ranges  0x00000630       0xa0 D:\FbEdit\Projects\Applications\fbe\STM32F4Discovery\STM32F4_LCMeter\stm32f4xx_dma.o
 .debug_ranges  0x000006d0      0x138 D:\FbEdit\Projects\Applications\fbe\STM32F4Discovery\STM32F4_LCMeter\stm32f4xx_adc.o
 .debug_ranges  0x00000808       0x90 D:\FbEdit\Projects\Applications\fbe\STM32F4Discovery\STM32F4_LCMeter\stm32f4xx_dac.o
 .debug_ranges  0x00000898       0xd0 D:\FbEdit\Projects\Applications\fbe\STM32F4Discovery\STM32F4_LCMeter\stm32f4xx_spi.o
 .debug_ranges  0x00000968       0xf0 D:\FbEdit\Projects\Applications\fbe\STM32F4Discovery\STM32F4_LCMeter\stm32f4xx_usart.o
