Archive member included because of file (symbol)

D:\Ride\Ride\Lib\ARM\STM32x_io_putchar_thumb.a(STM32F10X_io_putchar.o)
                              (__io_putchar)
D:\Ride\Ride\Lib\ARM\std_sbrk_thumb.lib(write.o)
                              (_write)

Allocating common symbols
Common symbol       size              file

STM32_CMD           0x28              D:\FbEdit\Projects\Applications\fbe\STM32F4Discovery\STM32F4_LCMeter\main.o
NVIC_InitStructure  0x4               D:\FbEdit\Projects\Applications\fbe\STM32F4Discovery\STM32F4_LCMeter\stm32f4_discovery.o

Discarded input sections

 .text          0x00000000       0x14 .\startup_stm32f4xx.o
 .data          0x00000000        0x0 .\startup_stm32f4xx.o
 .bss           0x00000000        0x0 .\startup_stm32f4xx.o
 .text          0x00000000        0x0 D:\FbEdit\Projects\Applications\fbe\STM32F4Discovery\STM32F4_LCMeter\main.o
 .data          0x00000000        0x0 D:\FbEdit\Projects\Applications\fbe\STM32F4Discovery\STM32F4_LCMeter\main.o
 .bss           0x00000000        0x0 D:\FbEdit\Projects\Applications\fbe\STM32F4Discovery\STM32F4_LCMeter\main.o
 .text          0x00000000        0x0 D:\FbEdit\Projects\Applications\fbe\STM32F4Discovery\STM32F4_LCMeter\stm32f4xx_it.o
 .data          0x00000000        0x0 D:\FbEdit\Projects\Applications\fbe\STM32F4Discovery\STM32F4_LCMeter\stm32f4xx_it.o
 .bss           0x00000000        0x0 D:\FbEdit\Projects\Applications\fbe\STM32F4Discovery\STM32F4_LCMeter\stm32f4xx_it.o
 .text          0x00000000        0x0 D:\FbEdit\Projects\Applications\fbe\STM32F4Discovery\STM32F4_LCMeter\stm32f4xx_rcc.o
 .data          0x00000000       0x10 D:\FbEdit\Projects\Applications\fbe\STM32F4Discovery\STM32F4_LCMeter\stm32f4xx_rcc.o
 .bss           0x00000000        0x0 D:\FbEdit\Projects\Applications\fbe\STM32F4Discovery\STM32F4_LCMeter\stm32f4xx_rcc.o
 .text.RCC_DeInit
                0x00000000       0x38 D:\FbEdit\Projects\Applications\fbe\STM32F4Discovery\STM32F4_LCMeter\stm32f4xx_rcc.o
 .text.RCC_HSEConfig
                0x00000000       0x14 D:\FbEdit\Projects\Applications\fbe\STM32F4Discovery\STM32F4_LCMeter\stm32f4xx_rcc.o
 .text.RCC_AdjustHSICalibrationValue
                0x00000000       0x18 D:\FbEdit\Projects\Applications\fbe\STM32F4Discovery\STM32F4_LCMeter\stm32f4xx_rcc.o
 .text.RCC_HSICmd
                0x00000000        0xc D:\FbEdit\Projects\Applications\fbe\STM32F4Discovery\STM32F4_LCMeter\stm32f4xx_rcc.o
 .text.RCC_LSEConfig
                0x00000000       0x3c D:\FbEdit\Projects\Applications\fbe\STM32F4Discovery\STM32F4_LCMeter\stm32f4xx_rcc.o
 .text.RCC_LSICmd
                0x00000000        0xc D:\FbEdit\Projects\Applications\fbe\STM32F4Discovery\STM32F4_LCMeter\stm32f4xx_rcc.o
 .text.RCC_PLLConfig
                0x00000000       0x24 D:\FbEdit\Projects\Applications\fbe\STM32F4Discovery\STM32F4_LCMeter\stm32f4xx_rcc.o
 .text.RCC_PLLCmd
                0x00000000        0xc D:\FbEdit\Projects\Applications\fbe\STM32F4Discovery\STM32F4_LCMeter\stm32f4xx_rcc.o
 .text.RCC_PLLI2SConfig
                0x00000000       0x18 D:\FbEdit\Projects\Applications\fbe\STM32F4Discovery\STM32F4_LCMeter\stm32f4xx_rcc.o
 .text.RCC_PLLI2SCmd
                0x00000000        0xc D:\FbEdit\Projects\Applications\fbe\STM32F4Discovery\STM32F4_LCMeter\stm32f4xx_rcc.o
 .text.RCC_ClockSecuritySystemCmd
                0x00000000        0xc D:\FbEdit\Projects\Applications\fbe\STM32F4Discovery\STM32F4_LCMeter\stm32f4xx_rcc.o
 .text.RCC_MCO1Config
                0x00000000       0x18 D:\FbEdit\Projects\Applications\fbe\STM32F4Discovery\STM32F4_LCMeter\stm32f4xx_rcc.o
 .text.RCC_MCO2Config
                0x00000000       0x18 D:\FbEdit\Projects\Applications\fbe\STM32F4Discovery\STM32F4_LCMeter\stm32f4xx_rcc.o
 .text.RCC_SYSCLKConfig
                0x00000000       0x18 D:\FbEdit\Projects\Applications\fbe\STM32F4Discovery\STM32F4_LCMeter\stm32f4xx_rcc.o
 .text.RCC_GetSYSCLKSource
                0x00000000       0x10 D:\FbEdit\Projects\Applications\fbe\STM32F4Discovery\STM32F4_LCMeter\stm32f4xx_rcc.o
 .text.RCC_HCLKConfig
                0x00000000       0x18 D:\FbEdit\Projects\Applications\fbe\STM32F4Discovery\STM32F4_LCMeter\stm32f4xx_rcc.o
 .text.RCC_PCLK1Config
                0x00000000       0x18 D:\FbEdit\Projects\Applications\fbe\STM32F4Discovery\STM32F4_LCMeter\stm32f4xx_rcc.o
 .text.RCC_PCLK2Config
                0x00000000       0x18 D:\FbEdit\Projects\Applications\fbe\STM32F4Discovery\STM32F4_LCMeter\stm32f4xx_rcc.o
 .text.RCC_GetClocksFreq
                0x00000000       0xd8 D:\FbEdit\Projects\Applications\fbe\STM32F4Discovery\STM32F4_LCMeter\stm32f4xx_rcc.o
 .text.RCC_RTCCLKConfig
                0x00000000       0x3c D:\FbEdit\Projects\Applications\fbe\STM32F4Discovery\STM32F4_LCMeter\stm32f4xx_rcc.o
 .text.RCC_RTCCLKCmd
                0x00000000        0xc D:\FbEdit\Projects\Applications\fbe\STM32F4Discovery\STM32F4_LCMeter\stm32f4xx_rcc.o
 .text.RCC_BackupResetCmd
                0x00000000        0xc D:\FbEdit\Projects\Applications\fbe\STM32F4Discovery\STM32F4_LCMeter\stm32f4xx_rcc.o
 .text.RCC_I2SCLKConfig
                0x00000000        0xc D:\FbEdit\Projects\Applications\fbe\STM32F4Discovery\STM32F4_LCMeter\stm32f4xx_rcc.o
 .text.RCC_AHB2PeriphClockCmd
                0x00000000       0x24 D:\FbEdit\Projects\Applications\fbe\STM32F4Discovery\STM32F4_LCMeter\stm32f4xx_rcc.o
 .text.RCC_AHB3PeriphClockCmd
                0x00000000       0x24 D:\FbEdit\Projects\Applications\fbe\STM32F4Discovery\STM32F4_LCMeter\stm32f4xx_rcc.o
 .text.RCC_AHB1PeriphResetCmd
                0x00000000       0x24 D:\FbEdit\Projects\Applications\fbe\STM32F4Discovery\STM32F4_LCMeter\stm32f4xx_rcc.o
 .text.RCC_AHB2PeriphResetCmd
                0x00000000       0x24 D:\FbEdit\Projects\Applications\fbe\STM32F4Discovery\STM32F4_LCMeter\stm32f4xx_rcc.o
 .text.RCC_AHB3PeriphResetCmd
                0x00000000       0x24 D:\FbEdit\Projects\Applications\fbe\STM32F4Discovery\STM32F4_LCMeter\stm32f4xx_rcc.o
 .text.RCC_APB1PeriphResetCmd
                0x00000000       0x24 D:\FbEdit\Projects\Applications\fbe\STM32F4Discovery\STM32F4_LCMeter\stm32f4xx_rcc.o
 .text.RCC_APB2PeriphResetCmd
                0x00000000       0x24 D:\FbEdit\Projects\Applications\fbe\STM32F4Discovery\STM32F4_LCMeter\stm32f4xx_rcc.o
 .text.RCC_AHB1PeriphClockLPModeCmd
                0x00000000       0x24 D:\FbEdit\Projects\Applications\fbe\STM32F4Discovery\STM32F4_LCMeter\stm32f4xx_rcc.o
 .text.RCC_AHB2PeriphClockLPModeCmd
                0x00000000       0x24 D:\FbEdit\Projects\Applications\fbe\STM32F4Discovery\STM32F4_LCMeter\stm32f4xx_rcc.o
 .text.RCC_AHB3PeriphClockLPModeCmd
                0x00000000       0x24 D:\FbEdit\Projects\Applications\fbe\STM32F4Discovery\STM32F4_LCMeter\stm32f4xx_rcc.o
 .text.RCC_APB1PeriphClockLPModeCmd
                0x00000000       0x24 D:\FbEdit\Projects\Applications\fbe\STM32F4Discovery\STM32F4_LCMeter\stm32f4xx_rcc.o
 .text.RCC_APB2PeriphClockLPModeCmd
                0x00000000       0x24 D:\FbEdit\Projects\Applications\fbe\STM32F4Discovery\STM32F4_LCMeter\stm32f4xx_rcc.o
 .text.RCC_ITConfig
                0x00000000       0x24 D:\FbEdit\Projects\Applications\fbe\STM32F4Discovery\STM32F4_LCMeter\stm32f4xx_rcc.o
 .text.RCC_GetFlagStatus
                0x00000000       0x34 D:\FbEdit\Projects\Applications\fbe\STM32F4Discovery\STM32F4_LCMeter\stm32f4xx_rcc.o
 .text.RCC_WaitForHSEStartUp
                0x00000000       0x3c D:\FbEdit\Projects\Applications\fbe\STM32F4Discovery\STM32F4_LCMeter\stm32f4xx_rcc.o
 .text.RCC_ClearFlag
                0x00000000       0x14 D:\FbEdit\Projects\Applications\fbe\STM32F4Discovery\STM32F4_LCMeter\stm32f4xx_rcc.o
 .text.RCC_GetITStatus
                0x00000000       0x14 D:\FbEdit\Projects\Applications\fbe\STM32F4Discovery\STM32F4_LCMeter\stm32f4xx_rcc.o
 .text.RCC_ClearITPendingBit
                0x00000000        0xc D:\FbEdit\Projects\Applications\fbe\STM32F4Discovery\STM32F4_LCMeter\stm32f4xx_rcc.o
 .text          0x00000000        0x0 D:\FbEdit\Projects\Applications\fbe\STM32F4Discovery\STM32F4_LCMeter\stm32f4xx_gpio.o
 .data          0x00000000        0x0 D:\FbEdit\Projects\Applications\fbe\STM32F4Discovery\STM32F4_LCMeter\stm32f4xx_gpio.o
 .bss           0x00000000        0x0 D:\FbEdit\Projects\Applications\fbe\STM32F4Discovery\STM32F4_LCMeter\stm32f4xx_gpio.o
 .text.GPIO_DeInit
                0x00000000      0x158 D:\FbEdit\Projects\Applications\fbe\STM32F4Discovery\STM32F4_LCMeter\stm32f4xx_gpio.o
 .text.GPIO_StructInit
                0x00000000       0x14 D:\FbEdit\Projects\Applications\fbe\STM32F4Discovery\STM32F4_LCMeter\stm32f4xx_gpio.o
 .text.GPIO_PinLockConfig
                0x00000000       0x28 D:\FbEdit\Projects\Applications\fbe\STM32F4Discovery\STM32F4_LCMeter\stm32f4xx_gpio.o
 .text.GPIO_ReadInputDataBit
                0x00000000        0xc D:\FbEdit\Projects\Applications\fbe\STM32F4Discovery\STM32F4_LCMeter\stm32f4xx_gpio.o
 .text.GPIO_ReadInputData
                0x00000000        0x8 D:\FbEdit\Projects\Applications\fbe\STM32F4Discovery\STM32F4_LCMeter\stm32f4xx_gpio.o
 .text.GPIO_ReadOutputDataBit
                0x00000000        0xc D:\FbEdit\Projects\Applications\fbe\STM32F4Discovery\STM32F4_LCMeter\stm32f4xx_gpio.o
 .text.GPIO_ReadOutputData
                0x00000000        0x8 D:\FbEdit\Projects\Applications\fbe\STM32F4Discovery\STM32F4_LCMeter\stm32f4xx_gpio.o
 .text.GPIO_WriteBit
                0x00000000        0xc D:\FbEdit\Projects\Applications\fbe\STM32F4Discovery\STM32F4_LCMeter\stm32f4xx_gpio.o
 .text.GPIO_Write
                0x00000000        0x4 D:\FbEdit\Projects\Applications\fbe\STM32F4Discovery\STM32F4_LCMeter\stm32f4xx_gpio.o
 .text.GPIO_ToggleBits
                0x00000000        0xc D:\FbEdit\Projects\Applications\fbe\STM32F4Discovery\STM32F4_LCMeter\stm32f4xx_gpio.o
 .text          0x00000000        0x0 D:\FbEdit\Projects\Applications\fbe\STM32F4Discovery\STM32F4_LCMeter\stm32f4xx_tim.o
 .data          0x00000000        0x0 D:\FbEdit\Projects\Applications\fbe\STM32F4Discovery\STM32F4_LCMeter\stm32f4xx_tim.o
 .bss           0x00000000        0x0 D:\FbEdit\Projects\Applications\fbe\STM32F4Discovery\STM32F4_LCMeter\stm32f4xx_tim.o
 .text.TI1_Config
                0x00000000       0x48 D:\FbEdit\Projects\Applications\fbe\STM32F4Discovery\STM32F4_LCMeter\stm32f4xx_tim.o
 .text.TI2_Config
                0x00000000       0x4c D:\FbEdit\Projects\Applications\fbe\STM32F4Discovery\STM32F4_LCMeter\stm32f4xx_tim.o
 .text.TIM_DeInit
                0x00000000      0x20c D:\FbEdit\Projects\Applications\fbe\STM32F4Discovery\STM32F4_LCMeter\stm32f4xx_tim.o
 .text.TIM_TimeBaseStructInit
                0x00000000       0x14 D:\FbEdit\Projects\Applications\fbe\STM32F4Discovery\STM32F4_LCMeter\stm32f4xx_tim.o
 .text.TIM_PrescalerConfig
                0x00000000        0x8 D:\FbEdit\Projects\Applications\fbe\STM32F4Discovery\STM32F4_LCMeter\stm32f4xx_tim.o
 .text.TIM_CounterModeConfig
                0x00000000       0x18 D:\FbEdit\Projects\Applications\fbe\STM32F4Discovery\STM32F4_LCMeter\stm32f4xx_tim.o
 .text.TIM_SetCounter
                0x00000000        0x4 D:\FbEdit\Projects\Applications\fbe\STM32F4Discovery\STM32F4_LCMeter\stm32f4xx_tim.o
 .text.TIM_SetAutoreload
                0x00000000        0x4 D:\FbEdit\Projects\Applications\fbe\STM32F4Discovery\STM32F4_LCMeter\stm32f4xx_tim.o
 .text.TIM_GetCounter
                0x00000000        0x4 D:\FbEdit\Projects\Applications\fbe\STM32F4Discovery\STM32F4_LCMeter\stm32f4xx_tim.o
 .text.TIM_GetPrescaler
                0x00000000        0x8 D:\FbEdit\Projects\Applications\fbe\STM32F4Discovery\STM32F4_LCMeter\stm32f4xx_tim.o
 .text.TIM_UpdateDisableConfig
                0x00000000       0x20 D:\FbEdit\Projects\Applications\fbe\STM32F4Discovery\STM32F4_LCMeter\stm32f4xx_tim.o
 .text.TIM_UpdateRequestConfig
                0x00000000       0x20 D:\FbEdit\Projects\Applications\fbe\STM32F4Discovery\STM32F4_LCMeter\stm32f4xx_tim.o
 .text.TIM_SelectOnePulseMode
                0x00000000       0x1c D:\FbEdit\Projects\Applications\fbe\STM32F4Discovery\STM32F4_LCMeter\stm32f4xx_tim.o
 .text.TIM_SetClockDivision
                0x00000000       0x1c D:\FbEdit\Projects\Applications\fbe\STM32F4Discovery\STM32F4_LCMeter\stm32f4xx_tim.o
 .text.TIM_OC1Init
                0x00000000       0xa4 D:\FbEdit\Projects\Applications\fbe\STM32F4Discovery\STM32F4_LCMeter\stm32f4xx_tim.o
 .text.TIM_OC3Init
                0x00000000       0xac D:\FbEdit\Projects\Applications\fbe\STM32F4Discovery\STM32F4_LCMeter\stm32f4xx_tim.o
 .text.TIM_OC4Init
                0x00000000       0x8c D:\FbEdit\Projects\Applications\fbe\STM32F4Discovery\STM32F4_LCMeter\stm32f4xx_tim.o
 .text.TIM_SelectOCxM
                0x00000000       0x6c D:\FbEdit\Projects\Applications\fbe\STM32F4Discovery\STM32F4_LCMeter\stm32f4xx_tim.o
 .text.TIM_SetCompare1
                0x00000000        0x4 D:\FbEdit\Projects\Applications\fbe\STM32F4Discovery\STM32F4_LCMeter\stm32f4xx_tim.o
 .text.TIM_SetCompare2
                0x00000000        0x4 D:\FbEdit\Projects\Applications\fbe\STM32F4Discovery\STM32F4_LCMeter\stm32f4xx_tim.o
 .text.TIM_SetCompare3
                0x00000000        0x4 D:\FbEdit\Projects\Applications\fbe\STM32F4Discovery\STM32F4_LCMeter\stm32f4xx_tim.o
 .text.TIM_SetCompare4
                0x00000000        0x4 D:\FbEdit\Projects\Applications\fbe\STM32F4Discovery\STM32F4_LCMeter\stm32f4xx_tim.o
 .text.TIM_ForcedOC1Config
                0x00000000       0x18 D:\FbEdit\Projects\Applications\fbe\STM32F4Discovery\STM32F4_LCMeter\stm32f4xx_tim.o
 .text.TIM_ForcedOC2Config
                0x00000000       0x18 D:\FbEdit\Projects\Applications\fbe\STM32F4Discovery\STM32F4_LCMeter\stm32f4xx_tim.o
 .text.TIM_ForcedOC3Config
                0x00000000       0x18 D:\FbEdit\Projects\Applications\fbe\STM32F4Discovery\STM32F4_LCMeter\stm32f4xx_tim.o
 .text.TIM_ForcedOC4Config
                0x00000000       0x18 D:\FbEdit\Projects\Applications\fbe\STM32F4Discovery\STM32F4_LCMeter\stm32f4xx_tim.o
 .text.TIM_OC1PreloadConfig
                0x00000000       0x18 D:\FbEdit\Projects\Applications\fbe\STM32F4Discovery\STM32F4_LCMeter\stm32f4xx_tim.o
 .text.TIM_OC3PreloadConfig
                0x00000000       0x18 D:\FbEdit\Projects\Applications\fbe\STM32F4Discovery\STM32F4_LCMeter\stm32f4xx_tim.o
 .text.TIM_OC4PreloadConfig
                0x00000000       0x18 D:\FbEdit\Projects\Applications\fbe\STM32F4Discovery\STM32F4_LCMeter\stm32f4xx_tim.o
 .text.TIM_OC1FastConfig
                0x00000000       0x18 D:\FbEdit\Projects\Applications\fbe\STM32F4Discovery\STM32F4_LCMeter\stm32f4xx_tim.o
 .text.TIM_OC2FastConfig
                0x00000000       0x18 D:\FbEdit\Projects\Applications\fbe\STM32F4Discovery\STM32F4_LCMeter\stm32f4xx_tim.o
 .text.TIM_OC3FastConfig
                0x00000000       0x18 D:\FbEdit\Projects\Applications\fbe\STM32F4Discovery\STM32F4_LCMeter\stm32f4xx_tim.o
 .text.TIM_OC4FastConfig
                0x00000000       0x18 D:\FbEdit\Projects\Applications\fbe\STM32F4Discovery\STM32F4_LCMeter\stm32f4xx_tim.o
 .text.TIM_ClearOC1Ref
                0x00000000       0x18 D:\FbEdit\Projects\Applications\fbe\STM32F4Discovery\STM32F4_LCMeter\stm32f4xx_tim.o
 .text.TIM_ClearOC2Ref
                0x00000000       0x14 D:\FbEdit\Projects\Applications\fbe\STM32F4Discovery\STM32F4_LCMeter\stm32f4xx_tim.o
 .text.TIM_ClearOC3Ref
                0x00000000       0x18 D:\FbEdit\Projects\Applications\fbe\STM32F4Discovery\STM32F4_LCMeter\stm32f4xx_tim.o
 .text.TIM_ClearOC4Ref
                0x00000000       0x14 D:\FbEdit\Projects\Applications\fbe\STM32F4Discovery\STM32F4_LCMeter\stm32f4xx_tim.o
 .text.TIM_OC1PolarityConfig
                0x00000000       0x18 D:\FbEdit\Projects\Applications\fbe\STM32F4Discovery\STM32F4_LCMeter\stm32f4xx_tim.o
 .text.TIM_OC1NPolarityConfig
                0x00000000       0x18 D:\FbEdit\Projects\Applications\fbe\STM32F4Discovery\STM32F4_LCMeter\stm32f4xx_tim.o
 .text.TIM_OC2PolarityConfig
                0x00000000       0x18 D:\FbEdit\Projects\Applications\fbe\STM32F4Discovery\STM32F4_LCMeter\stm32f4xx_tim.o
 .text.TIM_OC2NPolarityConfig
                0x00000000       0x18 D:\FbEdit\Projects\Applications\fbe\STM32F4Discovery\STM32F4_LCMeter\stm32f4xx_tim.o
 .text.TIM_OC3PolarityConfig
                0x00000000       0x18 D:\FbEdit\Projects\Applications\fbe\STM32F4Discovery\STM32F4_LCMeter\stm32f4xx_tim.o
 .text.TIM_OC3NPolarityConfig
                0x00000000       0x18 D:\FbEdit\Projects\Applications\fbe\STM32F4Discovery\STM32F4_LCMeter\stm32f4xx_tim.o
 .text.TIM_OC4PolarityConfig
                0x00000000       0x18 D:\FbEdit\Projects\Applications\fbe\STM32F4Discovery\STM32F4_LCMeter\stm32f4xx_tim.o
 .text.TIM_CCxCmd
                0x00000000       0x28 D:\FbEdit\Projects\Applications\fbe\STM32F4Discovery\STM32F4_LCMeter\stm32f4xx_tim.o
 .text.TIM_CCxNCmd
                0x00000000       0x28 D:\FbEdit\Projects\Applications\fbe\STM32F4Discovery\STM32F4_LCMeter\stm32f4xx_tim.o
 .text.TIM_ICStructInit
                0x00000000       0x14 D:\FbEdit\Projects\Applications\fbe\STM32F4Discovery\STM32F4_LCMeter\stm32f4xx_tim.o
 .text.TIM_GetCapture1
                0x00000000        0x4 D:\FbEdit\Projects\Applications\fbe\STM32F4Discovery\STM32F4_LCMeter\stm32f4xx_tim.o
 .text.TIM_GetCapture2
                0x00000000        0x4 D:\FbEdit\Projects\Applications\fbe\STM32F4Discovery\STM32F4_LCMeter\stm32f4xx_tim.o
 .text.TIM_GetCapture3
                0x00000000        0x4 D:\FbEdit\Projects\Applications\fbe\STM32F4Discovery\STM32F4_LCMeter\stm32f4xx_tim.o
 .text.TIM_GetCapture4
                0x00000000        0x4 D:\FbEdit\Projects\Applications\fbe\STM32F4Discovery\STM32F4_LCMeter\stm32f4xx_tim.o
 .text.TIM_SetIC1Prescaler
                0x00000000       0x1c D:\FbEdit\Projects\Applications\fbe\STM32F4Discovery\STM32F4_LCMeter\stm32f4xx_tim.o
 .text.TIM_SetIC2Prescaler
                0x00000000       0x20 D:\FbEdit\Projects\Applications\fbe\STM32F4Discovery\STM32F4_LCMeter\stm32f4xx_tim.o
 .text.TIM_PWMIConfig
                0x00000000       0x68 D:\FbEdit\Projects\Applications\fbe\STM32F4Discovery\STM32F4_LCMeter\stm32f4xx_tim.o
 .text.TIM_SetIC3Prescaler
                0x00000000       0x1c D:\FbEdit\Projects\Applications\fbe\STM32F4Discovery\STM32F4_LCMeter\stm32f4xx_tim.o
 .text.TIM_SetIC4Prescaler
                0x00000000       0x20 D:\FbEdit\Projects\Applications\fbe\STM32F4Discovery\STM32F4_LCMeter\stm32f4xx_tim.o
 .text.TIM_ICInit
                0x00000000       0xe0 D:\FbEdit\Projects\Applications\fbe\STM32F4Discovery\STM32F4_LCMeter\stm32f4xx_tim.o
 .text.TIM_BDTRConfig
                0x00000000       0x24 D:\FbEdit\Projects\Applications\fbe\STM32F4Discovery\STM32F4_LCMeter\stm32f4xx_tim.o
 .text.TIM_BDTRStructInit
                0x00000000       0x14 D:\FbEdit\Projects\Applications\fbe\STM32F4Discovery\STM32F4_LCMeter\stm32f4xx_tim.o
 .text.TIM_CtrlPWMOutputs
                0x00000000       0x28 D:\FbEdit\Projects\Applications\fbe\STM32F4Discovery\STM32F4_LCMeter\stm32f4xx_tim.o
 .text.TIM_SelectCOM
                0x00000000       0x20 D:\FbEdit\Projects\Applications\fbe\STM32F4Discovery\STM32F4_LCMeter\stm32f4xx_tim.o
 .text.TIM_CCPreloadControl
                0x00000000       0x20 D:\FbEdit\Projects\Applications\fbe\STM32F4Discovery\STM32F4_LCMeter\stm32f4xx_tim.o
 .text.TIM_GenerateEvent
                0x00000000        0x4 D:\FbEdit\Projects\Applications\fbe\STM32F4Discovery\STM32F4_LCMeter\stm32f4xx_tim.o
 .text.TIM_GetFlagStatus
                0x00000000        0xc D:\FbEdit\Projects\Applications\fbe\STM32F4Discovery\STM32F4_LCMeter\stm32f4xx_tim.o
 .text.TIM_ClearFlag
                0x00000000        0xc D:\FbEdit\Projects\Applications\fbe\STM32F4Discovery\STM32F4_LCMeter\stm32f4xx_tim.o
 .text.TIM_GetITStatus
                0x00000000       0x18 D:\FbEdit\Projects\Applications\fbe\STM32F4Discovery\STM32F4_LCMeter\stm32f4xx_tim.o
 .text.TIM_DMAConfig
                0x00000000        0x8 D:\FbEdit\Projects\Applications\fbe\STM32F4Discovery\STM32F4_LCMeter\stm32f4xx_tim.o
 .text.TIM_DMACmd
                0x00000000       0x18 D:\FbEdit\Projects\Applications\fbe\STM32F4Discovery\STM32F4_LCMeter\stm32f4xx_tim.o
 .text.TIM_SelectCCDMA
                0x00000000       0x20 D:\FbEdit\Projects\Applications\fbe\STM32F4Discovery\STM32F4_LCMeter\stm32f4xx_tim.o
 .text.TIM_InternalClockConfig
                0x00000000       0x14 D:\FbEdit\Projects\Applications\fbe\STM32F4Discovery\STM32F4_LCMeter\stm32f4xx_tim.o
 .text.TIM_SelectInputTrigger
                0x00000000       0x18 D:\FbEdit\Projects\Applications\fbe\STM32F4Discovery\STM32F4_LCMeter\stm32f4xx_tim.o
 .text.TIM_TIxExternalClockConfig
                0x00000000       0x34 D:\FbEdit\Projects\Applications\fbe\STM32F4Discovery\STM32F4_LCMeter\stm32f4xx_tim.o
 .text.TIM_ITRxExternalClockConfig
                0x00000000       0x14 D:\FbEdit\Projects\Applications\fbe\STM32F4Discovery\STM32F4_LCMeter\stm32f4xx_tim.o
 .text.TIM_SelectOutputTrigger
                0x00000000       0x1c D:\FbEdit\Projects\Applications\fbe\STM32F4Discovery\STM32F4_LCMeter\stm32f4xx_tim.o
 .text.TIM_SelectSlaveMode
                0x00000000       0x1c D:\FbEdit\Projects\Applications\fbe\STM32F4Discovery\STM32F4_LCMeter\stm32f4xx_tim.o
 .text.TIM_SelectMasterSlaveMode
                0x00000000       0x1c D:\FbEdit\Projects\Applications\fbe\STM32F4Discovery\STM32F4_LCMeter\stm32f4xx_tim.o
 .text.TIM_ETRConfig
                0x00000000       0x1c D:\FbEdit\Projects\Applications\fbe\STM32F4Discovery\STM32F4_LCMeter\stm32f4xx_tim.o
 .text.TIM_ETRClockMode2Config
                0x00000000       0x14 D:\FbEdit\Projects\Applications\fbe\STM32F4Discovery\STM32F4_LCMeter\stm32f4xx_tim.o
 .text.TIM_ETRClockMode1Config
                0x00000000       0x20 D:\FbEdit\Projects\Applications\fbe\STM32F4Discovery\STM32F4_LCMeter\stm32f4xx_tim.o
 .text.TIM_EncoderInterfaceConfig
                0x00000000       0x50 D:\FbEdit\Projects\Applications\fbe\STM32F4Discovery\STM32F4_LCMeter\stm32f4xx_tim.o
 .text.TIM_SelectHallSensor
                0x00000000       0x20 D:\FbEdit\Projects\Applications\fbe\STM32F4Discovery\STM32F4_LCMeter\stm32f4xx_tim.o
 .text.TIM_RemapConfig
                0x00000000        0x8 D:\FbEdit\Projects\Applications\fbe\STM32F4Discovery\STM32F4_LCMeter\stm32f4xx_tim.o
 .text          0x00000000        0x0 D:\FbEdit\Projects\Applications\fbe\STM32F4Discovery\STM32F4_LCMeter\misc.o
 .data          0x00000000        0x0 D:\FbEdit\Projects\Applications\fbe\STM32F4Discovery\STM32F4_LCMeter\misc.o
 .bss           0x00000000        0x0 D:\FbEdit\Projects\Applications\fbe\STM32F4Discovery\STM32F4_LCMeter\misc.o
 .text.NVIC_PriorityGroupConfig
                0x00000000       0x14 D:\FbEdit\Projects\Applications\fbe\STM32F4Discovery\STM32F4_LCMeter\misc.o
 .text.NVIC_SetVectorTable
                0x00000000       0x18 D:\FbEdit\Projects\Applications\fbe\STM32F4Discovery\STM32F4_LCMeter\misc.o
 .text.NVIC_SystemLPConfig
                0x00000000       0x24 D:\FbEdit\Projects\Applications\fbe\STM32F4Discovery\STM32F4_LCMeter\misc.o
 .text.SysTick_CLKSourceConfig
                0x00000000       0x1c D:\FbEdit\Projects\Applications\fbe\STM32F4Discovery\STM32F4_LCMeter\misc.o
 .text          0x00000000        0x0 D:\FbEdit\Projects\Applications\fbe\STM32F4Discovery\STM32F4_LCMeter\system_stm32f4xx.o
 .data          0x00000000       0x14 D:\FbEdit\Projects\Applications\fbe\STM32F4Discovery\STM32F4_LCMeter\system_stm32f4xx.o
 .bss           0x00000000        0x0 D:\FbEdit\Projects\Applications\fbe\STM32F4Discovery\STM32F4_LCMeter\system_stm32f4xx.o
 .text.SystemCoreClockUpdate
                0x00000000       0xdc D:\FbEdit\Projects\Applications\fbe\STM32F4Discovery\STM32F4_LCMeter\system_stm32f4xx.o
 .text          0x00000000        0x0 D:\FbEdit\Projects\Applications\fbe\STM32F4Discovery\STM32F4_LCMeter\stm32f4_discovery.o
 .bss           0x00000000        0x0 D:\FbEdit\Projects\Applications\fbe\STM32F4Discovery\STM32F4_LCMeter\stm32f4_discovery.o
 .text.STM_EVAL_LEDOn
                0x00000000       0x20 D:\FbEdit\Projects\Applications\fbe\STM32F4Discovery\STM32F4_LCMeter\stm32f4_discovery.o
 .text.STM_EVAL_LEDOff
                0x00000000       0x20 D:\FbEdit\Projects\Applications\fbe\STM32F4Discovery\STM32F4_LCMeter\stm32f4_discovery.o
 .text.STM_EVAL_PBInit
                0x00000000       0xb8 D:\FbEdit\Projects\Applications\fbe\STM32F4Discovery\STM32F4_LCMeter\stm32f4_discovery.o
 .text.STM_EVAL_PBGetState
                0x00000000       0x24 D:\FbEdit\Projects\Applications\fbe\STM32F4Discovery\STM32F4_LCMeter\stm32f4_discovery.o
 COMMON         0x00000000        0x4 D:\FbEdit\Projects\Applications\fbe\STM32F4Discovery\STM32F4_LCMeter\stm32f4_discovery.o
 .text          0x00000000        0x0 D:\FbEdit\Projects\Applications\fbe\STM32F4Discovery\STM32F4_LCMeter\stm32f4xx_dma.o
 .data          0x00000000        0x0 D:\FbEdit\Projects\Applications\fbe\STM32F4Discovery\STM32F4_LCMeter\stm32f4xx_dma.o
 .bss           0x00000000        0x0 D:\FbEdit\Projects\Applications\fbe\STM32F4Discovery\STM32F4_LCMeter\stm32f4xx_dma.o
 .text.DMA_PeriphIncOffsetSizeConfig
                0x00000000       0x18 D:\FbEdit\Projects\Applications\fbe\STM32F4Discovery\STM32F4_LCMeter\stm32f4xx_dma.o
 .text.DMA_FlowControllerConfig
                0x00000000       0x18 D:\FbEdit\Projects\Applications\fbe\STM32F4Discovery\STM32F4_LCMeter\stm32f4xx_dma.o
 .text.DMA_SetCurrDataCounter
                0x00000000        0x4 D:\FbEdit\Projects\Applications\fbe\STM32F4Discovery\STM32F4_LCMeter\stm32f4xx_dma.o
 .text.DMA_GetCurrDataCounter
                0x00000000        0x8 D:\FbEdit\Projects\Applications\fbe\STM32F4Discovery\STM32F4_LCMeter\stm32f4xx_dma.o
 .text.DMA_DoubleBufferModeConfig
                0x00000000       0x18 D:\FbEdit\Projects\Applications\fbe\STM32F4Discovery\STM32F4_LCMeter\stm32f4xx_dma.o
 .text.DMA_DoubleBufferModeCmd
                0x00000000       0x18 D:\FbEdit\Projects\Applications\fbe\STM32F4Discovery\STM32F4_LCMeter\stm32f4xx_dma.o
 .text.DMA_MemoryTargetConfig
                0x00000000        0xc D:\FbEdit\Projects\Applications\fbe\STM32F4Discovery\STM32F4_LCMeter\stm32f4xx_dma.o
 .text.DMA_GetCurrentMemoryTarget
                0x00000000        0x8 D:\FbEdit\Projects\Applications\fbe\STM32F4Discovery\STM32F4_LCMeter\stm32f4xx_dma.o
 .text.DMA_GetCmdStatus
                0x00000000        0x8 D:\FbEdit\Projects\Applications\fbe\STM32F4Discovery\STM32F4_LCMeter\stm32f4xx_dma.o
 .text.DMA_GetFIFOStatus
                0x00000000        0x8 D:\FbEdit\Projects\Applications\fbe\STM32F4Discovery\STM32F4_LCMeter\stm32f4xx_dma.o
 .text.DMA_ClearFlag
                0x00000000       0x3c D:\FbEdit\Projects\Applications\fbe\STM32F4Discovery\STM32F4_LCMeter\stm32f4xx_dma.o
 .text.DMA_ITConfig
                0x00000000       0x3c D:\FbEdit\Projects\Applications\fbe\STM32F4Discovery\STM32F4_LCMeter\stm32f4xx_dma.o
 .text.DMA_GetITStatus
                0x00000000       0x6c D:\FbEdit\Projects\Applications\fbe\STM32F4Discovery\STM32F4_LCMeter\stm32f4xx_dma.o
 .text.DMA_ClearITPendingBit
                0x00000000       0x3c D:\FbEdit\Projects\Applications\fbe\STM32F4Discovery\STM32F4_LCMeter\stm32f4xx_dma.o
 .text          0x00000000        0x0 D:\FbEdit\Projects\Applications\fbe\STM32F4Discovery\STM32F4_LCMeter\stm32f4xx_adc.o
 .data          0x00000000        0x0 D:\FbEdit\Projects\Applications\fbe\STM32F4Discovery\STM32F4_LCMeter\stm32f4xx_adc.o
 .bss           0x00000000        0x0 D:\FbEdit\Projects\Applications\fbe\STM32F4Discovery\STM32F4_LCMeter\stm32f4xx_adc.o
 .text.ADC_DeInit
                0x00000000       0x1c D:\FbEdit\Projects\Applications\fbe\STM32F4Discovery\STM32F4_LCMeter\stm32f4xx_adc.o
 .text.ADC_AnalogWatchdogCmd
                0x00000000       0x14 D:\FbEdit\Projects\Applications\fbe\STM32F4Discovery\STM32F4_LCMeter\stm32f4xx_adc.o
 .text.ADC_AnalogWatchdogThresholdsConfig
                0x00000000        0x8 D:\FbEdit\Projects\Applications\fbe\STM32F4Discovery\STM32F4_LCMeter\stm32f4xx_adc.o
 .text.ADC_AnalogWatchdogSingleChannelConfig
                0x00000000       0x10 D:\FbEdit\Projects\Applications\fbe\STM32F4Discovery\STM32F4_LCMeter\stm32f4xx_adc.o
 .text.ADC_TempSensorVrefintCmd
                0x00000000       0x28 D:\FbEdit\Projects\Applications\fbe\STM32F4Discovery\STM32F4_LCMeter\stm32f4xx_adc.o
 .text.ADC_VBATCmd
                0x00000000       0x28 D:\FbEdit\Projects\Applications\fbe\STM32F4Discovery\STM32F4_LCMeter\stm32f4xx_adc.o
 .text.ADC_SoftwareStartConv
                0x00000000        0xc D:\FbEdit\Projects\Applications\fbe\STM32F4Discovery\STM32F4_LCMeter\stm32f4xx_adc.o
 .text.ADC_GetSoftwareStartConvStatus
                0x00000000        0x8 D:\FbEdit\Projects\Applications\fbe\STM32F4Discovery\STM32F4_LCMeter\stm32f4xx_adc.o
 .text.ADC_EOCOnEachRegularChannelCmd
                0x00000000       0x18 D:\FbEdit\Projects\Applications\fbe\STM32F4Discovery\STM32F4_LCMeter\stm32f4xx_adc.o
 .text.ADC_ContinuousModeCmd
                0x00000000       0x18 D:\FbEdit\Projects\Applications\fbe\STM32F4Discovery\STM32F4_LCMeter\stm32f4xx_adc.o
 .text.ADC_DiscModeChannelCountConfig
                0x00000000       0x14 D:\FbEdit\Projects\Applications\fbe\STM32F4Discovery\STM32F4_LCMeter\stm32f4xx_adc.o
 .text.ADC_DiscModeCmd
                0x00000000       0x18 D:\FbEdit\Projects\Applications\fbe\STM32F4Discovery\STM32F4_LCMeter\stm32f4xx_adc.o
 .text.ADC_GetConversionValue
                0x00000000        0x8 D:\FbEdit\Projects\Applications\fbe\STM32F4Discovery\STM32F4_LCMeter\stm32f4xx_adc.o
 .text.ADC_GetMultiModeConversionValue
                0x00000000        0xc D:\FbEdit\Projects\Applications\fbe\STM32F4Discovery\STM32F4_LCMeter\stm32f4xx_adc.o
 .text.ADC_DMACmd
                0x00000000       0x18 D:\FbEdit\Projects\Applications\fbe\STM32F4Discovery\STM32F4_LCMeter\stm32f4xx_adc.o
 .text.ADC_DMARequestAfterLastTransferCmd
                0x00000000       0x18 D:\FbEdit\Projects\Applications\fbe\STM32F4Discovery\STM32F4_LCMeter\stm32f4xx_adc.o
 .text.ADC_InjectedChannelConfig
                0x00000000       0x70 D:\FbEdit\Projects\Applications\fbe\STM32F4Discovery\STM32F4_LCMeter\stm32f4xx_adc.o
 .text.ADC_InjectedSequencerLengthConfig
                0x00000000       0x14 D:\FbEdit\Projects\Applications\fbe\STM32F4Discovery\STM32F4_LCMeter\stm32f4xx_adc.o
 .text.ADC_SetInjectedOffset
                0x00000000       0x18 D:\FbEdit\Projects\Applications\fbe\STM32F4Discovery\STM32F4_LCMeter\stm32f4xx_adc.o
 .text.ADC_ExternalTrigInjectedConvConfig
                0x00000000       0x10 D:\FbEdit\Projects\Applications\fbe\STM32F4Discovery\STM32F4_LCMeter\stm32f4xx_adc.o
 .text.ADC_ExternalTrigInjectedConvEdgeConfig
                0x00000000       0x10 D:\FbEdit\Projects\Applications\fbe\STM32F4Discovery\STM32F4_LCMeter\stm32f4xx_adc.o
 .text.ADC_SoftwareStartInjectedConv
                0x00000000        0xc D:\FbEdit\Projects\Applications\fbe\STM32F4Discovery\STM32F4_LCMeter\stm32f4xx_adc.o
 .text.ADC_GetSoftwareStartInjectedConvCmdStatus
                0x00000000        0x8 D:\FbEdit\Projects\Applications\fbe\STM32F4Discovery\STM32F4_LCMeter\stm32f4xx_adc.o
 .text.ADC_AutoInjectedConvCmd
                0x00000000       0x18 D:\FbEdit\Projects\Applications\fbe\STM32F4Discovery\STM32F4_LCMeter\stm32f4xx_adc.o
 .text.ADC_InjectedDiscModeCmd
                0x00000000       0x18 D:\FbEdit\Projects\Applications\fbe\STM32F4Discovery\STM32F4_LCMeter\stm32f4xx_adc.o
 .text.ADC_GetInjectedConversionValue
                0x00000000       0x20 D:\FbEdit\Projects\Applications\fbe\STM32F4Discovery\STM32F4_LCMeter\stm32f4xx_adc.o
 .text.ADC_ITConfig
                0x00000000       0x20 D:\FbEdit\Projects\Applications\fbe\STM32F4Discovery\STM32F4_LCMeter\stm32f4xx_adc.o
 .text.ADC_GetFlagStatus
                0x00000000        0xc D:\FbEdit\Projects\Applications\fbe\STM32F4Discovery\STM32F4_LCMeter\stm32f4xx_adc.o
 .text.ADC_ClearFlag
                0x00000000        0x8 D:\FbEdit\Projects\Applications\fbe\STM32F4Discovery\STM32F4_LCMeter\stm32f4xx_adc.o
 .text.ADC_GetITStatus
                0x00000000       0x24 D:\FbEdit\Projects\Applications\fbe\STM32F4Discovery\STM32F4_LCMeter\stm32f4xx_adc.o
 .text.ADC_ClearITPendingBit
                0x00000000        0x8 D:\FbEdit\Projects\Applications\fbe\STM32F4Discovery\STM32F4_LCMeter\stm32f4xx_adc.o
 .text          0x00000000        0x0 D:\Ride\Ride\Lib\ARM\STM32x_io_putchar_thumb.a(STM32F10X_io_putchar.o)
 .data          0x00000000        0x0 D:\Ride\Ride\Lib\ARM\STM32x_io_putchar_thumb.a(STM32F10X_io_putchar.o)
 .bss           0x00000000        0x0 D:\Ride\Ride\Lib\ARM\STM32x_io_putchar_thumb.a(STM32F10X_io_putchar.o)
 .text.__io_init
                0x00000000       0x94 D:\Ride\Ride\Lib\ARM\STM32x_io_putchar_thumb.a(STM32F10X_io_putchar.o)
 .text.__io_getchar
                0x00000000       0xb4 D:\Ride\Ride\Lib\ARM\STM32x_io_putchar_thumb.a(STM32F10X_io_putchar.o)
 .text.getchar  0x00000000       0xb4 D:\Ride\Ride\Lib\ARM\STM32x_io_putchar_thumb.a(STM32F10X_io_putchar.o)
 .text.putchar  0x00000000       0xd4 D:\Ride\Ride\Lib\ARM\STM32x_io_putchar_thumb.a(STM32F10X_io_putchar.o)
 .text          0x00000000        0x0 D:\Ride\Ride\Lib\ARM\std_sbrk_thumb.lib(write.o)
 .data          0x00000000        0x0 D:\Ride\Ride\Lib\ARM\std_sbrk_thumb.lib(write.o)
 .bss           0x00000000        0x0 D:\Ride\Ride\Lib\ARM\std_sbrk_thumb.lib(write.o)

Memory Configuration

Name             Origin             Length             Attributes
RAM              0x20000000         0x00002000         xrw
FLASH            0x08000000         0x00010000         xr
STARTFLASH       0x00000000         0x00000000         xr
CRPPATCH         0x00000000         0x00000000         r
FLASHPATCH       0x00000000         0x00000000         r
ENDFLASH         0x00000000         0x00000000         xr
FLASHB1          0x00000000         0x00000000         xr
EXTMEMB0         0x00000000         0x00000000         xr
EXTMEMB1         0x00000000         0x00000000         xr
EXTMEMB2         0x00000000         0x00000000         xr
EXTMEMB3         0x00000000         0x00000000         xr
*default*        0x00000000         0xffffffff

Linker script and memory map

LOAD .\startup_stm32f4xx.o
LOAD D:\FbEdit\Projects\Applications\fbe\STM32F4Discovery\STM32F4_LCMeter\main.o
LOAD D:\FbEdit\Projects\Applications\fbe\STM32F4Discovery\STM32F4_LCMeter\stm32f4xx_it.o
LOAD D:\FbEdit\Projects\Applications\fbe\STM32F4Discovery\STM32F4_LCMeter\stm32f4xx_rcc.o
LOAD D:\FbEdit\Projects\Applications\fbe\STM32F4Discovery\STM32F4_LCMeter\stm32f4xx_gpio.o
LOAD D:\FbEdit\Projects\Applications\fbe\STM32F4Discovery\STM32F4_LCMeter\stm32f4xx_tim.o
LOAD D:\FbEdit\Projects\Applications\fbe\STM32F4Discovery\STM32F4_LCMeter\misc.o
LOAD D:\FbEdit\Projects\Applications\fbe\STM32F4Discovery\STM32F4_LCMeter\system_stm32f4xx.o
LOAD D:\FbEdit\Projects\Applications\fbe\STM32F4Discovery\STM32F4_LCMeter\stm32f4_discovery.o
LOAD D:\FbEdit\Projects\Applications\fbe\STM32F4Discovery\STM32F4_LCMeter\stm32f4xx_dma.o
LOAD D:\FbEdit\Projects\Applications\fbe\STM32F4Discovery\STM32F4_LCMeter\stm32f4xx_adc.o
START GROUP
LOAD D:\Ride\Ride\Lib\ARM\STM32x_io_putchar_thumb.a
LOAD D:\Ride\Ride\Lib\ARM\std_sbrk_thumb.lib
LOAD D:\Ride\Ride\Lib\ARM\smallprintf_thumb.a
LOAD d:/ride/ride/arm-gcc/bin/../lib/gcc/arm-none-eabi/4.5.1/../../../../arm-none-eabi/lib/thumb2\libc.a
LOAD d:/ride/ride/arm-gcc/bin/../lib/gcc/arm-none-eabi/4.5.1/../../../../arm-none-eabi/lib/thumb2\libm.a
END GROUP
                0x00000400                __Stack_Size = 0x400
                0x00000400                PROVIDE (_Stack_Size, __Stack_Size)
                0x20001c00                __Stack_Init = (_estack - __Stack_Size)
                0x20001c00                PROVIDE (_Stack_Init, __Stack_Init)
                0x00000100                _Minimum_Stack_Size = 0x100
                0x00000000                PROVIDE (Undefined_Handler, 0x0)
                0x00000000                PROVIDE (SWI_Handler, 0x0)
                0x00000000                PROVIDE (IRQ_Handler, 0x0)
                0x00000000                PROVIDE (Prefetch_Handler, 0x0)
                0x00000000                PROVIDE (Abort_Handler, 0x0)
                0x00000000                PROVIDE (FIQ_Handler, 0x0)
                0x00000000                PROVIDE (NMIException, 0x0)
                0x00000000                PROVIDE (NMI_Handler, 0x0)
                0x00000000                PROVIDE (HardFaultException, 0x0)
                0x00000000                PROVIDE (HardFault_Handler, 0x0)
                0x00000000                PROVIDE (MemManageException, 0x0)
                0x00000000                PROVIDE (MemManage_Handler, 0x0)
                0x00000000                PROVIDE (BusFaultException, 0x0)
                0x00000000                PROVIDE (BusFault_Handler, 0x0)
                0x00000000                PROVIDE (UsageFaultException, 0x0)
                0x00000000                PROVIDE (UsageFault_Handler, 0x0)
                0x00000000                PROVIDE (SVCHandler, 0x0)
                0x00000000                PROVIDE (SVC_Handler, 0x0)
                0x00000000                PROVIDE (DebugMonitor, 0x0)
                0x00000000                PROVIDE (DebugMon_Handler, 0x0)
                0x00000000                PROVIDE (PendSVC, 0x0)
                0x00000000                PROVIDE (PendSV_Handler, 0x0)
                0x00000000                PROVIDE (SysTickHandler, 0x0)
                0x00000000                PROVIDE (SysTick_Handler, 0x0)
                0x00000000                PROVIDE (WWDG_IRQHandler, 0x0)
                0x00000000                PROVIDE (PVD_IRQHandler, 0x0)
                0x00000000                PROVIDE (TAMPER_IRQHandler, 0x0)
                0x00000000                PROVIDE (RTC_IRQHandler, 0x0)
                0x00000000                PROVIDE (FLASH_IRQHandler, 0x0)
                0x00000000                PROVIDE (RCC_IRQHandler, 0x0)
                0x00000000                PROVIDE (EXTI0_IRQHandler, 0x0)
                0x00000000                PROVIDE (EXTI1_IRQHandler, 0x0)
                0x00000000                PROVIDE (EXTI2_IRQHandler, 0x0)
                0x00000000                PROVIDE (EXTI3_IRQHandler, 0x0)
                0x00000000                PROVIDE (EXTI4_IRQHandler, 0x0)
                0x00000000                PROVIDE (DMAChannel1_IRQHandler, 0x0)
                0x00000000                PROVIDE (DMAChannel2_IRQHandler, 0x0)
                0x00000000                PROVIDE (DMAChannel3_IRQHandler, 0x0)
                0x00000000                PROVIDE (DMAChannel4_IRQHandler, 0x0)
                0x00000000                PROVIDE (DMAChannel5_IRQHandler, 0x0)
                0x00000000                PROVIDE (DMAChannel6_IRQHandler, 0x0)
                0x00000000                PROVIDE (DMAChannel7_IRQHandler, 0x0)
                0x00000000                PROVIDE (DMA1_Channel1_IRQHandler, 0x0)
                0x00000000                PROVIDE (DMA1_Channel2_IRQHandler, 0x0)
                0x00000000                PROVIDE (DMA1_Channel3_IRQHandler, 0x0)
                0x00000000                PROVIDE (DMA1_Channel4_IRQHandler, 0x0)
                0x00000000                PROVIDE (DMA1_Channel5_IRQHandler, 0x0)
                0x00000000                PROVIDE (DMA1_Channel6_IRQHandler, 0x0)
                0x00000000                PROVIDE (DMA1_Channel7_IRQHandler, 0x0)
                0x00000000                PROVIDE (ADC_IRQHandler, 0x0)
                0x00000000                PROVIDE (ADC1_2_IRQHandler, 0x0)
                0x00000000                PROVIDE (USB_HP_CAN_TX_IRQHandler, 0x0)
                0x00000000                PROVIDE (USB_HP_CAN1_TX_IRQHandler, 0x0)
                0x00000000                PROVIDE (USB_LP_CAN_RX0_IRQHandler, 0x0)
                0x00000000                PROVIDE (USB_LP_CAN1_RX0_IRQHandler, 0x0)
                0x00000000                PROVIDE (CAN_RX1_IRQHandler, 0x0)
                0x00000000                PROVIDE (CAN1_RX1_IRQHandler, 0x0)
                0x00000000                PROVIDE (CAN_SCE_IRQHandler, 0x0)
                0x00000000                PROVIDE (CAN1_SCE_IRQHandler, 0x0)
                0x00000000                PROVIDE (EXTI9_5_IRQHandler, 0x0)
                0x00000000                PROVIDE (TIM1_BRK_IRQHandler, 0x0)
                0x00000000                PROVIDE (TIM1_UP_IRQHandler, 0x0)
                0x00000000                PROVIDE (TIM1_TRG_COM_IRQHandler, 0x0)
                0x00000000                PROVIDE (TIM1_CC_IRQHandler, 0x0)
                0x00000000                PROVIDE (TIM2_IRQHandler, 0x0)
                0x00000000                PROVIDE (TIM3_IRQHandler, 0x0)
                0x00000000                PROVIDE (TIM4_IRQHandler, 0x0)
                0x00000000                PROVIDE (I2C1_EV_IRQHandler, 0x0)
                0x00000000                PROVIDE (I2C1_ER_IRQHandler, 0x0)
                0x00000000                PROVIDE (I2C2_EV_IRQHandler, 0x0)
                0x00000000                PROVIDE (I2C2_ER_IRQHandler, 0x0)
                0x00000000                PROVIDE (SPI1_IRQHandler, 0x0)
                0x00000000                PROVIDE (SPI2_IRQHandler, 0x0)
                0x00000000                PROVIDE (USART1_IRQHandler, 0x0)
                0x00000000                PROVIDE (USART2_IRQHandler, 0x0)
                0x00000000                PROVIDE (USART3_IRQHandler, 0x0)
                0x00000000                PROVIDE (EXTI15_10_IRQHandler, 0x0)
                0x00000000                PROVIDE (RTCAlarm_IRQHandler, 0x0)
                0x00000000                PROVIDE (USBWakeUp_IRQHandler, 0x0)
                0x00000000                PROVIDE (TIM8_BRK_IRQHandler, 0x0)
                0x00000000                PROVIDE (TIM8_UP_IRQHandler, 0x0)
                0x00000000                PROVIDE (TIM8_TRG_COM_IRQHandler, 0x0)
                0x00000000                PROVIDE (TIM8_CC_IRQHandler, 0x0)
                0x00000000                PROVIDE (ADC3_IRQHandler, 0x0)
                0x00000000                PROVIDE (FSMC_IRQHandler, 0x0)
                0x00000000                PROVIDE (SDIO_IRQHandler, 0x0)
                0x00000000                PROVIDE (TIM5_IRQHandler, 0x0)
                0x00000000                PROVIDE (SPI3_IRQHandler, 0x0)
                0x00000000                PROVIDE (UART4_IRQHandler, 0x0)
                0x00000000                PROVIDE (UART5_IRQHandler, 0x0)
                0x00000000                PROVIDE (TIM6_IRQHandler, 0x0)
                0x00000000                PROVIDE (TIM7_IRQHandler, 0x0)
                0x00000000                PROVIDE (DMA2_Channel1_IRQHandler, 0x0)
                0x00000000                PROVIDE (DMA2_Channel2_IRQHandler, 0x0)
                0x00000000                PROVIDE (DMA2_Channel3_IRQHandler, 0x0)
                0x00000000                PROVIDE (DMA2_Channel4_5_IRQHandler, 0x0)
                0x42000000                PERIPH_BB_BASE = 0x42000000
                0x22000000                SRAM_BB_BASE = 0x22000000
                0x20000000                SRAM_BASE = 0x20000000
                0x40000000                PERIPH_BASE = 0x40000000
                0x40022000                PROVIDE (FLASH_BASE, 0x40022000)
                0x1ffff800                PROVIDE (OB_BASE, 0x1ffff800)
                0x40000000                APB1PERIPH_BASE = PERIPH_BASE
                0x40010000                APB2PERIPH_BASE = (PERIPH_BASE + 0x10000)
                0x40020000                AHBPERIPH_BASE = (PERIPH_BASE + 0x20000)
                0x40000000                PROVIDE (TIM2, (APB1PERIPH_BASE + 0x0))
                0x40000400                PROVIDE (TIM3, (APB1PERIPH_BASE + 0x400))
                0x40000800                PROVIDE (TIM4, (APB1PERIPH_BASE + 0x800))
                0x40002800                PROVIDE (RTC, (APB1PERIPH_BASE + 0x2800))
                0x40002c00                PROVIDE (WWDG, (APB1PERIPH_BASE + 0x2c00))
                0x40003000                PROVIDE (IWDG, (APB1PERIPH_BASE + 0x3000))
                0x40003800                PROVIDE (SPI2, (APB1PERIPH_BASE + 0x3800))
                0x40004400                PROVIDE (USART2, (APB1PERIPH_BASE + 0x4400))
                0x40004800                PROVIDE (USART3, (APB1PERIPH_BASE + 0x4800))
                0x40005400                PROVIDE (I2C1, (APB1PERIPH_BASE + 0x5400))
                0x40005800                PROVIDE (I2C2, (APB1PERIPH_BASE + 0x5800))
                0x40006400                PROVIDE (CAN, (APB1PERIPH_BASE + 0x6400))
                0x40006c00                PROVIDE (BKP, (APB1PERIPH_BASE + 0x6c00))
                0x40007000                PROVIDE (PWR, (APB1PERIPH_BASE + 0x7000))
                0x40010000                PROVIDE (AFIO, (APB2PERIPH_BASE + 0x0))
                0x40010400                PROVIDE (EXTI, (APB2PERIPH_BASE + 0x400))
                0x40010800                PROVIDE (GPIOA, (APB2PERIPH_BASE + 0x800))
                0x40010c00                PROVIDE (GPIOB, (APB2PERIPH_BASE + 0xc00))
                0x40011000                PROVIDE (GPIOC, (APB2PERIPH_BASE + 0x1000))
                0x40011400                PROVIDE (GPIOD, (APB2PERIPH_BASE + 0x1400))
                0x40011800                PROVIDE (GPIOE, (APB2PERIPH_BASE + 0x1800))
                0x40012400                PROVIDE (ADC1, (APB2PERIPH_BASE + 0x2400))
                0x40012800                PROVIDE (ADC2, (APB2PERIPH_BASE + 0x2800))
                0x40012c00                PROVIDE (TIM1, (APB2PERIPH_BASE + 0x2c00))
                0x40013000                PROVIDE (SPI1, (APB2PERIPH_BASE + 0x3000))
                0x40013800                PROVIDE (USART1, (APB2PERIPH_BASE + 0x3800))
                0x40020000                PROVIDE (DMA, (AHBPERIPH_BASE + 0x0))
                0x40020008                PROVIDE (DMA_Channel1, (AHBPERIPH_BASE + 0x8))
                0x4002001c                PROVIDE (DMA_Channel2, (AHBPERIPH_BASE + 0x1c))
                0x40020030                PROVIDE (DMA_Channel3, (AHBPERIPH_BASE + 0x30))
                0x40020044                PROVIDE (DMA_Channel4, (AHBPERIPH_BASE + 0x44))
                0x40020058                PROVIDE (DMA_Channel5, (AHBPERIPH_BASE + 0x58))
                0x4002006c                PROVIDE (DMA_Channel6, (AHBPERIPH_BASE + 0x6c))
                0x40020080                PROVIDE (DMA_Channel7, (AHBPERIPH_BASE + 0x80))
                0x40021000                PROVIDE (RCC, (AHBPERIPH_BASE + 0x1000))
                0xe000e000                SCS_BASE = 0xe000e000
                0xe000e010                PROVIDE (SysTick, (SCS_BASE + 0x10))
                0xe000e100                PROVIDE (NVIC, (SCS_BASE + 0x100))
                0xe000ed00                PROVIDE (SCB, (SCS_BASE + 0xd00))
                0x20002000                _estack = 0x20002000

.isr_vector     0x08000000      0x188
                0x08000000                . = ALIGN (0x4)
 *(.isr_vector)
 .isr_vector    0x08000000      0x188 .\startup_stm32f4xx.o
                0x08000000                g_pfnVectors
                0x08000188                . = ALIGN (0x4)

.flash_start    0x00000000        0x0
                0x00000000                . = ALIGN (0x4)
 *(.flash_start)
 *(.flash_start.*)
                0x00000000                . = ALIGN (0x4)

.crp_patch      0x00000000        0x0
                0x00000000                . = ALIGN (0x4)
 *(.crp_patch)
                0x00000000                . = ALIGN (0x4)

.flashtext      0x08000188        0x0
                0x08000188                . = ALIGN (0x4)
 *(.flashtext)
                0x08000188                . = ALIGN (0x4)

.text           0x08000188     0x1238
                0x08000188                . = ALIGN (0x4)
 *(.text)
 *(.text.*)
 .text.Reset_Handler
                0x08000188       0x44 .\startup_stm32f4xx.o
                0x08000188                Reset_Handler
 .text.Default_Handler
                0x080001cc        0x2 .\startup_stm32f4xx.o
                0x080001cc                RTC_Alarm_IRQHandler
                0x080001cc                HASH_RNG_IRQHandler
                0x080001cc                EXTI2_IRQHandler
                0x080001cc                TIM8_CC_IRQHandler
                0x080001cc                TIM1_CC_IRQHandler
                0x080001cc                DMA2_Stream5_IRQHandler
                0x080001cc                DMA1_Stream5_IRQHandler
                0x080001cc                PVD_IRQHandler
                0x080001cc                SDIO_IRQHandler
                0x080001cc                TAMP_STAMP_IRQHandler
                0x080001cc                CAN2_RX1_IRQHandler
                0x080001cc                EXTI3_IRQHandler
                0x080001cc                TIM8_TRG_COM_TIM14_IRQHandler
                0x080001cc                TIM1_UP_TIM10_IRQHandler
                0x080001cc                TIM8_UP_TIM13_IRQHandler
                0x080001cc                I2C3_ER_IRQHandler
                0x080001cc                EXTI0_IRQHandler
                0x080001cc                I2C2_EV_IRQHandler
                0x080001cc                DMA1_Stream2_IRQHandler
                0x080001cc                CAN1_RX0_IRQHandler
                0x080001cc                FPU_IRQHandler
                0x080001cc                OTG_HS_WKUP_IRQHandler
                0x080001cc                CAN2_SCE_IRQHandler
                0x080001cc                DMA2_Stream2_IRQHandler
                0x080001cc                SPI1_IRQHandler
                0x080001cc                TIM6_DAC_IRQHandler
                0x080001cc                TIM1_BRK_TIM9_IRQHandler
                0x080001cc                DCMI_IRQHandler
                0x080001cc                CAN2_RX0_IRQHandler
                0x080001cc                DMA2_Stream3_IRQHandler
                0x080001cc                USART6_IRQHandler
                0x080001cc                USART3_IRQHandler
                0x080001cc                CRYP_IRQHandler
                0x080001cc                CAN1_RX1_IRQHandler
                0x080001cc                UART5_IRQHandler
                0x080001cc                DMA2_Stream0_IRQHandler
                0x080001cc                TIM4_IRQHandler
                0x080001cc                I2C1_EV_IRQHandler
                0x080001cc                DMA1_Stream6_IRQHandler
                0x080001cc                DMA1_Stream1_IRQHandler
                0x080001cc                UART4_IRQHandler
                0x080001cc                RCC_IRQHandler
                0x080001cc                TIM8_BRK_TIM12_IRQHandler
                0x080001cc                Default_Handler
                0x080001cc                EXTI15_10_IRQHandler
                0x080001cc                ADC_IRQHandler
                0x080001cc                DMA1_Stream7_IRQHandler
                0x080001cc                TIM7_IRQHandler
                0x080001cc                CAN2_TX_IRQHandler
                0x080001cc                TIM5_IRQHandler
                0x080001cc                DMA2_Stream7_IRQHandler
                0x080001cc                I2C3_EV_IRQHandler
                0x080001cc                EXTI9_5_IRQHandler
                0x080001cc                RTC_WKUP_IRQHandler
                0x080001cc                ETH_WKUP_IRQHandler
                0x080001cc                SPI2_IRQHandler
                0x080001cc                OTG_HS_EP1_IN_IRQHandler
                0x080001cc                DMA1_Stream0_IRQHandler
                0x080001cc                CAN1_TX_IRQHandler
                0x080001cc                EXTI4_IRQHandler
                0x080001cc                FSMC_IRQHandler
                0x080001cc                ETH_IRQHandler
                0x080001cc                OTG_HS_EP1_OUT_IRQHandler
                0x080001cc                WWDG_IRQHandler
                0x080001cc                TIM2_IRQHandler
                0x080001cc                OTG_FS_WKUP_IRQHandler
                0x080001cc                TIM1_TRG_COM_TIM11_IRQHandler
                0x080001cc                OTG_HS_IRQHandler
                0x080001cc                EXTI1_IRQHandler
                0x080001cc                USART2_IRQHandler
                0x080001cc                I2C2_ER_IRQHandler
                0x080001cc                DMA2_Stream1_IRQHandler
                0x080001cc                CAN1_SCE_IRQHandler
                0x080001cc                FLASH_IRQHandler
                0x080001cc                DMA2_Stream4_IRQHandler
                0x080001cc                USART1_IRQHandler
                0x080001cc                OTG_FS_IRQHandler
                0x080001cc                SPI3_IRQHandler
                0x080001cc                DMA1_Stream4_IRQHandler
                0x080001cc                I2C1_ER_IRQHandler
                0x080001cc                DMA2_Stream6_IRQHandler
                0x080001cc                DMA1_Stream3_IRQHandler
 *fill*         0x080001ce        0x2 00
 .text.GetFrequency
                0x080001d0       0x20 D:\FbEdit\Projects\Applications\fbe\STM32F4Discovery\STM32F4_LCMeter\main.o
                0x080001d0                GetFrequency
 .text.LCM_Calibrate
                0x080001f0       0xa4 D:\FbEdit\Projects\Applications\fbe\STM32F4Discovery\STM32F4_LCMeter\main.o
                0x080001f0                LCM_Calibrate
 .text.RCC_Config
                0x08000294       0x58 D:\FbEdit\Projects\Applications\fbe\STM32F4Discovery\STM32F4_LCMeter\main.o
                0x08000294                RCC_Config
 .text.NVIC_Config
                0x080002ec       0x2c D:\FbEdit\Projects\Applications\fbe\STM32F4Discovery\STM32F4_LCMeter\main.o
                0x080002ec                NVIC_Config
 .text.GPIO_Config
                0x08000318       0xcc D:\FbEdit\Projects\Applications\fbe\STM32F4Discovery\STM32F4_LCMeter\main.o
                0x08000318                GPIO_Config
 .text.TIM_Config
                0x080003e4       0xe4 D:\FbEdit\Projects\Applications\fbe\STM32F4Discovery\STM32F4_LCMeter\main.o
                0x080003e4                TIM_Config
 .text.DMA_TripleConfig
                0x080004c8       0x74 D:\FbEdit\Projects\Applications\fbe\STM32F4Discovery\STM32F4_LCMeter\main.o
                0x080004c8                DMA_TripleConfig
 .text.ADC_TripleConfig
                0x0800053c       0xd8 D:\FbEdit\Projects\Applications\fbe\STM32F4Discovery\STM32F4_LCMeter\main.o
                0x0800053c                ADC_TripleConfig
 .text.main     0x08000614      0x19c D:\FbEdit\Projects\Applications\fbe\STM32F4Discovery\STM32F4_LCMeter\main.o
                0x08000614                main
 .text.TIM3_IRQHandler
                0x080007b0       0x40 D:\FbEdit\Projects\Applications\fbe\STM32F4Discovery\STM32F4_LCMeter\main.o
                0x080007b0                TIM3_IRQHandler
 .text.NMI_Handler
                0x080007f0        0x4 D:\FbEdit\Projects\Applications\fbe\STM32F4Discovery\STM32F4_LCMeter\stm32f4xx_it.o
                0x080007f0                NMI_Handler
 .text.HardFault_Handler
                0x080007f4        0x4 D:\FbEdit\Projects\Applications\fbe\STM32F4Discovery\STM32F4_LCMeter\stm32f4xx_it.o
                0x080007f4                HardFault_Handler
 .text.MemManage_Handler
                0x080007f8        0x4 D:\FbEdit\Projects\Applications\fbe\STM32F4Discovery\STM32F4_LCMeter\stm32f4xx_it.o
                0x080007f8                MemManage_Handler
 .text.BusFault_Handler
                0x080007fc        0x4 D:\FbEdit\Projects\Applications\fbe\STM32F4Discovery\STM32F4_LCMeter\stm32f4xx_it.o
                0x080007fc                BusFault_Handler
 .text.UsageFault_Handler
                0x08000800        0x4 D:\FbEdit\Projects\Applications\fbe\STM32F4Discovery\STM32F4_LCMeter\stm32f4xx_it.o
                0x08000800                UsageFault_Handler
 .text.DebugMon_Handler
                0x08000804        0x4 D:\FbEdit\Projects\Applications\fbe\STM32F4Discovery\STM32F4_LCMeter\stm32f4xx_it.o
                0x08000804                DebugMon_Handler
 .text.SVC_Handler
                0x08000808        0x4 D:\FbEdit\Projects\Applications\fbe\STM32F4Discovery\STM32F4_LCMeter\stm32f4xx_it.o
                0x08000808                SVC_Handler
 .text.PendSV_Handler
                0x0800080c        0x4 D:\FbEdit\Projects\Applications\fbe\STM32F4Discovery\STM32F4_LCMeter\stm32f4xx_it.o
                0x0800080c                PendSV_Handler
 .text.SysTick_Handler
                0x08000810        0x4 D:\FbEdit\Projects\Applications\fbe\STM32F4Discovery\STM32F4_LCMeter\stm32f4xx_it.o
                0x08000810                SysTick_Handler
 .text.RCC_AHB1PeriphClockCmd
                0x08000814       0x24 D:\FbEdit\Projects\Applications\fbe\STM32F4Discovery\STM32F4_LCMeter\stm32f4xx_rcc.o
                0x08000814                RCC_AHB1PeriphClockCmd
 .text.RCC_APB1PeriphClockCmd
                0x08000838       0x24 D:\FbEdit\Projects\Applications\fbe\STM32F4Discovery\STM32F4_LCMeter\stm32f4xx_rcc.o
                0x08000838                RCC_APB1PeriphClockCmd
 .text.RCC_APB2PeriphClockCmd
                0x0800085c       0x24 D:\FbEdit\Projects\Applications\fbe\STM32F4Discovery\STM32F4_LCMeter\stm32f4xx_rcc.o
                0x0800085c                RCC_APB2PeriphClockCmd
 .text.GPIO_Init
                0x08000880       0xbc D:\FbEdit\Projects\Applications\fbe\STM32F4Discovery\STM32F4_LCMeter\stm32f4xx_gpio.o
                0x08000880                GPIO_Init
 .text.GPIO_SetBits
                0x0800093c        0x4 D:\FbEdit\Projects\Applications\fbe\STM32F4Discovery\STM32F4_LCMeter\stm32f4xx_gpio.o
                0x0800093c                GPIO_SetBits
 .text.GPIO_ResetBits
                0x08000940        0x4 D:\FbEdit\Projects\Applications\fbe\STM32F4Discovery\STM32F4_LCMeter\stm32f4xx_gpio.o
                0x08000940                GPIO_ResetBits
 .text.GPIO_PinAFConfig
                0x08000944       0x3c D:\FbEdit\Projects\Applications\fbe\STM32F4Discovery\STM32F4_LCMeter\stm32f4xx_gpio.o
                0x08000944                GPIO_PinAFConfig
 .text.TIM_TimeBaseInit
                0x08000980       0xc0 D:\FbEdit\Projects\Applications\fbe\STM32F4Discovery\STM32F4_LCMeter\stm32f4xx_tim.o
                0x08000980                TIM_TimeBaseInit
 .text.TIM_ARRPreloadConfig
                0x08000a40       0x20 D:\FbEdit\Projects\Applications\fbe\STM32F4Discovery\STM32F4_LCMeter\stm32f4xx_tim.o
                0x08000a40                TIM_ARRPreloadConfig
 .text.TIM_Cmd  0x08000a60       0x20 D:\FbEdit\Projects\Applications\fbe\STM32F4Discovery\STM32F4_LCMeter\stm32f4xx_tim.o
                0x08000a60                TIM_Cmd
 .text.TIM_OC2Init
                0x08000a80       0xb0 D:\FbEdit\Projects\Applications\fbe\STM32F4Discovery\STM32F4_LCMeter\stm32f4xx_tim.o
                0x08000a80                TIM_OC2Init
 .text.TIM_OCStructInit
                0x08000b30       0x18 D:\FbEdit\Projects\Applications\fbe\STM32F4Discovery\STM32F4_LCMeter\stm32f4xx_tim.o
                0x08000b30                TIM_OCStructInit
 .text.TIM_OC2PreloadConfig
                0x08000b48       0x18 D:\FbEdit\Projects\Applications\fbe\STM32F4Discovery\STM32F4_LCMeter\stm32f4xx_tim.o
                0x08000b48                TIM_OC2PreloadConfig
 .text.TIM_ITConfig
                0x08000b60       0x18 D:\FbEdit\Projects\Applications\fbe\STM32F4Discovery\STM32F4_LCMeter\stm32f4xx_tim.o
                0x08000b60                TIM_ITConfig
 .text.TIM_ClearITPendingBit
                0x08000b78        0xc D:\FbEdit\Projects\Applications\fbe\STM32F4Discovery\STM32F4_LCMeter\stm32f4xx_tim.o
                0x08000b78                TIM_ClearITPendingBit
 .text.NVIC_Init
                0x08000b84       0x88 D:\FbEdit\Projects\Applications\fbe\STM32F4Discovery\STM32F4_LCMeter\misc.o
                0x08000b84                NVIC_Init
 .text.SystemInit
                0x08000c0c      0x124 D:\FbEdit\Projects\Applications\fbe\STM32F4Discovery\STM32F4_LCMeter\system_stm32f4xx.o
                0x08000c0c                SystemInit
 .text.STM_EVAL_LEDInit
                0x08000d30       0x54 D:\FbEdit\Projects\Applications\fbe\STM32F4Discovery\STM32F4_LCMeter\stm32f4_discovery.o
                0x08000d30                STM_EVAL_LEDInit
 .text.STM_EVAL_LEDToggle
                0x08000d84       0x24 D:\FbEdit\Projects\Applications\fbe\STM32F4Discovery\STM32F4_LCMeter\stm32f4_discovery.o
                0x08000d84                STM_EVAL_LEDToggle
 .text.DMA_DeInit
                0x08000da8      0x1f4 D:\FbEdit\Projects\Applications\fbe\STM32F4Discovery\STM32F4_LCMeter\stm32f4xx_dma.o
                0x08000da8                DMA_DeInit
 .text.DMA_Init
                0x08000f9c       0x60 D:\FbEdit\Projects\Applications\fbe\STM32F4Discovery\STM32F4_LCMeter\stm32f4xx_dma.o
                0x08000f9c                DMA_Init
 .text.DMA_StructInit
                0x08000ffc       0x24 D:\FbEdit\Projects\Applications\fbe\STM32F4Discovery\STM32F4_LCMeter\stm32f4xx_dma.o
                0x08000ffc                DMA_StructInit
 .text.DMA_Cmd  0x08001020       0x18 D:\FbEdit\Projects\Applications\fbe\STM32F4Discovery\STM32F4_LCMeter\stm32f4xx_dma.o
                0x08001020                DMA_Cmd
 .text.DMA_GetFlagStatus
                0x08001038       0x44 D:\FbEdit\Projects\Applications\fbe\STM32F4Discovery\STM32F4_LCMeter\stm32f4xx_dma.o
                0x08001038                DMA_GetFlagStatus
 .text.ADC_Init
                0x0800107c       0x54 D:\FbEdit\Projects\Applications\fbe\STM32F4Discovery\STM32F4_LCMeter\stm32f4xx_adc.o
                0x0800107c                ADC_Init
 .text.ADC_StructInit
                0x080010d0       0x18 D:\FbEdit\Projects\Applications\fbe\STM32F4Discovery\STM32F4_LCMeter\stm32f4xx_adc.o
                0x080010d0                ADC_StructInit
 .text.ADC_CommonInit
                0x080010e8       0x34 D:\FbEdit\Projects\Applications\fbe\STM32F4Discovery\STM32F4_LCMeter\stm32f4xx_adc.o
                0x080010e8                ADC_CommonInit
 .text.ADC_CommonStructInit
                0x0800111c       0x10 D:\FbEdit\Projects\Applications\fbe\STM32F4Discovery\STM32F4_LCMeter\stm32f4xx_adc.o
                0x0800111c                ADC_CommonStructInit
 .text.ADC_Cmd  0x0800112c       0x18 D:\FbEdit\Projects\Applications\fbe\STM32F4Discovery\STM32F4_LCMeter\stm32f4xx_adc.o
                0x0800112c                ADC_Cmd
 .text.ADC_RegularChannelConfig
                0x08001144       0xb4 D:\FbEdit\Projects\Applications\fbe\STM32F4Discovery\STM32F4_LCMeter\stm32f4xx_adc.o
                0x08001144                ADC_RegularChannelConfig
 .text.ADC_MultiModeDMARequestAfterLastTransferCmd
                0x080011f8       0x28 D:\FbEdit\Projects\Applications\fbe\STM32F4Discovery\STM32F4_LCMeter\stm32f4xx_adc.o
                0x080011f8                ADC_MultiModeDMARequestAfterLastTransferCmd
 .text.__io_putchar
                0x08001220      0x16c D:\Ride\Ride\Lib\ARM\STM32x_io_putchar_thumb.a(STM32F10X_io_putchar.o)
                0x08001220                __io_putchar
 .text._write   0x0800138c        0x4 D:\Ride\Ride\Lib\ARM\std_sbrk_thumb.lib(write.o)
                0x0800138c                _write
 *(.rodata)
 .rodata        0x08001390       0x30 D:\FbEdit\Projects\Applications\fbe\STM32F4Discovery\STM32F4_LCMeter\stm32f4_discovery.o
                0x08001390                GPIO_CLK
                0x080013a0                GPIO_PIN
                0x080013a8                BUTTON_CLK
                0x080013ac                BUTTON_PIN
                0x080013b0                BUTTON_PORT_SOURCE
                0x080013b4                BUTTON_PIN_SOURCE
                0x080013b8                BUTTON_EXTI_LINE
                0x080013bc                BUTTON_IRQn
 *(.rodata*)
 *(.glue_7)
 .glue_7        0x00000000        0x0 linker stubs
 *(.glue_7t)
 .glue_7t       0x00000000        0x0 linker stubs
                0x080013c0                . = ALIGN (0x4)
                0x080013c0                _etext = .
                0x080013c0                _sidata = _etext

.vfp11_veneer   0x080013c0        0x0
 .vfp11_veneer  0x00000000        0x0 linker stubs

.v4_bx          0x080013c0        0x0
 .v4_bx         0x00000000        0x0 linker stubs

.flashpatch     0x00000000        0x0
                0x00000000                . = ALIGN (0x4)
 *(.flashpatch)
                0x00000000                . = ALIGN (0x4)

.endflash       0x00000000        0x0
                0x00000000                . = ALIGN (0x4)
 *(.endflash)
                0x00000000                . = ALIGN (0x4)
                0x00000000                _e_endflash = .

.data           0x20000000       0x14 load address 0x080013c0
                0x20000000                . = ALIGN (0x4)
                0x20000000                _sdata = .
                0x20000000                _data = .
 *(.data)
 .data          0x20000000       0x14 D:\FbEdit\Projects\Applications\fbe\STM32F4Discovery\STM32F4_LCMeter\stm32f4_discovery.o
                0x20000000                GPIO_PORT
                0x20000010                BUTTON_PORT
 *(.data.*)
 *(.RAMtext)
                0x20000014                . = ALIGN (0x4)
                0x20000014                _edata = .
                0x080013d4                _eidata = ((_sidata + _edata) - _sdata)
                0x08010000                _lastdataromaddress = 0x8010000
                0x00000000                toobig = (_eidata > _lastdataromaddress)?!!!!!!!!! FLASH IS FULL !!!!!!!!!:0x0

.bss            0x20000014       0x28 load address 0x080013d4
                0x20000014                . = ALIGN (0x4)
                0x20000014                _sbss = .
                0x20000014                _bss = .
 *(.bss)
 *(COMMON)
 COMMON         0x20000014       0x28 D:\FbEdit\Projects\Applications\fbe\STM32F4Discovery\STM32F4_LCMeter\main.o
                0x20000014                STM32_CMD
                0x2000003c                . = ALIGN (0x4)
                0x2000003c                _ebss = .
                0x2000003c                PROVIDE (end, _ebss)
                0x2000003c                PROVIDE (_end, _ebss)

._usrstack      0x2000003c      0x100 load address 0x080013fc
                0x2000003c                . = ALIGN (0x4)
                0x2000003c                _susrstack = .
                0x2000013c                . = (. + _Minimum_Stack_Size)
 *fill*         0x2000003c      0x100 00
                0x2000013c                . = ALIGN (0x4)
                0x2000013c                _eusrstack = .

.b1text
 *(.b1text)
 *(.b1rodata)
 *(.b1rodata*)

.eb0text
 *(.eb0text)
 *(.eb0rodata)
 *(.eb0rodata*)

.eb1text
 *(.eb1text)
 *(.eb1rodata)
 *(.eb1rodata*)

.eb2text
 *(.eb2text)
 *(.eb2rodata)
 *(.eb2rodata*)

.eb3text
 *(.eb3text)
 *(.eb3rodata)
 *(.eb3rodata*)
                0x2000013c                __exidx_start = .
                0x2000013c                __exidx_end = .

/DISCARD/
 libc.a(*)
 libm.a(*)
 libgcc.a(*)

.stab
 *(.stab)

.stabstr
 *(.stabstr)

.stab.excl
 *(.stab.excl)

.stab.exclstr
 *(.stab.exclstr)

.stab.index
 *(.stab.index)

.stab.indexstr
 *(.stab.indexstr)

.ARM.attributes
                0x00000000       0x2d
 .ARM.attributes
                0x00000000       0x21 .\startup_stm32f4xx.o
 .ARM.attributes
                0x00000021       0x31 D:\FbEdit\Projects\Applications\fbe\STM32F4Discovery\STM32F4_LCMeter\main.o
 .ARM.attributes
                0x00000052       0x31 D:\FbEdit\Projects\Applications\fbe\STM32F4Discovery\STM32F4_LCMeter\stm32f4xx_it.o
 .ARM.attributes
                0x00000083       0x31 D:\FbEdit\Projects\Applications\fbe\STM32F4Discovery\STM32F4_LCMeter\stm32f4xx_rcc.o
 .ARM.attributes
                0x000000b4       0x31 D:\FbEdit\Projects\Applications\fbe\STM32F4Discovery\STM32F4_LCMeter\stm32f4xx_gpio.o
 .ARM.attributes
                0x000000e5       0x31 D:\FbEdit\Projects\Applications\fbe\STM32F4Discovery\STM32F4_LCMeter\stm32f4xx_tim.o
 .ARM.attributes
                0x00000116       0x31 D:\FbEdit\Projects\Applications\fbe\STM32F4Discovery\STM32F4_LCMeter\misc.o
 .ARM.attributes
                0x00000147       0x31 D:\FbEdit\Projects\Applications\fbe\STM32F4Discovery\STM32F4_LCMeter\system_stm32f4xx.o
 .ARM.attributes
                0x00000178       0x31 D:\FbEdit\Projects\Applications\fbe\STM32F4Discovery\STM32F4_LCMeter\stm32f4_discovery.o
 .ARM.attributes
                0x000001a9       0x31 D:\FbEdit\Projects\Applications\fbe\STM32F4Discovery\STM32F4_LCMeter\stm32f4xx_dma.o
 .ARM.attributes
                0x000001da       0x31 D:\FbEdit\Projects\Applications\fbe\STM32F4Discovery\STM32F4_LCMeter\stm32f4xx_adc.o
 .ARM.attributes
                0x0000020b       0x31 D:\Ride\Ride\Lib\ARM\STM32x_io_putchar_thumb.a(STM32F10X_io_putchar.o)
 .ARM.attributes
                0x0000023c       0x2e D:\Ride\Ride\Lib\ARM\std_sbrk_thumb.lib(write.o)

.comment        0x00000000       0x7f
 *(.comment)
 .comment       0x00000000       0x2a D:\FbEdit\Projects\Applications\fbe\STM32F4Discovery\STM32F4_LCMeter\main.o
                                 0x2b (size before relaxing)
 .comment       0x00000000       0x2b D:\FbEdit\Projects\Applications\fbe\STM32F4Discovery\STM32F4_LCMeter\stm32f4xx_it.o
 .comment       0x00000000       0x2b D:\FbEdit\Projects\Applications\fbe\STM32F4Discovery\STM32F4_LCMeter\stm32f4xx_rcc.o
 .comment       0x00000000       0x2b D:\FbEdit\Projects\Applications\fbe\STM32F4Discovery\STM32F4_LCMeter\stm32f4xx_gpio.o
 .comment       0x00000000       0x2b D:\FbEdit\Projects\Applications\fbe\STM32F4Discovery\STM32F4_LCMeter\stm32f4xx_tim.o
 .comment       0x00000000       0x2b D:\FbEdit\Projects\Applications\fbe\STM32F4Discovery\STM32F4_LCMeter\misc.o
 .comment       0x00000000       0x2b D:\FbEdit\Projects\Applications\fbe\STM32F4Discovery\STM32F4_LCMeter\system_stm32f4xx.o
 .comment       0x00000000       0x2b D:\FbEdit\Projects\Applications\fbe\STM32F4Discovery\STM32F4_LCMeter\stm32f4_discovery.o
 .comment       0x00000000       0x2b D:\FbEdit\Projects\Applications\fbe\STM32F4Discovery\STM32F4_LCMeter\stm32f4xx_dma.o
 .comment       0x00000000       0x2b D:\FbEdit\Projects\Applications\fbe\STM32F4Discovery\STM32F4_LCMeter\stm32f4xx_adc.o
 .comment       0x0000002a       0x2b D:\Ride\Ride\Lib\ARM\STM32x_io_putchar_thumb.a(STM32F10X_io_putchar.o)
 .comment       0x00000055       0x2a D:\Ride\Ride\Lib\ARM\std_sbrk_thumb.lib(write.o)

.debug
 *(.debug)

.line
 *(.line)

.debug_srcinfo
 *(.debug_srcinfo)

.debug_sfnames
 *(.debug_sfnames)

.debug_aranges  0x00000000      0x858
 *(.debug_aranges)
 .debug_aranges
                0x00000000       0x68 D:\FbEdit\Projects\Applications\fbe\STM32F4Discovery\STM32F4_LCMeter\main.o
 .debug_aranges
                0x00000068       0x60 D:\FbEdit\Projects\Applications\fbe\STM32F4Discovery\STM32F4_LCMeter\stm32f4xx_it.o
 .debug_aranges
                0x000000c8      0x178 D:\FbEdit\Projects\Applications\fbe\STM32F4Discovery\STM32F4_LCMeter\stm32f4xx_rcc.o
 .debug_aranges
                0x00000240       0x88 D:\FbEdit\Projects\Applications\fbe\STM32F4Discovery\STM32F4_LCMeter\stm32f4xx_gpio.o
 .debug_aranges
                0x000002c8      0x2e8 D:\FbEdit\Projects\Applications\fbe\STM32F4Discovery\STM32F4_LCMeter\stm32f4xx_tim.o
 .debug_aranges
                0x000005b0       0x40 D:\FbEdit\Projects\Applications\fbe\STM32F4Discovery\STM32F4_LCMeter\misc.o
 .debug_aranges
                0x000005f0       0x28 D:\FbEdit\Projects\Applications\fbe\STM32F4Discovery\STM32F4_LCMeter\system_stm32f4xx.o
 .debug_aranges
                0x00000618       0x48 D:\FbEdit\Projects\Applications\fbe\STM32F4Discovery\STM32F4_LCMeter\stm32f4_discovery.o
 .debug_aranges
                0x00000660       0xb0 D:\FbEdit\Projects\Applications\fbe\STM32F4Discovery\STM32F4_LCMeter\stm32f4xx_dma.o
 .debug_aranges
                0x00000710      0x148 D:\FbEdit\Projects\Applications\fbe\STM32F4Discovery\STM32F4_LCMeter\stm32f4xx_adc.o

.debug_pubnames
                0x00000000     0x16df
 *(.debug_pubnames)
 .debug_pubnames
                0x00000000       0xc8 D:\FbEdit\Projects\Applications\fbe\STM32F4Discovery\STM32F4_LCMeter\main.o
 .debug_pubnames
                0x000000c8       0xc6 D:\FbEdit\Projects\Applications\fbe\STM32F4Discovery\STM32F4_LCMeter\stm32f4xx_it.o
 .debug_pubnames
                0x0000018e      0x417 D:\FbEdit\Projects\Applications\fbe\STM32F4Discovery\STM32F4_LCMeter\stm32f4xx_rcc.o
 .debug_pubnames
                0x000005a5      0x12d D:\FbEdit\Projects\Applications\fbe\STM32F4Discovery\STM32F4_LCMeter\stm32f4xx_gpio.o
 .debug_pubnames
                0x000006d2      0x7c4 D:\FbEdit\Projects\Applications\fbe\STM32F4Discovery\STM32F4_LCMeter\stm32f4xx_tim.o
 .debug_pubnames
                0x00000e96       0x89 D:\FbEdit\Projects\Applications\fbe\STM32F4Discovery\STM32F4_LCMeter\misc.o
 .debug_pubnames
                0x00000f1f       0x61 D:\FbEdit\Projects\Applications\fbe\STM32F4Discovery\STM32F4_LCMeter\system_stm32f4xx.o
 .debug_pubnames
                0x00000f80      0x150 D:\FbEdit\Projects\Applications\fbe\STM32F4Discovery\STM32F4_LCMeter\stm32f4_discovery.o
 .debug_pubnames
                0x000010d0      0x1c9 D:\FbEdit\Projects\Applications\fbe\STM32F4Discovery\STM32F4_LCMeter\stm32f4xx_dma.o
 .debug_pubnames
                0x00001299      0x446 D:\FbEdit\Projects\Applications\fbe\STM32F4Discovery\STM32F4_LCMeter\stm32f4xx_adc.o

.debug_info     0x00000000     0x6ae4
 *(.debug_info .gnu.linkonce.wi.*)
 .debug_info    0x00000000      0xeb1 D:\FbEdit\Projects\Applications\fbe\STM32F4Discovery\STM32F4_LCMeter\main.o
 .debug_info    0x00000eb1      0x14c D:\FbEdit\Projects\Applications\fbe\STM32F4Discovery\STM32F4_LCMeter\stm32f4xx_it.o
 .debug_info    0x00000ffd      0xd05 D:\FbEdit\Projects\Applications\fbe\STM32F4Discovery\STM32F4_LCMeter\stm32f4xx_rcc.o
 .debug_info    0x00001d02      0x62d D:\FbEdit\Projects\Applications\fbe\STM32F4Discovery\STM32F4_LCMeter\stm32f4xx_gpio.o
 .debug_info    0x0000232f     0x1e20 D:\FbEdit\Projects\Applications\fbe\STM32F4Discovery\STM32F4_LCMeter\stm32f4xx_tim.o
 .debug_info    0x0000414f      0x598 D:\FbEdit\Projects\Applications\fbe\STM32F4Discovery\STM32F4_LCMeter\misc.o
 .debug_info    0x000046e7      0x63f D:\FbEdit\Projects\Applications\fbe\STM32F4Discovery\STM32F4_LCMeter\system_stm32f4xx.o
 .debug_info    0x00004d26      0x963 D:\FbEdit\Projects\Applications\fbe\STM32F4Discovery\STM32F4_LCMeter\stm32f4_discovery.o
 .debug_info    0x00005689      0x78d D:\FbEdit\Projects\Applications\fbe\STM32F4Discovery\STM32F4_LCMeter\stm32f4xx_dma.o
 .debug_info    0x00005e16      0xcce D:\FbEdit\Projects\Applications\fbe\STM32F4Discovery\STM32F4_LCMeter\stm32f4xx_adc.o

.debug_abbrev   0x00000000      0xfd4
 *(.debug_abbrev)
 .debug_abbrev  0x00000000      0x1d6 D:\FbEdit\Projects\Applications\fbe\STM32F4Discovery\STM32F4_LCMeter\main.o
 .debug_abbrev  0x000001d6       0x64 D:\FbEdit\Projects\Applications\fbe\STM32F4Discovery\STM32F4_LCMeter\stm32f4xx_it.o
 .debug_abbrev  0x0000023a      0x1f8 D:\FbEdit\Projects\Applications\fbe\STM32F4Discovery\STM32F4_LCMeter\stm32f4xx_rcc.o
 .debug_abbrev  0x00000432      0x1d0 D:\FbEdit\Projects\Applications\fbe\STM32F4Discovery\STM32F4_LCMeter\stm32f4xx_gpio.o
 .debug_abbrev  0x00000602      0x207 D:\FbEdit\Projects\Applications\fbe\STM32F4Discovery\STM32F4_LCMeter\stm32f4xx_tim.o
 .debug_abbrev  0x00000809      0x14e D:\FbEdit\Projects\Applications\fbe\STM32F4Discovery\STM32F4_LCMeter\misc.o
 .debug_abbrev  0x00000957      0x16c D:\FbEdit\Projects\Applications\fbe\STM32F4Discovery\STM32F4_LCMeter\system_stm32f4xx.o
 .debug_abbrev  0x00000ac3      0x19c D:\FbEdit\Projects\Applications\fbe\STM32F4Discovery\STM32F4_LCMeter\stm32f4_discovery.o
 .debug_abbrev  0x00000c5f      0x19e D:\FbEdit\Projects\Applications\fbe\STM32F4Discovery\STM32F4_LCMeter\stm32f4xx_dma.o
 .debug_abbrev  0x00000dfd      0x1d7 D:\FbEdit\Projects\Applications\fbe\STM32F4Discovery\STM32F4_LCMeter\stm32f4xx_adc.o

.debug_line     0x00000000     0x234c
 *(.debug_line)
 .debug_line    0x00000000      0x35b D:\FbEdit\Projects\Applications\fbe\STM32F4Discovery\STM32F4_LCMeter\main.o
 .debug_line    0x0000035b      0x1c2 D:\FbEdit\Projects\Applications\fbe\STM32F4Discovery\STM32F4_LCMeter\stm32f4xx_it.o
 .debug_line    0x0000051d      0x4e1 D:\FbEdit\Projects\Applications\fbe\STM32F4Discovery\STM32F4_LCMeter\stm32f4xx_rcc.o
 .debug_line    0x000009fe      0x299 D:\FbEdit\Projects\Applications\fbe\STM32F4Discovery\STM32F4_LCMeter\stm32f4xx_gpio.o
 .debug_line    0x00000c97      0x92e D:\FbEdit\Projects\Applications\fbe\STM32F4Discovery\STM32F4_LCMeter\stm32f4xx_tim.o
 .debug_line    0x000015c5      0x1ad D:\FbEdit\Projects\Applications\fbe\STM32F4Discovery\STM32F4_LCMeter\misc.o
 .debug_line    0x00001772      0x1ae D:\FbEdit\Projects\Applications\fbe\STM32F4Discovery\STM32F4_LCMeter\system_stm32f4xx.o
 .debug_line    0x00001920      0x254 D:\FbEdit\Projects\Applications\fbe\STM32F4Discovery\STM32F4_LCMeter\stm32f4_discovery.o
 .debug_line    0x00001b74      0x32f D:\FbEdit\Projects\Applications\fbe\STM32F4Discovery\STM32F4_LCMeter\stm32f4xx_dma.o
 .debug_line    0x00001ea3      0x4a9 D:\FbEdit\Projects\Applications\fbe\STM32F4Discovery\STM32F4_LCMeter\stm32f4xx_adc.o

.debug_frame    0x00000000     0x1184
 *(.debug_frame)
 .debug_frame   0x00000000      0x130 D:\FbEdit\Projects\Applications\fbe\STM32F4Discovery\STM32F4_LCMeter\main.o
 .debug_frame   0x00000130       0xa0 D:\FbEdit\Projects\Applications\fbe\STM32F4Discovery\STM32F4_LCMeter\stm32f4xx_it.o
 .debug_frame   0x000001d0      0x2e4 D:\FbEdit\Projects\Applications\fbe\STM32F4Discovery\STM32F4_LCMeter\stm32f4xx_rcc.o
 .debug_frame   0x000004b4      0x118 D:\FbEdit\Projects\Applications\fbe\STM32F4Discovery\STM32F4_LCMeter\stm32f4xx_gpio.o
 .debug_frame   0x000005cc      0x670 D:\FbEdit\Projects\Applications\fbe\STM32F4Discovery\STM32F4_LCMeter\stm32f4xx_tim.o
 .debug_frame   0x00000c3c       0x68 D:\FbEdit\Projects\Applications\fbe\STM32F4Discovery\STM32F4_LCMeter\misc.o
 .debug_frame   0x00000ca4       0x34 D:\FbEdit\Projects\Applications\fbe\STM32F4Discovery\STM32F4_LCMeter\system_stm32f4xx.o
 .debug_frame   0x00000cd8       0x9c D:\FbEdit\Projects\Applications\fbe\STM32F4Discovery\STM32F4_LCMeter\stm32f4_discovery.o
 .debug_frame   0x00000d74      0x168 D:\FbEdit\Projects\Applications\fbe\STM32F4Discovery\STM32F4_LCMeter\stm32f4xx_dma.o
 .debug_frame   0x00000edc      0x2a8 D:\FbEdit\Projects\Applications\fbe\STM32F4Discovery\STM32F4_LCMeter\stm32f4xx_adc.o

.debug_str      0x00000000     0x2dc8
 *(.debug_str)
 .debug_str     0x00000000      0xdfc D:\FbEdit\Projects\Applications\fbe\STM32F4Discovery\STM32F4_LCMeter\main.o
                                0xe4d (size before relaxing)
 .debug_str     0x00000dfc       0xe4 D:\FbEdit\Projects\Applications\fbe\STM32F4Discovery\STM32F4_LCMeter\stm32f4xx_it.o
                                0x189 (size before relaxing)
 .debug_str     0x00000ee0      0x6a0 D:\FbEdit\Projects\Applications\fbe\STM32F4Discovery\STM32F4_LCMeter\stm32f4xx_rcc.o
                                0x7fe (size before relaxing)
 .debug_str     0x00001580      0x1af D:\FbEdit\Projects\Applications\fbe\STM32F4Discovery\STM32F4_LCMeter\stm32f4xx_gpio.o
                                0x451 (size before relaxing)
 .debug_str     0x0000172f      0xa0a D:\FbEdit\Projects\Applications\fbe\STM32F4Discovery\STM32F4_LCMeter\stm32f4xx_tim.o
                                0xd7e (size before relaxing)
 .debug_str     0x00002139      0x1ba D:\FbEdit\Projects\Applications\fbe\STM32F4Discovery\STM32F4_LCMeter\misc.o
                                0x387 (size before relaxing)
 .debug_str     0x000022f3       0xd6 D:\FbEdit\Projects\Applications\fbe\STM32F4Discovery\STM32F4_LCMeter\system_stm32f4xx.o
                                0x319 (size before relaxing)
 .debug_str     0x000023c9      0x28f D:\FbEdit\Projects\Applications\fbe\STM32F4Discovery\STM32F4_LCMeter\stm32f4_discovery.o
                                0xa9f (size before relaxing)
 .debug_str     0x00002658      0x283 D:\FbEdit\Projects\Applications\fbe\STM32F4Discovery\STM32F4_LCMeter\stm32f4xx_dma.o
                                0x4fd (size before relaxing)
 .debug_str     0x000028db      0x4ed D:\FbEdit\Projects\Applications\fbe\STM32F4Discovery\STM32F4_LCMeter\stm32f4xx_adc.o
                                0x7b5 (size before relaxing)

.debug_loc      0x00000000     0x2f42
 *(.debug_loc)
 .debug_loc     0x00000000      0x189 D:\FbEdit\Projects\Applications\fbe\STM32F4Discovery\STM32F4_LCMeter\main.o
 .debug_loc     0x00000189      0x6ed D:\FbEdit\Projects\Applications\fbe\STM32F4Discovery\STM32F4_LCMeter\stm32f4xx_rcc.o
 .debug_loc     0x00000876      0x26d D:\FbEdit\Projects\Applications\fbe\STM32F4Discovery\STM32F4_LCMeter\stm32f4xx_gpio.o
 .debug_loc     0x00000ae3     0x14bc D:\FbEdit\Projects\Applications\fbe\STM32F4Discovery\STM32F4_LCMeter\stm32f4xx_tim.o
 .debug_loc     0x00001f9f      0x11d D:\FbEdit\Projects\Applications\fbe\STM32F4Discovery\STM32F4_LCMeter\misc.o
 .debug_loc     0x000020bc      0x133 D:\FbEdit\Projects\Applications\fbe\STM32F4Discovery\STM32F4_LCMeter\system_stm32f4xx.o
 .debug_loc     0x000021ef       0xc4 D:\FbEdit\Projects\Applications\fbe\STM32F4Discovery\STM32F4_LCMeter\stm32f4_discovery.o
 .debug_loc     0x000022b3      0x343 D:\FbEdit\Projects\Applications\fbe\STM32F4Discovery\STM32F4_LCMeter\stm32f4xx_dma.o
 .debug_loc     0x000025f6      0x94c D:\FbEdit\Projects\Applications\fbe\STM32F4Discovery\STM32F4_LCMeter\stm32f4xx_adc.o

.debug_macinfo
 *(.debug_macinfo)

.debug_weaknames
 *(.debug_weaknames)

.debug_funcnames
 *(.debug_funcnames)

.debug_typenames
 *(.debug_typenames)

.debug_varnames
 *(.debug_varnames)
START GROUP
LOAD d:/ride/ride/arm-gcc/bin/../lib/gcc/arm-none-eabi/4.5.1/thumb2\libgcc.a
LOAD d:/ride/ride/arm-gcc/bin/../lib/gcc/arm-none-eabi/4.5.1/../../../../arm-none-eabi/lib/thumb2\libc.a
END GROUP
OUTPUT(D:\FbEdit\Projects\Applications\fbe\STM32F4Discovery\STM32F4_LCMeter\LCMeter.elf elf32-littlearm)

.debug_pubtypes
                0x00000000      0x86b
 .debug_pubtypes
                0x00000000      0x208 D:\FbEdit\Projects\Applications\fbe\STM32F4Discovery\STM32F4_LCMeter\main.o
 .debug_pubtypes
                0x00000208       0x1e D:\FbEdit\Projects\Applications\fbe\STM32F4Discovery\STM32F4_LCMeter\stm32f4xx_it.o
 .debug_pubtypes
                0x00000226       0xaa D:\FbEdit\Projects\Applications\fbe\STM32F4Discovery\STM32F4_LCMeter\stm32f4xx_rcc.o
 .debug_pubtypes
                0x000002d0       0xce D:\FbEdit\Projects\Applications\fbe\STM32F4Discovery\STM32F4_LCMeter\stm32f4xx_gpio.o
 .debug_pubtypes
                0x0000039e       0xe4 D:\FbEdit\Projects\Applications\fbe\STM32F4Discovery\STM32F4_LCMeter\stm32f4xx_tim.o
 .debug_pubtypes
                0x00000482       0x8c D:\FbEdit\Projects\Applications\fbe\STM32F4Discovery\STM32F4_LCMeter\misc.o
 .debug_pubtypes
                0x0000050e       0x83 D:\FbEdit\Projects\Applications\fbe\STM32F4Discovery\STM32F4_LCMeter\system_stm32f4xx.o
 .debug_pubtypes
                0x00000591      0x16e D:\FbEdit\Projects\Applications\fbe\STM32F4Discovery\STM32F4_LCMeter\stm32f4_discovery.o
 .debug_pubtypes
                0x000006ff       0xa3 D:\FbEdit\Projects\Applications\fbe\STM32F4Discovery\STM32F4_LCMeter\stm32f4xx_dma.o
 .debug_pubtypes
                0x000007a2       0xc9 D:\FbEdit\Projects\Applications\fbe\STM32F4Discovery\STM32F4_LCMeter\stm32f4xx_adc.o

.debug_ranges   0x00000000      0x7b8
 .debug_ranges  0x00000000       0x58 D:\FbEdit\Projects\Applications\fbe\STM32F4Discovery\STM32F4_LCMeter\main.o
 .debug_ranges  0x00000058       0x50 D:\FbEdit\Projects\Applications\fbe\STM32F4Discovery\STM32F4_LCMeter\stm32f4xx_it.o
 .debug_ranges  0x000000a8      0x168 D:\FbEdit\Projects\Applications\fbe\STM32F4Discovery\STM32F4_LCMeter\stm32f4xx_rcc.o
 .debug_ranges  0x00000210       0x78 D:\FbEdit\Projects\Applications\fbe\STM32F4Discovery\STM32F4_LCMeter\stm32f4xx_gpio.o
 .debug_ranges  0x00000288      0x2d8 D:\FbEdit\Projects\Applications\fbe\STM32F4Discovery\STM32F4_LCMeter\stm32f4xx_tim.o
 .debug_ranges  0x00000560       0x30 D:\FbEdit\Projects\Applications\fbe\STM32F4Discovery\STM32F4_LCMeter\misc.o
 .debug_ranges  0x00000590       0x18 D:\FbEdit\Projects\Applications\fbe\STM32F4Discovery\STM32F4_LCMeter\system_stm32f4xx.o
 .debug_ranges  0x000005a8       0x38 D:\FbEdit\Projects\Applications\fbe\STM32F4Discovery\STM32F4_LCMeter\stm32f4_discovery.o
 .debug_ranges  0x000005e0       0xa0 D:\FbEdit\Projects\Applications\fbe\STM32F4Discovery\STM32F4_LCMeter\stm32f4xx_dma.o
 .debug_ranges  0x00000680      0x138 D:\FbEdit\Projects\Applications\fbe\STM32F4Discovery\STM32F4_LCMeter\stm32f4xx_adc.o
