
D:\FbEdit\Projects\Applications\fbe\STM32F4Discovery\STM32F4_LCMeter\misc.o:     file format elf32-littlearm
D:\FbEdit\Projects\Applications\fbe\STM32F4Discovery\STM32F4_LCMeter\misc.o


Disassembly of section .text.NVIC_PriorityGroupConfig:

00000000 <NVIC_PriorityGroupConfig>:
NVIC_PriorityGroupConfig():
D:\FbEdit\Projects\Applications\fbe\STM32F4Discovery\STM32F4_LCMeter/misc.c:118
{
  /* Check the parameters */
  assert_param(IS_NVIC_PRIORITY_GROUP(NVIC_PriorityGroup));
  
  /* Set the PRIGROUP[10:8] bits according to NVIC_PriorityGroup value */
  SCB->AIRCR = AIRCR_VECTKEY_MASK | NVIC_PriorityGroup;
   0:	f040 60be 	orr.w	r0, r0, #99614720	; 0x5f00000
   4:	f440 2020 	orr.w	r0, r0, #655360	; 0xa0000
   8:	f44f 436d 	mov.w	r3, #60672	; 0xed00
   c:	f2ce 0300 	movt	r3, #57344	; 0xe000
  10:	60d8      	str	r0, [r3, #12]
D:\FbEdit\Projects\Applications\fbe\STM32F4Discovery\STM32F4_LCMeter/misc.c:119
}
  12:	4770      	bx	lr

Disassembly of section .text.NVIC_Init:

00000000 <NVIC_Init>:
NVIC_Init():
D:\FbEdit\Projects\Applications\fbe\STM32F4Discovery\STM32F4_LCMeter/misc.c:131
  * @param  NVIC_InitStruct: pointer to a NVIC_InitTypeDef structure that contains
  *         the configuration information for the specified NVIC peripheral.
  * @retval None
  */
void NVIC_Init(NVIC_InitTypeDef* NVIC_InitStruct)
{
   0:	b410      	push	{r4}
D:\FbEdit\Projects\Applications\fbe\STM32F4Discovery\STM32F4_LCMeter/misc.c:139
  /* Check the parameters */
  assert_param(IS_FUNCTIONAL_STATE(NVIC_InitStruct->NVIC_IRQChannelCmd));
  assert_param(IS_NVIC_PREEMPTION_PRIORITY(NVIC_InitStruct->NVIC_IRQChannelPreemptionPriority));  
  assert_param(IS_NVIC_SUB_PRIORITY(NVIC_InitStruct->NVIC_IRQChannelSubPriority));
    
  if (NVIC_InitStruct->NVIC_IRQChannelCmd != DISABLE)
   2:	78c3      	ldrb	r3, [r0, #3]
   4:	b36b      	cbz	r3, 62 <NVIC_Init+0x62>
D:\FbEdit\Projects\Applications\fbe\STM32F4Discovery\STM32F4_LCMeter/misc.c:142
  {
    /* Compute the Corresponding IRQ Priority --------------------------------*/    
    tmppriority = (0x700 - ((SCB->AIRCR) & (uint32_t)0x700))>> 0x08;
   6:	f44f 436d 	mov.w	r3, #60672	; 0xed00
   a:	f2ce 0300 	movt	r3, #57344	; 0xe000
   e:	68db      	ldr	r3, [r3, #12]
  10:	ea6f 0303 	mvn.w	r3, r3
  14:	f3c3 2302 	ubfx	r3, r3, #8, #3
D:\FbEdit\Projects\Applications\fbe\STM32F4Discovery\STM32F4_LCMeter/misc.c:146
    tmppre = (0x4 - tmppriority);
    tmpsub = tmpsub >> tmppriority;

    tmppriority = NVIC_InitStruct->NVIC_IRQChannelPreemptionPriority << tmppre;
  18:	7841      	ldrb	r1, [r0, #1]
D:\FbEdit\Projects\Applications\fbe\STM32F4Discovery\STM32F4_LCMeter/misc.c:143
    
  if (NVIC_InitStruct->NVIC_IRQChannelCmd != DISABLE)
  {
    /* Compute the Corresponding IRQ Priority --------------------------------*/    
    tmppriority = (0x700 - ((SCB->AIRCR) & (uint32_t)0x700))>> 0x08;
    tmppre = (0x4 - tmppriority);
  1a:	f1c3 0204 	rsb	r2, r3, #4
D:\FbEdit\Projects\Applications\fbe\STM32F4Discovery\STM32F4_LCMeter/misc.c:146
    tmpsub = tmpsub >> tmppriority;

    tmppriority = NVIC_InitStruct->NVIC_IRQChannelPreemptionPriority << tmppre;
  1e:	b2d2      	uxtb	r2, r2
  20:	fa01 f202 	lsl.w	r2, r1, r2
  24:	b2d2      	uxtb	r2, r2
D:\FbEdit\Projects\Applications\fbe\STM32F4Discovery\STM32F4_LCMeter/misc.c:144
  if (NVIC_InitStruct->NVIC_IRQChannelCmd != DISABLE)
  {
    /* Compute the Corresponding IRQ Priority --------------------------------*/    
    tmppriority = (0x700 - ((SCB->AIRCR) & (uint32_t)0x700))>> 0x08;
    tmppre = (0x4 - tmppriority);
    tmpsub = tmpsub >> tmppriority;
  26:	f04f 010f 	mov.w	r1, #15
  2a:	fa41 f103 	asr.w	r1, r1, r3
D:\FbEdit\Projects\Applications\fbe\STM32F4Discovery\STM32F4_LCMeter/misc.c:147

    tmppriority = NVIC_InitStruct->NVIC_IRQChannelPreemptionPriority << tmppre;
    tmppriority |=  (uint8_t)(NVIC_InitStruct->NVIC_IRQChannelSubPriority & tmpsub);
  2e:	7884      	ldrb	r4, [r0, #2]
  30:	4021      	ands	r1, r4
  32:	4311      	orrs	r1, r2
D:\FbEdit\Projects\Applications\fbe\STM32F4Discovery\STM32F4_LCMeter/misc.c:149
        
    tmppriority = tmppriority << 0x04;
  34:	ea4f 1101 	mov.w	r1, r1, lsl #4
  38:	b2c9      	uxtb	r1, r1
D:\FbEdit\Projects\Applications\fbe\STM32F4Discovery\STM32F4_LCMeter/misc.c:151
        
    NVIC->IP[NVIC_InitStruct->NVIC_IRQChannel] = tmppriority;
  3a:	7802      	ldrb	r2, [r0, #0]
  3c:	f44f 4361 	mov.w	r3, #57600	; 0xe100
  40:	f2ce 0300 	movt	r3, #57344	; 0xe000
  44:	189a      	adds	r2, r3, r2
  46:	f882 1300 	strb.w	r1, [r2, #768]	; 0x300
D:\FbEdit\Projects\Applications\fbe\STM32F4Discovery\STM32F4_LCMeter/misc.c:154
    
    /* Enable the Selected IRQ Channels --------------------------------------*/
    NVIC->ISER[NVIC_InitStruct->NVIC_IRQChannel >> 0x05] =
  4a:	7802      	ldrb	r2, [r0, #0]
  4c:	ea4f 1152 	mov.w	r1, r2, lsr #5
D:\FbEdit\Projects\Applications\fbe\STM32F4Discovery\STM32F4_LCMeter/misc.c:155
      (uint32_t)0x01 << (NVIC_InitStruct->NVIC_IRQChannel & (uint8_t)0x1F);
  50:	f002 021f 	and.w	r2, r2, #31
  54:	f04f 0001 	mov.w	r0, #1
  58:	fa00 f202 	lsl.w	r2, r0, r2
D:\FbEdit\Projects\Applications\fbe\STM32F4Discovery\STM32F4_LCMeter/misc.c:154
    tmppriority = tmppriority << 0x04;
        
    NVIC->IP[NVIC_InitStruct->NVIC_IRQChannel] = tmppriority;
    
    /* Enable the Selected IRQ Channels --------------------------------------*/
    NVIC->ISER[NVIC_InitStruct->NVIC_IRQChannel >> 0x05] =
  5c:	f843 2021 	str.w	r2, [r3, r1, lsl #2]
  60:	e010      	b.n	84 <NVIC_Init+0x84>
D:\FbEdit\Projects\Applications\fbe\STM32F4Discovery\STM32F4_LCMeter/misc.c:160
      (uint32_t)0x01 << (NVIC_InitStruct->NVIC_IRQChannel & (uint8_t)0x1F);
  }
  else
  {
    /* Disable the Selected IRQ Channels -------------------------------------*/
    NVIC->ICER[NVIC_InitStruct->NVIC_IRQChannel >> 0x05] =
  62:	7803      	ldrb	r3, [r0, #0]
  64:	ea4f 1253 	mov.w	r2, r3, lsr #5
D:\FbEdit\Projects\Applications\fbe\STM32F4Discovery\STM32F4_LCMeter/misc.c:161
      (uint32_t)0x01 << (NVIC_InitStruct->NVIC_IRQChannel & (uint8_t)0x1F);
  68:	f003 031f 	and.w	r3, r3, #31
  6c:	f04f 0101 	mov.w	r1, #1
  70:	fa01 f103 	lsl.w	r1, r1, r3
D:\FbEdit\Projects\Applications\fbe\STM32F4Discovery\STM32F4_LCMeter/misc.c:160
      (uint32_t)0x01 << (NVIC_InitStruct->NVIC_IRQChannel & (uint8_t)0x1F);
  }
  else
  {
    /* Disable the Selected IRQ Channels -------------------------------------*/
    NVIC->ICER[NVIC_InitStruct->NVIC_IRQChannel >> 0x05] =
  74:	f44f 4361 	mov.w	r3, #57600	; 0xe100
  78:	f2ce 0300 	movt	r3, #57344	; 0xe000
  7c:	f102 0220 	add.w	r2, r2, #32
  80:	f843 1022 	str.w	r1, [r3, r2, lsl #2]
D:\FbEdit\Projects\Applications\fbe\STM32F4Discovery\STM32F4_LCMeter/misc.c:163
      (uint32_t)0x01 << (NVIC_InitStruct->NVIC_IRQChannel & (uint8_t)0x1F);
  }
}
  84:	bc10      	pop	{r4}
  86:	4770      	bx	lr

Disassembly of section .text.NVIC_SetVectorTable:

00000000 <NVIC_SetVectorTable>:
NVIC_SetVectorTable():
D:\FbEdit\Projects\Applications\fbe\STM32F4Discovery\STM32F4_LCMeter/misc.c:180
{ 
  /* Check the parameters */
  assert_param(IS_NVIC_VECTTAB(NVIC_VectTab));
  assert_param(IS_NVIC_OFFSET(Offset));  
   
  SCB->VTOR = NVIC_VectTab | (Offset & (uint32_t)0x1FFFFF80);
   0:	f021 4160 	bic.w	r1, r1, #3758096384	; 0xe0000000
   4:	f021 017f 	bic.w	r1, r1, #127	; 0x7f
   8:	4301      	orrs	r1, r0
   a:	f44f 436d 	mov.w	r3, #60672	; 0xed00
   e:	f2ce 0300 	movt	r3, #57344	; 0xe000
  12:	6099      	str	r1, [r3, #8]
D:\FbEdit\Projects\Applications\fbe\STM32F4Discovery\STM32F4_LCMeter/misc.c:181
}
  14:	4770      	bx	lr
  16:	bf00      	nop

Disassembly of section .text.NVIC_SystemLPConfig:

00000000 <NVIC_SystemLPConfig>:
NVIC_SystemLPConfig():
D:\FbEdit\Projects\Applications\fbe\STM32F4Discovery\STM32F4_LCMeter/misc.c:199
{
  /* Check the parameters */
  assert_param(IS_NVIC_LP(LowPowerMode));
  assert_param(IS_FUNCTIONAL_STATE(NewState));  
  
  if (NewState != DISABLE)
   0:	b139      	cbz	r1, 12 <NVIC_SystemLPConfig+0x12>
D:\FbEdit\Projects\Applications\fbe\STM32F4Discovery\STM32F4_LCMeter/misc.c:201
  {
    SCB->SCR |= LowPowerMode;
   2:	f44f 436d 	mov.w	r3, #60672	; 0xed00
   6:	f2ce 0300 	movt	r3, #57344	; 0xe000
   a:	691a      	ldr	r2, [r3, #16]
   c:	4310      	orrs	r0, r2
   e:	6118      	str	r0, [r3, #16]
  10:	4770      	bx	lr
D:\FbEdit\Projects\Applications\fbe\STM32F4Discovery\STM32F4_LCMeter/misc.c:205
  }
  else
  {
    SCB->SCR &= (uint32_t)(~(uint32_t)LowPowerMode);
  12:	f44f 436d 	mov.w	r3, #60672	; 0xed00
  16:	f2ce 0300 	movt	r3, #57344	; 0xe000
  1a:	691a      	ldr	r2, [r3, #16]
  1c:	ea22 0000 	bic.w	r0, r2, r0
  20:	6118      	str	r0, [r3, #16]
  22:	4770      	bx	lr

Disassembly of section .text.SysTick_CLKSourceConfig:

00000000 <SysTick_CLKSourceConfig>:
SysTick_CLKSourceConfig():
D:\FbEdit\Projects\Applications\fbe\STM32F4Discovery\STM32F4_LCMeter/misc.c:221
  */
void SysTick_CLKSourceConfig(uint32_t SysTick_CLKSource)
{
  /* Check the parameters */
  assert_param(IS_SYSTICK_CLK_SOURCE(SysTick_CLKSource));
  if (SysTick_CLKSource == SysTick_CLKSource_HCLK)
   0:	2804      	cmp	r0, #4
D:\FbEdit\Projects\Applications\fbe\STM32F4Discovery\STM32F4_LCMeter/misc.c:223
  {
    SysTick->CTRL |= SysTick_CLKSource_HCLK;
   2:	f24e 0310 	movw	r3, #57360	; 0xe010
   6:	f2ce 0300 	movt	r3, #57344	; 0xe000
   a:	681a      	ldr	r2, [r3, #0]
   c:	bf0c      	ite	eq
   e:	f042 0204 	orreq.w	r2, r2, #4
D:\FbEdit\Projects\Applications\fbe\STM32F4Discovery\STM32F4_LCMeter/misc.c:227
  }
  else
  {
    SysTick->CTRL &= SysTick_CLKSource_HCLK_Div8;
  12:	f022 0204 	bicne.w	r2, r2, #4
  16:	601a      	str	r2, [r3, #0]
  18:	4770      	bx	lr
  1a:	bf00      	nop
