Archive member included because of file (symbol)

C:\Program Files (x86)\Raisonance\Ride\Lib\ARM\STM32x_io_putchar_thumb.a(STM32F10X_io_putchar.o)
                              (__io_putchar)
C:\Program Files (x86)\Raisonance\Ride\Lib\ARM\std_sbrk_thumb.lib(write.o)
                              (_write)
c:/program files (x86)/raisonance/ride/arm-gcc/bin/../lib/gcc/arm-none-eabi/4.5.1/thumb2\libgcc.a(_arm_addsubdf3.o)
                              C:\FbEdit\Projects\Applications\fbe\STM32F4Discovery\STM32F4_LCMeter\STM32_LCMeter\main.o (__aeabi_f2d)
c:/program files (x86)/raisonance/ride/arm-gcc/bin/../lib/gcc/arm-none-eabi/4.5.1/thumb2\libgcc.a(_arm_muldivdf3.o)
                              C:\FbEdit\Projects\Applications\fbe\STM32F4Discovery\STM32F4_LCMeter\STM32_LCMeter\main.o (__aeabi_dmul)
c:/program files (x86)/raisonance/ride/arm-gcc/bin/../lib/gcc/arm-none-eabi/4.5.1/thumb2\libgcc.a(_arm_truncdfsf2.o)
                              C:\FbEdit\Projects\Applications\fbe\STM32F4Discovery\STM32F4_LCMeter\STM32_LCMeter\main.o (__aeabi_d2f)

Allocating common symbols
Common symbol       size              file

STM32_CMD           0xc4              C:\FbEdit\Projects\Applications\fbe\STM32F4Discovery\STM32F4_LCMeter\STM32_LCMeter\main.o
NVIC_InitStructure  0x4               C:\FbEdit\Projects\Applications\fbe\STM32F4Discovery\STM32F4_LCMeter\STM32_LCMeter\stm32f4_discovery.o

Discarded input sections

 .text          0x00000000       0x14 .\startup_stm32f4xx.o
 .data          0x00000000        0x0 .\startup_stm32f4xx.o
 .bss           0x00000000        0x0 .\startup_stm32f4xx.o
 .text          0x00000000        0x0 C:\FbEdit\Projects\Applications\fbe\STM32F4Discovery\STM32F4_LCMeter\STM32_LCMeter\main.o
 .data          0x00000000        0x0 C:\FbEdit\Projects\Applications\fbe\STM32F4Discovery\STM32F4_LCMeter\STM32_LCMeter\main.o
 .bss           0x00000000        0x0 C:\FbEdit\Projects\Applications\fbe\STM32F4Discovery\STM32F4_LCMeter\STM32_LCMeter\main.o
 .text.USART3_puts
                0x00000000       0x24 C:\FbEdit\Projects\Applications\fbe\STM32F4Discovery\STM32F4_LCMeter\STM32_LCMeter\main.o
 .text          0x00000000        0x0 C:\FbEdit\Projects\Applications\fbe\STM32F4Discovery\STM32F4_LCMeter\STM32_LCMeter\stm32f4xx_it.o
 .data          0x00000000        0x0 C:\FbEdit\Projects\Applications\fbe\STM32F4Discovery\STM32F4_LCMeter\STM32_LCMeter\stm32f4xx_it.o
 .bss           0x00000000        0x0 C:\FbEdit\Projects\Applications\fbe\STM32F4Discovery\STM32F4_LCMeter\STM32_LCMeter\stm32f4xx_it.o
 .text          0x00000000        0x0 C:\FbEdit\Projects\Applications\fbe\STM32F4Discovery\STM32F4_LCMeter\STM32_LCMeter\stm32f4xx_rcc.o
 .bss           0x00000000        0x0 C:\FbEdit\Projects\Applications\fbe\STM32F4Discovery\STM32F4_LCMeter\STM32_LCMeter\stm32f4xx_rcc.o
 .text.RCC_DeInit
                0x00000000       0x38 C:\FbEdit\Projects\Applications\fbe\STM32F4Discovery\STM32F4_LCMeter\STM32_LCMeter\stm32f4xx_rcc.o
 .text.RCC_HSEConfig
                0x00000000       0x14 C:\FbEdit\Projects\Applications\fbe\STM32F4Discovery\STM32F4_LCMeter\STM32_LCMeter\stm32f4xx_rcc.o
 .text.RCC_AdjustHSICalibrationValue
                0x00000000       0x18 C:\FbEdit\Projects\Applications\fbe\STM32F4Discovery\STM32F4_LCMeter\STM32_LCMeter\stm32f4xx_rcc.o
 .text.RCC_HSICmd
                0x00000000        0xc C:\FbEdit\Projects\Applications\fbe\STM32F4Discovery\STM32F4_LCMeter\STM32_LCMeter\stm32f4xx_rcc.o
 .text.RCC_LSEConfig
                0x00000000       0x3c C:\FbEdit\Projects\Applications\fbe\STM32F4Discovery\STM32F4_LCMeter\STM32_LCMeter\stm32f4xx_rcc.o
 .text.RCC_LSICmd
                0x00000000        0xc C:\FbEdit\Projects\Applications\fbe\STM32F4Discovery\STM32F4_LCMeter\STM32_LCMeter\stm32f4xx_rcc.o
 .text.RCC_PLLConfig
                0x00000000       0x24 C:\FbEdit\Projects\Applications\fbe\STM32F4Discovery\STM32F4_LCMeter\STM32_LCMeter\stm32f4xx_rcc.o
 .text.RCC_PLLCmd
                0x00000000        0xc C:\FbEdit\Projects\Applications\fbe\STM32F4Discovery\STM32F4_LCMeter\STM32_LCMeter\stm32f4xx_rcc.o
 .text.RCC_PLLI2SConfig
                0x00000000       0x18 C:\FbEdit\Projects\Applications\fbe\STM32F4Discovery\STM32F4_LCMeter\STM32_LCMeter\stm32f4xx_rcc.o
 .text.RCC_PLLI2SCmd
                0x00000000        0xc C:\FbEdit\Projects\Applications\fbe\STM32F4Discovery\STM32F4_LCMeter\STM32_LCMeter\stm32f4xx_rcc.o
 .text.RCC_ClockSecuritySystemCmd
                0x00000000        0xc C:\FbEdit\Projects\Applications\fbe\STM32F4Discovery\STM32F4_LCMeter\STM32_LCMeter\stm32f4xx_rcc.o
 .text.RCC_MCO1Config
                0x00000000       0x18 C:\FbEdit\Projects\Applications\fbe\STM32F4Discovery\STM32F4_LCMeter\STM32_LCMeter\stm32f4xx_rcc.o
 .text.RCC_MCO2Config
                0x00000000       0x18 C:\FbEdit\Projects\Applications\fbe\STM32F4Discovery\STM32F4_LCMeter\STM32_LCMeter\stm32f4xx_rcc.o
 .text.RCC_SYSCLKConfig
[...]
Memory Configuration

Name             Origin             Length             Attributes
RAM              0x20000000         0x00002000         xrw
FLASH            0x08000000         0x00010000         xr
STARTFLASH       0x00000000         0x00000000         xr
CRPPATCH         0x00000000         0x00000000         r
FLASHPATCH       0x00000000         0x00000000         r
ENDFLASH         0x00000000         0x00000000         xr
FLASHB1          0x00000000         0x00000000         xr
EXTMEMB0         0x00000000         0x00000000         xr
EXTMEMB1         0x00000000         0x00000000         xr
EXTMEMB2         0x00000000         0x00000000         xr
EXTMEMB3         0x00000000         0x00000000         xr
*default*        0x00000000         0xffffffff

Linker script and memory map

LOAD .\startup_stm32f4xx.o
LOAD C:\FbEdit\Projects\Applications\fbe\STM32F4Discovery\STM32F4_LCMeter\STM32_LCMeter\main.o
LOAD C:\FbEdit\Projects\Applications\fbe\STM32F4Discovery\STM32F4_LCMeter\STM32_LCMeter\stm32f4xx_it.o
LOAD C:\FbEdit\Projects\Applications\fbe\STM32F4Discovery\STM32F4_LCMeter\STM32_LCMeter\stm32f4xx_rcc.o
LOAD C:\FbEdit\Projects\Applications\fbe\STM32F4Discovery\STM32F4_LCMeter\STM32_LCMeter\stm32f4xx_gpio.o
LOAD C:\FbEdit\Projects\Applications\fbe\STM32F4Discovery\STM32F4_LCMeter\STM32_LCMeter\stm32f4xx_tim.o
LOAD C:\FbEdit\Projects\Applications\fbe\STM32F4Discovery\STM32F4_LCMeter\STM32_LCMeter\misc.o
LOAD C:\FbEdit\Projects\Applications\fbe\STM32F4Discovery\STM32F4_LCMeter\STM32_LCMeter\system_stm32f4xx.o
LOAD C:\FbEdit\Projects\Applications\fbe\STM32F4Discovery\STM32F4_LCMeter\STM32_LCMeter\stm32f4_discovery.o
LOAD C:\FbEdit\Projects\Applications\fbe\STM32F4Discovery\STM32F4_LCMeter\STM32_LCMeter\stm32f4xx_dac.o
LOAD C:\FbEdit\Projects\Applications\fbe\STM32F4Discovery\STM32F4_LCMeter\STM32_LCMeter\stm32f4xx_spi.o
LOAD C:\FbEdit\Projects\Applications\fbe\STM32F4Discovery\STM32F4_LCMeter\STM32_LCMeter\stm32f4xx_usart.o
LOAD C:\FbEdit\Projects\Applications\fbe\STM32F4Discovery\STM32F4_LCMeter\STM32_LCMeter\stm32f4xx_adc.o
LOAD C:\FbEdit\Projects\Applications\fbe\STM32F4Discovery\STM32F4_LCMeter\STM32_LCMeter\stm32f4xx_dma.o
START GROUP
LOAD C:\Program Files (x86)\Raisonance\Ride\Lib\ARM\STM32x_io_putchar_thumb.a
LOAD C:\Program Files (x86)\Raisonance\Ride\Lib\ARM\std_sbrk_thumb.lib
LOAD C:\Program Files (x86)\Raisonance\Ride\Lib\ARM\smallprintf_thumb.a
LOAD c:/program files (x86)/raisonance/ride/arm-gcc/bin/../lib/gcc/arm-none-eabi/4.5.1/../../../../arm-none-eabi/lib/thumb2\libc.a
LOAD c:/program files (x86)/raisonance/ride/arm-gcc/bin/../lib/gcc/arm-none-eabi/4.5.1/../../../../arm-none-eabi/lib/thumb2\libm.a
END GROUP
                0x00000400                __Stack_Size = 0x400
                0x00000400                PROVIDE (_Stack_Size, __Stack_Size)
                0x20001c00                __Stack_Init = (_estack - __Stack_Size)
                0x20001c00                PROVIDE (_Stack_Init, __Stack_Init)
                0x00000100                _Minimum_Stack_Size = 0x100
                0x00000000                PROVIDE (Undefined_Handler, 0x0)
                0x00000000                PROVIDE (SWI_Handler, 0x0)
                0x00000000                PROVIDE (IRQ_Handler, 0x0)
                0x00000000                PROVIDE (Prefetch_Handler, 0x0)
                0x00000000                PROVIDE (Abort_Handler, 0x0)
                0x00000000                PROVIDE (FIQ_Handler, 0x0)
                0x00000000                PROVIDE (NMIException, 0x0)
                0x00000000                PROVIDE (NMI_Handler, 0x0)
                0x00000000                PROVIDE (HardFaultException, 0x0)
                0x00000000                PROVIDE (HardFault_Handler, 0x0)
                0x00000000                PROVIDE (MemManageException, 0x0)
                0x00000000                PROVIDE (MemManage_Handler, 0x0)
                0x00000000                PROVIDE (BusFaultException, 0x0)
                0x00000000                PROVIDE (BusFault_Handler, 0x0)
                0x00000000                PROVIDE (UsageFaultException, 0x0)
                0x00000000                PROVIDE (UsageFault_Handler, 0x0)
                0x00000000                PROVIDE (SVCHandler, 0x0)
                0x00000000                PROVIDE (SVC_Handler, 0x0)
                0x00000000                PROVIDE (DebugMonitor, 0x0)
                0x00000000                PROVIDE (DebugMon_Handler, 0x0)
                0x00000000                PROVIDE (PendSVC, 0x0)
                0x00000000                PROVIDE (PendSV_Handler, 0x0)
                0x00000000                PROVIDE (SysTickHandler, 0x0)
                0x00000000                PROVIDE (SysTick_Handler, 0x0)
                0x00000000                PROVIDE (WWDG_IRQHandler, 0x0)
                0x00000000                PROVIDE (PVD_IRQHandler, 0x0)
                0x00000000                PROVIDE (TAMPER_IRQHandler, 0x0)
                0x00000000                PROVIDE (RTC_IRQHandler, 0x0)
                0x00000000                PROVIDE (FLASH_IRQHandler, 0x0)
                0x00000000                PROVIDE (RCC_IRQHandler, 0x0)
                0x00000000                PROVIDE (EXTI0_IRQHandler, 0x0)
                0x00000000                PROVIDE (EXTI1_IRQHandler, 0x0)
                0x00000000                PROVIDE (EXTI2_IRQHandler, 0x0)
                0x00000000                PROVIDE (EXTI3_IRQHandler, 0x0)
                0x00000000                PROVIDE (EXTI4_IRQHandler, 0x0)
                0x00000000                PROVIDE (DMAChannel1_IRQHandler, 0x0)
                0x00000000                PROVIDE (DMAChannel2_IRQHandler, 0x0)
                0x00000000                PROVIDE (DMAChannel3_IRQHandler, 0x0)
                0x00000000                PROVIDE (DMAChannel4_IRQHandler, 0x0)
                0x00000000                PROVIDE (DMAChannel5_IRQHandler, 0x0)
                0x00000000                PROVIDE (DMAChannel6_IRQHandler, 0x0)
                0x00000000                PROVIDE (DMAChannel7_IRQHandler, 0x0)
                0x00000000                PROVIDE (DMA1_Channel1_IRQHandler, 0x0)
                0x00000000                PROVIDE (DMA1_Channel2_IRQHandler, 0x0)
                0x00000000                PROVIDE (DMA1_Channel3_IRQHandler, 0x0)
                0x00000000                PROVIDE (DMA1_Channel4_IRQHandler, 0x0)
                0x00000000                PROVIDE (DMA1_Channel5_IRQHandler, 0x0)
                0x00000000                PROVIDE (DMA1_Channel6_IRQHandler, 0x0)
                0x00000000                PROVIDE (DMA1_Channel7_IRQHandler, 0x0)
                0x00000000                PROVIDE (ADC_IRQHandler, 0x0)
                0x00000000                PROVIDE (ADC1_2_IRQHandler, 0x0)
                0x00000000                PROVIDE (USB_HP_CAN_TX_IRQHandler, 0x0)
                0x00000000                PROVIDE (USB_HP_CAN1_TX_IRQHandler, 0x0)
                0x00000000                PROVIDE (USB_LP_CAN_RX0_IRQHandler, 0x0)
                0x00000000                PROVIDE (USB_LP_CAN1_RX0_IRQHandler, 0x0)
                0x00000000                PROVIDE (CAN_RX1_IRQHandler, 0x0)
                0x00000000                PROVIDE (CAN1_RX1_IRQHandler, 0x0)
                0x00000000                PROVIDE (CAN_SCE_IRQHandler, 0x0)
                0x00000000                PROVIDE (CAN1_SCE_IRQHandler, 0x0)
                0x00000000                PROVIDE (EXTI9_5_IRQHandler, 0x0)
                0x00000000                PROVIDE (TIM1_BRK_IRQHandler, 0x0)
                0x00000000                PROVIDE (TIM1_UP_IRQHandler, 0x0)
                0x00000000                PROVIDE (TIM1_TRG_COM_IRQHandler, 0x0)
                0x00000000                PROVIDE (TIM1_CC_IRQHandler, 0x0)
                0x00000000                PROVIDE (TIM2_IRQHandler, 0x0)
                0x00000000                PROVIDE (TIM3_IRQHandler, 0x0)
                0x00000000                PROVIDE (TIM4_IRQHandler, 0x0)
                0x00000000                PROVIDE (I2C1_EV_IRQHandler, 0x0)
                0x00000000                PROVIDE (I2C1_ER_IRQHandler, 0x0)
                0x00000000                PROVIDE (I2C2_EV_IRQHandler, 0x0)
                0x00000000                PROVIDE (I2C2_ER_IRQHandler, 0x0)
                0x00000000                PROVIDE (SPI1_IRQHandler, 0x0)
                0x00000000                PROVIDE (SPI2_IRQHandler, 0x0)
                0x00000000                PROVIDE (USART1_IRQHandler, 0x0)
                0x00000000                PROVIDE (USART2_IRQHandler, 0x0)
                0x00000000                PROVIDE (USART3_IRQHandler, 0x0)
                0x00000000                PROVIDE (EXTI15_10_IRQHandler, 0x0)
                0x00000000                PROVIDE (RTCAlarm_IRQHandler, 0x0)
                0x00000000                PROVIDE (USBWakeUp_IRQHandler, 0x0)
                0x00000000                PROVIDE (TIM8_BRK_IRQHandler, 0x0)
                0x00000000                PROVIDE (TIM8_UP_IRQHandler, 0x0)
                0x00000000                PROVIDE (TIM8_TRG_COM_IRQHandler, 0x0)
                0x00000000                PROVIDE (TIM8_CC_IRQHandler, 0x0)
                0x00000000                PROVIDE (ADC3_IRQHandler, 0x0)
                0x00000000                PROVIDE (FSMC_IRQHandler, 0x0)
                0x00000000                PROVIDE (SDIO_IRQHandler, 0x0)
                0x00000000                PROVIDE (TIM5_IRQHandler, 0x0)
                0x00000000                PROVIDE (SPI3_IRQHandler, 0x0)
                0x00000000                PROVIDE (UART4_IRQHandler, 0x0)
                0x00000000                PROVIDE (UART5_IRQHandler, 0x0)
                0x00000000                PROVIDE (TIM6_IRQHandler, 0x0)
                0x00000000                PROVIDE (TIM7_IRQHandler, 0x0)
                0x00000000                PROVIDE (DMA2_Channel1_IRQHandler, 0x0)
                0x00000000                PROVIDE (DMA2_Channel2_IRQHandler, 0x0)
                0x00000000                PROVIDE (DMA2_Channel3_IRQHandler, 0x0)
                0x00000000                PROVIDE (DMA2_Channel4_5_IRQHandler, 0x0)
                0x42000000                PERIPH_BB_BASE = 0x42000000
                0x22000000                SRAM_BB_BASE = 0x22000000
                0x20000000                SRAM_BASE = 0x20000000
                0x40000000                PERIPH_BASE = 0x40000000
                0x40022000                PROVIDE (FLASH_BASE, 0x40022000)
                0x1ffff800                PROVIDE (OB_BASE, 0x1ffff800)
                0x40000000                APB1PERIPH_BASE = PERIPH_BASE
                0x40010000                APB2PERIPH_BASE = (PERIPH_BASE + 0x10000)
                0x40020000                AHBPERIPH_BASE = (PERIPH_BASE + 0x20000)
                0x40000000                PROVIDE (TIM2, (APB1PERIPH_BASE + 0x0))
                0x40000400                PROVIDE (TIM3, (APB1PERIPH_BASE + 0x400))
                0x40000800                PROVIDE (TIM4, (APB1PERIPH_BASE + 0x800))
                0x40002800                PROVIDE (RTC, (APB1PERIPH_BASE + 0x2800))
                0x40002c00                PROVIDE (WWDG, (APB1PERIPH_BASE + 0x2c00))
                0x40003000                PROVIDE (IWDG, (APB1PERIPH_BASE + 0x3000))
                0x40003800                PROVIDE (SPI2, (APB1PERIPH_BASE + 0x3800))
                0x40004400                PROVIDE (USART2, (APB1PERIPH_BASE + 0x4400))
                0x40004800                PROVIDE (USART3, (APB1PERIPH_BASE + 0x4800))
                0x40005400                PROVIDE (I2C1, (APB1PERIPH_BASE + 0x5400))
                0x40005800                PROVIDE (I2C2, (APB1PERIPH_BASE + 0x5800))
                0x40006400                PROVIDE (CAN, (APB1PERIPH_BASE + 0x6400))
                0x40006c00                PROVIDE (BKP, (APB1PERIPH_BASE + 0x6c00))
                0x40007000                PROVIDE (PWR, (APB1PERIPH_BASE + 0x7000))
                0x40010000                PROVIDE (AFIO, (APB2PERIPH_BASE + 0x0))
                0x40010400                PROVIDE (EXTI, (APB2PERIPH_BASE + 0x400))
                0x40010800                PROVIDE (GPIOA, (APB2PERIPH_BASE + 0x800))
                0x40010c00                PROVIDE (GPIOB, (APB2PERIPH_BASE + 0xc00))
                0x40011000                PROVIDE (GPIOC, (APB2PERIPH_BASE + 0x1000))
                0x40011400                PROVIDE (GPIOD, (APB2PERIPH_BASE + 0x1400))
                0x40011800                PROVIDE (GPIOE, (APB2PERIPH_BASE + 0x1800))
                0x40012400                PROVIDE (ADC1, (APB2PERIPH_BASE + 0x2400))
                0x40012800                PROVIDE (ADC2, (APB2PERIPH_BASE + 0x2800))
                0x40012c00                PROVIDE (TIM1, (APB2PERIPH_BASE + 0x2c00))
                0x40013000                PROVIDE (SPI1, (APB2PERIPH_BASE + 0x3000))
                0x40013800                PROVIDE (USART1, (APB2PERIPH_BASE + 0x3800))
                0x40020000                PROVIDE (DMA, (AHBPERIPH_BASE + 0x0))
                0x40020008                PROVIDE (DMA_Channel1, (AHBPERIPH_BASE + 0x8))
                0x4002001c                PROVIDE (DMA_Channel2, (AHBPERIPH_BASE + 0x1c))
                0x40020030                PROVIDE (DMA_Channel3, (AHBPERIPH_BASE + 0x30))
                0x40020044                PROVIDE (DMA_Channel4, (AHBPERIPH_BASE + 0x44))
                0x40020058                PROVIDE (DMA_Channel5, (AHBPERIPH_BASE + 0x58))
                0x4002006c                PROVIDE (DMA_Channel6, (AHBPERIPH_BASE + 0x6c))
                0x40020080                PROVIDE (DMA_Channel7, (AHBPERIPH_BASE + 0x80))
                0x40021000                PROVIDE (RCC, (AHBPERIPH_BASE + 0x1000))
                0xe000e000                SCS_BASE = 0xe000e000
                0xe000e010                PROVIDE (SysTick, (SCS_BASE + 0x10))
                0xe000e100                PROVIDE (NVIC, (SCS_BASE + 0x100))
                0xe000ed00                PROVIDE (SCB, (SCS_BASE + 0xd00))
                0x20002000                _estack = 0x20002000

.isr_vector     0x08000000      0x188
                0x08000000                . = ALIGN (0x4)
 *(.isr_vector)
 .isr_vector    0x08000000      0x188 .\startup_stm32f4xx.o
                0x08000000                g_pfnVectors
                0x08000188                . = ALIGN (0x4)

.flash_start    0x00000000        0x0
                0x00000000                . = ALIGN (0x4)
 *(.flash_start)
 *(.flash_start.*)
                0x00000000                . = ALIGN (0x4)

.crp_patch      0x00000000        0x0
                0x00000000                . = ALIGN (0x4)
 *(.crp_patch)
                0x00000000                . = ALIGN (0x4)

.flashtext      0x08000188        0x0
                0x08000188                . = ALIGN (0x4)
 *(.flashtext)
                0x08000188                . = ALIGN (0x4)

.text           0x08000188     0x2578
                0x08000188                . = ALIGN (0x4)
 *(.text)
 .text          0x08000188      0x370 c:/program files (x86)/raisonance/ride/arm-gcc/bin/../lib/gcc/arm-none-eabi/4.5.1/thumb2\libgcc.a(_arm_addsubdf3.o)
                0x08000188                __aeabi_drsub
                0x08000190                __aeabi_dsub
                0x08000190                __subdf3
                0x08000194                __aeabi_dadd
                0x08000194                __adddf3
                0x0800040c                __floatunsidf
                0x0800040c                __aeabi_ui2d
                0x0800042c                __floatsidf
                0x0800042c                __aeabi_i2d
                0x08000450                __aeabi_f2d
                0x08000450                __extendsfdf2
                0x0800048c                __floatundidf
                0x0800048c                __aeabi_ul2d
                0x0800049c                __floatdidf
                0x0800049c                __aeabi_l2d
 .text          0x080004f8      0x424 c:/program files (x86)/raisonance/ride/arm-gcc/bin/../lib/gcc/arm-none-eabi/4.5.1/thumb2\libgcc.a(_arm_muldivdf3.o)
                0x080004f8                __aeabi_dmul
                0x080004f8                __muldf3
                0x0800074c                __divdf3
                0x0800074c                __aeabi_ddiv
 .text          0x0800091c       0xa0 c:/program files (x86)/raisonance/ride/arm-gcc/bin/../lib/gcc/arm-none-eabi/4.5.1/thumb2\libgcc.a(_arm_truncdfsf2.o)
                0x0800091c                __truncdfsf2
                0x0800091c                __aeabi_d2f
 *(.text.*)
 .text.Reset_Handler
                0x080009bc       0x44 .\startup_stm32f4xx.o
                0x080009bc                Reset_Handler
 .text.Default_Handler
                0x08000a00        0x2 .\startup_stm32f4xx.o
                0x08000a00                RTC_Alarm_IRQHandler
                0x08000a00                HASH_RNG_IRQHandler
                0x08000a00                EXTI2_IRQHandler
                0x08000a00                TIM8_CC_IRQHandler
                0x08000a00                TIM1_CC_IRQHandler
                0x08000a00                DMA2_Stream5_IRQHandler
                0x08000a00                DMA1_Stream5_IRQHandler
                0x08000a00                PVD_IRQHandler
                0x08000a00                SDIO_IRQHandler
                0x08000a00                TAMP_STAMP_IRQHandler
                0x08000a00                CAN2_RX1_IRQHandler
                0x08000a00                EXTI3_IRQHandler
                0x08000a00                TIM8_TRG_COM_TIM14_IRQHandler
                0x08000a00                TIM1_UP_TIM10_IRQHandler
                0x08000a00                TIM8_UP_TIM13_IRQHandler
                0x08000a00                I2C3_ER_IRQHandler
                0x08000a00                EXTI0_IRQHandler
                0x08000a00                I2C2_EV_IRQHandler
                0x08000a00                DMA1_Stream2_IRQHandler
                0x08000a00                CAN1_RX0_IRQHandler
                0x08000a00                FPU_IRQHandler
                0x08000a00                OTG_HS_WKUP_IRQHandler
                0x08000a00                CAN2_SCE_IRQHandler
                0x08000a00                DMA2_Stream2_IRQHandler
                0x08000a00                SPI1_IRQHandler
                0x08000a00                TIM6_DAC_IRQHandler
                0x08000a00                TIM1_BRK_TIM9_IRQHandler
                0x08000a00                DCMI_IRQHandler
                0x08000a00                CAN2_RX0_IRQHandler
                0x08000a00                DMA2_Stream3_IRQHandler
                0x08000a00                USART6_IRQHandler
                0x08000a00                USART3_IRQHandler
                0x08000a00                CRYP_IRQHandler
                0x08000a00                CAN1_RX1_IRQHandler
                0x08000a00                UART5_IRQHandler
                0x08000a00                DMA2_Stream0_IRQHandler
                0x08000a00                TIM4_IRQHandler
                0x08000a00                I2C1_EV_IRQHandler
                0x08000a00                DMA1_Stream6_IRQHandler
                0x08000a00                DMA1_Stream1_IRQHandler
                0x08000a00                UART4_IRQHandler
                0x08000a00                RCC_IRQHandler
                0x08000a00                TIM8_BRK_TIM12_IRQHandler
                0x08000a00                Default_Handler
                0x08000a00                EXTI15_10_IRQHandler
                0x08000a00                ADC_IRQHandler
                0x08000a00                DMA1_Stream7_IRQHandler
                0x08000a00                TIM7_IRQHandler
                0x08000a00                CAN2_TX_IRQHandler
                0x08000a00                TIM5_IRQHandler
                0x08000a00                DMA2_Stream7_IRQHandler
                0x08000a00                I2C3_EV_IRQHandler
                0x08000a00                EXTI9_5_IRQHandler
                0x08000a00                RTC_WKUP_IRQHandler
                0x08000a00                ETH_WKUP_IRQHandler
                0x08000a00                SPI2_IRQHandler
                0x08000a00                OTG_HS_EP1_IN_IRQHandler
                0x08000a00                DMA1_Stream0_IRQHandler
                0x08000a00                CAN1_TX_IRQHandler
                0x08000a00                EXTI4_IRQHandler
                0x08000a00                FSMC_IRQHandler
                0x08000a00                ETH_IRQHandler
                0x08000a00                OTG_HS_EP1_OUT_IRQHandler
                0x08000a00                WWDG_IRQHandler
                0x08000a00                TIM2_IRQHandler
                0x08000a00                OTG_FS_WKUP_IRQHandler
                0x08000a00                TIM1_TRG_COM_TIM11_IRQHandler
                0x08000a00                OTG_HS_IRQHandler
                0x08000a00                EXTI1_IRQHandler
                0x08000a00                USART2_IRQHandler
                0x08000a00                I2C2_ER_IRQHandler
                0x08000a00                DMA2_Stream1_IRQHandler
                0x08000a00                CAN1_SCE_IRQHandler
                0x08000a00                FLASH_IRQHandler
                0x08000a00                DMA2_Stream4_IRQHandler
                0x08000a00                USART1_IRQHandler
                0x08000a00                OTG_FS_IRQHandler
                0x08000a00                SPI3_IRQHandler
                0x08000a00                DMA1_Stream4_IRQHandler
                0x08000a00                I2C1_ER_IRQHandler
                0x08000a00                DMA2_Stream6_IRQHandler
                0x08000a00                DMA1_Stream3_IRQHandler
 *fill*         0x08000a02        0x2 00
 .text.GetFrequency
                0x08000a04       0x20 C:\FbEdit\Projects\Applications\fbe\STM32F4Discovery\STM32F4_LCMeter\STM32_LCMeter\main.o
                0x08000a04                GetFrequency
 .text.LCM_Calibrate
                0x08000a24       0xa4 C:\FbEdit\Projects\Applications\fbe\STM32F4Discovery\STM32F4_LCMeter\STM32_LCMeter\main.o
                0x08000a24                LCM_Calibrate
 .text.SPISendData
                0x08000ac8       0x2c C:\FbEdit\Projects\Applications\fbe\STM32F4Discovery\STM32F4_LCMeter\STM32_LCMeter\main.o
                0x08000ac8                SPISendData
 .text.SPISendData32
                0x08000af4       0x14 C:\FbEdit\Projects\Applications\fbe\STM32F4Discovery\STM32F4_LCMeter\STM32_LCMeter\main.o
                0x08000af4                SPISendData32
 .text.USART3_putdata
                0x08000b08       0x30 C:\FbEdit\Projects\Applications\fbe\STM32F4Discovery\STM32F4_LCMeter\STM32_LCMeter\main.o
                0x08000b08                USART3_putdata
 .text.USART3_getdata
                0x08000b38       0x30 C:\FbEdit\Projects\Applications\fbe\STM32F4Discovery\STM32F4_LCMeter\STM32_LCMeter\main.o
                0x08000b38                USART3_getdata
 .text.RCC_Config
                0x08000b68       0x74 C:\FbEdit\Projects\Applications\fbe\STM32F4Discovery\STM32F4_LCMeter\STM32_LCMeter\main.o
                0x08000b68                RCC_Config
 .text.NVIC_Config
                0x08000bdc       0x2c C:\FbEdit\Projects\Applications\fbe\STM32F4Discovery\STM32F4_LCMeter\STM32_LCMeter\main.o
                0x08000bdc                NVIC_Config
 .text.GPIO_Config
                0x08000c08      0x1c8 C:\FbEdit\Projects\Applications\fbe\STM32F4Discovery\STM32F4_LCMeter\STM32_LCMeter\main.o
                0x08000c08                GPIO_Config
 .text.TIM_Config
                0x08000dd0      0x138 C:\FbEdit\Projects\Applications\fbe\STM32F4Discovery\STM32F4_LCMeter\STM32_LCMeter\main.o
                0x08000dd0                TIM_Config
 .text.DAC_Config
                0x08000f08       0x44 C:\FbEdit\Projects\Applications\fbe\STM32F4Discovery\STM32F4_LCMeter\STM32_LCMeter\main.o
                0x08000f08                DAC_Config
 .text.DMA_SingleConfig
                0x08000f4c       0x80 C:\FbEdit\Projects\Applications\fbe\STM32F4Discovery\STM32F4_LCMeter\STM32_LCMeter\main.o
                0x08000f4c                DMA_SingleConfig
 .text.ADC_SingleConfig
                0x08000fcc       0x84 C:\FbEdit\Projects\Applications\fbe\STM32F4Discovery\STM32F4_LCMeter\STM32_LCMeter\main.o
                0x08000fcc                ADC_SingleConfig
 .text.DMA_TripleConfig
                0x08001050       0x80 C:\FbEdit\Projects\Applications\fbe\STM32F4Discovery\STM32F4_LCMeter\STM32_LCMeter\main.o
                0x08001050                DMA_TripleConfig
 .text.ADC_TripleConfig
                0x080010d0       0xd8 C:\FbEdit\Projects\Applications\fbe\STM32F4Discovery\STM32F4_LCMeter\STM32_LCMeter\main.o
                0x080010d0                ADC_TripleConfig
 .text.DMA_LGAConfig
                0x080011a8       0x78 C:\FbEdit\Projects\Applications\fbe\STM32F4Discovery\STM32F4_LCMeter\STM32_LCMeter\main.o
                0x080011a8                DMA_LGAConfig
 .text.SPI_Config
                0x08001220       0x64 C:\FbEdit\Projects\Applications\fbe\STM32F4Discovery\STM32F4_LCMeter\STM32_LCMeter\main.o
                0x08001220                SPI_Config
 .text.USART_Config
                0x08001284       0x6c C:\FbEdit\Projects\Applications\fbe\STM32F4Discovery\STM32F4_LCMeter\STM32_LCMeter\main.o
                0x08001284                USART_Config
 .text.main     0x080012f0      0x470 C:\FbEdit\Projects\Applications\fbe\STM32F4Discovery\STM32F4_LCMeter\STM32_LCMeter\main.o
                0x080012f0                main
 .text.TIM3_IRQHandler
                0x08001760       0x60 C:\FbEdit\Projects\Applications\fbe\STM32F4Discovery\STM32F4_LCMeter\STM32_LCMeter\main.o
                0x08001760                TIM3_IRQHandler
 .text.NMI_Handler
                0x080017c0        0x4 C:\FbEdit\Projects\Applications\fbe\STM32F4Discovery\STM32F4_LCMeter\STM32_LCMeter\stm32f4xx_it.o
                0x080017c0                NMI_Handler
 .text.HardFault_Handler
                0x080017c4        0x4 C:\FbEdit\Projects\Applications\fbe\STM32F4Discovery\STM32F4_LCMeter\STM32_LCMeter\stm32f4xx_it.o
                0x080017c4                HardFault_Handler
 .text.MemManage_Handler
                0x080017c8        0x4 C:\FbEdit\Projects\Applications\fbe\STM32F4Discovery\STM32F4_LCMeter\STM32_LCMeter\stm32f4xx_it.o
                0x080017c8                MemManage_Handler
 .text.BusFault_Handler
                0x080017cc        0x4 C:\FbEdit\Projects\Applications\fbe\STM32F4Discovery\STM32F4_LCMeter\STM32_LCMeter\stm32f4xx_it.o
                0x080017cc                BusFault_Handler
 .text.UsageFault_Handler
                0x080017d0        0x4 C:\FbEdit\Projects\Applications\fbe\STM32F4Discovery\STM32F4_LCMeter\STM32_LCMeter\stm32f4xx_it.o
                0x080017d0                UsageFault_Handler
 .text.DebugMon_Handler
                0x080017d4        0x4 C:\FbEdit\Projects\Applications\fbe\STM32F4Discovery\STM32F4_LCMeter\STM32_LCMeter\stm32f4xx_it.o
                0x080017d4                DebugMon_Handler
 .text.SVC_Handler
                0x080017d8        0x4 C:\FbEdit\Projects\Applications\fbe\STM32F4Discovery\STM32F4_LCMeter\STM32_LCMeter\stm32f4xx_it.o
                0x080017d8                SVC_Handler
 .text.PendSV_Handler
                0x080017dc        0x4 C:\FbEdit\Projects\Applications\fbe\STM32F4Discovery\STM32F4_LCMeter\STM32_LCMeter\stm32f4xx_it.o
                0x080017dc                PendSV_Handler
 .text.SysTick_Handler
                0x080017e0        0x4 C:\FbEdit\Projects\Applications\fbe\STM32F4Discovery\STM32F4_LCMeter\STM32_LCMeter\stm32f4xx_it.o
                0x080017e0                SysTick_Handler
 .text.RCC_GetClocksFreq
                0x080017e4       0xd8 C:\FbEdit\Projects\Applications\fbe\STM32F4Discovery\STM32F4_LCMeter\STM32_LCMeter\stm32f4xx_rcc.o
                0x080017e4                RCC_GetClocksFreq
 .text.RCC_AHB1PeriphClockCmd
                0x080018bc       0x24 C:\FbEdit\Projects\Applications\fbe\STM32F4Discovery\STM32F4_LCMeter\STM32_LCMeter\stm32f4xx_rcc.o
                0x080018bc                RCC_AHB1PeriphClockCmd
 .text.RCC_APB1PeriphClockCmd
                0x080018e0       0x24 C:\FbEdit\Projects\Applications\fbe\STM32F4Discovery\STM32F4_LCMeter\STM32_LCMeter\stm32f4xx_rcc.o
                0x080018e0                RCC_APB1PeriphClockCmd
 .text.RCC_APB2PeriphClockCmd
                0x08001904       0x24 C:\FbEdit\Projects\Applications\fbe\STM32F4Discovery\STM32F4_LCMeter\STM32_LCMeter\stm32f4xx_rcc.o
                0x08001904                RCC_APB2PeriphClockCmd
 .text.GPIO_Init
                0x08001928       0xbc C:\FbEdit\Projects\Applications\fbe\STM32F4Discovery\STM32F4_LCMeter\STM32_LCMeter\stm32f4xx_gpio.o
                0x08001928                GPIO_Init
 .text.GPIO_SetBits
                0x080019e4        0x4 C:\FbEdit\Projects\Applications\fbe\STM32F4Discovery\STM32F4_LCMeter\STM32_LCMeter\stm32f4xx_gpio.o
                0x080019e4                GPIO_SetBits
 .text.GPIO_ResetBits
                0x080019e8        0x4 C:\FbEdit\Projects\Applications\fbe\STM32F4Discovery\STM32F4_LCMeter\STM32_LCMeter\stm32f4xx_gpio.o
                0x080019e8                GPIO_ResetBits
 .text.GPIO_PinAFConfig
                0x080019ec       0x3c C:\FbEdit\Projects\Applications\fbe\STM32F4Discovery\STM32F4_LCMeter\STM32_LCMeter\stm32f4xx_gpio.o
                0x080019ec                GPIO_PinAFConfig
 .text.TIM_TimeBaseInit
                0x08001a28       0xc0 C:\FbEdit\Projects\Applications\fbe\STM32F4Discovery\STM32F4_LCMeter\STM32_LCMeter\stm32f4xx_tim.o
                0x08001a28                TIM_TimeBaseInit
 .text.TIM_ARRPreloadConfig
                0x08001ae8       0x20 C:\FbEdit\Projects\Applications\fbe\STM32F4Discovery\STM32F4_LCMeter\STM32_LCMeter\stm32f4xx_tim.o
                0x08001ae8                TIM_ARRPreloadConfig
 .text.TIM_Cmd  0x08001b08       0x20 C:\FbEdit\Projects\Applications\fbe\STM32F4Discovery\STM32F4_LCMeter\STM32_LCMeter\stm32f4xx_tim.o
                0x08001b08                TIM_Cmd
 .text.TIM_OC2Init
                0x08001b28       0xb0 C:\FbEdit\Projects\Applications\fbe\STM32F4Discovery\STM32F4_LCMeter\STM32_LCMeter\stm32f4xx_tim.o
                0x08001b28                TIM_OC2Init
 .text.TIM_OCStructInit
                0x08001bd8       0x18 C:\FbEdit\Projects\Applications\fbe\STM32F4Discovery\STM32F4_LCMeter\STM32_LCMeter\stm32f4xx_tim.o
                0x08001bd8                TIM_OCStructInit
 .text.TIM_OC2PreloadConfig
                0x08001bf0       0x18 C:\FbEdit\Projects\Applications\fbe\STM32F4Discovery\STM32F4_LCMeter\STM32_LCMeter\stm32f4xx_tim.o
                0x08001bf0                TIM_OC2PreloadConfig
 .text.TIM_ITConfig
                0x08001c08       0x18 C:\FbEdit\Projects\Applications\fbe\STM32F4Discovery\STM32F4_LCMeter\STM32_LCMeter\stm32f4xx_tim.o
                0x08001c08                TIM_ITConfig
 .text.TIM_ClearITPendingBit
                0x08001c20        0xc C:\FbEdit\Projects\Applications\fbe\STM32F4Discovery\STM32F4_LCMeter\STM32_LCMeter\stm32f4xx_tim.o
                0x08001c20                TIM_ClearITPendingBit
 .text.TIM_DMACmd
                0x08001c2c       0x18 C:\FbEdit\Projects\Applications\fbe\STM32F4Discovery\STM32F4_LCMeter\STM32_LCMeter\stm32f4xx_tim.o
                0x08001c2c                TIM_DMACmd
 .text.NVIC_Init
                0x08001c44       0x88 C:\FbEdit\Projects\Applications\fbe\STM32F4Discovery\STM32F4_LCMeter\STM32_LCMeter\misc.o
                0x08001c44                NVIC_Init
 .text.SystemInit
                0x08001ccc      0x124 C:\FbEdit\Projects\Applications\fbe\STM32F4Discovery\STM32F4_LCMeter\STM32_LCMeter\system_stm32f4xx.o
                0x08001ccc                SystemInit
 .text.STM_EVAL_LEDInit
                0x08001df0       0x54 C:\FbEdit\Projects\Applications\fbe\STM32F4Discovery\STM32F4_LCMeter\STM32_LCMeter\stm32f4_discovery.o
                0x08001df0                STM_EVAL_LEDInit
 .text.STM_EVAL_LEDToggle
                0x08001e44       0x24 C:\FbEdit\Projects\Applications\fbe\STM32F4Discovery\STM32F4_LCMeter\STM32_LCMeter\stm32f4_discovery.o
                0x08001e44                STM_EVAL_LEDToggle
 .text.DAC_Init
                0x08001e68       0x38 C:\FbEdit\Projects\Applications\fbe\STM32F4Discovery\STM32F4_LCMeter\STM32_LCMeter\stm32f4xx_dac.o
                0x08001e68                DAC_Init
 .text.DAC_StructInit
                0x08001ea0       0x10 C:\FbEdit\Projects\Applications\fbe\STM32F4Discovery\STM32F4_LCMeter\STM32_LCMeter\stm32f4xx_dac.o
                0x08001ea0                DAC_StructInit
 .text.DAC_Cmd  0x08001eb0       0x34 C:\FbEdit\Projects\Applications\fbe\STM32F4Discovery\STM32F4_LCMeter\STM32_LCMeter\stm32f4xx_dac.o
                0x08001eb0                DAC_Cmd
 .text.DAC_SetChannel1Data
                0x08001ee4       0x24 C:\FbEdit\Projects\Applications\fbe\STM32F4Discovery\STM32F4_LCMeter\STM32_LCMeter\stm32f4xx_dac.o
                0x08001ee4                DAC_SetChannel1Data
 .text.SPI_Init
                0x08001f08       0x48 C:\FbEdit\Projects\Applications\fbe\STM32F4Discovery\STM32F4_LCMeter\STM32_LCMeter\stm32f4xx_spi.o
                0x08001f08                SPI_Init
 .text.SPI_Cmd  0x08001f50       0x20 C:\FbEdit\Projects\Applications\fbe\STM32F4Discovery\STM32F4_LCMeter\STM32_LCMeter\stm32f4xx_spi.o
                0x08001f50                SPI_Cmd
 .text.USART_Init
                0x08001f70      0x10c C:\FbEdit\Projects\Applications\fbe\STM32F4Discovery\STM32F4_LCMeter\STM32_LCMeter\stm32f4xx_usart.o
                0x08001f70                USART_Init
 .text.USART_StructInit
                0x0800207c       0x1c C:\FbEdit\Projects\Applications\fbe\STM32F4Discovery\STM32F4_LCMeter\STM32_LCMeter\stm32f4xx_usart.o
                0x0800207c                USART_StructInit
 .text.USART_Cmd
                0x08002098       0x20 C:\FbEdit\Projects\Applications\fbe\STM32F4Discovery\STM32F4_LCMeter\STM32_LCMeter\stm32f4xx_usart.o
                0x08002098                USART_Cmd
 .text.ADC_Init
                0x080020b8       0x54 C:\FbEdit\Projects\Applications\fbe\STM32F4Discovery\STM32F4_LCMeter\STM32_LCMeter\stm32f4xx_adc.o
                0x080020b8                ADC_Init
 .text.ADC_StructInit
                0x0800210c       0x18 C:\FbEdit\Projects\Applications\fbe\STM32F4Discovery\STM32F4_LCMeter\STM32_LCMeter\stm32f4xx_adc.o
                0x0800210c                ADC_StructInit
 .text.ADC_CommonInit
                0x08002124       0x34 C:\FbEdit\Projects\Applications\fbe\STM32F4Discovery\STM32F4_LCMeter\STM32_LCMeter\stm32f4xx_adc.o
                0x08002124                ADC_CommonInit
 .text.ADC_CommonStructInit
                0x08002158       0x10 C:\FbEdit\Projects\Applications\fbe\STM32F4Discovery\STM32F4_LCMeter\STM32_LCMeter\stm32f4xx_adc.o
                0x08002158                ADC_CommonStructInit
 .text.ADC_Cmd  0x08002168       0x18 C:\FbEdit\Projects\Applications\fbe\STM32F4Discovery\STM32F4_LCMeter\STM32_LCMeter\stm32f4xx_adc.o
                0x08002168                ADC_Cmd
 .text.ADC_RegularChannelConfig
                0x08002180       0xb4 C:\FbEdit\Projects\Applications\fbe\STM32F4Discovery\STM32F4_LCMeter\STM32_LCMeter\stm32f4xx_adc.o
                0x08002180                ADC_RegularChannelConfig
 .text.ADC_DMACmd
                0x08002234       0x18 C:\FbEdit\Projects\Applications\fbe\STM32F4Discovery\STM32F4_LCMeter\STM32_LCMeter\stm32f4xx_adc.o
                0x08002234                ADC_DMACmd
 .text.ADC_DMARequestAfterLastTransferCmd
                0x0800224c       0x18 C:\FbEdit\Projects\Applications\fbe\STM32F4Discovery\STM32F4_LCMeter\STM32_LCMeter\stm32f4xx_adc.o
                0x0800224c                ADC_DMARequestAfterLastTransferCmd
 .text.ADC_MultiModeDMARequestAfterLastTransferCmd
                0x08002264       0x28 C:\FbEdit\Projects\Applications\fbe\STM32F4Discovery\STM32F4_LCMeter\STM32_LCMeter\stm32f4xx_adc.o
                0x08002264                ADC_MultiModeDMARequestAfterLastTransferCmd
 .text.DMA_DeInit
                0x0800228c      0x1f4 C:\FbEdit\Projects\Applications\fbe\STM32F4Discovery\STM32F4_LCMeter\STM32_LCMeter\stm32f4xx_dma.o
                0x0800228c                DMA_DeInit
 .text.DMA_Init
                0x08002480       0x60 C:\FbEdit\Projects\Applications\fbe\STM32F4Discovery\STM32F4_LCMeter\STM32_LCMeter\stm32f4xx_dma.o
                0x08002480                DMA_Init
 .text.DMA_StructInit
                0x080024e0       0x24 C:\FbEdit\Projects\Applications\fbe\STM32F4Discovery\STM32F4_LCMeter\STM32_LCMeter\stm32f4xx_dma.o
                0x080024e0                DMA_StructInit
 .text.DMA_Cmd  0x08002504       0x18 C:\FbEdit\Projects\Applications\fbe\STM32F4Discovery\STM32F4_LCMeter\STM32_LCMeter\stm32f4xx_dma.o
                0x08002504                DMA_Cmd
 .text.DMA_GetFlagStatus
                0x0800251c       0x44 C:\FbEdit\Projects\Applications\fbe\STM32F4Discovery\STM32F4_LCMeter\STM32_LCMeter\stm32f4xx_dma.o
                0x0800251c                DMA_GetFlagStatus
 .text.__io_putchar
                0x08002560      0x16c C:\Program Files (x86)\Raisonance\Ride\Lib\ARM\STM32x_io_putchar_thumb.a(STM32F10X_io_putchar.o)
                0x08002560                __io_putchar
 .text._write   0x080026cc        0x4 C:\Program Files (x86)\Raisonance\Ride\Lib\ARM\std_sbrk_thumb.lib(write.o)
                0x080026cc                _write
 *(.rodata)
 .rodata        0x080026d0       0x30 C:\FbEdit\Projects\Applications\fbe\STM32F4Discovery\STM32F4_LCMeter\STM32_LCMeter\stm32f4_discovery.o
                0x080026d0                GPIO_CLK
                0x080026e0                GPIO_PIN
                0x080026e8                BUTTON_CLK
                0x080026ec                BUTTON_PIN
                0x080026f0                BUTTON_PORT_SOURCE
                0x080026f4                BUTTON_PIN_SOURCE
                0x080026f8                BUTTON_EXTI_LINE
                0x080026fc                BUTTON_IRQn
 *(.rodata*)
 *(.glue_7)
 .glue_7        0x00000000        0x0 linker stubs
 *(.glue_7t)
 .glue_7t       0x00000000        0x0 linker stubs
                0x08002700                . = ALIGN (0x4)
                0x08002700                _etext = .
                0x08002700                _sidata = _etext

.vfp11_veneer   0x08002700        0x0
 .vfp11_veneer  0x00000000        0x0 linker stubs

.v4_bx          0x08002700        0x0
 .v4_bx         0x00000000        0x0 linker stubs

.flashpatch     0x00000000        0x0
                0x00000000                . = ALIGN (0x4)
 *(.flashpatch)
                0x00000000                . = ALIGN (0x4)

.endflash       0x00000000        0x0
                0x00000000                . = ALIGN (0x4)
 *(.endflash)
                0x00000000                . = ALIGN (0x4)
                0x00000000                _e_endflash = .

.data           0x20000000       0x24 load address 0x08002700
                0x20000000                . = ALIGN (0x4)
                0x20000000                _sdata = .
                0x20000000                _data = .
 *(.data)
 .data          0x20000000       0x10 C:\FbEdit\Projects\Applications\fbe\STM32F4Discovery\STM32F4_LCMeter\STM32_LCMeter\stm32f4xx_rcc.o
 .data          0x20000010       0x14 C:\FbEdit\Projects\Applications\fbe\STM32F4Discovery\STM32F4_LCMeter\STM32_LCMeter\stm32f4_discovery.o
                0x20000010                GPIO_PORT
                0x20000020                BUTTON_PORT
 *(.data.*)
 *(.RAMtext)
                0x20000024                . = ALIGN (0x4)
                0x20000024                _edata = .
                0x08002724                _eidata = ((_sidata + _edata) - _sdata)
                0x08010000                _lastdataromaddress = 0x8010000
                0x00000000                toobig = (_eidata > _lastdataromaddress)?!!!!!!!!! FLASH IS FULL !!!!!!!!!:0x0

.bss            0x20000024       0xc4 load address 0x08002724
                0x20000024                . = ALIGN (0x4)
                0x20000024                _sbss = .
                0x20000024                _bss = .
 *(.bss)
 *(COMMON)
 COMMON         0x20000024       0xc4 C:\FbEdit\Projects\Applications\fbe\STM32F4Discovery\STM32F4_LCMeter\STM32_LCMeter\main.o
                0x20000024                STM32_CMD
                0x200000e8                . = ALIGN (0x4)
                0x200000e8                _ebss = .
                0x200000e8                PROVIDE (end, _ebss)
                0x200000e8                PROVIDE (_end, _ebss)

._usrstack      0x200000e8      0x100 load address 0x080027e8
                0x200000e8                . = ALIGN (0x4)
                0x200000e8                _susrstack = .
                0x200001e8                . = (. + _Minimum_Stack_Size)
 *fill*         0x200000e8      0x100 00
                0x200001e8                . = ALIGN (0x4)
                0x200001e8                _eusrstack = .

.b1text
 *(.b1text)
 *(.b1rodata)
 *(.b1rodata*)

.eb0text
 *(.eb0text)
 *(.eb0rodata)
 *(.eb0rodata*)

.eb1text
 *(.eb1text)
 *(.eb1rodata)
 *(.eb1rodata*)

.eb2text
 *(.eb2text)
 *(.eb2rodata)
 *(.eb2rodata*)

.eb3text
 *(.eb3text)
 *(.eb3rodata)
 *(.eb3rodata*)
                0x200001e8                __exidx_start = .
                0x200001e8                __exidx_end = .

/DISCARD/
 libc.a(*)
 libm.a(*)
 libgcc.a(*)

.stab
 *(.stab)

.stabstr
 *(.stabstr)

.stab.excl
 *(.stab.excl)

.stab.exclstr
 *(.stab.exclstr)

.stab.index
 *(.stab.index)

.stab.indexstr
 *(.stab.indexstr)

.ARM.attributes
                0x00000000       0x2f
 .ARM.attributes
                0x00000000       0x23 .\startup_stm32f4xx.o
 .ARM.attributes
                0x00000023       0x31 C:\FbEdit\Projects\Applications\fbe\STM32F4Discovery\STM32F4_LCMeter\STM32_LCMeter\main.o
 .ARM.attributes
                0x00000054       0x31 C:\FbEdit\Projects\Applications\fbe\STM32F4Discovery\STM32F4_LCMeter\STM32_LCMeter\stm32f4xx_it.o
 .ARM.attributes
                0x00000085       0x31 C:\FbEdit\Projects\Applications\fbe\STM32F4Discovery\STM32F4_LCMeter\STM32_LCMeter\stm32f4xx_rcc.o
 .ARM.attributes
                0x000000b6       0x31 C:\FbEdit\Projects\Applications\fbe\STM32F4Discovery\STM32F4_LCMeter\STM32_LCMeter\stm32f4xx_gpio.o
 .ARM.attributes
                0x000000e7       0x31 C:\FbEdit\Projects\Applications\fbe\STM32F4Discovery\STM32F4_LCMeter\STM32_LCMeter\stm32f4xx_tim.o
 .ARM.attributes
                0x00000118       0x31 C:\FbEdit\Projects\Applications\fbe\STM32F4Discovery\STM32F4_LCMeter\STM32_LCMeter\misc.o
 .ARM.attributes
                0x00000149       0x31 C:\FbEdit\Projects\Applications\fbe\STM32F4Discovery\STM32F4_LCMeter\STM32_LCMeter\system_stm32f4xx.o
 .ARM.attributes
                0x0000017a       0x31 C:\FbEdit\Projects\Applications\fbe\STM32F4Discovery\STM32F4_LCMeter\STM32_LCMeter\stm32f4_discovery.o
 .ARM.attributes
                0x000001ab       0x31 C:\FbEdit\Projects\Applications\fbe\STM32F4Discovery\STM32F4_LCMeter\STM32_LCMeter\stm32f4xx_dac.o
 .ARM.attributes
                0x000001dc       0x31 C:\FbEdit\Projects\Applications\fbe\STM32F4Discovery\STM32F4_LCMeter\STM32_LCMeter\stm32f4xx_spi.o
 .ARM.attributes
                0x0000020d       0x31 C:\FbEdit\Projects\Applications\fbe\STM32F4Discovery\STM32F4_LCMeter\STM32_LCMeter\stm32f4xx_usart.o
 .ARM.attributes
                0x0000023e       0x31 C:\FbEdit\Projects\Applications\fbe\STM32F4Discovery\STM32F4_LCMeter\STM32_LCMeter\stm32f4xx_adc.o
 .ARM.attributes
                0x0000026f       0x31 C:\FbEdit\Projects\Applications\fbe\STM32F4Discovery\STM32F4_LCMeter\STM32_LCMeter\stm32f4xx_dma.o
 .ARM.attributes
                0x000002a0       0x31 C:\Program Files (x86)\Raisonance\Ride\Lib\ARM\STM32x_io_putchar_thumb.a(STM32F10X_io_putchar.o)
 .ARM.attributes
                0x000002d1       0x2e C:\Program Files (x86)\Raisonance\Ride\Lib\ARM\std_sbrk_thumb.lib(write.o)

.comment        0x00000000       0x7f
 *(.comment)
 .comment       0x00000000       0x2a C:\FbEdit\Projects\Applications\fbe\STM32F4Discovery\STM32F4_LCMeter\STM32_LCMeter\main.o
                                 0x2b (size before relaxing)
 .comment       0x00000000       0x2b C:\FbEdit\Projects\Applications\fbe\STM32F4Discovery\STM32F4_LCMeter\STM32_LCMeter\stm32f4xx_it.o
 .comment       0x00000000       0x2b C:\FbEdit\Projects\Applications\fbe\STM32F4Discovery\STM32F4_LCMeter\STM32_LCMeter\stm32f4xx_rcc.o
 .comment       0x00000000       0x2b C:\FbEdit\Projects\Applications\fbe\STM32F4Discovery\STM32F4_LCMeter\STM32_LCMeter\stm32f4xx_gpio.o
 .comment       0x00000000       0x2b C:\FbEdit\Projects\Applications\fbe\STM32F4Discovery\STM32F4_LCMeter\STM32_LCMeter\stm32f4xx_tim.o
 .comment       0x00000000       0x2b C:\FbEdit\Projects\Applications\fbe\STM32F4Discovery\STM32F4_LCMeter\STM32_LCMeter\misc.o
 .comment       0x00000000       0x2b C:\FbEdit\Projects\Applications\fbe\STM32F4Discovery\STM32F4_LCMeter\STM32_LCMeter\system_stm32f4xx.o
 .comment       0x00000000       0x2b C:\FbEdit\Projects\Applications\fbe\STM32F4Discovery\STM32F4_LCMeter\STM32_LCMeter\stm32f4_discovery.o
 .comment       0x00000000       0x2b C:\FbEdit\Projects\Applications\fbe\STM32F4Discovery\STM32F4_LCMeter\STM32_LCMeter\stm32f4xx_dac.o
 .comment       0x00000000       0x2b C:\FbEdit\Projects\Applications\fbe\STM32F4Discovery\STM32F4_LCMeter\STM32_LCMeter\stm32f4xx_spi.o
 .comment       0x00000000       0x2b C:\FbEdit\Projects\Applications\fbe\STM32F4Discovery\STM32F4_LCMeter\STM32_LCMeter\stm32f4xx_usart.o
 .comment       0x00000000       0x2b C:\FbEdit\Projects\Applications\fbe\STM32F4Discovery\STM32F4_LCMeter\STM32_LCMeter\stm32f4xx_adc.o
 .comment       0x00000000       0x2b C:\FbEdit\Projects\Applications\fbe\STM32F4Discovery\STM32F4_LCMeter\STM32_LCMeter\stm32f4xx_dma.o
 .comment       0x0000002a       0x2b C:\Program Files (x86)\Raisonance\Ride\Lib\ARM\STM32x_io_putchar_thumb.a(STM32F10X_io_putchar.o)
 .comment       0x00000055       0x2a C:\Program Files (x86)\Raisonance\Ride\Lib\ARM\std_sbrk_thumb.lib(write.o)

.debug
 *(.debug)

.line
 *(.line)

.debug_srcinfo
 *(.debug_srcinfo)

.debug_sfnames
 *(.debug_sfnames)

.debug_aranges  0x00000000      0xb30
 *(.debug_aranges)
 .debug_aranges
                0x00000000       0xc0 C:\FbEdit\Projects\Applications\fbe\STM32F4Discovery\STM32F4_LCMeter\STM32_LCMeter\main.o
 .debug_aranges
                0x000000c0       0x60 C:\FbEdit\Projects\Applications\fbe\STM32F4Discovery\STM32F4_LCMeter\STM32_LCMeter\stm32f4xx_it.o
 .debug_aranges
                0x00000120      0x178 C:\FbEdit\Projects\Applications\fbe\STM32F4Discovery\STM32F4_LCMeter\STM32_LCMeter\stm32f4xx_rcc.o
 .debug_aranges
                0x00000298       0x88 C:\FbEdit\Projects\Applications\fbe\STM32F4Discovery\STM32F4_LCMeter\STM32_LCMeter\stm32f4xx_gpio.o
 .debug_aranges
                0x00000320      0x2e8 C:\FbEdit\Projects\Applications\fbe\STM32F4Discovery\STM32F4_LCMeter\STM32_LCMeter\stm32f4xx_tim.o
 .debug_aranges
                0x00000608       0x40 C:\FbEdit\Projects\Applications\fbe\STM32F4Discovery\STM32F4_LCMeter\STM32_LCMeter\misc.o
 .debug_aranges
                0x00000648       0x28 C:\FbEdit\Projects\Applications\fbe\STM32F4Discovery\STM32F4_LCMeter\STM32_LCMeter\system_stm32f4xx.o
 .debug_aranges
                0x00000670       0x48 C:\FbEdit\Projects\Applications\fbe\STM32F4Discovery\STM32F4_LCMeter\STM32_LCMeter\stm32f4_discovery.o
 .debug_aranges
                0x000006b8       0xa0 C:\FbEdit\Projects\Applications\fbe\STM32F4Discovery\STM32F4_LCMeter\STM32_LCMeter\stm32f4xx_dac.o
 .debug_aranges
                0x00000758       0xe0 C:\FbEdit\Projects\Applications\fbe\STM32F4Discovery\STM32F4_LCMeter\STM32_LCMeter\stm32f4xx_spi.o
 .debug_aranges
                0x00000838      0x100 C:\FbEdit\Projects\Applications\fbe\STM32F4Discovery\STM32F4_LCMeter\STM32_LCMeter\stm32f4xx_usart.o
 .debug_aranges
                0x00000938      0x148 C:\FbEdit\Projects\Applications\fbe\STM32F4Discovery\STM32F4_LCMeter\STM32_LCMeter\stm32f4xx_adc.o
 .debug_aranges
                0x00000a80       0xb0 C:\FbEdit\Projects\Applications\fbe\STM32F4Discovery\STM32F4_LCMeter\STM32_LCMeter\stm32f4xx_dma.o

.debug_pubnames
                0x00000000     0x1dd4
 *(.debug_pubnames)
 .debug_pubnames
                0x00000000      0x18b C:\FbEdit\Projects\Applications\fbe\STM32F4Discovery\STM32F4_LCMeter\STM32_LCMeter\main.o
 .debug_pubnames
                0x0000018b       0xc6 C:\FbEdit\Projects\Applications\fbe\STM32F4Discovery\STM32F4_LCMeter\STM32_LCMeter\stm32f4xx_it.o
 .debug_pubnames
                0x00000251      0x417 C:\FbEdit\Projects\Applications\fbe\STM32F4Discovery\STM32F4_LCMeter\STM32_LCMeter\stm32f4xx_rcc.o
 .debug_pubnames
                0x00000668      0x12d C:\FbEdit\Projects\Applications\fbe\STM32F4Discovery\STM32F4_LCMeter\STM32_LCMeter\stm32f4xx_gpio.o
 .debug_pubnames
                0x00000795      0x7c4 C:\FbEdit\Projects\Applications\fbe\STM32F4Discovery\STM32F4_LCMeter\STM32_LCMeter\stm32f4xx_tim.o
 .debug_pubnames
                0x00000f59       0x89 C:\FbEdit\Projects\Applications\fbe\STM32F4Discovery\STM32F4_LCMeter\STM32_LCMeter\misc.o
 .debug_pubnames
                0x00000fe2       0x61 C:\FbEdit\Projects\Applications\fbe\STM32F4Discovery\STM32F4_LCMeter\STM32_LCMeter\system_stm32f4xx.o
 .debug_pubnames
                0x00001043      0x150 C:\FbEdit\Projects\Applications\fbe\STM32F4Discovery\STM32F4_LCMeter\STM32_LCMeter\stm32f4_discovery.o
 .debug_pubnames
                0x00001193      0x17d C:\FbEdit\Projects\Applications\fbe\STM32F4Discovery\STM32F4_LCMeter\STM32_LCMeter\stm32f4xx_dac.o
 .debug_pubnames
                0x00001310      0x221 C:\FbEdit\Projects\Applications\fbe\STM32F4Discovery\STM32F4_LCMeter\STM32_LCMeter\stm32f4xx_spi.o
 .debug_pubnames
                0x00001531      0x294 C:\FbEdit\Projects\Applications\fbe\STM32F4Discovery\STM32F4_LCMeter\STM32_LCMeter\stm32f4xx_usart.o
 .debug_pubnames
                0x000017c5      0x446 C:\FbEdit\Projects\Applications\fbe\STM32F4Discovery\STM32F4_LCMeter\STM32_LCMeter\stm32f4xx_adc.o
 .debug_pubnames
                0x00001c0b      0x1c9 C:\FbEdit\Projects\Applications\fbe\STM32F4Discovery\STM32F4_LCMeter\STM32_LCMeter\stm32f4xx_dma.o

.debug_info     0x00000000     0x9009
 *(.debug_info .gnu.linkonce.wi.*)
 .debug_info    0x00000000     0x176e C:\FbEdit\Projects\Applications\fbe\STM32F4Discovery\STM32F4_LCMeter\STM32_LCMeter\main.o
 .debug_info    0x0000176e      0x14c C:\FbEdit\Projects\Applications\fbe\STM32F4Discovery\STM32F4_LCMeter\STM32_LCMeter\stm32f4xx_it.o
 .debug_info    0x000018ba      0xd05 C:\FbEdit\Projects\Applications\fbe\STM32F4Discovery\STM32F4_LCMeter\STM32_LCMeter\stm32f4xx_rcc.o
 .debug_info    0x000025bf      0x62d C:\FbEdit\Projects\Applications\fbe\STM32F4Discovery\STM32F4_LCMeter\STM32_LCMeter\stm32f4xx_gpio.o
 .debug_info    0x00002bec     0x1e20 C:\FbEdit\Projects\Applications\fbe\STM32F4Discovery\STM32F4_LCMeter\STM32_LCMeter\stm32f4xx_tim.o
 .debug_info    0x00004a0c      0x598 C:\FbEdit\Projects\Applications\fbe\STM32F4Discovery\STM32F4_LCMeter\STM32_LCMeter\misc.o
 .debug_info    0x00004fa4      0x635 C:\FbEdit\Projects\Applications\fbe\STM32F4Discovery\STM32F4_LCMeter\STM32_LCMeter\system_stm32f4xx.o
 .debug_info    0x000055d9      0x963 C:\FbEdit\Projects\Applications\fbe\STM32F4Discovery\STM32F4_LCMeter\STM32_LCMeter\stm32f4_discovery.o
 .debug_info    0x00005f3c      0x68d C:\FbEdit\Projects\Applications\fbe\STM32F4Discovery\STM32F4_LCMeter\STM32_LCMeter\stm32f4xx_dac.o
 .debug_info    0x000065c9      0xbb5 C:\FbEdit\Projects\Applications\fbe\STM32F4Discovery\STM32F4_LCMeter\STM32_LCMeter\stm32f4xx_spi.o
 .debug_info    0x0000717e      0xa30 C:\FbEdit\Projects\Applications\fbe\STM32F4Discovery\STM32F4_LCMeter\STM32_LCMeter\stm32f4xx_usart.o
 .debug_info    0x00007bae      0xcce C:\FbEdit\Projects\Applications\fbe\STM32F4Discovery\STM32F4_LCMeter\STM32_LCMeter\stm32f4xx_adc.o
 .debug_info    0x0000887c      0x78d C:\FbEdit\Projects\Applications\fbe\STM32F4Discovery\STM32F4_LCMeter\STM32_LCMeter\stm32f4xx_dma.o

.debug_abbrev   0x00000000     0x153a
 *(.debug_abbrev)
 .debug_abbrev  0x00000000      0x217 C:\FbEdit\Projects\Applications\fbe\STM32F4Discovery\STM32F4_LCMeter\STM32_LCMeter\main.o
 .debug_abbrev  0x00000217       0x64 C:\FbEdit\Projects\Applications\fbe\STM32F4Discovery\STM32F4_LCMeter\STM32_LCMeter\stm32f4xx_it.o
 .debug_abbrev  0x0000027b      0x1f8 C:\FbEdit\Projects\Applications\fbe\STM32F4Discovery\STM32F4_LCMeter\STM32_LCMeter\stm32f4xx_rcc.o
 .debug_abbrev  0x00000473      0x1d0 C:\FbEdit\Projects\Applications\fbe\STM32F4Discovery\STM32F4_LCMeter\STM32_LCMeter\stm32f4xx_gpio.o
 .debug_abbrev  0x00000643      0x207 C:\FbEdit\Projects\Applications\fbe\STM32F4Discovery\STM32F4_LCMeter\STM32_LCMeter\stm32f4xx_tim.o
 .debug_abbrev  0x0000084a      0x14e C:\FbEdit\Projects\Applications\fbe\STM32F4Discovery\STM32F4_LCMeter\STM32_LCMeter\misc.o
 .debug_abbrev  0x00000998      0x16c C:\FbEdit\Projects\Applications\fbe\STM32F4Discovery\STM32F4_LCMeter\STM32_LCMeter\system_stm32f4xx.o
 .debug_abbrev  0x00000b04      0x19c C:\FbEdit\Projects\Applications\fbe\STM32F4Discovery\STM32F4_LCMeter\STM32_LCMeter\stm32f4_discovery.o
 .debug_abbrev  0x00000ca0      0x1d9 C:\FbEdit\Projects\Applications\fbe\STM32F4Discovery\STM32F4_LCMeter\STM32_LCMeter\stm32f4xx_dac.o
 .debug_abbrev  0x00000e79      0x1ae C:\FbEdit\Projects\Applications\fbe\STM32F4Discovery\STM32F4_LCMeter\STM32_LCMeter\stm32f4xx_spi.o
 .debug_abbrev  0x00001027      0x19e C:\FbEdit\Projects\Applications\fbe\STM32F4Discovery\STM32F4_LCMeter\STM32_LCMeter\stm32f4xx_usart.o
 .debug_abbrev  0x000011c5      0x1d7 C:\FbEdit\Projects\Applications\fbe\STM32F4Discovery\STM32F4_LCMeter\STM32_LCMeter\stm32f4xx_adc.o
 .debug_abbrev  0x0000139c      0x19e C:\FbEdit\Projects\Applications\fbe\STM32F4Discovery\STM32F4_LCMeter\STM32_LCMeter\stm32f4xx_dma.o

.debug_line     0x00000000     0x31cf
 *(.debug_line)
 .debug_line    0x00000000      0x59e C:\FbEdit\Projects\Applications\fbe\STM32F4Discovery\STM32F4_LCMeter\STM32_LCMeter\main.o
 .debug_line    0x0000059e      0x1f8 C:\FbEdit\Projects\Applications\fbe\STM32F4Discovery\STM32F4_LCMeter\STM32_LCMeter\stm32f4xx_it.o
 .debug_line    0x00000796      0x509 C:\FbEdit\Projects\Applications\fbe\STM32F4Discovery\STM32F4_LCMeter\STM32_LCMeter\stm32f4xx_rcc.o
 .debug_line    0x00000c9f      0x2c1 C:\FbEdit\Projects\Applications\fbe\STM32F4Discovery\STM32F4_LCMeter\STM32_LCMeter\stm32f4xx_gpio.o
 .debug_line    0x00000f60      0x956 C:\FbEdit\Projects\Applications\fbe\STM32F4Discovery\STM32F4_LCMeter\STM32_LCMeter\stm32f4xx_tim.o
 .debug_line    0x000018b6      0x1d5 C:\FbEdit\Projects\Applications\fbe\STM32F4Discovery\STM32F4_LCMeter\STM32_LCMeter\misc.o
 .debug_line    0x00001a8b      0x1e4 C:\FbEdit\Projects\Applications\fbe\STM32F4Discovery\STM32F4_LCMeter\STM32_LCMeter\system_stm32f4xx.o
 .debug_line    0x00001c6f      0x28a C:\FbEdit\Projects\Applications\fbe\STM32F4Discovery\STM32F4_LCMeter\STM32_LCMeter\stm32f4_discovery.o
 .debug_line    0x00001ef9      0x2e3 C:\FbEdit\Projects\Applications\fbe\STM32F4Discovery\STM32F4_LCMeter\STM32_LCMeter\stm32f4xx_dac.o
 .debug_line    0x000021dc      0x3c7 C:\FbEdit\Projects\Applications\fbe\STM32F4Discovery\STM32F4_LCMeter\STM32_LCMeter\stm32f4xx_spi.o
 .debug_line    0x000025a3      0x40a C:\FbEdit\Projects\Applications\fbe\STM32F4Discovery\STM32F4_LCMeter\STM32_LCMeter\stm32f4xx_usart.o
 .debug_line    0x000029ad      0x4ce C:\FbEdit\Projects\Applications\fbe\STM32F4Discovery\STM32F4_LCMeter\STM32_LCMeter\stm32f4xx_adc.o
 .debug_line    0x00002e7b      0x354 C:\FbEdit\Projects\Applications\fbe\STM32F4Discovery\STM32F4_LCMeter\STM32_LCMeter\stm32f4xx_dma.o

.debug_frame    0x00000000     0x17bc
 *(.debug_frame)
 .debug_frame   0x00000000      0x250 C:\FbEdit\Projects\Applications\fbe\STM32F4Discovery\STM32F4_LCMeter\STM32_LCMeter\main.o
 .debug_frame   0x00000250       0xa0 C:\FbEdit\Projects\Applications\fbe\STM32F4Discovery\STM32F4_LCMeter\STM32_LCMeter\stm32f4xx_it.o
 .debug_frame   0x000002f0      0x2e4 C:\FbEdit\Projects\Applications\fbe\STM32F4Discovery\STM32F4_LCMeter\STM32_LCMeter\stm32f4xx_rcc.o
 .debug_frame   0x000005d4      0x118 C:\FbEdit\Projects\Applications\fbe\STM32F4Discovery\STM32F4_LCMeter\STM32_LCMeter\stm32f4xx_gpio.o
 .debug_frame   0x000006ec      0x670 C:\FbEdit\Projects\Applications\fbe\STM32F4Discovery\STM32F4_LCMeter\STM32_LCMeter\stm32f4xx_tim.o
 .debug_frame   0x00000d5c       0x68 C:\FbEdit\Projects\Applications\fbe\STM32F4Discovery\STM32F4_LCMeter\STM32_LCMeter\misc.o
 .debug_frame   0x00000dc4       0x34 C:\FbEdit\Projects\Applications\fbe\STM32F4Discovery\STM32F4_LCMeter\STM32_LCMeter\system_stm32f4xx.o
 .debug_frame   0x00000df8       0x9c C:\FbEdit\Projects\Applications\fbe\STM32F4Discovery\STM32F4_LCMeter\STM32_LCMeter\stm32f4_discovery.o
 .debug_frame   0x00000e94      0x13c C:\FbEdit\Projects\Applications\fbe\STM32F4Discovery\STM32F4_LCMeter\STM32_LCMeter\stm32f4xx_dac.o
 .debug_frame   0x00000fd0      0x1cc C:\FbEdit\Projects\Applications\fbe\STM32F4Discovery\STM32F4_LCMeter\STM32_LCMeter\stm32f4xx_spi.o
 .debug_frame   0x0000119c      0x210 C:\FbEdit\Projects\Applications\fbe\STM32F4Discovery\STM32F4_LCMeter\STM32_LCMeter\stm32f4xx_usart.o
 .debug_frame   0x000013ac      0x2a8 C:\FbEdit\Projects\Applications\fbe\STM32F4Discovery\STM32F4_LCMeter\STM32_LCMeter\stm32f4xx_adc.o
 .debug_frame   0x00001654      0x168 C:\FbEdit\Projects\Applications\fbe\STM32F4Discovery\STM32F4_LCMeter\STM32_LCMeter\stm32f4xx_dma.o

.debug_str      0x00000000     0x3b98
 *(.debug_str)
 .debug_str     0x00000000     0x12b3 C:\FbEdit\Projects\Applications\fbe\STM32F4Discovery\STM32F4_LCMeter\STM32_LCMeter\main.o
                               0x1311 (size before relaxing)
 .debug_str     0x000012b3       0xf2 C:\FbEdit\Projects\Applications\fbe\STM32F4Discovery\STM32F4_LCMeter\STM32_LCMeter\stm32f4xx_it.o
                                0x197 (size before relaxing)
 .debug_str     0x000013a5      0x6bc C:\FbEdit\Projects\Applications\fbe\STM32F4Discovery\STM32F4_LCMeter\STM32_LCMeter\stm32f4xx_rcc.o
                                0x81a (size before relaxing)
 .debug_str     0x00001a61      0x1bd C:\FbEdit\Projects\Applications\fbe\STM32F4Discovery\STM32F4_LCMeter\STM32_LCMeter\stm32f4xx_gpio.o
                                0x46d (size before relaxing)
 .debug_str     0x00001c1e      0xa18 C:\FbEdit\Projects\Applications\fbe\STM32F4Discovery\STM32F4_LCMeter\STM32_LCMeter\stm32f4xx_tim.o
                                0xd9a (size before relaxing)
 .debug_str     0x00002636      0x1c8 C:\FbEdit\Projects\Applications\fbe\STM32F4Discovery\STM32F4_LCMeter\STM32_LCMeter\misc.o
                                0x3a3 (size before relaxing)
 .debug_str     0x000027fe       0xe4 C:\FbEdit\Projects\Applications\fbe\STM32F4Discovery\STM32F4_LCMeter\STM32_LCMeter\system_stm32f4xx.o
                                0x327 (size before relaxing)
 .debug_str     0x000028e2      0x29d C:\FbEdit\Projects\Applications\fbe\STM32F4Discovery\STM32F4_LCMeter\STM32_LCMeter\stm32f4_discovery.o
                                0xaad (size before relaxing)
 .debug_str     0x00002b7f      0x1f1 C:\FbEdit\Projects\Applications\fbe\STM32F4Discovery\STM32F4_LCMeter\STM32_LCMeter\stm32f4xx_dac.o
                                0x41d (size before relaxing)
 .debug_str     0x00002d70      0x311 C:\FbEdit\Projects\Applications\fbe\STM32F4Discovery\STM32F4_LCMeter\STM32_LCMeter\stm32f4xx_spi.o
                                0x654 (size before relaxing)
 .debug_str     0x00003081      0x3c4 C:\FbEdit\Projects\Applications\fbe\STM32F4Discovery\STM32F4_LCMeter\STM32_LCMeter\stm32f4xx_usart.o
                                0x659 (size before relaxing)
 .debug_str     0x00003445      0x4d2 C:\FbEdit\Projects\Applications\fbe\STM32F4Discovery\STM32F4_LCMeter\STM32_LCMeter\stm32f4xx_adc.o
                                0x7ce (size before relaxing)
 .debug_str     0x00003917      0x281 C:\FbEdit\Projects\Applications\fbe\STM32F4Discovery\STM32F4_LCMeter\STM32_LCMeter\stm32f4xx_dma.o
                                0x516 (size before relaxing)

.debug_loc      0x00000000     0x3f45
 *(.debug_loc)
 .debug_loc     0x00000000      0x3d7 C:\FbEdit\Projects\Applications\fbe\STM32F4Discovery\STM32F4_LCMeter\STM32_LCMeter\main.o
 .debug_loc     0x000003d7      0x6ed C:\FbEdit\Projects\Applications\fbe\STM32F4Discovery\STM32F4_LCMeter\STM32_LCMeter\stm32f4xx_rcc.o
 .debug_loc     0x00000ac4      0x26d C:\FbEdit\Projects\Applications\fbe\STM32F4Discovery\STM32F4_LCMeter\STM32_LCMeter\stm32f4xx_gpio.o
 .debug_loc     0x00000d31     0x14bc C:\FbEdit\Projects\Applications\fbe\STM32F4Discovery\STM32F4_LCMeter\STM32_LCMeter\stm32f4xx_tim.o
 .debug_loc     0x000021ed      0x11d C:\FbEdit\Projects\Applications\fbe\STM32F4Discovery\STM32F4_LCMeter\STM32_LCMeter\misc.o
 .debug_loc     0x0000230a      0x133 C:\FbEdit\Projects\Applications\fbe\STM32F4Discovery\STM32F4_LCMeter\STM32_LCMeter\system_stm32f4xx.o
 .debug_loc     0x0000243d       0xc4 C:\FbEdit\Projects\Applications\fbe\STM32F4Discovery\STM32F4_LCMeter\STM32_LCMeter\stm32f4_discovery.o
 .debug_loc     0x00002501      0x425 C:\FbEdit\Projects\Applications\fbe\STM32F4Discovery\STM32F4_LCMeter\STM32_LCMeter\stm32f4xx_dac.o
 .debug_loc     0x00002926      0x488 C:\FbEdit\Projects\Applications\fbe\STM32F4Discovery\STM32F4_LCMeter\STM32_LCMeter\stm32f4xx_spi.o
 .debug_loc     0x00002dae      0x508 C:\FbEdit\Projects\Applications\fbe\STM32F4Discovery\STM32F4_LCMeter\STM32_LCMeter\stm32f4xx_usart.o
 .debug_loc     0x000032b6      0x94c C:\FbEdit\Projects\Applications\fbe\STM32F4Discovery\STM32F4_LCMeter\STM32_LCMeter\stm32f4xx_adc.o
 .debug_loc     0x00003c02      0x343 C:\FbEdit\Projects\Applications\fbe\STM32F4Discovery\STM32F4_LCMeter\STM32_LCMeter\stm32f4xx_dma.o

.debug_macinfo
 *(.debug_macinfo)

.debug_weaknames
 *(.debug_weaknames)

.debug_funcnames
 *(.debug_funcnames)

.debug_typenames
 *(.debug_typenames)

.debug_varnames
 *(.debug_varnames)
START GROUP
LOAD c:/program files (x86)/raisonance/ride/arm-gcc/bin/../lib/gcc/arm-none-eabi/4.5.1/thumb2\libgcc.a
LOAD c:/program files (x86)/raisonance/ride/arm-gcc/bin/../lib/gcc/arm-none-eabi/4.5.1/../../../../arm-none-eabi/lib/thumb2\libc.a
END GROUP
OUTPUT(C:\FbEdit\Projects\Applications\fbe\STM32F4Discovery\STM32F4_LCMeter\STM32_LCMeter\LCMeter.elf elf32-littlearm)

.debug_pubtypes
                0x00000000      0xb3b
 .debug_pubtypes
                0x00000000      0x2b7 C:\FbEdit\Projects\Applications\fbe\STM32F4Discovery\STM32F4_LCMeter\STM32_LCMeter\main.o
 .debug_pubtypes
                0x000002b7       0x1e C:\FbEdit\Projects\Applications\fbe\STM32F4Discovery\STM32F4_LCMeter\STM32_LCMeter\stm32f4xx_it.o
 .debug_pubtypes
                0x000002d5       0xaa C:\FbEdit\Projects\Applications\fbe\STM32F4Discovery\STM32F4_LCMeter\STM32_LCMeter\stm32f4xx_rcc.o
 .debug_pubtypes
                0x0000037f       0xce C:\FbEdit\Projects\Applications\fbe\STM32F4Discovery\STM32F4_LCMeter\STM32_LCMeter\stm32f4xx_gpio.o
 .debug_pubtypes
                0x0000044d       0xe4 C:\FbEdit\Projects\Applications\fbe\STM32F4Discovery\STM32F4_LCMeter\STM32_LCMeter\stm32f4xx_tim.o
 .debug_pubtypes
                0x00000531       0x8c C:\FbEdit\Projects\Applications\fbe\STM32F4Discovery\STM32F4_LCMeter\STM32_LCMeter\misc.o
 .debug_pubtypes
                0x000005bd       0x83 C:\FbEdit\Projects\Applications\fbe\STM32F4Discovery\STM32F4_LCMeter\STM32_LCMeter\system_stm32f4xx.o
 .debug_pubtypes
                0x00000640      0x16e C:\FbEdit\Projects\Applications\fbe\STM32F4Discovery\STM32F4_LCMeter\STM32_LCMeter\stm32f4_discovery.o
 .debug_pubtypes
                0x000007ae       0x98 C:\FbEdit\Projects\Applications\fbe\STM32F4Discovery\STM32F4_LCMeter\STM32_LCMeter\stm32f4xx_dac.o
 .debug_pubtypes
                0x00000846       0xbc C:\FbEdit\Projects\Applications\fbe\STM32F4Discovery\STM32F4_LCMeter\STM32_LCMeter\stm32f4xx_spi.o
 .debug_pubtypes
                0x00000902       0xcd C:\FbEdit\Projects\Applications\fbe\STM32F4Discovery\STM32F4_LCMeter\STM32_LCMeter\stm32f4xx_usart.o
 .debug_pubtypes
                0x000009cf       0xc9 C:\FbEdit\Projects\Applications\fbe\STM32F4Discovery\STM32F4_LCMeter\STM32_LCMeter\stm32f4xx_adc.o
 .debug_pubtypes
                0x00000a98       0xa3 C:\FbEdit\Projects\Applications\fbe\STM32F4Discovery\STM32F4_LCMeter\STM32_LCMeter\stm32f4xx_dma.o

.debug_ranges   0x00000000      0xa60
 .debug_ranges  0x00000000       0xb0 C:\FbEdit\Projects\Applications\fbe\STM32F4Discovery\STM32F4_LCMeter\STM32_LCMeter\main.o
 .debug_ranges  0x000000b0       0x50 C:\FbEdit\Projects\Applications\fbe\STM32F4Discovery\STM32F4_LCMeter\STM32_LCMeter\stm32f4xx_it.o
 .debug_ranges  0x00000100      0x168 C:\FbEdit\Projects\Applications\fbe\STM32F4Discovery\STM32F4_LCMeter\STM32_LCMeter\stm32f4xx_rcc.o
 .debug_ranges  0x00000268       0x78 C:\FbEdit\Projects\Applications\fbe\STM32F4Discovery\STM32F4_LCMeter\STM32_LCMeter\stm32f4xx_gpio.o
 .debug_ranges  0x000002e0      0x2d8 C:\FbEdit\Projects\Applications\fbe\STM32F4Discovery\STM32F4_LCMeter\STM32_LCMeter\stm32f4xx_tim.o
 .debug_ranges  0x000005b8       0x30 C:\FbEdit\Projects\Applications\fbe\STM32F4Discovery\STM32F4_LCMeter\STM32_LCMeter\misc.o
 .debug_ranges  0x000005e8       0x18 C:\FbEdit\Projects\Applications\fbe\STM32F4Discovery\STM32F4_LCMeter\STM32_LCMeter\system_stm32f4xx.o
 .debug_ranges  0x00000600       0x38 C:\FbEdit\Projects\Applications\fbe\STM32F4Discovery\STM32F4_LCMeter\STM32_LCMeter\stm32f4_discovery.o
 .debug_ranges  0x00000638       0x90 C:\FbEdit\Projects\Applications\fbe\STM32F4Discovery\STM32F4_LCMeter\STM32_LCMeter\stm32f4xx_dac.o
 .debug_ranges  0x000006c8       0xd0 C:\FbEdit\Projects\Applications\fbe\STM32F4Discovery\STM32F4_LCMeter\STM32_LCMeter\stm32f4xx_spi.o
 .debug_ranges  0x00000798       0xf0 C:\FbEdit\Projects\Applications\fbe\STM32F4Discovery\STM32F4_LCMeter\STM32_LCMeter\stm32f4xx_usart.o
 .debug_ranges  0x00000888      0x138 C:\FbEdit\Projects\Applications\fbe\STM32F4Discovery\STM32F4_LCMeter\STM32_LCMeter\stm32f4xx_adc.o
 .debug_ranges  0x000009c0       0xa0 C:\FbEdit\Projects\Applications\fbe\STM32F4Discovery\STM32F4_LCMeter\STM32_LCMeter\stm32f4xx_dma.o
