Archive member included because of file (symbol)

D:\Ride\Ride\Lib\ARM\STM32x_io_putchar_thumb.a(STM32F10X_io_putchar.o)
                              (__io_putchar)
D:\Ride\Ride\Lib\ARM\std_sbrk_thumb.lib(write.o)
                              (_write)
d:/ride/ride/arm-gcc/bin/../lib/gcc/arm-none-eabi/4.5.1/thumb2\libgcc.a(_arm_addsubdf3.o)
                              D:\FbEdit\Projects\Applications\fbe\STM32F4Discovery\STM32F4_LCMeter\STM32_LCMeter\main.o (__aeabi_dadd)
d:/ride/ride/arm-gcc/bin/../lib/gcc/arm-none-eabi/4.5.1/thumb2\libgcc.a(_arm_muldivdf3.o)
                              D:\FbEdit\Projects\Applications\fbe\STM32F4Discovery\STM32F4_LCMeter\STM32_LCMeter\main.o (__aeabi_ddiv)
d:/ride/ride/arm-gcc/bin/../lib/gcc/arm-none-eabi/4.5.1/thumb2\libgcc.a(_arm_fixunsdfsi.o)
                              D:\FbEdit\Projects\Applications\fbe\STM32F4Discovery\STM32F4_LCMeter\STM32_LCMeter\main.o (__aeabi_d2uiz)

Allocating common symbols
Common symbol       size              file

SampleSize          0x4               D:\FbEdit\Projects\Applications\fbe\STM32F4Discovery\STM32F4_LCMeter\STM32_LCMeter\main.o
STM32_CMD           0xd8              D:\FbEdit\Projects\Applications\fbe\STM32F4Discovery\STM32F4_LCMeter\STM32_LCMeter\main.o
NVIC_InitStructure  0x4               D:\FbEdit\Projects\Applications\fbe\STM32F4Discovery\STM32F4_LCMeter\STM32_LCMeter\stm32f4_discovery.o

Discarded input sections

 .text          0x00000000       0x14 .\startup_stm32f4xx.o
 .data          0x00000000        0x0 .\startup_stm32f4xx.o
 .bss           0x00000000        0x0 .\startup_stm32f4xx.o
 .text          0x00000000        0x0 D:\FbEdit\Projects\Applications\fbe\STM32F4Discovery\STM32F4_LCMeter\STM32_LCMeter\main.o
 .data          0x00000000        0x0 D:\FbEdit\Projects\Applications\fbe\STM32F4Discovery\STM32F4_LCMeter\STM32_LCMeter\main.o
 .bss           0x00000000        0x0 D:\FbEdit\Projects\Applications\fbe\STM32F4Discovery\STM32F4_LCMeter\STM32_LCMeter\main.o
 .text.USART3_puts
                0x00000000       0x24 D:\FbEdit\Projects\Applications\fbe\STM32F4Discovery\STM32F4_LCMeter\STM32_LCMeter\main.o
 .text          0x00000000        0x0 D:\FbEdit\Projects\Applications\fbe\STM32F4Discovery\STM32F4_LCMeter\STM32_LCMeter\stm32f4xx_it.o
 .data          0x00000000        0x0 D:\FbEdit\Projects\Applications\fbe\STM32F4Discovery\STM32F4_LCMeter\STM32_LCMeter\stm32f4xx_it.o
 .bss           0x00000000        0x0 D:\FbEdit\Projects\Applications\fbe\STM32F4Discovery\STM32F4_LCMeter\STM32_LCMeter\stm32f4xx_it.o
 .text          0x00000000        0x0 D:\FbEdit\Projects\Applications\fbe\STM32F4Discovery\STM32F4_LCMeter\STM32_LCMeter\stm32f4xx_rcc.o
 .bss           0x00000000        0x0 D:\FbEdit\Projects\Applications\fbe\STM32F4Discovery\STM32F4_LCMeter\STM32_LCMeter\stm32f4xx_rcc.o
 .text.RCC_DeInit
                0x00000000       0x38 D:\FbEdit\Projects\Applications\fbe\STM32F4Discovery\STM32F4_LCMeter\STM32_LCMeter\stm32f4xx_rcc.o
 .text.RCC_HSEConfig
                0x00000000       0x14 D:\FbEdit\Projects\Applications\fbe\STM32F4Discovery\STM32F4_LCMeter\STM32_LCMeter\stm32f4xx_rcc.o
 .text.RCC_AdjustHSICalibrationValue
                0x00000000       0x18 D:\FbEdit\Projects\Applications\fbe\STM32F4Discovery\STM32F4_LCMeter\STM32_LCMeter\stm32f4xx_rcc.o
 .text.RCC_HSICmd
                0x00000000        0xc D:\FbEdit\Projects\Applications\fbe\STM32F4Discovery\STM32F4_LCMeter\STM32_LCMeter\stm32f4xx_rcc.o
 .text.RCC_LSEConfig
                0x00000000       0x3c D:\FbEdit\Projects\Applications\fbe\STM32F4Discovery\STM32F4_LCMeter\STM32_LCMeter\stm32f4xx_rcc.o
 .text.RCC_LSICmd
                0x00000000        0xc D:\FbEdit\Projects\Applications\fbe\STM32F4Discovery\STM32F4_LCMeter\STM32_LCMeter\stm32f4xx_rcc.o
 .text.RCC_PLLConfig
                0x00000000       0x24 D:\FbEdit\Projects\Applications\fbe\STM32F4Discovery\STM32F4_LCMeter\STM32_LCMeter\stm32f4xx_rcc.o
 .text.RCC_PLLCmd
                0x00000000        0xc D:\FbEdit\Projects\Applications\fbe\STM32F4Discovery\STM32F4_LCMeter\STM32_LCMeter\stm32f4xx_rcc.o
 .text.RCC_PLLI2SConfig
                0x00000000       0x18 D:\FbEdit\Projects\Applications\fbe\STM32F4Discovery\STM32F4_LCMeter\STM32_LCMeter\stm32f4xx_rcc.o
 .text.RCC_PLLI2SCmd
                0x00000000        0xc D:\FbEdit\Projects\Applications\fbe\STM32F4Discovery\STM32F4_LCMeter\STM32_LCMeter\stm32f4xx_rcc.o
 .text.RCC_ClockSecuritySystemCmd
                0x00000000        0xc D:\FbEdit\Projects\Applications\fbe\STM32F4Discovery\STM32F4_LCMeter\STM32_LCMeter\stm32f4xx_rcc.o
 .text.RCC_MCO1Config
                0x00000000       0x18 D:\FbEdit\Projects\Applications\fbe\STM32F4Discovery\STM32F4_LCMeter\STM32_LCMeter\stm32f4xx_rcc.o
 .text.RCC_MCO2Config
                0x00000000       0x18 D:\FbEdit\Projects\Applications\fbe\STM32F4Discovery\STM32F4_LCMeter\STM32_LCMeter\stm32f4xx_rcc.o
 .text.RCC_SYSCLKConfig
[...]
Memory Configuration

Name             Origin             Length             Attributes
RAM              0x20000000         0x00002000         xrw
FLASH            0x08000000         0x00010000         xr
STARTFLASH       0x00000000         0x00000000         xr
CRPPATCH         0x00000000         0x00000000         r
FLASHPATCH       0x00000000         0x00000000         r
ENDFLASH         0x00000000         0x00000000         xr
FLASHB1          0x00000000         0x00000000         xr
EXTMEMB0         0x00000000         0x00000000         xr
EXTMEMB1         0x00000000         0x00000000         xr
EXTMEMB2         0x00000000         0x00000000         xr
EXTMEMB3         0x00000000         0x00000000         xr
*default*        0x00000000         0xffffffff

Linker script and memory map

LOAD .\startup_stm32f4xx.o
LOAD D:\FbEdit\Projects\Applications\fbe\STM32F4Discovery\STM32F4_LCMeter\STM32_LCMeter\main.o
LOAD D:\FbEdit\Projects\Applications\fbe\STM32F4Discovery\STM32F4_LCMeter\STM32_LCMeter\stm32f4xx_it.o
LOAD D:\FbEdit\Projects\Applications\fbe\STM32F4Discovery\STM32F4_LCMeter\STM32_LCMeter\stm32f4xx_rcc.o
LOAD D:\FbEdit\Projects\Applications\fbe\STM32F4Discovery\STM32F4_LCMeter\STM32_LCMeter\stm32f4xx_gpio.o
LOAD D:\FbEdit\Projects\Applications\fbe\STM32F4Discovery\STM32F4_LCMeter\STM32_LCMeter\stm32f4xx_tim.o
LOAD D:\FbEdit\Projects\Applications\fbe\STM32F4Discovery\STM32F4_LCMeter\STM32_LCMeter\misc.o
LOAD D:\FbEdit\Projects\Applications\fbe\STM32F4Discovery\STM32F4_LCMeter\STM32_LCMeter\system_stm32f4xx.o
LOAD D:\FbEdit\Projects\Applications\fbe\STM32F4Discovery\STM32F4_LCMeter\STM32_LCMeter\stm32f4_discovery.o
LOAD D:\FbEdit\Projects\Applications\fbe\STM32F4Discovery\STM32F4_LCMeter\STM32_LCMeter\stm32f4xx_dac.o
LOAD D:\FbEdit\Projects\Applications\fbe\STM32F4Discovery\STM32F4_LCMeter\STM32_LCMeter\stm32f4xx_spi.o
LOAD D:\FbEdit\Projects\Applications\fbe\STM32F4Discovery\STM32F4_LCMeter\STM32_LCMeter\stm32f4xx_usart.o
LOAD D:\FbEdit\Projects\Applications\fbe\STM32F4Discovery\STM32F4_LCMeter\STM32_LCMeter\stm32f4xx_adc.o
LOAD D:\FbEdit\Projects\Applications\fbe\STM32F4Discovery\STM32F4_LCMeter\STM32_LCMeter\stm32f4xx_dma.o
START GROUP
LOAD D:\Ride\Ride\Lib\ARM\STM32x_io_putchar_thumb.a
LOAD D:\Ride\Ride\Lib\ARM\std_sbrk_thumb.lib
LOAD D:\Ride\Ride\Lib\ARM\smallprintf_thumb.a
LOAD d:/ride/ride/arm-gcc/bin/../lib/gcc/arm-none-eabi/4.5.1/../../../../arm-none-eabi/lib/thumb2\libc.a
LOAD d:/ride/ride/arm-gcc/bin/../lib/gcc/arm-none-eabi/4.5.1/../../../../arm-none-eabi/lib/thumb2\libm.a
END GROUP
                0x00000400                __Stack_Size = 0x400
                0x00000400                PROVIDE (_Stack_Size, __Stack_Size)
                0x20001c00                __Stack_Init = (_estack - __Stack_Size)
                0x20001c00                PROVIDE (_Stack_Init, __Stack_Init)
                0x00000100                _Minimum_Stack_Size = 0x100
                0x00000000                PROVIDE (Undefined_Handler, 0x0)
                0x00000000                PROVIDE (SWI_Handler, 0x0)
                0x00000000                PROVIDE (IRQ_Handler, 0x0)
                0x00000000                PROVIDE (Prefetch_Handler, 0x0)
                0x00000000                PROVIDE (Abort_Handler, 0x0)
                0x00000000                PROVIDE (FIQ_Handler, 0x0)
                0x00000000                PROVIDE (NMIException, 0x0)
                0x00000000                PROVIDE (NMI_Handler, 0x0)
                0x00000000                PROVIDE (HardFaultException, 0x0)
                0x00000000                PROVIDE (HardFault_Handler, 0x0)
                0x00000000                PROVIDE (MemManageException, 0x0)
                0x00000000                PROVIDE (MemManage_Handler, 0x0)
                0x00000000                PROVIDE (BusFaultException, 0x0)
                0x00000000                PROVIDE (BusFault_Handler, 0x0)
                0x00000000                PROVIDE (UsageFaultException, 0x0)
                0x00000000                PROVIDE (UsageFault_Handler, 0x0)
                0x00000000                PROVIDE (SVCHandler, 0x0)
                0x00000000                PROVIDE (SVC_Handler, 0x0)
                0x00000000                PROVIDE (DebugMonitor, 0x0)
                0x00000000                PROVIDE (DebugMon_Handler, 0x0)
                0x00000000                PROVIDE (PendSVC, 0x0)
                0x00000000                PROVIDE (PendSV_Handler, 0x0)
                0x00000000                PROVIDE (SysTickHandler, 0x0)
                0x00000000                PROVIDE (SysTick_Handler, 0x0)
                0x00000000                PROVIDE (WWDG_IRQHandler, 0x0)
                0x00000000                PROVIDE (PVD_IRQHandler, 0x0)
                0x00000000                PROVIDE (TAMPER_IRQHandler, 0x0)
                0x00000000                PROVIDE (RTC_IRQHandler, 0x0)
                0x00000000                PROVIDE (FLASH_IRQHandler, 0x0)
                0x00000000                PROVIDE (RCC_IRQHandler, 0x0)
                0x00000000                PROVIDE (EXTI0_IRQHandler, 0x0)
                0x00000000                PROVIDE (EXTI1_IRQHandler, 0x0)
                0x00000000                PROVIDE (EXTI2_IRQHandler, 0x0)
                0x00000000                PROVIDE (EXTI3_IRQHandler, 0x0)
                0x00000000                PROVIDE (EXTI4_IRQHandler, 0x0)
                0x00000000                PROVIDE (DMAChannel1_IRQHandler, 0x0)
                0x00000000                PROVIDE (DMAChannel2_IRQHandler, 0x0)
                0x00000000                PROVIDE (DMAChannel3_IRQHandler, 0x0)
                0x00000000                PROVIDE (DMAChannel4_IRQHandler, 0x0)
                0x00000000                PROVIDE (DMAChannel5_IRQHandler, 0x0)
                0x00000000                PROVIDE (DMAChannel6_IRQHandler, 0x0)
                0x00000000                PROVIDE (DMAChannel7_IRQHandler, 0x0)
                0x00000000                PROVIDE (DMA1_Channel1_IRQHandler, 0x0)
                0x00000000                PROVIDE (DMA1_Channel2_IRQHandler, 0x0)
                0x00000000                PROVIDE (DMA1_Channel3_IRQHandler, 0x0)
                0x00000000                PROVIDE (DMA1_Channel4_IRQHandler, 0x0)
                0x00000000                PROVIDE (DMA1_Channel5_IRQHandler, 0x0)
                0x00000000                PROVIDE (DMA1_Channel6_IRQHandler, 0x0)
                0x00000000                PROVIDE (DMA1_Channel7_IRQHandler, 0x0)
                0x00000000                PROVIDE (ADC_IRQHandler, 0x0)
                0x00000000                PROVIDE (ADC1_2_IRQHandler, 0x0)
                0x00000000                PROVIDE (USB_HP_CAN_TX_IRQHandler, 0x0)
                0x00000000                PROVIDE (USB_HP_CAN1_TX_IRQHandler, 0x0)
                0x00000000                PROVIDE (USB_LP_CAN_RX0_IRQHandler, 0x0)
                0x00000000                PROVIDE (USB_LP_CAN1_RX0_IRQHandler, 0x0)
                0x00000000                PROVIDE (CAN_RX1_IRQHandler, 0x0)
                0x00000000                PROVIDE (CAN1_RX1_IRQHandler, 0x0)
                0x00000000                PROVIDE (CAN_SCE_IRQHandler, 0x0)
                0x00000000                PROVIDE (CAN1_SCE_IRQHandler, 0x0)
                0x00000000                PROVIDE (EXTI9_5_IRQHandler, 0x0)
                0x00000000                PROVIDE (TIM1_BRK_IRQHandler, 0x0)
                0x00000000                PROVIDE (TIM1_UP_IRQHandler, 0x0)
                0x00000000                PROVIDE (TIM1_TRG_COM_IRQHandler, 0x0)
                0x00000000                PROVIDE (TIM1_CC_IRQHandler, 0x0)
                0x00000000                PROVIDE (TIM2_IRQHandler, 0x0)
                0x00000000                PROVIDE (TIM3_IRQHandler, 0x0)
                0x00000000                PROVIDE (TIM4_IRQHandler, 0x0)
                0x00000000                PROVIDE (I2C1_EV_IRQHandler, 0x0)
                0x00000000                PROVIDE (I2C1_ER_IRQHandler, 0x0)
                0x00000000                PROVIDE (I2C2_EV_IRQHandler, 0x0)
                0x00000000                PROVIDE (I2C2_ER_IRQHandler, 0x0)
                0x00000000                PROVIDE (SPI1_IRQHandler, 0x0)
                0x00000000                PROVIDE (SPI2_IRQHandler, 0x0)
                0x00000000                PROVIDE (USART1_IRQHandler, 0x0)
                0x00000000                PROVIDE (USART2_IRQHandler, 0x0)
                0x00000000                PROVIDE (USART3_IRQHandler, 0x0)
                0x00000000                PROVIDE (EXTI15_10_IRQHandler, 0x0)
                0x00000000                PROVIDE (RTCAlarm_IRQHandler, 0x0)
                0x00000000                PROVIDE (USBWakeUp_IRQHandler, 0x0)
                0x00000000                PROVIDE (TIM8_BRK_IRQHandler, 0x0)
                0x00000000                PROVIDE (TIM8_UP_IRQHandler, 0x0)
                0x00000000                PROVIDE (TIM8_TRG_COM_IRQHandler, 0x0)
                0x00000000                PROVIDE (TIM8_CC_IRQHandler, 0x0)
                0x00000000                PROVIDE (ADC3_IRQHandler, 0x0)
                0x00000000                PROVIDE (FSMC_IRQHandler, 0x0)
                0x00000000                PROVIDE (SDIO_IRQHandler, 0x0)
                0x00000000                PROVIDE (TIM5_IRQHandler, 0x0)
                0x00000000                PROVIDE (SPI3_IRQHandler, 0x0)
                0x00000000                PROVIDE (UART4_IRQHandler, 0x0)
                0x00000000                PROVIDE (UART5_IRQHandler, 0x0)
                0x00000000                PROVIDE (TIM6_IRQHandler, 0x0)
                0x00000000                PROVIDE (TIM7_IRQHandler, 0x0)
                0x00000000                PROVIDE (DMA2_Channel1_IRQHandler, 0x0)
                0x00000000                PROVIDE (DMA2_Channel2_IRQHandler, 0x0)
                0x00000000                PROVIDE (DMA2_Channel3_IRQHandler, 0x0)
                0x00000000                PROVIDE (DMA2_Channel4_5_IRQHandler, 0x0)
                0x42000000                PERIPH_BB_BASE = 0x42000000
                0x22000000                SRAM_BB_BASE = 0x22000000
                0x20000000                SRAM_BASE = 0x20000000
                0x40000000                PERIPH_BASE = 0x40000000
                0x40022000                PROVIDE (FLASH_BASE, 0x40022000)
                0x1ffff800                PROVIDE (OB_BASE, 0x1ffff800)
                0x40000000                APB1PERIPH_BASE = PERIPH_BASE
                0x40010000                APB2PERIPH_BASE = (PERIPH_BASE + 0x10000)
                0x40020000                AHBPERIPH_BASE = (PERIPH_BASE + 0x20000)
                0x40000000                PROVIDE (TIM2, (APB1PERIPH_BASE + 0x0))
                0x40000400                PROVIDE (TIM3, (APB1PERIPH_BASE + 0x400))
                0x40000800                PROVIDE (TIM4, (APB1PERIPH_BASE + 0x800))
                0x40002800                PROVIDE (RTC, (APB1PERIPH_BASE + 0x2800))
                0x40002c00                PROVIDE (WWDG, (APB1PERIPH_BASE + 0x2c00))
                0x40003000                PROVIDE (IWDG, (APB1PERIPH_BASE + 0x3000))
                0x40003800                PROVIDE (SPI2, (APB1PERIPH_BASE + 0x3800))
                0x40004400                PROVIDE (USART2, (APB1PERIPH_BASE + 0x4400))
                0x40004800                PROVIDE (USART3, (APB1PERIPH_BASE + 0x4800))
                0x40005400                PROVIDE (I2C1, (APB1PERIPH_BASE + 0x5400))
                0x40005800                PROVIDE (I2C2, (APB1PERIPH_BASE + 0x5800))
                0x40006400                PROVIDE (CAN, (APB1PERIPH_BASE + 0x6400))
                0x40006c00                PROVIDE (BKP, (APB1PERIPH_BASE + 0x6c00))
                0x40007000                PROVIDE (PWR, (APB1PERIPH_BASE + 0x7000))
                0x40010000                PROVIDE (AFIO, (APB2PERIPH_BASE + 0x0))
                0x40010400                PROVIDE (EXTI, (APB2PERIPH_BASE + 0x400))
                0x40010800                PROVIDE (GPIOA, (APB2PERIPH_BASE + 0x800))
                0x40010c00                PROVIDE (GPIOB, (APB2PERIPH_BASE + 0xc00))
                0x40011000                PROVIDE (GPIOC, (APB2PERIPH_BASE + 0x1000))
                0x40011400                PROVIDE (GPIOD, (APB2PERIPH_BASE + 0x1400))
                0x40011800                PROVIDE (GPIOE, (APB2PERIPH_BASE + 0x1800))
                0x40012400                PROVIDE (ADC1, (APB2PERIPH_BASE + 0x2400))
                0x40012800                PROVIDE (ADC2, (APB2PERIPH_BASE + 0x2800))
                0x40012c00                PROVIDE (TIM1, (APB2PERIPH_BASE + 0x2c00))
                0x40013000                PROVIDE (SPI1, (APB2PERIPH_BASE + 0x3000))
                0x40013800                PROVIDE (USART1, (APB2PERIPH_BASE + 0x3800))
                0x40020000                PROVIDE (DMA, (AHBPERIPH_BASE + 0x0))
                0x40020008                PROVIDE (DMA_Channel1, (AHBPERIPH_BASE + 0x8))
                0x4002001c                PROVIDE (DMA_Channel2, (AHBPERIPH_BASE + 0x1c))
                0x40020030                PROVIDE (DMA_Channel3, (AHBPERIPH_BASE + 0x30))
                0x40020044                PROVIDE (DMA_Channel4, (AHBPERIPH_BASE + 0x44))
                0x40020058                PROVIDE (DMA_Channel5, (AHBPERIPH_BASE + 0x58))
                0x4002006c                PROVIDE (DMA_Channel6, (AHBPERIPH_BASE + 0x6c))
                0x40020080                PROVIDE (DMA_Channel7, (AHBPERIPH_BASE + 0x80))
                0x40021000                PROVIDE (RCC, (AHBPERIPH_BASE + 0x1000))
                0xe000e000                SCS_BASE = 0xe000e000
                0xe000e010                PROVIDE (SysTick, (SCS_BASE + 0x10))
                0xe000e100                PROVIDE (NVIC, (SCS_BASE + 0x100))
                0xe000ed00                PROVIDE (SCB, (SCS_BASE + 0xd00))
                0x20002000                _estack = 0x20002000

.isr_vector     0x08000000      0x188
                0x08000000                . = ALIGN (0x4)
 *(.isr_vector)
 .isr_vector    0x08000000      0x188 .\startup_stm32f4xx.o
                0x08000000                g_pfnVectors
                0x08000188                . = ALIGN (0x4)

.flash_start    0x00000000        0x0
                0x00000000                . = ALIGN (0x4)
 *(.flash_start)
 *(.flash_start.*)
                0x00000000                . = ALIGN (0x4)

.crp_patch      0x00000000        0x0
                0x00000000                . = ALIGN (0x4)
 *(.crp_patch)
                0x00000000                . = ALIGN (0x4)

.flashtext      0x08000188        0x0
                0x08000188                . = ALIGN (0x4)
 *(.flashtext)
                0x08000188                . = ALIGN (0x4)

.text           0x08000188     0x2c30
                0x08000188                . = ALIGN (0x4)
 *(.text)
 .text          0x08000188      0x370 d:/ride/ride/arm-gcc/bin/../lib/gcc/arm-none-eabi/4.5.1/thumb2\libgcc.a(_arm_addsubdf3.o)
                0x08000188                __aeabi_drsub
                0x08000190                __aeabi_dsub
                0x08000190                __subdf3
                0x08000194                __aeabi_dadd
                0x08000194                __adddf3
                0x0800040c                __floatunsidf
                0x0800040c                __aeabi_ui2d
                0x0800042c                __floatsidf
                0x0800042c                __aeabi_i2d
                0x08000450                __aeabi_f2d
                0x08000450                __extendsfdf2
                0x0800048c                __floatundidf
                0x0800048c                __aeabi_ul2d
                0x0800049c                __floatdidf
                0x0800049c                __aeabi_l2d
 .text          0x080004f8      0x424 d:/ride/ride/arm-gcc/bin/../lib/gcc/arm-none-eabi/4.5.1/thumb2\libgcc.a(_arm_muldivdf3.o)
                0x080004f8                __aeabi_dmul
                0x080004f8                __muldf3
                0x0800074c                __divdf3
                0x0800074c                __aeabi_ddiv
 .text          0x0800091c       0x40 d:/ride/ride/arm-gcc/bin/../lib/gcc/arm-none-eabi/4.5.1/thumb2\libgcc.a(_arm_fixunsdfsi.o)
                0x0800091c                __aeabi_d2uiz
                0x0800091c                __fixunsdfsi
 *(.text.*)
 .text.Reset_Handler
                0x0800095c       0x44 .\startup_stm32f4xx.o
                0x0800095c                Reset_Handler
 .text.Default_Handler
                0x080009a0        0x2 .\startup_stm32f4xx.o
                0x080009a0                RTC_Alarm_IRQHandler
                0x080009a0                HASH_RNG_IRQHandler
                0x080009a0                EXTI2_IRQHandler
                0x080009a0                TIM8_CC_IRQHandler
                0x080009a0                TIM1_CC_IRQHandler
                0x080009a0                DMA2_Stream5_IRQHandler
                0x080009a0                DMA1_Stream5_IRQHandler
                0x080009a0                PVD_IRQHandler
                0x080009a0                SDIO_IRQHandler
                0x080009a0                TAMP_STAMP_IRQHandler
                0x080009a0                CAN2_RX1_IRQHandler
                0x080009a0                EXTI3_IRQHandler
                0x080009a0                TIM8_TRG_COM_TIM14_IRQHandler
                0x080009a0                TIM1_UP_TIM10_IRQHandler
                0x080009a0                TIM8_UP_TIM13_IRQHandler
                0x080009a0                I2C3_ER_IRQHandler
                0x080009a0                EXTI0_IRQHandler
                0x080009a0                I2C2_EV_IRQHandler
                0x080009a0                DMA1_Stream2_IRQHandler
                0x080009a0                CAN1_RX0_IRQHandler
                0x080009a0                FPU_IRQHandler
                0x080009a0                OTG_HS_WKUP_IRQHandler
                0x080009a0                CAN2_SCE_IRQHandler
                0x080009a0                DMA2_Stream2_IRQHandler
                0x080009a0                SPI1_IRQHandler
                0x080009a0                TIM6_DAC_IRQHandler
                0x080009a0                TIM1_BRK_TIM9_IRQHandler
                0x080009a0                DCMI_IRQHandler
                0x080009a0                CAN2_RX0_IRQHandler
                0x080009a0                DMA2_Stream3_IRQHandler
                0x080009a0                USART6_IRQHandler
                0x080009a0                USART3_IRQHandler
                0x080009a0                CRYP_IRQHandler
                0x080009a0                CAN1_RX1_IRQHandler
                0x080009a0                UART5_IRQHandler
                0x080009a0                DMA2_Stream0_IRQHandler
                0x080009a0                TIM4_IRQHandler
                0x080009a0                I2C1_EV_IRQHandler
                0x080009a0                DMA1_Stream6_IRQHandler
                0x080009a0                DMA1_Stream1_IRQHandler
                0x080009a0                UART4_IRQHandler
                0x080009a0                RCC_IRQHandler
                0x080009a0                TIM8_BRK_TIM12_IRQHandler
                0x080009a0                Default_Handler
                0x080009a0                EXTI15_10_IRQHandler
                0x080009a0                ADC_IRQHandler
                0x080009a0                DMA1_Stream7_IRQHandler
                0x080009a0                TIM7_IRQHandler
                0x080009a0                CAN2_TX_IRQHandler
                0x080009a0                TIM5_IRQHandler
                0x080009a0                DMA2_Stream7_IRQHandler
                0x080009a0                I2C3_EV_IRQHandler
                0x080009a0                EXTI9_5_IRQHandler
                0x080009a0                RTC_WKUP_IRQHandler
                0x080009a0                ETH_WKUP_IRQHandler
                0x080009a0                SPI2_IRQHandler
                0x080009a0                OTG_HS_EP1_IN_IRQHandler
                0x080009a0                DMA1_Stream0_IRQHandler
                0x080009a0                CAN1_TX_IRQHandler
                0x080009a0                EXTI4_IRQHandler
                0x080009a0                FSMC_IRQHandler
                0x080009a0                ETH_IRQHandler
                0x080009a0                OTG_HS_EP1_OUT_IRQHandler
                0x080009a0                WWDG_IRQHandler
                0x080009a0                TIM2_IRQHandler
                0x080009a0                OTG_FS_WKUP_IRQHandler
                0x080009a0                TIM1_TRG_COM_TIM11_IRQHandler
                0x080009a0                OTG_HS_IRQHandler
                0x080009a0                EXTI1_IRQHandler
                0x080009a0                USART2_IRQHandler
                0x080009a0                I2C2_ER_IRQHandler
                0x080009a0                DMA2_Stream1_IRQHandler
                0x080009a0                CAN1_SCE_IRQHandler
                0x080009a0                FLASH_IRQHandler
                0x080009a0                DMA2_Stream4_IRQHandler
                0x080009a0                USART1_IRQHandler
                0x080009a0                OTG_FS_IRQHandler
                0x080009a0                SPI3_IRQHandler
                0x080009a0                DMA1_Stream4_IRQHandler
                0x080009a0                I2C1_ER_IRQHandler
                0x080009a0                DMA2_Stream6_IRQHandler
                0x080009a0                DMA1_Stream3_IRQHandler
 *fill*         0x080009a2        0x2 00
 .text.GetScopeSampleSize
                0x080009a4       0x40 D:\FbEdit\Projects\Applications\fbe\STM32F4Discovery\STM32F4_LCMeter\STM32_LCMeter\main.o
                0x080009a4                GetScopeSampleSize
 .text.ScopeResetWave
                0x080009e4       0x18 D:\FbEdit\Projects\Applications\fbe\STM32F4Discovery\STM32F4_LCMeter\STM32_LCMeter\main.o
                0x080009e4                ScopeResetWave
 .text.ScopeLineTo
                0x080009fc      0x128 D:\FbEdit\Projects\Applications\fbe\STM32F4Discovery\STM32F4_LCMeter\STM32_LCMeter\main.o
                0x080009fc                ScopeLineTo
 *fill*         0x08000b24        0x4 00
 .text.ScopeSetWaveData
                0x08000b28      0x148 D:\FbEdit\Projects\Applications\fbe\STM32F4Discovery\STM32F4_LCMeter\STM32_LCMeter\main.o
                0x08000b28                ScopeSetWaveData
 .text.ScopeFindTrigger
                0x08000c70       0xd4 D:\FbEdit\Projects\Applications\fbe\STM32F4Discovery\STM32F4_LCMeter\STM32_LCMeter\main.o
                0x08000c70                ScopeFindTrigger
 .text.SendCompressedBuffer
                0x08000d44       0x98 D:\FbEdit\Projects\Applications\fbe\STM32F4Discovery\STM32F4_LCMeter\STM32_LCMeter\main.o
                0x08000d44                SendCompressedBuffer
 .text.GetFrequency
                0x08000ddc       0x24 D:\FbEdit\Projects\Applications\fbe\STM32F4Discovery\STM32F4_LCMeter\STM32_LCMeter\main.o
                0x08000ddc                GetFrequency
 .text.LCM_Calibrate
                0x08000e00       0xa4 D:\FbEdit\Projects\Applications\fbe\STM32F4Discovery\STM32F4_LCMeter\STM32_LCMeter\main.o
                0x08000e00                LCM_Calibrate
 .text.SPISendData
                0x08000ea4       0x2c D:\FbEdit\Projects\Applications\fbe\STM32F4Discovery\STM32F4_LCMeter\STM32_LCMeter\main.o
                0x08000ea4                SPISendData
 .text.SPISendData32
                0x08000ed0       0x14 D:\FbEdit\Projects\Applications\fbe\STM32F4Discovery\STM32F4_LCMeter\STM32_LCMeter\main.o
                0x08000ed0                SPISendData32
 .text.USART3_putdata
                0x08000ee4       0x30 D:\FbEdit\Projects\Applications\fbe\STM32F4Discovery\STM32F4_LCMeter\STM32_LCMeter\main.o
                0x08000ee4                USART3_putdata
 .text.USART3_getdata
                0x08000f14       0x30 D:\FbEdit\Projects\Applications\fbe\STM32F4Discovery\STM32F4_LCMeter\STM32_LCMeter\main.o
                0x08000f14                USART3_getdata
 .text.RCC_Config
                0x08000f44       0x74 D:\FbEdit\Projects\Applications\fbe\STM32F4Discovery\STM32F4_LCMeter\STM32_LCMeter\main.o
                0x08000f44                RCC_Config
 .text.NVIC_Config
                0x08000fb8       0x2c D:\FbEdit\Projects\Applications\fbe\STM32F4Discovery\STM32F4_LCMeter\STM32_LCMeter\main.o
                0x08000fb8                NVIC_Config
 .text.GPIO_Config
                0x08000fe4      0x1dc D:\FbEdit\Projects\Applications\fbe\STM32F4Discovery\STM32F4_LCMeter\STM32_LCMeter\main.o
                0x08000fe4                GPIO_Config
 .text.TIM_Config
                0x080011c0      0x138 D:\FbEdit\Projects\Applications\fbe\STM32F4Discovery\STM32F4_LCMeter\STM32_LCMeter\main.o
                0x080011c0                TIM_Config
 .text.DAC_Config
                0x080012f8       0x70 D:\FbEdit\Projects\Applications\fbe\STM32F4Discovery\STM32F4_LCMeter\STM32_LCMeter\main.o
                0x080012f8                DAC_Config
 .text.DMA_SingleConfig
                0x08001368       0x78 D:\FbEdit\Projects\Applications\fbe\STM32F4Discovery\STM32F4_LCMeter\STM32_LCMeter\main.o
                0x08001368                DMA_SingleConfig
 .text.ADC_SingleConfig
                0x080013e0       0x7c D:\FbEdit\Projects\Applications\fbe\STM32F4Discovery\STM32F4_LCMeter\STM32_LCMeter\main.o
                0x080013e0                ADC_SingleConfig
 .text.DMA_TripleConfig
                0x0800145c       0x78 D:\FbEdit\Projects\Applications\fbe\STM32F4Discovery\STM32F4_LCMeter\STM32_LCMeter\main.o
                0x0800145c                DMA_TripleConfig
 .text.ADC_TripleConfig
                0x080014d4       0xd0 D:\FbEdit\Projects\Applications\fbe\STM32F4Discovery\STM32F4_LCMeter\STM32_LCMeter\main.o
                0x080014d4                ADC_TripleConfig
 .text.DMA_LGAConfig
                0x080015a4       0x78 D:\FbEdit\Projects\Applications\fbe\STM32F4Discovery\STM32F4_LCMeter\STM32_LCMeter\main.o
                0x080015a4                DMA_LGAConfig
 .text.SPI_Config
                0x0800161c       0x64 D:\FbEdit\Projects\Applications\fbe\STM32F4Discovery\STM32F4_LCMeter\STM32_LCMeter\main.o
                0x0800161c                SPI_Config
 .text.USART_Config
                0x08001680       0x6c D:\FbEdit\Projects\Applications\fbe\STM32F4Discovery\STM32F4_LCMeter\STM32_LCMeter\main.o
                0x08001680                USART_Config
 .text.main     0x080016ec      0x6f8 D:\FbEdit\Projects\Applications\fbe\STM32F4Discovery\STM32F4_LCMeter\STM32_LCMeter\main.o
                0x080016ec                main
 .text.TIM3_IRQHandler
                0x08001de4       0x70 D:\FbEdit\Projects\Applications\fbe\STM32F4Discovery\STM32F4_LCMeter\STM32_LCMeter\main.o
                0x08001de4                TIM3_IRQHandler
 .text.NMI_Handler
                0x08001e54        0x4 D:\FbEdit\Projects\Applications\fbe\STM32F4Discovery\STM32F4_LCMeter\STM32_LCMeter\stm32f4xx_it.o
                0x08001e54                NMI_Handler
 .text.HardFault_Handler
                0x08001e58        0x4 D:\FbEdit\Projects\Applications\fbe\STM32F4Discovery\STM32F4_LCMeter\STM32_LCMeter\stm32f4xx_it.o
                0x08001e58                HardFault_Handler
 .text.MemManage_Handler
                0x08001e5c        0x4 D:\FbEdit\Projects\Applications\fbe\STM32F4Discovery\STM32F4_LCMeter\STM32_LCMeter\stm32f4xx_it.o
                0x08001e5c                MemManage_Handler
 .text.BusFault_Handler
                0x08001e60        0x4 D:\FbEdit\Projects\Applications\fbe\STM32F4Discovery\STM32F4_LCMeter\STM32_LCMeter\stm32f4xx_it.o
                0x08001e60                BusFault_Handler
 .text.UsageFault_Handler
                0x08001e64        0x4 D:\FbEdit\Projects\Applications\fbe\STM32F4Discovery\STM32F4_LCMeter\STM32_LCMeter\stm32f4xx_it.o
                0x08001e64                UsageFault_Handler
 .text.DebugMon_Handler
                0x08001e68        0x4 D:\FbEdit\Projects\Applications\fbe\STM32F4Discovery\STM32F4_LCMeter\STM32_LCMeter\stm32f4xx_it.o
                0x08001e68                DebugMon_Handler
 .text.SVC_Handler
                0x08001e6c        0x4 D:\FbEdit\Projects\Applications\fbe\STM32F4Discovery\STM32F4_LCMeter\STM32_LCMeter\stm32f4xx_it.o
                0x08001e6c                SVC_Handler
 .text.PendSV_Handler
                0x08001e70        0x4 D:\FbEdit\Projects\Applications\fbe\STM32F4Discovery\STM32F4_LCMeter\STM32_LCMeter\stm32f4xx_it.o
                0x08001e70                PendSV_Handler
 .text.SysTick_Handler
                0x08001e74        0x4 D:\FbEdit\Projects\Applications\fbe\STM32F4Discovery\STM32F4_LCMeter\STM32_LCMeter\stm32f4xx_it.o
                0x08001e74                SysTick_Handler
 .text.RCC_GetClocksFreq
                0x08001e78       0xd8 D:\FbEdit\Projects\Applications\fbe\STM32F4Discovery\STM32F4_LCMeter\STM32_LCMeter\stm32f4xx_rcc.o
                0x08001e78                RCC_GetClocksFreq
 .text.RCC_AHB1PeriphClockCmd
                0x08001f50       0x24 D:\FbEdit\Projects\Applications\fbe\STM32F4Discovery\STM32F4_LCMeter\STM32_LCMeter\stm32f4xx_rcc.o
                0x08001f50                RCC_AHB1PeriphClockCmd
 .text.RCC_APB1PeriphClockCmd
                0x08001f74       0x24 D:\FbEdit\Projects\Applications\fbe\STM32F4Discovery\STM32F4_LCMeter\STM32_LCMeter\stm32f4xx_rcc.o
                0x08001f74                RCC_APB1PeriphClockCmd
 .text.RCC_APB2PeriphClockCmd
                0x08001f98       0x24 D:\FbEdit\Projects\Applications\fbe\STM32F4Discovery\STM32F4_LCMeter\STM32_LCMeter\stm32f4xx_rcc.o
                0x08001f98                RCC_APB2PeriphClockCmd
 .text.GPIO_Init
                0x08001fbc       0xbc D:\FbEdit\Projects\Applications\fbe\STM32F4Discovery\STM32F4_LCMeter\STM32_LCMeter\stm32f4xx_gpio.o
                0x08001fbc                GPIO_Init
 .text.GPIO_SetBits
                0x08002078        0x4 D:\FbEdit\Projects\Applications\fbe\STM32F4Discovery\STM32F4_LCMeter\STM32_LCMeter\stm32f4xx_gpio.o
                0x08002078                GPIO_SetBits
 .text.GPIO_ResetBits
                0x0800207c        0x4 D:\FbEdit\Projects\Applications\fbe\STM32F4Discovery\STM32F4_LCMeter\STM32_LCMeter\stm32f4xx_gpio.o
                0x0800207c                GPIO_ResetBits
 .text.GPIO_PinAFConfig
                0x08002080       0x3c D:\FbEdit\Projects\Applications\fbe\STM32F4Discovery\STM32F4_LCMeter\STM32_LCMeter\stm32f4xx_gpio.o
                0x08002080                GPIO_PinAFConfig
 .text.TIM_TimeBaseInit
                0x080020bc       0xc0 D:\FbEdit\Projects\Applications\fbe\STM32F4Discovery\STM32F4_LCMeter\STM32_LCMeter\stm32f4xx_tim.o
                0x080020bc                TIM_TimeBaseInit
 .text.TIM_ARRPreloadConfig
                0x0800217c       0x20 D:\FbEdit\Projects\Applications\fbe\STM32F4Discovery\STM32F4_LCMeter\STM32_LCMeter\stm32f4xx_tim.o
                0x0800217c                TIM_ARRPreloadConfig
 .text.TIM_Cmd  0x0800219c       0x20 D:\FbEdit\Projects\Applications\fbe\STM32F4Discovery\STM32F4_LCMeter\STM32_LCMeter\stm32f4xx_tim.o
                0x0800219c                TIM_Cmd
 .text.TIM_OC2Init
                0x080021bc       0xb0 D:\FbEdit\Projects\Applications\fbe\STM32F4Discovery\STM32F4_LCMeter\STM32_LCMeter\stm32f4xx_tim.o
                0x080021bc                TIM_OC2Init
 .text.TIM_OCStructInit
                0x0800226c       0x18 D:\FbEdit\Projects\Applications\fbe\STM32F4Discovery\STM32F4_LCMeter\STM32_LCMeter\stm32f4xx_tim.o
                0x0800226c                TIM_OCStructInit
 .text.TIM_OC2PreloadConfig
                0x08002284       0x18 D:\FbEdit\Projects\Applications\fbe\STM32F4Discovery\STM32F4_LCMeter\STM32_LCMeter\stm32f4xx_tim.o
                0x08002284                TIM_OC2PreloadConfig
 .text.TIM_ITConfig
                0x0800229c       0x18 D:\FbEdit\Projects\Applications\fbe\STM32F4Discovery\STM32F4_LCMeter\STM32_LCMeter\stm32f4xx_tim.o
                0x0800229c                TIM_ITConfig
 .text.TIM_ClearITPendingBit
                0x080022b4        0xc D:\FbEdit\Projects\Applications\fbe\STM32F4Discovery\STM32F4_LCMeter\STM32_LCMeter\stm32f4xx_tim.o
                0x080022b4                TIM_ClearITPendingBit
 .text.TIM_DMACmd
                0x080022c0       0x18 D:\FbEdit\Projects\Applications\fbe\STM32F4Discovery\STM32F4_LCMeter\STM32_LCMeter\stm32f4xx_tim.o
                0x080022c0                TIM_DMACmd
 .text.NVIC_Init
                0x080022d8       0x88 D:\FbEdit\Projects\Applications\fbe\STM32F4Discovery\STM32F4_LCMeter\STM32_LCMeter\misc.o
                0x080022d8                NVIC_Init
 .text.SystemInit
                0x08002360      0x124 D:\FbEdit\Projects\Applications\fbe\STM32F4Discovery\STM32F4_LCMeter\STM32_LCMeter\system_stm32f4xx.o
                0x08002360                SystemInit
 .text.STM_EVAL_LEDInit
                0x08002484       0x54 D:\FbEdit\Projects\Applications\fbe\STM32F4Discovery\STM32F4_LCMeter\STM32_LCMeter\stm32f4_discovery.o
                0x08002484                STM_EVAL_LEDInit
 .text.STM_EVAL_LEDToggle
                0x080024d8       0x24 D:\FbEdit\Projects\Applications\fbe\STM32F4Discovery\STM32F4_LCMeter\STM32_LCMeter\stm32f4_discovery.o
                0x080024d8                STM_EVAL_LEDToggle
 .text.DAC_Init
                0x080024fc       0x38 D:\FbEdit\Projects\Applications\fbe\STM32F4Discovery\STM32F4_LCMeter\STM32_LCMeter\stm32f4xx_dac.o
                0x080024fc                DAC_Init
 .text.DAC_StructInit
                0x08002534       0x10 D:\FbEdit\Projects\Applications\fbe\STM32F4Discovery\STM32F4_LCMeter\STM32_LCMeter\stm32f4xx_dac.o
                0x08002534                DAC_StructInit
 .text.DAC_Cmd  0x08002544       0x34 D:\FbEdit\Projects\Applications\fbe\STM32F4Discovery\STM32F4_LCMeter\STM32_LCMeter\stm32f4xx_dac.o
                0x08002544                DAC_Cmd
 .text.DAC_SetChannel1Data
                0x08002578       0x24 D:\FbEdit\Projects\Applications\fbe\STM32F4Discovery\STM32F4_LCMeter\STM32_LCMeter\stm32f4xx_dac.o
                0x08002578                DAC_SetChannel1Data
 .text.DAC_SetChannel2Data
                0x0800259c       0x24 D:\FbEdit\Projects\Applications\fbe\STM32F4Discovery\STM32F4_LCMeter\STM32_LCMeter\stm32f4xx_dac.o
                0x0800259c                DAC_SetChannel2Data
 .text.SPI_Init
                0x080025c0       0x48 D:\FbEdit\Projects\Applications\fbe\STM32F4Discovery\STM32F4_LCMeter\STM32_LCMeter\stm32f4xx_spi.o
                0x080025c0                SPI_Init
 .text.SPI_Cmd  0x08002608       0x20 D:\FbEdit\Projects\Applications\fbe\STM32F4Discovery\STM32F4_LCMeter\STM32_LCMeter\stm32f4xx_spi.o
                0x08002608                SPI_Cmd
 .text.USART_Init
                0x08002628      0x10c D:\FbEdit\Projects\Applications\fbe\STM32F4Discovery\STM32F4_LCMeter\STM32_LCMeter\stm32f4xx_usart.o
                0x08002628                USART_Init
 .text.USART_StructInit
                0x08002734       0x1c D:\FbEdit\Projects\Applications\fbe\STM32F4Discovery\STM32F4_LCMeter\STM32_LCMeter\stm32f4xx_usart.o
                0x08002734                USART_StructInit
 .text.USART_Cmd
                0x08002750       0x20 D:\FbEdit\Projects\Applications\fbe\STM32F4Discovery\STM32F4_LCMeter\STM32_LCMeter\stm32f4xx_usart.o
                0x08002750                USART_Cmd
 .text.ADC_Init
                0x08002770       0x54 D:\FbEdit\Projects\Applications\fbe\STM32F4Discovery\STM32F4_LCMeter\STM32_LCMeter\stm32f4xx_adc.o
                0x08002770                ADC_Init
 .text.ADC_StructInit
                0x080027c4       0x18 D:\FbEdit\Projects\Applications\fbe\STM32F4Discovery\STM32F4_LCMeter\STM32_LCMeter\stm32f4xx_adc.o
                0x080027c4                ADC_StructInit
 .text.ADC_CommonInit
                0x080027dc       0x34 D:\FbEdit\Projects\Applications\fbe\STM32F4Discovery\STM32F4_LCMeter\STM32_LCMeter\stm32f4xx_adc.o
                0x080027dc                ADC_CommonInit
 .text.ADC_CommonStructInit
                0x08002810       0x10 D:\FbEdit\Projects\Applications\fbe\STM32F4Discovery\STM32F4_LCMeter\STM32_LCMeter\stm32f4xx_adc.o
                0x08002810                ADC_CommonStructInit
 .text.ADC_Cmd  0x08002820       0x18 D:\FbEdit\Projects\Applications\fbe\STM32F4Discovery\STM32F4_LCMeter\STM32_LCMeter\stm32f4xx_adc.o
                0x08002820                ADC_Cmd
 .text.ADC_RegularChannelConfig
                0x08002838       0xb4 D:\FbEdit\Projects\Applications\fbe\STM32F4Discovery\STM32F4_LCMeter\STM32_LCMeter\stm32f4xx_adc.o
                0x08002838                ADC_RegularChannelConfig
 .text.ADC_DMACmd
                0x080028ec       0x18 D:\FbEdit\Projects\Applications\fbe\STM32F4Discovery\STM32F4_LCMeter\STM32_LCMeter\stm32f4xx_adc.o
                0x080028ec                ADC_DMACmd
 .text.ADC_DMARequestAfterLastTransferCmd
                0x08002904       0x18 D:\FbEdit\Projects\Applications\fbe\STM32F4Discovery\STM32F4_LCMeter\STM32_LCMeter\stm32f4xx_adc.o
                0x08002904                ADC_DMARequestAfterLastTransferCmd
 .text.ADC_MultiModeDMARequestAfterLastTransferCmd
                0x0800291c       0x28 D:\FbEdit\Projects\Applications\fbe\STM32F4Discovery\STM32F4_LCMeter\STM32_LCMeter\stm32f4xx_adc.o
                0x0800291c                ADC_MultiModeDMARequestAfterLastTransferCmd
 .text.DMA_DeInit
                0x08002944      0x1f4 D:\FbEdit\Projects\Applications\fbe\STM32F4Discovery\STM32F4_LCMeter\STM32_LCMeter\stm32f4xx_dma.o
                0x08002944                DMA_DeInit
 .text.DMA_Init
                0x08002b38       0x60 D:\FbEdit\Projects\Applications\fbe\STM32F4Discovery\STM32F4_LCMeter\STM32_LCMeter\stm32f4xx_dma.o
                0x08002b38                DMA_Init
 .text.DMA_StructInit
                0x08002b98       0x24 D:\FbEdit\Projects\Applications\fbe\STM32F4Discovery\STM32F4_LCMeter\STM32_LCMeter\stm32f4xx_dma.o
                0x08002b98                DMA_StructInit
 .text.DMA_Cmd  0x08002bbc       0x18 D:\FbEdit\Projects\Applications\fbe\STM32F4Discovery\STM32F4_LCMeter\STM32_LCMeter\stm32f4xx_dma.o
                0x08002bbc                DMA_Cmd
 .text.DMA_GetFlagStatus
                0x08002bd4       0x44 D:\FbEdit\Projects\Applications\fbe\STM32F4Discovery\STM32F4_LCMeter\STM32_LCMeter\stm32f4xx_dma.o
                0x08002bd4                DMA_GetFlagStatus
 .text.__io_putchar
                0x08002c18      0x16c D:\Ride\Ride\Lib\ARM\STM32x_io_putchar_thumb.a(STM32F10X_io_putchar.o)
                0x08002c18                __io_putchar
 .text._write   0x08002d84        0x4 D:\Ride\Ride\Lib\ARM\std_sbrk_thumb.lib(write.o)
                0x08002d84                _write
 *(.rodata)
 .rodata        0x08002d88       0x30 D:\FbEdit\Projects\Applications\fbe\STM32F4Discovery\STM32F4_LCMeter\STM32_LCMeter\stm32f4_discovery.o
                0x08002d88                GPIO_CLK
                0x08002d98                GPIO_PIN
                0x08002da0                BUTTON_CLK
                0x08002da4                BUTTON_PIN
                0x08002da8                BUTTON_PORT_SOURCE
                0x08002dac                BUTTON_PIN_SOURCE
                0x08002db0                BUTTON_EXTI_LINE
                0x08002db4                BUTTON_IRQn
 *(.rodata*)
 *(.glue_7)
 .glue_7        0x00000000        0x0 linker stubs
 *(.glue_7t)
 .glue_7t       0x00000000        0x0 linker stubs
                0x08002db8                . = ALIGN (0x4)
                0x08002db8                _etext = .
                0x08002db8                _sidata = _etext

.vfp11_veneer   0x08002db8        0x0
 .vfp11_veneer  0x00000000        0x0 linker stubs

.v4_bx          0x08002db8        0x0
 .v4_bx         0x00000000        0x0 linker stubs

.flashpatch     0x00000000        0x0
                0x00000000                . = ALIGN (0x4)
 *(.flashpatch)
                0x00000000                . = ALIGN (0x4)

.endflash       0x00000000        0x0
                0x00000000                . = ALIGN (0x4)
 *(.endflash)
                0x00000000                . = ALIGN (0x4)
                0x00000000                _e_endflash = .

.data           0x20000000       0x24 load address 0x08002db8
                0x20000000                . = ALIGN (0x4)
                0x20000000                _sdata = .
                0x20000000                _data = .
 *(.data)
 .data          0x20000000       0x10 D:\FbEdit\Projects\Applications\fbe\STM32F4Discovery\STM32F4_LCMeter\STM32_LCMeter\stm32f4xx_rcc.o
 .data          0x20000010       0x14 D:\FbEdit\Projects\Applications\fbe\STM32F4Discovery\STM32F4_LCMeter\STM32_LCMeter\stm32f4_discovery.o
                0x20000010                GPIO_PORT
                0x20000020                BUTTON_PORT
 *(.data.*)
 *(.RAMtext)
                0x20000024                . = ALIGN (0x4)
                0x20000024                _edata = .
                0x08002ddc                _eidata = ((_sidata + _edata) - _sdata)
                0x08010000                _lastdataromaddress = 0x8010000
                0x00000000                toobig = (_eidata > _lastdataromaddress)?!!!!!!!!! FLASH IS FULL !!!!!!!!!:0x0

.bss            0x20000024       0xdc load address 0x08002ddc
                0x20000024                . = ALIGN (0x4)
                0x20000024                _sbss = .
                0x20000024                _bss = .
 *(.bss)
 *(COMMON)
 COMMON         0x20000024       0xdc D:\FbEdit\Projects\Applications\fbe\STM32F4Discovery\STM32F4_LCMeter\STM32_LCMeter\main.o
                0x20000024                SampleSize
                0x20000028                STM32_CMD
                0x20000100                . = ALIGN (0x4)
                0x20000100                _ebss = .
                0x20000100                PROVIDE (end, _ebss)
                0x20000100                PROVIDE (_end, _ebss)

._usrstack      0x20000100      0x100 load address 0x08002eb8
                0x20000100                . = ALIGN (0x4)
                0x20000100                _susrstack = .
                0x20000200                . = (. + _Minimum_Stack_Size)
 *fill*         0x20000100      0x100 00
                0x20000200                . = ALIGN (0x4)
                0x20000200                _eusrstack = .

.b1text
 *(.b1text)
 *(.b1rodata)
 *(.b1rodata*)

.eb0text
 *(.eb0text)
 *(.eb0rodata)
 *(.eb0rodata*)

.eb1text
 *(.eb1text)
 *(.eb1rodata)
 *(.eb1rodata*)

.eb2text
 *(.eb2text)
 *(.eb2rodata)
 *(.eb2rodata*)

.eb3text
 *(.eb3text)
 *(.eb3rodata)
 *(.eb3rodata*)
                0x20000200                __exidx_start = .
                0x20000200                __exidx_end = .

/DISCARD/
 libc.a(*)
 libm.a(*)
 libgcc.a(*)

.stab
 *(.stab)

.stabstr
 *(.stabstr)

.stab.excl
 *(.stab.excl)

.stab.exclstr
 *(.stab.exclstr)

.stab.index
 *(.stab.index)

.stab.indexstr
 *(.stab.indexstr)

.ARM.attributes
                0x00000000       0x2d
 .ARM.attributes
                0x00000000       0x21 .\startup_stm32f4xx.o
 .ARM.attributes
                0x00000021       0x31 D:\FbEdit\Projects\Applications\fbe\STM32F4Discovery\STM32F4_LCMeter\STM32_LCMeter\main.o
 .ARM.attributes
                0x00000052       0x31 D:\FbEdit\Projects\Applications\fbe\STM32F4Discovery\STM32F4_LCMeter\STM32_LCMeter\stm32f4xx_it.o
 .ARM.attributes
                0x00000083       0x31 D:\FbEdit\Projects\Applications\fbe\STM32F4Discovery\STM32F4_LCMeter\STM32_LCMeter\stm32f4xx_rcc.o
 .ARM.attributes
                0x000000b4       0x31 D:\FbEdit\Projects\Applications\fbe\STM32F4Discovery\STM32F4_LCMeter\STM32_LCMeter\stm32f4xx_gpio.o
 .ARM.attributes
                0x000000e5       0x31 D:\FbEdit\Projects\Applications\fbe\STM32F4Discovery\STM32F4_LCMeter\STM32_LCMeter\stm32f4xx_tim.o
 .ARM.attributes
                0x00000116       0x31 D:\FbEdit\Projects\Applications\fbe\STM32F4Discovery\STM32F4_LCMeter\STM32_LCMeter\misc.o
 .ARM.attributes
                0x00000147       0x31 D:\FbEdit\Projects\Applications\fbe\STM32F4Discovery\STM32F4_LCMeter\STM32_LCMeter\system_stm32f4xx.o
 .ARM.attributes
                0x00000178       0x31 D:\FbEdit\Projects\Applications\fbe\STM32F4Discovery\STM32F4_LCMeter\STM32_LCMeter\stm32f4_discovery.o
 .ARM.attributes
                0x000001a9       0x31 D:\FbEdit\Projects\Applications\fbe\STM32F4Discovery\STM32F4_LCMeter\STM32_LCMeter\stm32f4xx_dac.o
 .ARM.attributes
                0x000001da       0x31 D:\FbEdit\Projects\Applications\fbe\STM32F4Discovery\STM32F4_LCMeter\STM32_LCMeter\stm32f4xx_spi.o
 .ARM.attributes
                0x0000020b       0x31 D:\FbEdit\Projects\Applications\fbe\STM32F4Discovery\STM32F4_LCMeter\STM32_LCMeter\stm32f4xx_usart.o
 .ARM.attributes
                0x0000023c       0x31 D:\FbEdit\Projects\Applications\fbe\STM32F4Discovery\STM32F4_LCMeter\STM32_LCMeter\stm32f4xx_adc.o
 .ARM.attributes
                0x0000026d       0x31 D:\FbEdit\Projects\Applications\fbe\STM32F4Discovery\STM32F4_LCMeter\STM32_LCMeter\stm32f4xx_dma.o
 .ARM.attributes
                0x0000029e       0x31 D:\Ride\Ride\Lib\ARM\STM32x_io_putchar_thumb.a(STM32F10X_io_putchar.o)
 .ARM.attributes
                0x000002cf       0x2e D:\Ride\Ride\Lib\ARM\std_sbrk_thumb.lib(write.o)

.comment        0x00000000       0x7f
 *(.comment)
 .comment       0x00000000       0x2a D:\FbEdit\Projects\Applications\fbe\STM32F4Discovery\STM32F4_LCMeter\STM32_LCMeter\main.o
                                 0x2b (size before relaxing)
 .comment       0x00000000       0x2b D:\FbEdit\Projects\Applications\fbe\STM32F4Discovery\STM32F4_LCMeter\STM32_LCMeter\stm32f4xx_it.o
 .comment       0x00000000       0x2b D:\FbEdit\Projects\Applications\fbe\STM32F4Discovery\STM32F4_LCMeter\STM32_LCMeter\stm32f4xx_rcc.o
 .comment       0x00000000       0x2b D:\FbEdit\Projects\Applications\fbe\STM32F4Discovery\STM32F4_LCMeter\STM32_LCMeter\stm32f4xx_gpio.o
 .comment       0x00000000       0x2b D:\FbEdit\Projects\Applications\fbe\STM32F4Discovery\STM32F4_LCMeter\STM32_LCMeter\stm32f4xx_tim.o
 .comment       0x00000000       0x2b D:\FbEdit\Projects\Applications\fbe\STM32F4Discovery\STM32F4_LCMeter\STM32_LCMeter\misc.o
 .comment       0x00000000       0x2b D:\FbEdit\Projects\Applications\fbe\STM32F4Discovery\STM32F4_LCMeter\STM32_LCMeter\system_stm32f4xx.o
 .comment       0x00000000       0x2b D:\FbEdit\Projects\Applications\fbe\STM32F4Discovery\STM32F4_LCMeter\STM32_LCMeter\stm32f4_discovery.o
 .comment       0x00000000       0x2b D:\FbEdit\Projects\Applications\fbe\STM32F4Discovery\STM32F4_LCMeter\STM32_LCMeter\stm32f4xx_dac.o
 .comment       0x00000000       0x2b D:\FbEdit\Projects\Applications\fbe\STM32F4Discovery\STM32F4_LCMeter\STM32_LCMeter\stm32f4xx_spi.o
 .comment       0x00000000       0x2b D:\FbEdit\Projects\Applications\fbe\STM32F4Discovery\STM32F4_LCMeter\STM32_LCMeter\stm32f4xx_usart.o
 .comment       0x00000000       0x2b D:\FbEdit\Projects\Applications\fbe\STM32F4Discovery\STM32F4_LCMeter\STM32_LCMeter\stm32f4xx_adc.o
 .comment       0x00000000       0x2b D:\FbEdit\Projects\Applications\fbe\STM32F4Discovery\STM32F4_LCMeter\STM32_LCMeter\stm32f4xx_dma.o
 .comment       0x0000002a       0x2b D:\Ride\Ride\Lib\ARM\STM32x_io_putchar_thumb.a(STM32F10X_io_putchar.o)
 .comment       0x00000055       0x2a D:\Ride\Ride\Lib\ARM\std_sbrk_thumb.lib(write.o)

.debug
 *(.debug)

.line
 *(.line)

.debug_srcinfo
 *(.debug_srcinfo)

.debug_sfnames
 *(.debug_sfnames)

.debug_aranges  0x00000000      0xb60
 *(.debug_aranges)
 .debug_aranges
                0x00000000       0xf0 D:\FbEdit\Projects\Applications\fbe\STM32F4Discovery\STM32F4_LCMeter\STM32_LCMeter\main.o
 .debug_aranges
                0x000000f0       0x60 D:\FbEdit\Projects\Applications\fbe\STM32F4Discovery\STM32F4_LCMeter\STM32_LCMeter\stm32f4xx_it.o
 .debug_aranges
                0x00000150      0x178 D:\FbEdit\Projects\Applications\fbe\STM32F4Discovery\STM32F4_LCMeter\STM32_LCMeter\stm32f4xx_rcc.o
 .debug_aranges
                0x000002c8       0x88 D:\FbEdit\Projects\Applications\fbe\STM32F4Discovery\STM32F4_LCMeter\STM32_LCMeter\stm32f4xx_gpio.o
 .debug_aranges
                0x00000350      0x2e8 D:\FbEdit\Projects\Applications\fbe\STM32F4Discovery\STM32F4_LCMeter\STM32_LCMeter\stm32f4xx_tim.o
 .debug_aranges
                0x00000638       0x40 D:\FbEdit\Projects\Applications\fbe\STM32F4Discovery\STM32F4_LCMeter\STM32_LCMeter\misc.o
 .debug_aranges
                0x00000678       0x28 D:\FbEdit\Projects\Applications\fbe\STM32F4Discovery\STM32F4_LCMeter\STM32_LCMeter\system_stm32f4xx.o
 .debug_aranges
                0x000006a0       0x48 D:\FbEdit\Projects\Applications\fbe\STM32F4Discovery\STM32F4_LCMeter\STM32_LCMeter\stm32f4_discovery.o
 .debug_aranges
                0x000006e8       0xa0 D:\FbEdit\Projects\Applications\fbe\STM32F4Discovery\STM32F4_LCMeter\STM32_LCMeter\stm32f4xx_dac.o
 .debug_aranges
                0x00000788       0xe0 D:\FbEdit\Projects\Applications\fbe\STM32F4Discovery\STM32F4_LCMeter\STM32_LCMeter\stm32f4xx_spi.o
 .debug_aranges
                0x00000868      0x100 D:\FbEdit\Projects\Applications\fbe\STM32F4Discovery\STM32F4_LCMeter\STM32_LCMeter\stm32f4xx_usart.o
 .debug_aranges
                0x00000968      0x148 D:\FbEdit\Projects\Applications\fbe\STM32F4Discovery\STM32F4_LCMeter\STM32_LCMeter\stm32f4xx_adc.o
 .debug_aranges
                0x00000ab0       0xb0 D:\FbEdit\Projects\Applications\fbe\STM32F4Discovery\STM32F4_LCMeter\STM32_LCMeter\stm32f4xx_dma.o

.debug_pubnames
                0x00000000     0x1e60
 *(.debug_pubnames)
 .debug_pubnames
                0x00000000      0x217 D:\FbEdit\Projects\Applications\fbe\STM32F4Discovery\STM32F4_LCMeter\STM32_LCMeter\main.o
 .debug_pubnames
                0x00000217       0xc6 D:\FbEdit\Projects\Applications\fbe\STM32F4Discovery\STM32F4_LCMeter\STM32_LCMeter\stm32f4xx_it.o
 .debug_pubnames
                0x000002dd      0x417 D:\FbEdit\Projects\Applications\fbe\STM32F4Discovery\STM32F4_LCMeter\STM32_LCMeter\stm32f4xx_rcc.o
 .debug_pubnames
                0x000006f4      0x12d D:\FbEdit\Projects\Applications\fbe\STM32F4Discovery\STM32F4_LCMeter\STM32_LCMeter\stm32f4xx_gpio.o
 .debug_pubnames
                0x00000821      0x7c4 D:\FbEdit\Projects\Applications\fbe\STM32F4Discovery\STM32F4_LCMeter\STM32_LCMeter\stm32f4xx_tim.o
 .debug_pubnames
                0x00000fe5       0x89 D:\FbEdit\Projects\Applications\fbe\STM32F4Discovery\STM32F4_LCMeter\STM32_LCMeter\misc.o
 .debug_pubnames
                0x0000106e       0x61 D:\FbEdit\Projects\Applications\fbe\STM32F4Discovery\STM32F4_LCMeter\STM32_LCMeter\system_stm32f4xx.o
 .debug_pubnames
                0x000010cf      0x150 D:\FbEdit\Projects\Applications\fbe\STM32F4Discovery\STM32F4_LCMeter\STM32_LCMeter\stm32f4_discovery.o
 .debug_pubnames
                0x0000121f      0x17d D:\FbEdit\Projects\Applications\fbe\STM32F4Discovery\STM32F4_LCMeter\STM32_LCMeter\stm32f4xx_dac.o
 .debug_pubnames
                0x0000139c      0x221 D:\FbEdit\Projects\Applications\fbe\STM32F4Discovery\STM32F4_LCMeter\STM32_LCMeter\stm32f4xx_spi.o
 .debug_pubnames
                0x000015bd      0x294 D:\FbEdit\Projects\Applications\fbe\STM32F4Discovery\STM32F4_LCMeter\STM32_LCMeter\stm32f4xx_usart.o
 .debug_pubnames
                0x00001851      0x446 D:\FbEdit\Projects\Applications\fbe\STM32F4Discovery\STM32F4_LCMeter\STM32_LCMeter\stm32f4xx_adc.o
 .debug_pubnames
                0x00001c97      0x1c9 D:\FbEdit\Projects\Applications\fbe\STM32F4Discovery\STM32F4_LCMeter\STM32_LCMeter\stm32f4xx_dma.o

.debug_info     0x00000000     0x94ab
 *(.debug_info .gnu.linkonce.wi.*)
 .debug_info    0x00000000     0x1c10 D:\FbEdit\Projects\Applications\fbe\STM32F4Discovery\STM32F4_LCMeter\STM32_LCMeter\main.o
 .debug_info    0x00001c10      0x14c D:\FbEdit\Projects\Applications\fbe\STM32F4Discovery\STM32F4_LCMeter\STM32_LCMeter\stm32f4xx_it.o
 .debug_info    0x00001d5c      0xd05 D:\FbEdit\Projects\Applications\fbe\STM32F4Discovery\STM32F4_LCMeter\STM32_LCMeter\stm32f4xx_rcc.o
 .debug_info    0x00002a61      0x62d D:\FbEdit\Projects\Applications\fbe\STM32F4Discovery\STM32F4_LCMeter\STM32_LCMeter\stm32f4xx_gpio.o
 .debug_info    0x0000308e     0x1e20 D:\FbEdit\Projects\Applications\fbe\STM32F4Discovery\STM32F4_LCMeter\STM32_LCMeter\stm32f4xx_tim.o
 .debug_info    0x00004eae      0x598 D:\FbEdit\Projects\Applications\fbe\STM32F4Discovery\STM32F4_LCMeter\STM32_LCMeter\misc.o
 .debug_info    0x00005446      0x635 D:\FbEdit\Projects\Applications\fbe\STM32F4Discovery\STM32F4_LCMeter\STM32_LCMeter\system_stm32f4xx.o
 .debug_info    0x00005a7b      0x963 D:\FbEdit\Projects\Applications\fbe\STM32F4Discovery\STM32F4_LCMeter\STM32_LCMeter\stm32f4_discovery.o
 .debug_info    0x000063de      0x68d D:\FbEdit\Projects\Applications\fbe\STM32F4Discovery\STM32F4_LCMeter\STM32_LCMeter\stm32f4xx_dac.o
 .debug_info    0x00006a6b      0xbb5 D:\FbEdit\Projects\Applications\fbe\STM32F4Discovery\STM32F4_LCMeter\STM32_LCMeter\stm32f4xx_spi.o
 .debug_info    0x00007620      0xa30 D:\FbEdit\Projects\Applications\fbe\STM32F4Discovery\STM32F4_LCMeter\STM32_LCMeter\stm32f4xx_usart.o
 .debug_info    0x00008050      0xcce D:\FbEdit\Projects\Applications\fbe\STM32F4Discovery\STM32F4_LCMeter\STM32_LCMeter\stm32f4xx_adc.o
 .debug_info    0x00008d1e      0x78d D:\FbEdit\Projects\Applications\fbe\STM32F4Discovery\STM32F4_LCMeter\STM32_LCMeter\stm32f4xx_dma.o

.debug_abbrev   0x00000000     0x1598
 *(.debug_abbrev)
 .debug_abbrev  0x00000000      0x275 D:\FbEdit\Projects\Applications\fbe\STM32F4Discovery\STM32F4_LCMeter\STM32_LCMeter\main.o
 .debug_abbrev  0x00000275       0x64 D:\FbEdit\Projects\Applications\fbe\STM32F4Discovery\STM32F4_LCMeter\STM32_LCMeter\stm32f4xx_it.o
 .debug_abbrev  0x000002d9      0x1f8 D:\FbEdit\Projects\Applications\fbe\STM32F4Discovery\STM32F4_LCMeter\STM32_LCMeter\stm32f4xx_rcc.o
 .debug_abbrev  0x000004d1      0x1d0 D:\FbEdit\Projects\Applications\fbe\STM32F4Discovery\STM32F4_LCMeter\STM32_LCMeter\stm32f4xx_gpio.o
 .debug_abbrev  0x000006a1      0x207 D:\FbEdit\Projects\Applications\fbe\STM32F4Discovery\STM32F4_LCMeter\STM32_LCMeter\stm32f4xx_tim.o
 .debug_abbrev  0x000008a8      0x14e D:\FbEdit\Projects\Applications\fbe\STM32F4Discovery\STM32F4_LCMeter\STM32_LCMeter\misc.o
 .debug_abbrev  0x000009f6      0x16c D:\FbEdit\Projects\Applications\fbe\STM32F4Discovery\STM32F4_LCMeter\STM32_LCMeter\system_stm32f4xx.o
 .debug_abbrev  0x00000b62      0x19c D:\FbEdit\Projects\Applications\fbe\STM32F4Discovery\STM32F4_LCMeter\STM32_LCMeter\stm32f4_discovery.o
 .debug_abbrev  0x00000cfe      0x1d9 D:\FbEdit\Projects\Applications\fbe\STM32F4Discovery\STM32F4_LCMeter\STM32_LCMeter\stm32f4xx_dac.o
 .debug_abbrev  0x00000ed7      0x1ae D:\FbEdit\Projects\Applications\fbe\STM32F4Discovery\STM32F4_LCMeter\STM32_LCMeter\stm32f4xx_spi.o
 .debug_abbrev  0x00001085      0x19e D:\FbEdit\Projects\Applications\fbe\STM32F4Discovery\STM32F4_LCMeter\STM32_LCMeter\stm32f4xx_usart.o
 .debug_abbrev  0x00001223      0x1d7 D:\FbEdit\Projects\Applications\fbe\STM32F4Discovery\STM32F4_LCMeter\STM32_LCMeter\stm32f4xx_adc.o
 .debug_abbrev  0x000013fa      0x19e D:\FbEdit\Projects\Applications\fbe\STM32F4Discovery\STM32F4_LCMeter\STM32_LCMeter\stm32f4xx_dma.o

.debug_line     0x00000000     0x3224
 *(.debug_line)
 .debug_line    0x00000000      0x72b D:\FbEdit\Projects\Applications\fbe\STM32F4Discovery\STM32F4_LCMeter\STM32_LCMeter\main.o
 .debug_line    0x0000072b      0x1de D:\FbEdit\Projects\Applications\fbe\STM32F4Discovery\STM32F4_LCMeter\STM32_LCMeter\stm32f4xx_it.o
 .debug_line    0x00000909      0x4ef D:\FbEdit\Projects\Applications\fbe\STM32F4Discovery\STM32F4_LCMeter\STM32_LCMeter\stm32f4xx_rcc.o
 .debug_line    0x00000df8      0x2a7 D:\FbEdit\Projects\Applications\fbe\STM32F4Discovery\STM32F4_LCMeter\STM32_LCMeter\stm32f4xx_gpio.o
 .debug_line    0x0000109f      0x93c D:\FbEdit\Projects\Applications\fbe\STM32F4Discovery\STM32F4_LCMeter\STM32_LCMeter\stm32f4xx_tim.o
 .debug_line    0x000019db      0x1bb D:\FbEdit\Projects\Applications\fbe\STM32F4Discovery\STM32F4_LCMeter\STM32_LCMeter\misc.o
 .debug_line    0x00001b96      0x1ca D:\FbEdit\Projects\Applications\fbe\STM32F4Discovery\STM32F4_LCMeter\STM32_LCMeter\system_stm32f4xx.o
 .debug_line    0x00001d60      0x270 D:\FbEdit\Projects\Applications\fbe\STM32F4Discovery\STM32F4_LCMeter\STM32_LCMeter\stm32f4_discovery.o
 .debug_line    0x00001fd0      0x2c9 D:\FbEdit\Projects\Applications\fbe\STM32F4Discovery\STM32F4_LCMeter\STM32_LCMeter\stm32f4xx_dac.o
 .debug_line    0x00002299      0x3ad D:\FbEdit\Projects\Applications\fbe\STM32F4Discovery\STM32F4_LCMeter\STM32_LCMeter\stm32f4xx_spi.o
 .debug_line    0x00002646      0x3f0 D:\FbEdit\Projects\Applications\fbe\STM32F4Discovery\STM32F4_LCMeter\STM32_LCMeter\stm32f4xx_usart.o
 .debug_line    0x00002a36      0x4b4 D:\FbEdit\Projects\Applications\fbe\STM32F4Discovery\STM32F4_LCMeter\STM32_LCMeter\stm32f4xx_adc.o
 .debug_line    0x00002eea      0x33a D:\FbEdit\Projects\Applications\fbe\STM32F4Discovery\STM32F4_LCMeter\STM32_LCMeter\stm32f4xx_dma.o

.debug_frame    0x00000000     0x1868
 *(.debug_frame)
 .debug_frame   0x00000000      0x2fc D:\FbEdit\Projects\Applications\fbe\STM32F4Discovery\STM32F4_LCMeter\STM32_LCMeter\main.o
 .debug_frame   0x000002fc       0xa0 D:\FbEdit\Projects\Applications\fbe\STM32F4Discovery\STM32F4_LCMeter\STM32_LCMeter\stm32f4xx_it.o
 .debug_frame   0x0000039c      0x2e4 D:\FbEdit\Projects\Applications\fbe\STM32F4Discovery\STM32F4_LCMeter\STM32_LCMeter\stm32f4xx_rcc.o
 .debug_frame   0x00000680      0x118 D:\FbEdit\Projects\Applications\fbe\STM32F4Discovery\STM32F4_LCMeter\STM32_LCMeter\stm32f4xx_gpio.o
 .debug_frame   0x00000798      0x670 D:\FbEdit\Projects\Applications\fbe\STM32F4Discovery\STM32F4_LCMeter\STM32_LCMeter\stm32f4xx_tim.o
 .debug_frame   0x00000e08       0x68 D:\FbEdit\Projects\Applications\fbe\STM32F4Discovery\STM32F4_LCMeter\STM32_LCMeter\misc.o
 .debug_frame   0x00000e70       0x34 D:\FbEdit\Projects\Applications\fbe\STM32F4Discovery\STM32F4_LCMeter\STM32_LCMeter\system_stm32f4xx.o
 .debug_frame   0x00000ea4       0x9c D:\FbEdit\Projects\Applications\fbe\STM32F4Discovery\STM32F4_LCMeter\STM32_LCMeter\stm32f4_discovery.o
 .debug_frame   0x00000f40      0x13c D:\FbEdit\Projects\Applications\fbe\STM32F4Discovery\STM32F4_LCMeter\STM32_LCMeter\stm32f4xx_dac.o
 .debug_frame   0x0000107c      0x1cc D:\FbEdit\Projects\Applications\fbe\STM32F4Discovery\STM32F4_LCMeter\STM32_LCMeter\stm32f4xx_spi.o
 .debug_frame   0x00001248      0x210 D:\FbEdit\Projects\Applications\fbe\STM32F4Discovery\STM32F4_LCMeter\STM32_LCMeter\stm32f4xx_usart.o
 .debug_frame   0x00001458      0x2a8 D:\FbEdit\Projects\Applications\fbe\STM32F4Discovery\STM32F4_LCMeter\STM32_LCMeter\stm32f4xx_adc.o
 .debug_frame   0x00001700      0x168 D:\FbEdit\Projects\Applications\fbe\STM32F4Discovery\STM32F4_LCMeter\STM32_LCMeter\stm32f4xx_dma.o

.debug_str      0x00000000     0x3ce3
 *(.debug_str)
 .debug_str     0x00000000     0x1403 D:\FbEdit\Projects\Applications\fbe\STM32F4Discovery\STM32F4_LCMeter\STM32_LCMeter\main.o
                               0x14cc (size before relaxing)
 .debug_str     0x00001403       0xf2 D:\FbEdit\Projects\Applications\fbe\STM32F4Discovery\STM32F4_LCMeter\STM32_LCMeter\stm32f4xx_it.o
                                0x197 (size before relaxing)
 .debug_str     0x000014f5      0x6bc D:\FbEdit\Projects\Applications\fbe\STM32F4Discovery\STM32F4_LCMeter\STM32_LCMeter\stm32f4xx_rcc.o
                                0x81a (size before relaxing)
 .debug_str     0x00001bb1      0x1bd D:\FbEdit\Projects\Applications\fbe\STM32F4Discovery\STM32F4_LCMeter\STM32_LCMeter\stm32f4xx_gpio.o
                                0x46d (size before relaxing)
 .debug_str     0x00001d6e      0xa13 D:\FbEdit\Projects\Applications\fbe\STM32F4Discovery\STM32F4_LCMeter\STM32_LCMeter\stm32f4xx_tim.o
                                0xd9a (size before relaxing)
 .debug_str     0x00002781      0x1c8 D:\FbEdit\Projects\Applications\fbe\STM32F4Discovery\STM32F4_LCMeter\STM32_LCMeter\misc.o
                                0x3a3 (size before relaxing)
 .debug_str     0x00002949       0xe4 D:\FbEdit\Projects\Applications\fbe\STM32F4Discovery\STM32F4_LCMeter\STM32_LCMeter\system_stm32f4xx.o
                                0x327 (size before relaxing)
 .debug_str     0x00002a2d      0x29d D:\FbEdit\Projects\Applications\fbe\STM32F4Discovery\STM32F4_LCMeter\STM32_LCMeter\stm32f4_discovery.o
                                0xaad (size before relaxing)
 .debug_str     0x00002cca      0x1f1 D:\FbEdit\Projects\Applications\fbe\STM32F4Discovery\STM32F4_LCMeter\STM32_LCMeter\stm32f4xx_dac.o
                                0x41d (size before relaxing)
 .debug_str     0x00002ebb      0x311 D:\FbEdit\Projects\Applications\fbe\STM32F4Discovery\STM32F4_LCMeter\STM32_LCMeter\stm32f4xx_spi.o
                                0x654 (size before relaxing)
 .debug_str     0x000031cc      0x3c4 D:\FbEdit\Projects\Applications\fbe\STM32F4Discovery\STM32F4_LCMeter\STM32_LCMeter\stm32f4xx_usart.o
                                0x659 (size before relaxing)
 .debug_str     0x00003590      0x4d2 D:\FbEdit\Projects\Applications\fbe\STM32F4Discovery\STM32F4_LCMeter\STM32_LCMeter\stm32f4xx_adc.o
                                0x7ce (size before relaxing)
 .debug_str     0x00003a62      0x281 D:\FbEdit\Projects\Applications\fbe\STM32F4Discovery\STM32F4_LCMeter\STM32_LCMeter\stm32f4xx_dma.o
                                0x516 (size before relaxing)

.debug_loc      0x00000000     0x46a3
 *(.debug_loc)
 .debug_loc     0x00000000      0xb35 D:\FbEdit\Projects\Applications\fbe\STM32F4Discovery\STM32F4_LCMeter\STM32_LCMeter\main.o
 .debug_loc     0x00000b35      0x6ed D:\FbEdit\Projects\Applications\fbe\STM32F4Discovery\STM32F4_LCMeter\STM32_LCMeter\stm32f4xx_rcc.o
 .debug_loc     0x00001222      0x26d D:\FbEdit\Projects\Applications\fbe\STM32F4Discovery\STM32F4_LCMeter\STM32_LCMeter\stm32f4xx_gpio.o
 .debug_loc     0x0000148f     0x14bc D:\FbEdit\Projects\Applications\fbe\STM32F4Discovery\STM32F4_LCMeter\STM32_LCMeter\stm32f4xx_tim.o
 .debug_loc     0x0000294b      0x11d D:\FbEdit\Projects\Applications\fbe\STM32F4Discovery\STM32F4_LCMeter\STM32_LCMeter\misc.o
 .debug_loc     0x00002a68      0x133 D:\FbEdit\Projects\Applications\fbe\STM32F4Discovery\STM32F4_LCMeter\STM32_LCMeter\system_stm32f4xx.o
 .debug_loc     0x00002b9b       0xc4 D:\FbEdit\Projects\Applications\fbe\STM32F4Discovery\STM32F4_LCMeter\STM32_LCMeter\stm32f4_discovery.o
 .debug_loc     0x00002c5f      0x425 D:\FbEdit\Projects\Applications\fbe\STM32F4Discovery\STM32F4_LCMeter\STM32_LCMeter\stm32f4xx_dac.o
 .debug_loc     0x00003084      0x488 D:\FbEdit\Projects\Applications\fbe\STM32F4Discovery\STM32F4_LCMeter\STM32_LCMeter\stm32f4xx_spi.o
 .debug_loc     0x0000350c      0x508 D:\FbEdit\Projects\Applications\fbe\STM32F4Discovery\STM32F4_LCMeter\STM32_LCMeter\stm32f4xx_usart.o
 .debug_loc     0x00003a14      0x94c D:\FbEdit\Projects\Applications\fbe\STM32F4Discovery\STM32F4_LCMeter\STM32_LCMeter\stm32f4xx_adc.o
 .debug_loc     0x00004360      0x343 D:\FbEdit\Projects\Applications\fbe\STM32F4Discovery\STM32F4_LCMeter\STM32_LCMeter\stm32f4xx_dma.o

.debug_macinfo
 *(.debug_macinfo)

.debug_weaknames
 *(.debug_weaknames)

.debug_funcnames
 *(.debug_funcnames)

.debug_typenames
 *(.debug_typenames)

.debug_varnames
 *(.debug_varnames)
START GROUP
LOAD d:/ride/ride/arm-gcc/bin/../lib/gcc/arm-none-eabi/4.5.1/thumb2\libgcc.a
LOAD d:/ride/ride/arm-gcc/bin/../lib/gcc/arm-none-eabi/4.5.1/../../../../arm-none-eabi/lib/thumb2\libc.a
END GROUP
OUTPUT(D:\FbEdit\Projects\Applications\fbe\STM32F4Discovery\STM32F4_LCMeter\STM32_LCMeter\LCMeter.elf elf32-littlearm)

.debug_pubtypes
                0x00000000      0xb5d
 .debug_pubtypes
                0x00000000      0x2d9 D:\FbEdit\Projects\Applications\fbe\STM32F4Discovery\STM32F4_LCMeter\STM32_LCMeter\main.o
 .debug_pubtypes
                0x000002d9       0x1e D:\FbEdit\Projects\Applications\fbe\STM32F4Discovery\STM32F4_LCMeter\STM32_LCMeter\stm32f4xx_it.o
 .debug_pubtypes
                0x000002f7       0xaa D:\FbEdit\Projects\Applications\fbe\STM32F4Discovery\STM32F4_LCMeter\STM32_LCMeter\stm32f4xx_rcc.o
 .debug_pubtypes
                0x000003a1       0xce D:\FbEdit\Projects\Applications\fbe\STM32F4Discovery\STM32F4_LCMeter\STM32_LCMeter\stm32f4xx_gpio.o
 .debug_pubtypes
                0x0000046f       0xe4 D:\FbEdit\Projects\Applications\fbe\STM32F4Discovery\STM32F4_LCMeter\STM32_LCMeter\stm32f4xx_tim.o
 .debug_pubtypes
                0x00000553       0x8c D:\FbEdit\Projects\Applications\fbe\STM32F4Discovery\STM32F4_LCMeter\STM32_LCMeter\misc.o
 .debug_pubtypes
                0x000005df       0x83 D:\FbEdit\Projects\Applications\fbe\STM32F4Discovery\STM32F4_LCMeter\STM32_LCMeter\system_stm32f4xx.o
 .debug_pubtypes
                0x00000662      0x16e D:\FbEdit\Projects\Applications\fbe\STM32F4Discovery\STM32F4_LCMeter\STM32_LCMeter\stm32f4_discovery.o
 .debug_pubtypes
                0x000007d0       0x98 D:\FbEdit\Projects\Applications\fbe\STM32F4Discovery\STM32F4_LCMeter\STM32_LCMeter\stm32f4xx_dac.o
 .debug_pubtypes
                0x00000868       0xbc D:\FbEdit\Projects\Applications\fbe\STM32F4Discovery\STM32F4_LCMeter\STM32_LCMeter\stm32f4xx_spi.o
 .debug_pubtypes
                0x00000924       0xcd D:\FbEdit\Projects\Applications\fbe\STM32F4Discovery\STM32F4_LCMeter\STM32_LCMeter\stm32f4xx_usart.o
 .debug_pubtypes
                0x000009f1       0xc9 D:\FbEdit\Projects\Applications\fbe\STM32F4Discovery\STM32F4_LCMeter\STM32_LCMeter\stm32f4xx_adc.o
 .debug_pubtypes
                0x00000aba       0xa3 D:\FbEdit\Projects\Applications\fbe\STM32F4Discovery\STM32F4_LCMeter\STM32_LCMeter\stm32f4xx_dma.o

.debug_ranges   0x00000000      0xa90
 .debug_ranges  0x00000000       0xe0 D:\FbEdit\Projects\Applications\fbe\STM32F4Discovery\STM32F4_LCMeter\STM32_LCMeter\main.o
 .debug_ranges  0x000000e0       0x50 D:\FbEdit\Projects\Applications\fbe\STM32F4Discovery\STM32F4_LCMeter\STM32_LCMeter\stm32f4xx_it.o
 .debug_ranges  0x00000130      0x168 D:\FbEdit\Projects\Applications\fbe\STM32F4Discovery\STM32F4_LCMeter\STM32_LCMeter\stm32f4xx_rcc.o
 .debug_ranges  0x00000298       0x78 D:\FbEdit\Projects\Applications\fbe\STM32F4Discovery\STM32F4_LCMeter\STM32_LCMeter\stm32f4xx_gpio.o
 .debug_ranges  0x00000310      0x2d8 D:\FbEdit\Projects\Applications\fbe\STM32F4Discovery\STM32F4_LCMeter\STM32_LCMeter\stm32f4xx_tim.o
 .debug_ranges  0x000005e8       0x30 D:\FbEdit\Projects\Applications\fbe\STM32F4Discovery\STM32F4_LCMeter\STM32_LCMeter\misc.o
 .debug_ranges  0x00000618       0x18 D:\FbEdit\Projects\Applications\fbe\STM32F4Discovery\STM32F4_LCMeter\STM32_LCMeter\system_stm32f4xx.o
 .debug_ranges  0x00000630       0x38 D:\FbEdit\Projects\Applications\fbe\STM32F4Discovery\STM32F4_LCMeter\STM32_LCMeter\stm32f4_discovery.o
 .debug_ranges  0x00000668       0x90 D:\FbEdit\Projects\Applications\fbe\STM32F4Discovery\STM32F4_LCMeter\STM32_LCMeter\stm32f4xx_dac.o
 .debug_ranges  0x000006f8       0xd0 D:\FbEdit\Projects\Applications\fbe\STM32F4Discovery\STM32F4_LCMeter\STM32_LCMeter\stm32f4xx_spi.o
 .debug_ranges  0x000007c8       0xf0 D:\FbEdit\Projects\Applications\fbe\STM32F4Discovery\STM32F4_LCMeter\STM32_LCMeter\stm32f4xx_usart.o
 .debug_ranges  0x000008b8      0x138 D:\FbEdit\Projects\Applications\fbe\STM32F4Discovery\STM32F4_LCMeter\STM32_LCMeter\stm32f4xx_adc.o
 .debug_ranges  0x000009f0       0xa0 D:\FbEdit\Projects\Applications\fbe\STM32F4Discovery\STM32F4_LCMeter\STM32_LCMeter\stm32f4xx_dma.o
