Archive member included because of file (symbol)

C:\Program Files (x86)\Raisonance\Ride\Lib\ARM\STM32x_io_putchar_thumb.a(STM32F10X_io_putchar.o)
                              (__io_putchar)
C:\Program Files (x86)\Raisonance\Ride\Lib\ARM\std_sbrk_thumb.lib(write.o)
                              (_write)

Allocating common symbols
Common symbol       size              file

STM32_CMD           0xc4              C:\FbEdit\Projects\Applications\fbe\STM32F4Discovery\STM32F4_LCMeter\STM32_LCMeter\main.o
NVIC_InitStructure  0x4               C:\FbEdit\Projects\Applications\fbe\STM32F4Discovery\STM32F4_LCMeter\STM32_LCMeter\stm32f4_discovery.o

Discarded input sections

 .text          0x00000000       0x14 .\startup_stm32f4xx.o
 .data          0x00000000        0x0 .\startup_stm32f4xx.o
 .bss           0x00000000        0x0 .\startup_stm32f4xx.o
 .text          0x00000000        0x0 C:\FbEdit\Projects\Applications\fbe\STM32F4Discovery\STM32F4_LCMeter\STM32_LCMeter\main.o
 .data          0x00000000        0x0 C:\FbEdit\Projects\Applications\fbe\STM32F4Discovery\STM32F4_LCMeter\STM32_LCMeter\main.o
 .bss           0x00000000        0x0 C:\FbEdit\Projects\Applications\fbe\STM32F4Discovery\STM32F4_LCMeter\STM32_LCMeter\main.o
 .text.USART3_puts
                0x00000000       0x24 C:\FbEdit\Projects\Applications\fbe\STM32F4Discovery\STM32F4_LCMeter\STM32_LCMeter\main.o
 .text          0x00000000        0x0 C:\FbEdit\Projects\Applications\fbe\STM32F4Discovery\STM32F4_LCMeter\STM32_LCMeter\stm32f4xx_it.o
 .data          0x00000000        0x0 C:\FbEdit\Projects\Applications\fbe\STM32F4Discovery\STM32F4_LCMeter\STM32_LCMeter\stm32f4xx_it.o
 .bss           0x00000000        0x0 C:\FbEdit\Projects\Applications\fbe\STM32F4Discovery\STM32F4_LCMeter\STM32_LCMeter\stm32f4xx_it.o
 .text          0x00000000        0x0 C:\FbEdit\Projects\Applications\fbe\STM32F4Discovery\STM32F4_LCMeter\STM32_LCMeter\stm32f4xx_rcc.o
 .bss           0x00000000        0x0 C:\FbEdit\Projects\Applications\fbe\STM32F4Discovery\STM32F4_LCMeter\STM32_LCMeter\stm32f4xx_rcc.o
 .text.RCC_DeInit
                0x00000000       0x38 C:\FbEdit\Projects\Applications\fbe\STM32F4Discovery\STM32F4_LCMeter\STM32_LCMeter\stm32f4xx_rcc.o
 .text.RCC_HSEConfig
                0x00000000       0x14 C:\FbEdit\Projects\Applications\fbe\STM32F4Discovery\STM32F4_LCMeter\STM32_LCMeter\stm32f4xx_rcc.o
 .text.RCC_AdjustHSICalibrationValue
                0x00000000       0x18 C:\FbEdit\Projects\Applications\fbe\STM32F4Discovery\STM32F4_LCMeter\STM32_LCMeter\stm32f4xx_rcc.o
 .text.RCC_HSICmd
                0x00000000        0xc C:\FbEdit\Projects\Applications\fbe\STM32F4Discovery\STM32F4_LCMeter\STM32_LCMeter\stm32f4xx_rcc.o
 .text.RCC_LSEConfig
                0x00000000       0x3c C:\FbEdit\Projects\Applications\fbe\STM32F4Discovery\STM32F4_LCMeter\STM32_LCMeter\stm32f4xx_rcc.o
 .text.RCC_LSICmd
                0x00000000        0xc C:\FbEdit\Projects\Applications\fbe\STM32F4Discovery\STM32F4_LCMeter\STM32_LCMeter\stm32f4xx_rcc.o
 .text.RCC_PLLConfig
                0x00000000       0x24 C:\FbEdit\Projects\Applications\fbe\STM32F4Discovery\STM32F4_LCMeter\STM32_LCMeter\stm32f4xx_rcc.o
 .text.RCC_PLLCmd
                0x00000000        0xc C:\FbEdit\Projects\Applications\fbe\STM32F4Discovery\STM32F4_LCMeter\STM32_LCMeter\stm32f4xx_rcc.o
 .text.RCC_PLLI2SConfig
                0x00000000       0x18 C:\FbEdit\Projects\Applications\fbe\STM32F4Discovery\STM32F4_LCMeter\STM32_LCMeter\stm32f4xx_rcc.o
 .text.RCC_PLLI2SCmd
                0x00000000        0xc C:\FbEdit\Projects\Applications\fbe\STM32F4Discovery\STM32F4_LCMeter\STM32_LCMeter\stm32f4xx_rcc.o
 .text.RCC_ClockSecuritySystemCmd
                0x00000000        0xc C:\FbEdit\Projects\Applications\fbe\STM32F4Discovery\STM32F4_LCMeter\STM32_LCMeter\stm32f4xx_rcc.o
 .text.RCC_MCO1Config
                0x00000000       0x18 C:\FbEdit\Projects\Applications\fbe\STM32F4Discovery\STM32F4_LCMeter\STM32_LCMeter\stm32f4xx_rcc.o
 .text.RCC_MCO2Config
                0x00000000       0x18 C:\FbEdit\Projects\Applications\fbe\STM32F4Discovery\STM32F4_LCMeter\STM32_LCMeter\stm32f4xx_rcc.o
 .text.RCC_SYSCLKConfig
                0x00000000       0x18 C:\FbEdit\Projects\Applications\fbe\STM32F4Discovery\STM32F4_LCMeter\STM32_LCMeter\stm32f4xx_rcc.o
 .text.RCC_GetSYSCLKSource
                0x00000000       0x10 C:\FbEdit\Projects\Applications\fbe\STM32F4Discovery\STM32F4_LCMeter\STM32_LCMeter\stm32f4xx_rcc.o
 .text.RCC_HCLKConfig
                0x00000000       0x18 C:\FbEdit\Projects\Applications\fbe\STM32F4Discovery\STM32F4_LCMeter\STM32_LCMeter\stm32f4xx_rcc.o
 .text.RCC_PCLK1Config
                0x00000000       0x18 C:\FbEdit\Projects\Applications\fbe\STM32F4Discovery\STM32F4_LCMeter\STM32_LCMeter\stm32f4xx_rcc.o
 .text.RCC_PCLK2Config
[...]
Memory Configuration

Name             Origin             Length             Attributes
RAM              0x20000000         0x00002000         xrw
FLASH            0x08000000         0x00010000         xr
STARTFLASH       0x00000000         0x00000000         xr
CRPPATCH         0x00000000         0x00000000         r
FLASHPATCH       0x00000000         0x00000000         r
ENDFLASH         0x00000000         0x00000000         xr
FLASHB1          0x00000000         0x00000000         xr
EXTMEMB0         0x00000000         0x00000000         xr
EXTMEMB1         0x00000000         0x00000000         xr
EXTMEMB2         0x00000000         0x00000000         xr
EXTMEMB3         0x00000000         0x00000000         xr
*default*        0x00000000         0xffffffff

Linker script and memory map

LOAD .\startup_stm32f4xx.o
LOAD C:\FbEdit\Projects\Applications\fbe\STM32F4Discovery\STM32F4_LCMeter\STM32_LCMeter\main.o
LOAD C:\FbEdit\Projects\Applications\fbe\STM32F4Discovery\STM32F4_LCMeter\STM32_LCMeter\stm32f4xx_it.o
LOAD C:\FbEdit\Projects\Applications\fbe\STM32F4Discovery\STM32F4_LCMeter\STM32_LCMeter\stm32f4xx_rcc.o
LOAD C:\FbEdit\Projects\Applications\fbe\STM32F4Discovery\STM32F4_LCMeter\STM32_LCMeter\stm32f4xx_gpio.o
LOAD C:\FbEdit\Projects\Applications\fbe\STM32F4Discovery\STM32F4_LCMeter\STM32_LCMeter\stm32f4xx_tim.o
LOAD C:\FbEdit\Projects\Applications\fbe\STM32F4Discovery\STM32F4_LCMeter\STM32_LCMeter\misc.o
LOAD C:\FbEdit\Projects\Applications\fbe\STM32F4Discovery\STM32F4_LCMeter\STM32_LCMeter\system_stm32f4xx.o
LOAD C:\FbEdit\Projects\Applications\fbe\STM32F4Discovery\STM32F4_LCMeter\STM32_LCMeter\stm32f4_discovery.o
LOAD C:\FbEdit\Projects\Applications\fbe\STM32F4Discovery\STM32F4_LCMeter\STM32_LCMeter\stm32f4xx_dac.o
LOAD C:\FbEdit\Projects\Applications\fbe\STM32F4Discovery\STM32F4_LCMeter\STM32_LCMeter\stm32f4xx_spi.o
LOAD C:\FbEdit\Projects\Applications\fbe\STM32F4Discovery\STM32F4_LCMeter\STM32_LCMeter\stm32f4xx_usart.o
LOAD C:\FbEdit\Projects\Applications\fbe\STM32F4Discovery\STM32F4_LCMeter\STM32_LCMeter\stm32f4xx_adc.o
LOAD C:\FbEdit\Projects\Applications\fbe\STM32F4Discovery\STM32F4_LCMeter\STM32_LCMeter\stm32f4xx_dma.o
START GROUP
LOAD C:\Program Files (x86)\Raisonance\Ride\Lib\ARM\STM32x_io_putchar_thumb.a
LOAD C:\Program Files (x86)\Raisonance\Ride\Lib\ARM\std_sbrk_thumb.lib
LOAD C:\Program Files (x86)\Raisonance\Ride\Lib\ARM\smallprintf_thumb.a
LOAD c:/program files (x86)/raisonance/ride/arm-gcc/bin/../lib/gcc/arm-none-eabi/4.5.1/../../../../arm-none-eabi/lib/thumb2\libc.a
LOAD c:/program files (x86)/raisonance/ride/arm-gcc/bin/../lib/gcc/arm-none-eabi/4.5.1/../../../../arm-none-eabi/lib/thumb2\libm.a
END GROUP
                0x00000400                __Stack_Size = 0x400
                0x00000400                PROVIDE (_Stack_Size, __Stack_Size)
                0x20001c00                __Stack_Init = (_estack - __Stack_Size)
                0x20001c00                PROVIDE (_Stack_Init, __Stack_Init)
                0x00000100                _Minimum_Stack_Size = 0x100
                0x00000000                PROVIDE (Undefined_Handler, 0x0)
                0x00000000                PROVIDE (SWI_Handler, 0x0)
                0x00000000                PROVIDE (IRQ_Handler, 0x0)
                0x00000000                PROVIDE (Prefetch_Handler, 0x0)
                0x00000000                PROVIDE (Abort_Handler, 0x0)
                0x00000000                PROVIDE (FIQ_Handler, 0x0)
                0x00000000                PROVIDE (NMIException, 0x0)
                0x00000000                PROVIDE (NMI_Handler, 0x0)
                0x00000000                PROVIDE (HardFaultException, 0x0)
                0x00000000                PROVIDE (HardFault_Handler, 0x0)
                0x00000000                PROVIDE (MemManageException, 0x0)
                0x00000000                PROVIDE (MemManage_Handler, 0x0)
                0x00000000                PROVIDE (BusFaultException, 0x0)
                0x00000000                PROVIDE (BusFault_Handler, 0x0)
                0x00000000                PROVIDE (UsageFaultException, 0x0)
                0x00000000                PROVIDE (UsageFault_Handler, 0x0)
                0x00000000                PROVIDE (SVCHandler, 0x0)
                0x00000000                PROVIDE (SVC_Handler, 0x0)
                0x00000000                PROVIDE (DebugMonitor, 0x0)
                0x00000000                PROVIDE (DebugMon_Handler, 0x0)
                0x00000000                PROVIDE (PendSVC, 0x0)
                0x00000000                PROVIDE (PendSV_Handler, 0x0)
                0x00000000                PROVIDE (SysTickHandler, 0x0)
                0x00000000                PROVIDE (SysTick_Handler, 0x0)
                0x00000000                PROVIDE (WWDG_IRQHandler, 0x0)
                0x00000000                PROVIDE (PVD_IRQHandler, 0x0)
                0x00000000                PROVIDE (TAMPER_IRQHandler, 0x0)
                0x00000000                PROVIDE (RTC_IRQHandler, 0x0)
                0x00000000                PROVIDE (FLASH_IRQHandler, 0x0)
                0x00000000                PROVIDE (RCC_IRQHandler, 0x0)
                0x00000000                PROVIDE (EXTI0_IRQHandler, 0x0)
                0x00000000                PROVIDE (EXTI1_IRQHandler, 0x0)
                0x00000000                PROVIDE (EXTI2_IRQHandler, 0x0)
                0x00000000                PROVIDE (EXTI3_IRQHandler, 0x0)
                0x00000000                PROVIDE (EXTI4_IRQHandler, 0x0)
                0x00000000                PROVIDE (DMAChannel1_IRQHandler, 0x0)
                0x00000000                PROVIDE (DMAChannel2_IRQHandler, 0x0)
                0x00000000                PROVIDE (DMAChannel3_IRQHandler, 0x0)
                0x00000000                PROVIDE (DMAChannel4_IRQHandler, 0x0)
                0x00000000                PROVIDE (DMAChannel5_IRQHandler, 0x0)
                0x00000000                PROVIDE (DMAChannel6_IRQHandler, 0x0)
                0x00000000                PROVIDE (DMAChannel7_IRQHandler, 0x0)
                0x00000000                PROVIDE (DMA1_Channel1_IRQHandler, 0x0)
                0x00000000                PROVIDE (DMA1_Channel2_IRQHandler, 0x0)
                0x00000000                PROVIDE (DMA1_Channel3_IRQHandler, 0x0)
                0x00000000                PROVIDE (DMA1_Channel4_IRQHandler, 0x0)
                0x00000000                PROVIDE (DMA1_Channel5_IRQHandler, 0x0)
                0x00000000                PROVIDE (DMA1_Channel6_IRQHandler, 0x0)
                0x00000000                PROVIDE (DMA1_Channel7_IRQHandler, 0x0)
                0x00000000                PROVIDE (ADC_IRQHandler, 0x0)
                0x00000000                PROVIDE (ADC1_2_IRQHandler, 0x0)
                0x00000000                PROVIDE (USB_HP_CAN_TX_IRQHandler, 0x0)
                0x00000000                PROVIDE (USB_HP_CAN1_TX_IRQHandler, 0x0)
                0x00000000                PROVIDE (USB_LP_CAN_RX0_IRQHandler, 0x0)
                0x00000000                PROVIDE (USB_LP_CAN1_RX0_IRQHandler, 0x0)
                0x00000000                PROVIDE (CAN_RX1_IRQHandler, 0x0)
                0x00000000                PROVIDE (CAN1_RX1_IRQHandler, 0x0)
                0x00000000                PROVIDE (CAN_SCE_IRQHandler, 0x0)
                0x00000000                PROVIDE (CAN1_SCE_IRQHandler, 0x0)
                0x00000000                PROVIDE (EXTI9_5_IRQHandler, 0x0)
                0x00000000                PROVIDE (TIM1_BRK_IRQHandler, 0x0)
                0x00000000                PROVIDE (TIM1_UP_IRQHandler, 0x0)
                0x00000000                PROVIDE (TIM1_TRG_COM_IRQHandler, 0x0)
                0x00000000                PROVIDE (TIM1_CC_IRQHandler, 0x0)
                0x00000000                PROVIDE (TIM2_IRQHandler, 0x0)
                0x00000000                PROVIDE (TIM3_IRQHandler, 0x0)
                0x00000000                PROVIDE (TIM4_IRQHandler, 0x0)
                0x00000000                PROVIDE (I2C1_EV_IRQHandler, 0x0)
                0x00000000                PROVIDE (I2C1_ER_IRQHandler, 0x0)
                0x00000000                PROVIDE (I2C2_EV_IRQHandler, 0x0)
                0x00000000                PROVIDE (I2C2_ER_IRQHandler, 0x0)
                0x00000000                PROVIDE (SPI1_IRQHandler, 0x0)
                0x00000000                PROVIDE (SPI2_IRQHandler, 0x0)
                0x00000000                PROVIDE (USART1_IRQHandler, 0x0)
                0x00000000                PROVIDE (USART2_IRQHandler, 0x0)
                0x00000000                PROVIDE (USART3_IRQHandler, 0x0)
                0x00000000                PROVIDE (EXTI15_10_IRQHandler, 0x0)
                0x00000000                PROVIDE (RTCAlarm_IRQHandler, 0x0)
                0x00000000                PROVIDE (USBWakeUp_IRQHandler, 0x0)
                0x00000000                PROVIDE (TIM8_BRK_IRQHandler, 0x0)
                0x00000000                PROVIDE (TIM8_UP_IRQHandler, 0x0)
                0x00000000                PROVIDE (TIM8_TRG_COM_IRQHandler, 0x0)
                0x00000000                PROVIDE (TIM8_CC_IRQHandler, 0x0)
                0x00000000                PROVIDE (ADC3_IRQHandler, 0x0)
                0x00000000                PROVIDE (FSMC_IRQHandler, 0x0)
                0x00000000                PROVIDE (SDIO_IRQHandler, 0x0)
                0x00000000                PROVIDE (TIM5_IRQHandler, 0x0)
                0x00000000                PROVIDE (SPI3_IRQHandler, 0x0)
                0x00000000                PROVIDE (UART4_IRQHandler, 0x0)
                0x00000000                PROVIDE (UART5_IRQHandler, 0x0)
                0x00000000                PROVIDE (TIM6_IRQHandler, 0x0)
                0x00000000                PROVIDE (TIM7_IRQHandler, 0x0)
                0x00000000                PROVIDE (DMA2_Channel1_IRQHandler, 0x0)
                0x00000000                PROVIDE (DMA2_Channel2_IRQHandler, 0x0)
                0x00000000                PROVIDE (DMA2_Channel3_IRQHandler, 0x0)
                0x00000000                PROVIDE (DMA2_Channel4_5_IRQHandler, 0x0)
                0x42000000                PERIPH_BB_BASE = 0x42000000
                0x22000000                SRAM_BB_BASE = 0x22000000
                0x20000000                SRAM_BASE = 0x20000000
                0x40000000                PERIPH_BASE = 0x40000000
                0x40022000                PROVIDE (FLASH_BASE, 0x40022000)
                0x1ffff800                PROVIDE (OB_BASE, 0x1ffff800)
                0x40000000                APB1PERIPH_BASE = PERIPH_BASE
                0x40010000                APB2PERIPH_BASE = (PERIPH_BASE + 0x10000)
                0x40020000                AHBPERIPH_BASE = (PERIPH_BASE + 0x20000)
                0x40000000                PROVIDE (TIM2, (APB1PERIPH_BASE + 0x0))
                0x40000400                PROVIDE (TIM3, (APB1PERIPH_BASE + 0x400))
                0x40000800                PROVIDE (TIM4, (APB1PERIPH_BASE + 0x800))
                0x40002800                PROVIDE (RTC, (APB1PERIPH_BASE + 0x2800))
                0x40002c00                PROVIDE (WWDG, (APB1PERIPH_BASE + 0x2c00))
                0x40003000                PROVIDE (IWDG, (APB1PERIPH_BASE + 0x3000))
                0x40003800                PROVIDE (SPI2, (APB1PERIPH_BASE + 0x3800))
                0x40004400                PROVIDE (USART2, (APB1PERIPH_BASE + 0x4400))
                0x40004800                PROVIDE (USART3, (APB1PERIPH_BASE + 0x4800))
                0x40005400                PROVIDE (I2C1, (APB1PERIPH_BASE + 0x5400))
                0x40005800                PROVIDE (I2C2, (APB1PERIPH_BASE + 0x5800))
                0x40006400                PROVIDE (CAN, (APB1PERIPH_BASE + 0x6400))
                0x40006c00                PROVIDE (BKP, (APB1PERIPH_BASE + 0x6c00))
                0x40007000                PROVIDE (PWR, (APB1PERIPH_BASE + 0x7000))
                0x40010000                PROVIDE (AFIO, (APB2PERIPH_BASE + 0x0))
                0x40010400                PROVIDE (EXTI, (APB2PERIPH_BASE + 0x400))
                0x40010800                PROVIDE (GPIOA, (APB2PERIPH_BASE + 0x800))
                0x40010c00                PROVIDE (GPIOB, (APB2PERIPH_BASE + 0xc00))
                0x40011000                PROVIDE (GPIOC, (APB2PERIPH_BASE + 0x1000))
                0x40011400                PROVIDE (GPIOD, (APB2PERIPH_BASE + 0x1400))
                0x40011800                PROVIDE (GPIOE, (APB2PERIPH_BASE + 0x1800))
                0x40012400                PROVIDE (ADC1, (APB2PERIPH_BASE + 0x2400))
                0x40012800                PROVIDE (ADC2, (APB2PERIPH_BASE + 0x2800))
                0x40012c00                PROVIDE (TIM1, (APB2PERIPH_BASE + 0x2c00))
                0x40013000                PROVIDE (SPI1, (APB2PERIPH_BASE + 0x3000))
                0x40013800                PROVIDE (USART1, (APB2PERIPH_BASE + 0x3800))
                0x40020000                PROVIDE (DMA, (AHBPERIPH_BASE + 0x0))
                0x40020008                PROVIDE (DMA_Channel1, (AHBPERIPH_BASE + 0x8))
                0x4002001c                PROVIDE (DMA_Channel2, (AHBPERIPH_BASE + 0x1c))
                0x40020030                PROVIDE (DMA_Channel3, (AHBPERIPH_BASE + 0x30))
                0x40020044                PROVIDE (DMA_Channel4, (AHBPERIPH_BASE + 0x44))
                0x40020058                PROVIDE (DMA_Channel5, (AHBPERIPH_BASE + 0x58))
                0x4002006c                PROVIDE (DMA_Channel6, (AHBPERIPH_BASE + 0x6c))
                0x40020080                PROVIDE (DMA_Channel7, (AHBPERIPH_BASE + 0x80))
                0x40021000                PROVIDE (RCC, (AHBPERIPH_BASE + 0x1000))
                0xe000e000                SCS_BASE = 0xe000e000
                0xe000e010                PROVIDE (SysTick, (SCS_BASE + 0x10))
                0xe000e100                PROVIDE (NVIC, (SCS_BASE + 0x100))
                0xe000ed00                PROVIDE (SCB, (SCS_BASE + 0xd00))
                0x20002000                _estack = 0x20002000

.isr_vector     0x08000000      0x188
                0x08000000                . = ALIGN (0x4)
 *(.isr_vector)
 .isr_vector    0x08000000      0x188 .\startup_stm32f4xx.o
                0x08000000                g_pfnVectors
                0x08000188                . = ALIGN (0x4)

.flash_start    0x00000000        0x0
                0x00000000                . = ALIGN (0x4)
 *(.flash_start)
 *(.flash_start.*)
                0x00000000                . = ALIGN (0x4)

.crp_patch      0x00000000        0x0
                0x00000000                . = ALIGN (0x4)
 *(.crp_patch)
                0x00000000                . = ALIGN (0x4)

.flashtext      0x08000188        0x0
                0x08000188                . = ALIGN (0x4)
 *(.flashtext)
                0x08000188                . = ALIGN (0x4)

.text           0x08000188     0x1de8
                0x08000188                . = ALIGN (0x4)
 *(.text)
 *(.text.*)
 .text.Reset_Handler
                0x08000188       0x44 .\startup_stm32f4xx.o
                0x08000188                Reset_Handler
 .text.Default_Handler
                0x080001cc        0x2 .\startup_stm32f4xx.o
                0x080001cc                RTC_Alarm_IRQHandler
                0x080001cc                HASH_RNG_IRQHandler
                0x080001cc                EXTI2_IRQHandler
                0x080001cc                TIM8_CC_IRQHandler
                0x080001cc                TIM1_CC_IRQHandler
                0x080001cc                DMA2_Stream5_IRQHandler
                0x080001cc                DMA1_Stream5_IRQHandler
                0x080001cc                PVD_IRQHandler
                0x080001cc                SDIO_IRQHandler
                0x080001cc                TAMP_STAMP_IRQHandler
                0x080001cc                CAN2_RX1_IRQHandler
                0x080001cc                EXTI3_IRQHandler
                0x080001cc                TIM8_TRG_COM_TIM14_IRQHandler
                0x080001cc                TIM1_UP_TIM10_IRQHandler
                0x080001cc                TIM8_UP_TIM13_IRQHandler
                0x080001cc                I2C3_ER_IRQHandler
                0x080001cc                EXTI0_IRQHandler
                0x080001cc                I2C2_EV_IRQHandler
                0x080001cc                DMA1_Stream2_IRQHandler
                0x080001cc                CAN1_RX0_IRQHandler
                0x080001cc                FPU_IRQHandler
                0x080001cc                OTG_HS_WKUP_IRQHandler
                0x080001cc                CAN2_SCE_IRQHandler
                0x080001cc                DMA2_Stream2_IRQHandler
                0x080001cc                SPI1_IRQHandler
                0x080001cc                TIM6_DAC_IRQHandler
                0x080001cc                TIM1_BRK_TIM9_IRQHandler
                0x080001cc                DCMI_IRQHandler
                0x080001cc                CAN2_RX0_IRQHandler
                0x080001cc                DMA2_Stream3_IRQHandler
                0x080001cc                USART6_IRQHandler
                0x080001cc                USART3_IRQHandler
                0x080001cc                CRYP_IRQHandler
                0x080001cc                CAN1_RX1_IRQHandler
                0x080001cc                UART5_IRQHandler
                0x080001cc                DMA2_Stream0_IRQHandler
                0x080001cc                TIM4_IRQHandler
                0x080001cc                I2C1_EV_IRQHandler
                0x080001cc                DMA1_Stream6_IRQHandler
                0x080001cc                DMA1_Stream1_IRQHandler
                0x080001cc                UART4_IRQHandler
                0x080001cc                RCC_IRQHandler
                0x080001cc                TIM8_BRK_TIM12_IRQHandler
                0x080001cc                Default_Handler
                0x080001cc                EXTI15_10_IRQHandler
                0x080001cc                ADC_IRQHandler
                0x080001cc                DMA1_Stream7_IRQHandler
                0x080001cc                TIM7_IRQHandler
                0x080001cc                CAN2_TX_IRQHandler
                0x080001cc                TIM5_IRQHandler
                0x080001cc                DMA2_Stream7_IRQHandler
                0x080001cc                I2C3_EV_IRQHandler
                0x080001cc                EXTI9_5_IRQHandler
                0x080001cc                RTC_WKUP_IRQHandler
                0x080001cc                ETH_WKUP_IRQHandler
                0x080001cc                SPI2_IRQHandler
                0x080001cc                OTG_HS_EP1_IN_IRQHandler
                0x080001cc                DMA1_Stream0_IRQHandler
                0x080001cc                CAN1_TX_IRQHandler
                0x080001cc                EXTI4_IRQHandler
                0x080001cc                FSMC_IRQHandler
                0x080001cc                ETH_IRQHandler
                0x080001cc                OTG_HS_EP1_OUT_IRQHandler
                0x080001cc                WWDG_IRQHandler
                0x080001cc                TIM2_IRQHandler
                0x080001cc                OTG_FS_WKUP_IRQHandler
                0x080001cc                TIM1_TRG_COM_TIM11_IRQHandler
                0x080001cc                OTG_HS_IRQHandler
                0x080001cc                EXTI1_IRQHandler
                0x080001cc                USART2_IRQHandler
                0x080001cc                I2C2_ER_IRQHandler
                0x080001cc                DMA2_Stream1_IRQHandler
                0x080001cc                CAN1_SCE_IRQHandler
                0x080001cc                FLASH_IRQHandler
                0x080001cc                DMA2_Stream4_IRQHandler
                0x080001cc                USART1_IRQHandler
                0x080001cc                OTG_FS_IRQHandler
                0x080001cc                SPI3_IRQHandler
                0x080001cc                DMA1_Stream4_IRQHandler
                0x080001cc                I2C1_ER_IRQHandler
                0x080001cc                DMA2_Stream6_IRQHandler
                0x080001cc                DMA1_Stream3_IRQHandler
 *fill*         0x080001ce        0x2 00
 .text.SendCompressedBuffer
                0x080001d0       0x98 C:\FbEdit\Projects\Applications\fbe\STM32F4Discovery\STM32F4_LCMeter\STM32_LCMeter\main.o
                0x080001d0                SendCompressedBuffer
 .text.GetFrequency
                0x08000268       0x20 C:\FbEdit\Projects\Applications\fbe\STM32F4Discovery\STM32F4_LCMeter\STM32_LCMeter\main.o
                0x08000268                GetFrequency
 .text.LCM_Calibrate
                0x08000288       0xa4 C:\FbEdit\Projects\Applications\fbe\STM32F4Discovery\STM32F4_LCMeter\STM32_LCMeter\main.o
                0x08000288                LCM_Calibrate
 .text.SPISendData
                0x0800032c       0x2c C:\FbEdit\Projects\Applications\fbe\STM32F4Discovery\STM32F4_LCMeter\STM32_LCMeter\main.o
                0x0800032c                SPISendData
 .text.SPISendData32
                0x08000358       0x14 C:\FbEdit\Projects\Applications\fbe\STM32F4Discovery\STM32F4_LCMeter\STM32_LCMeter\main.o
                0x08000358                SPISendData32
 .text.USART3_putdata
                0x0800036c       0x30 C:\FbEdit\Projects\Applications\fbe\STM32F4Discovery\STM32F4_LCMeter\STM32_LCMeter\main.o
                0x0800036c                USART3_putdata
 .text.USART3_getdata
                0x0800039c       0x30 C:\FbEdit\Projects\Applications\fbe\STM32F4Discovery\STM32F4_LCMeter\STM32_LCMeter\main.o
                0x0800039c                USART3_getdata
 .text.RCC_Config
                0x080003cc       0x74 C:\FbEdit\Projects\Applications\fbe\STM32F4Discovery\STM32F4_LCMeter\STM32_LCMeter\main.o
                0x080003cc                RCC_Config
 .text.NVIC_Config
                0x08000440       0x2c C:\FbEdit\Projects\Applications\fbe\STM32F4Discovery\STM32F4_LCMeter\STM32_LCMeter\main.o
                0x08000440                NVIC_Config
 .text.GPIO_Config
                0x0800046c      0x1c8 C:\FbEdit\Projects\Applications\fbe\STM32F4Discovery\STM32F4_LCMeter\STM32_LCMeter\main.o
                0x0800046c                GPIO_Config
 .text.TIM_Config
                0x08000634      0x138 C:\FbEdit\Projects\Applications\fbe\STM32F4Discovery\STM32F4_LCMeter\STM32_LCMeter\main.o
                0x08000634                TIM_Config
 .text.DAC_Config
                0x0800076c       0x44 C:\FbEdit\Projects\Applications\fbe\STM32F4Discovery\STM32F4_LCMeter\STM32_LCMeter\main.o
                0x0800076c                DAC_Config
 .text.DMA_SingleConfig
                0x080007b0       0x80 C:\FbEdit\Projects\Applications\fbe\STM32F4Discovery\STM32F4_LCMeter\STM32_LCMeter\main.o
                0x080007b0                DMA_SingleConfig
 .text.ADC_SingleConfig
                0x08000830       0x84 C:\FbEdit\Projects\Applications\fbe\STM32F4Discovery\STM32F4_LCMeter\STM32_LCMeter\main.o
                0x08000830                ADC_SingleConfig
 .text.DMA_TripleConfig
                0x080008b4       0x80 C:\FbEdit\Projects\Applications\fbe\STM32F4Discovery\STM32F4_LCMeter\STM32_LCMeter\main.o
                0x080008b4                DMA_TripleConfig
 .text.ADC_TripleConfig
                0x08000934       0xd8 C:\FbEdit\Projects\Applications\fbe\STM32F4Discovery\STM32F4_LCMeter\STM32_LCMeter\main.o
                0x08000934                ADC_TripleConfig
 .text.DMA_LGAConfig
                0x08000a0c       0x78 C:\FbEdit\Projects\Applications\fbe\STM32F4Discovery\STM32F4_LCMeter\STM32_LCMeter\main.o
                0x08000a0c                DMA_LGAConfig
 .text.SPI_Config
                0x08000a84       0x64 C:\FbEdit\Projects\Applications\fbe\STM32F4Discovery\STM32F4_LCMeter\STM32_LCMeter\main.o
                0x08000a84                SPI_Config
 .text.USART_Config
                0x08000ae8       0x6c C:\FbEdit\Projects\Applications\fbe\STM32F4Discovery\STM32F4_LCMeter\STM32_LCMeter\main.o
                0x08000ae8                USART_Config
 .text.main     0x08000b54      0x47c C:\FbEdit\Projects\Applications\fbe\STM32F4Discovery\STM32F4_LCMeter\STM32_LCMeter\main.o
                0x08000b54                main
 .text.TIM3_IRQHandler
                0x08000fd0       0x60 C:\FbEdit\Projects\Applications\fbe\STM32F4Discovery\STM32F4_LCMeter\STM32_LCMeter\main.o
                0x08000fd0                TIM3_IRQHandler
 .text.NMI_Handler
                0x08001030        0x4 C:\FbEdit\Projects\Applications\fbe\STM32F4Discovery\STM32F4_LCMeter\STM32_LCMeter\stm32f4xx_it.o
                0x08001030                NMI_Handler
 .text.HardFault_Handler
                0x08001034        0x4 C:\FbEdit\Projects\Applications\fbe\STM32F4Discovery\STM32F4_LCMeter\STM32_LCMeter\stm32f4xx_it.o
                0x08001034                HardFault_Handler
 .text.MemManage_Handler
                0x08001038        0x4 C:\FbEdit\Projects\Applications\fbe\STM32F4Discovery\STM32F4_LCMeter\STM32_LCMeter\stm32f4xx_it.o
                0x08001038                MemManage_Handler
 .text.BusFault_Handler
                0x0800103c        0x4 C:\FbEdit\Projects\Applications\fbe\STM32F4Discovery\STM32F4_LCMeter\STM32_LCMeter\stm32f4xx_it.o
                0x0800103c                BusFault_Handler
 .text.UsageFault_Handler
                0x08001040        0x4 C:\FbEdit\Projects\Applications\fbe\STM32F4Discovery\STM32F4_LCMeter\STM32_LCMeter\stm32f4xx_it.o
                0x08001040                UsageFault_Handler
 .text.DebugMon_Handler
                0x08001044        0x4 C:\FbEdit\Projects\Applications\fbe\STM32F4Discovery\STM32F4_LCMeter\STM32_LCMeter\stm32f4xx_it.o
                0x08001044                DebugMon_Handler
 .text.SVC_Handler
                0x08001048        0x4 C:\FbEdit\Projects\Applications\fbe\STM32F4Discovery\STM32F4_LCMeter\STM32_LCMeter\stm32f4xx_it.o
                0x08001048                SVC_Handler
 .text.PendSV_Handler
                0x0800104c        0x4 C:\FbEdit\Projects\Applications\fbe\STM32F4Discovery\STM32F4_LCMeter\STM32_LCMeter\stm32f4xx_it.o
                0x0800104c                PendSV_Handler
 .text.SysTick_Handler
                0x08001050        0x4 C:\FbEdit\Projects\Applications\fbe\STM32F4Discovery\STM32F4_LCMeter\STM32_LCMeter\stm32f4xx_it.o
                0x08001050                SysTick_Handler
 .text.RCC_GetClocksFreq
                0x08001054       0xd8 C:\FbEdit\Projects\Applications\fbe\STM32F4Discovery\STM32F4_LCMeter\STM32_LCMeter\stm32f4xx_rcc.o
                0x08001054                RCC_GetClocksFreq
 .text.RCC_AHB1PeriphClockCmd
                0x0800112c       0x24 C:\FbEdit\Projects\Applications\fbe\STM32F4Discovery\STM32F4_LCMeter\STM32_LCMeter\stm32f4xx_rcc.o
                0x0800112c                RCC_AHB1PeriphClockCmd
 .text.RCC_APB1PeriphClockCmd
                0x08001150       0x24 C:\FbEdit\Projects\Applications\fbe\STM32F4Discovery\STM32F4_LCMeter\STM32_LCMeter\stm32f4xx_rcc.o
                0x08001150                RCC_APB1PeriphClockCmd
 .text.RCC_APB2PeriphClockCmd
                0x08001174       0x24 C:\FbEdit\Projects\Applications\fbe\STM32F4Discovery\STM32F4_LCMeter\STM32_LCMeter\stm32f4xx_rcc.o
                0x08001174                RCC_APB2PeriphClockCmd
 .text.GPIO_Init
                0x08001198       0xbc C:\FbEdit\Projects\Applications\fbe\STM32F4Discovery\STM32F4_LCMeter\STM32_LCMeter\stm32f4xx_gpio.o
                0x08001198                GPIO_Init
 .text.GPIO_SetBits
                0x08001254        0x4 C:\FbEdit\Projects\Applications\fbe\STM32F4Discovery\STM32F4_LCMeter\STM32_LCMeter\stm32f4xx_gpio.o
                0x08001254                GPIO_SetBits
 .text.GPIO_ResetBits
                0x08001258        0x4 C:\FbEdit\Projects\Applications\fbe\STM32F4Discovery\STM32F4_LCMeter\STM32_LCMeter\stm32f4xx_gpio.o
                0x08001258                GPIO_ResetBits
 .text.GPIO_PinAFConfig
                0x0800125c       0x3c C:\FbEdit\Projects\Applications\fbe\STM32F4Discovery\STM32F4_LCMeter\STM32_LCMeter\stm32f4xx_gpio.o
                0x0800125c                GPIO_PinAFConfig
 .text.TIM_TimeBaseInit
                0x08001298       0xc0 C:\FbEdit\Projects\Applications\fbe\STM32F4Discovery\STM32F4_LCMeter\STM32_LCMeter\stm32f4xx_tim.o
                0x08001298                TIM_TimeBaseInit
 .text.TIM_ARRPreloadConfig
                0x08001358       0x20 C:\FbEdit\Projects\Applications\fbe\STM32F4Discovery\STM32F4_LCMeter\STM32_LCMeter\stm32f4xx_tim.o
                0x08001358                TIM_ARRPreloadConfig
 .text.TIM_Cmd  0x08001378       0x20 C:\FbEdit\Projects\Applications\fbe\STM32F4Discovery\STM32F4_LCMeter\STM32_LCMeter\stm32f4xx_tim.o
                0x08001378                TIM_Cmd
 .text.TIM_OC2Init
                0x08001398       0xb0 C:\FbEdit\Projects\Applications\fbe\STM32F4Discovery\STM32F4_LCMeter\STM32_LCMeter\stm32f4xx_tim.o
                0x08001398                TIM_OC2Init
 .text.TIM_OCStructInit
                0x08001448       0x18 C:\FbEdit\Projects\Applications\fbe\STM32F4Discovery\STM32F4_LCMeter\STM32_LCMeter\stm32f4xx_tim.o
                0x08001448                TIM_OCStructInit
 .text.TIM_OC2PreloadConfig
                0x08001460       0x18 C:\FbEdit\Projects\Applications\fbe\STM32F4Discovery\STM32F4_LCMeter\STM32_LCMeter\stm32f4xx_tim.o
                0x08001460                TIM_OC2PreloadConfig
 .text.TIM_ITConfig
                0x08001478       0x18 C:\FbEdit\Projects\Applications\fbe\STM32F4Discovery\STM32F4_LCMeter\STM32_LCMeter\stm32f4xx_tim.o
                0x08001478                TIM_ITConfig
 .text.TIM_ClearITPendingBit
                0x08001490        0xc C:\FbEdit\Projects\Applications\fbe\STM32F4Discovery\STM32F4_LCMeter\STM32_LCMeter\stm32f4xx_tim.o
                0x08001490                TIM_ClearITPendingBit
 .text.TIM_DMACmd
                0x0800149c       0x18 C:\FbEdit\Projects\Applications\fbe\STM32F4Discovery\STM32F4_LCMeter\STM32_LCMeter\stm32f4xx_tim.o
                0x0800149c                TIM_DMACmd
 .text.NVIC_Init
                0x080014b4       0x88 C:\FbEdit\Projects\Applications\fbe\STM32F4Discovery\STM32F4_LCMeter\STM32_LCMeter\misc.o
                0x080014b4                NVIC_Init
 .text.SystemInit
                0x0800153c      0x124 C:\FbEdit\Projects\Applications\fbe\STM32F4Discovery\STM32F4_LCMeter\STM32_LCMeter\system_stm32f4xx.o
                0x0800153c                SystemInit
 .text.STM_EVAL_LEDInit
                0x08001660       0x54 C:\FbEdit\Projects\Applications\fbe\STM32F4Discovery\STM32F4_LCMeter\STM32_LCMeter\stm32f4_discovery.o
                0x08001660                STM_EVAL_LEDInit
 .text.STM_EVAL_LEDToggle
                0x080016b4       0x24 C:\FbEdit\Projects\Applications\fbe\STM32F4Discovery\STM32F4_LCMeter\STM32_LCMeter\stm32f4_discovery.o
                0x080016b4                STM_EVAL_LEDToggle
 .text.DAC_Init
                0x080016d8       0x38 C:\FbEdit\Projects\Applications\fbe\STM32F4Discovery\STM32F4_LCMeter\STM32_LCMeter\stm32f4xx_dac.o
                0x080016d8                DAC_Init
 .text.DAC_StructInit
                0x08001710       0x10 C:\FbEdit\Projects\Applications\fbe\STM32F4Discovery\STM32F4_LCMeter\STM32_LCMeter\stm32f4xx_dac.o
                0x08001710                DAC_StructInit
 .text.DAC_Cmd  0x08001720       0x34 C:\FbEdit\Projects\Applications\fbe\STM32F4Discovery\STM32F4_LCMeter\STM32_LCMeter\stm32f4xx_dac.o
                0x08001720                DAC_Cmd
 .text.DAC_SetChannel1Data
                0x08001754       0x24 C:\FbEdit\Projects\Applications\fbe\STM32F4Discovery\STM32F4_LCMeter\STM32_LCMeter\stm32f4xx_dac.o
                0x08001754                DAC_SetChannel1Data
 .text.SPI_Init
                0x08001778       0x48 C:\FbEdit\Projects\Applications\fbe\STM32F4Discovery\STM32F4_LCMeter\STM32_LCMeter\stm32f4xx_spi.o
                0x08001778                SPI_Init
 .text.SPI_Cmd  0x080017c0       0x20 C:\FbEdit\Projects\Applications\fbe\STM32F4Discovery\STM32F4_LCMeter\STM32_LCMeter\stm32f4xx_spi.o
                0x080017c0                SPI_Cmd
 .text.USART_Init
                0x080017e0      0x10c C:\FbEdit\Projects\Applications\fbe\STM32F4Discovery\STM32F4_LCMeter\STM32_LCMeter\stm32f4xx_usart.o
                0x080017e0                USART_Init
 .text.USART_StructInit
                0x080018ec       0x1c C:\FbEdit\Projects\Applications\fbe\STM32F4Discovery\STM32F4_LCMeter\STM32_LCMeter\stm32f4xx_usart.o
                0x080018ec                USART_StructInit
 .text.USART_Cmd
                0x08001908       0x20 C:\FbEdit\Projects\Applications\fbe\STM32F4Discovery\STM32F4_LCMeter\STM32_LCMeter\stm32f4xx_usart.o
                0x08001908                USART_Cmd
 .text.ADC_Init
                0x08001928       0x54 C:\FbEdit\Projects\Applications\fbe\STM32F4Discovery\STM32F4_LCMeter\STM32_LCMeter\stm32f4xx_adc.o
                0x08001928                ADC_Init
 .text.ADC_StructInit
                0x0800197c       0x18 C:\FbEdit\Projects\Applications\fbe\STM32F4Discovery\STM32F4_LCMeter\STM32_LCMeter\stm32f4xx_adc.o
                0x0800197c                ADC_StructInit
 .text.ADC_CommonInit
                0x08001994       0x34 C:\FbEdit\Projects\Applications\fbe\STM32F4Discovery\STM32F4_LCMeter\STM32_LCMeter\stm32f4xx_adc.o
                0x08001994                ADC_CommonInit
 .text.ADC_CommonStructInit
                0x080019c8       0x10 C:\FbEdit\Projects\Applications\fbe\STM32F4Discovery\STM32F4_LCMeter\STM32_LCMeter\stm32f4xx_adc.o
                0x080019c8                ADC_CommonStructInit
 .text.ADC_Cmd  0x080019d8       0x18 C:\FbEdit\Projects\Applications\fbe\STM32F4Discovery\STM32F4_LCMeter\STM32_LCMeter\stm32f4xx_adc.o
                0x080019d8                ADC_Cmd
 .text.ADC_RegularChannelConfig
                0x080019f0       0xb4 C:\FbEdit\Projects\Applications\fbe\STM32F4Discovery\STM32F4_LCMeter\STM32_LCMeter\stm32f4xx_adc.o
                0x080019f0                ADC_RegularChannelConfig
 .text.ADC_DMACmd
                0x08001aa4       0x18 C:\FbEdit\Projects\Applications\fbe\STM32F4Discovery\STM32F4_LCMeter\STM32_LCMeter\stm32f4xx_adc.o
                0x08001aa4                ADC_DMACmd
 .text.ADC_DMARequestAfterLastTransferCmd
                0x08001abc       0x18 C:\FbEdit\Projects\Applications\fbe\STM32F4Discovery\STM32F4_LCMeter\STM32_LCMeter\stm32f4xx_adc.o
                0x08001abc                ADC_DMARequestAfterLastTransferCmd
 .text.ADC_MultiModeDMARequestAfterLastTransferCmd
                0x08001ad4       0x28 C:\FbEdit\Projects\Applications\fbe\STM32F4Discovery\STM32F4_LCMeter\STM32_LCMeter\stm32f4xx_adc.o
                0x08001ad4                ADC_MultiModeDMARequestAfterLastTransferCmd
 .text.DMA_DeInit
                0x08001afc      0x1f4 C:\FbEdit\Projects\Applications\fbe\STM32F4Discovery\STM32F4_LCMeter\STM32_LCMeter\stm32f4xx_dma.o
                0x08001afc                DMA_DeInit
 .text.DMA_Init
                0x08001cf0       0x60 C:\FbEdit\Projects\Applications\fbe\STM32F4Discovery\STM32F4_LCMeter\STM32_LCMeter\stm32f4xx_dma.o
                0x08001cf0                DMA_Init
 .text.DMA_StructInit
                0x08001d50       0x24 C:\FbEdit\Projects\Applications\fbe\STM32F4Discovery\STM32F4_LCMeter\STM32_LCMeter\stm32f4xx_dma.o
                0x08001d50                DMA_StructInit
 .text.DMA_Cmd  0x08001d74       0x18 C:\FbEdit\Projects\Applications\fbe\STM32F4Discovery\STM32F4_LCMeter\STM32_LCMeter\stm32f4xx_dma.o
                0x08001d74                DMA_Cmd
 .text.DMA_GetFlagStatus
                0x08001d8c       0x44 C:\FbEdit\Projects\Applications\fbe\STM32F4Discovery\STM32F4_LCMeter\STM32_LCMeter\stm32f4xx_dma.o
                0x08001d8c                DMA_GetFlagStatus
 .text.__io_putchar
                0x08001dd0      0x16c C:\Program Files (x86)\Raisonance\Ride\Lib\ARM\STM32x_io_putchar_thumb.a(STM32F10X_io_putchar.o)
                0x08001dd0                __io_putchar
 .text._write   0x08001f3c        0x4 C:\Program Files (x86)\Raisonance\Ride\Lib\ARM\std_sbrk_thumb.lib(write.o)
                0x08001f3c                _write
 *(.rodata)
 .rodata        0x08001f40       0x30 C:\FbEdit\Projects\Applications\fbe\STM32F4Discovery\STM32F4_LCMeter\STM32_LCMeter\stm32f4_discovery.o
                0x08001f40                GPIO_CLK
                0x08001f50                GPIO_PIN
                0x08001f58                BUTTON_CLK
                0x08001f5c                BUTTON_PIN
                0x08001f60                BUTTON_PORT_SOURCE
                0x08001f64                BUTTON_PIN_SOURCE
                0x08001f68                BUTTON_EXTI_LINE
                0x08001f6c                BUTTON_IRQn
 *(.rodata*)
 *(.glue_7)
 .glue_7        0x00000000        0x0 linker stubs
 *(.glue_7t)
 .glue_7t       0x00000000        0x0 linker stubs
                0x08001f70                . = ALIGN (0x4)
                0x08001f70                _etext = .
                0x08001f70                _sidata = _etext

.vfp11_veneer   0x08001f70        0x0
 .vfp11_veneer  0x00000000        0x0 linker stubs

.v4_bx          0x08001f70        0x0
 .v4_bx         0x00000000        0x0 linker stubs

.flashpatch     0x00000000        0x0
                0x00000000                . = ALIGN (0x4)
 *(.flashpatch)
                0x00000000                . = ALIGN (0x4)

.endflash       0x00000000        0x0
                0x00000000                . = ALIGN (0x4)
 *(.endflash)
                0x00000000                . = ALIGN (0x4)
                0x00000000                _e_endflash = .

.data           0x20000000       0x24 load address 0x08001f70
                0x20000000                . = ALIGN (0x4)
                0x20000000                _sdata = .
                0x20000000                _data = .
 *(.data)
 .data          0x20000000       0x10 C:\FbEdit\Projects\Applications\fbe\STM32F4Discovery\STM32F4_LCMeter\STM32_LCMeter\stm32f4xx_rcc.o
 .data          0x20000010       0x14 C:\FbEdit\Projects\Applications\fbe\STM32F4Discovery\STM32F4_LCMeter\STM32_LCMeter\stm32f4_discovery.o
                0x20000010                GPIO_PORT
                0x20000020                BUTTON_PORT
 *(.data.*)
 *(.RAMtext)
                0x20000024                . = ALIGN (0x4)
                0x20000024                _edata = .
                0x08001f94                _eidata = ((_sidata + _edata) - _sdata)
                0x08010000                _lastdataromaddress = 0x8010000
                0x00000000                toobig = (_eidata > _lastdataromaddress)?!!!!!!!!! FLASH IS FULL !!!!!!!!!:0x0

.bss            0x20000024       0xc4 load address 0x08001f94
                0x20000024                . = ALIGN (0x4)
                0x20000024                _sbss = .
                0x20000024                _bss = .
 *(.bss)
 *(COMMON)
 COMMON         0x20000024       0xc4 C:\FbEdit\Projects\Applications\fbe\STM32F4Discovery\STM32F4_LCMeter\STM32_LCMeter\main.o
                0x20000024                STM32_CMD
                0x200000e8                . = ALIGN (0x4)
                0x200000e8                _ebss = .
                0x200000e8                PROVIDE (end, _ebss)
                0x200000e8                PROVIDE (_end, _ebss)

._usrstack      0x200000e8      0x100 load address 0x08002058
                0x200000e8                . = ALIGN (0x4)
                0x200000e8                _susrstack = .
                0x200001e8                . = (. + _Minimum_Stack_Size)
 *fill*         0x200000e8      0x100 00
                0x200001e8                . = ALIGN (0x4)
                0x200001e8                _eusrstack = .

.b1text
 *(.b1text)
 *(.b1rodata)
 *(.b1rodata*)

.eb0text
 *(.eb0text)
 *(.eb0rodata)
 *(.eb0rodata*)

.eb1text
 *(.eb1text)
 *(.eb1rodata)
 *(.eb1rodata*)

.eb2text
 *(.eb2text)
 *(.eb2rodata)
 *(.eb2rodata*)

.eb3text
 *(.eb3text)
 *(.eb3rodata)
 *(.eb3rodata*)
                0x200001e8                __exidx_start = .
                0x200001e8                __exidx_end = .

/DISCARD/
 libc.a(*)
 libm.a(*)
 libgcc.a(*)

.stab
 *(.stab)

.stabstr
 *(.stabstr)

.stab.excl
 *(.stab.excl)

.stab.exclstr
 *(.stab.exclstr)

.stab.index
 *(.stab.index)

.stab.indexstr
 *(.stab.indexstr)

.ARM.attributes
                0x00000000       0x2f
 .ARM.attributes
                0x00000000       0x23 .\startup_stm32f4xx.o
 .ARM.attributes
                0x00000023       0x31 C:\FbEdit\Projects\Applications\fbe\STM32F4Discovery\STM32F4_LCMeter\STM32_LCMeter\main.o
 .ARM.attributes
                0x00000054       0x31 C:\FbEdit\Projects\Applications\fbe\STM32F4Discovery\STM32F4_LCMeter\STM32_LCMeter\stm32f4xx_it.o
 .ARM.attributes
                0x00000085       0x31 C:\FbEdit\Projects\Applications\fbe\STM32F4Discovery\STM32F4_LCMeter\STM32_LCMeter\stm32f4xx_rcc.o
 .ARM.attributes
                0x000000b6       0x31 C:\FbEdit\Projects\Applications\fbe\STM32F4Discovery\STM32F4_LCMeter\STM32_LCMeter\stm32f4xx_gpio.o
 .ARM.attributes
                0x000000e7       0x31 C:\FbEdit\Projects\Applications\fbe\STM32F4Discovery\STM32F4_LCMeter\STM32_LCMeter\stm32f4xx_tim.o
 .ARM.attributes
                0x00000118       0x31 C:\FbEdit\Projects\Applications\fbe\STM32F4Discovery\STM32F4_LCMeter\STM32_LCMeter\misc.o
 .ARM.attributes
                0x00000149       0x31 C:\FbEdit\Projects\Applications\fbe\STM32F4Discovery\STM32F4_LCMeter\STM32_LCMeter\system_stm32f4xx.o
 .ARM.attributes
                0x0000017a       0x31 C:\FbEdit\Projects\Applications\fbe\STM32F4Discovery\STM32F4_LCMeter\STM32_LCMeter\stm32f4_discovery.o
 .ARM.attributes
                0x000001ab       0x31 C:\FbEdit\Projects\Applications\fbe\STM32F4Discovery\STM32F4_LCMeter\STM32_LCMeter\stm32f4xx_dac.o
 .ARM.attributes
                0x000001dc       0x31 C:\FbEdit\Projects\Applications\fbe\STM32F4Discovery\STM32F4_LCMeter\STM32_LCMeter\stm32f4xx_spi.o
 .ARM.attributes
                0x0000020d       0x31 C:\FbEdit\Projects\Applications\fbe\STM32F4Discovery\STM32F4_LCMeter\STM32_LCMeter\stm32f4xx_usart.o
 .ARM.attributes
                0x0000023e       0x31 C:\FbEdit\Projects\Applications\fbe\STM32F4Discovery\STM32F4_LCMeter\STM32_LCMeter\stm32f4xx_adc.o
 .ARM.attributes
                0x0000026f       0x31 C:\FbEdit\Projects\Applications\fbe\STM32F4Discovery\STM32F4_LCMeter\STM32_LCMeter\stm32f4xx_dma.o
 .ARM.attributes
                0x000002a0       0x31 C:\Program Files (x86)\Raisonance\Ride\Lib\ARM\STM32x_io_putchar_thumb.a(STM32F10X_io_putchar.o)
 .ARM.attributes
                0x000002d1       0x2e C:\Program Files (x86)\Raisonance\Ride\Lib\ARM\std_sbrk_thumb.lib(write.o)

.comment        0x00000000       0x7f
 *(.comment)
 .comment       0x00000000       0x2a C:\FbEdit\Projects\Applications\fbe\STM32F4Discovery\STM32F4_LCMeter\STM32_LCMeter\main.o
                                 0x2b (size before relaxing)
 .comment       0x00000000       0x2b C:\FbEdit\Projects\Applications\fbe\STM32F4Discovery\STM32F4_LCMeter\STM32_LCMeter\stm32f4xx_it.o
 .comment       0x00000000       0x2b C:\FbEdit\Projects\Applications\fbe\STM32F4Discovery\STM32F4_LCMeter\STM32_LCMeter\stm32f4xx_rcc.o
 .comment       0x00000000       0x2b C:\FbEdit\Projects\Applications\fbe\STM32F4Discovery\STM32F4_LCMeter\STM32_LCMeter\stm32f4xx_gpio.o
 .comment       0x00000000       0x2b C:\FbEdit\Projects\Applications\fbe\STM32F4Discovery\STM32F4_LCMeter\STM32_LCMeter\stm32f4xx_tim.o
 .comment       0x00000000       0x2b C:\FbEdit\Projects\Applications\fbe\STM32F4Discovery\STM32F4_LCMeter\STM32_LCMeter\misc.o
 .comment       0x00000000       0x2b C:\FbEdit\Projects\Applications\fbe\STM32F4Discovery\STM32F4_LCMeter\STM32_LCMeter\system_stm32f4xx.o
 .comment       0x00000000       0x2b C:\FbEdit\Projects\Applications\fbe\STM32F4Discovery\STM32F4_LCMeter\STM32_LCMeter\stm32f4_discovery.o
 .comment       0x00000000       0x2b C:\FbEdit\Projects\Applications\fbe\STM32F4Discovery\STM32F4_LCMeter\STM32_LCMeter\stm32f4xx_dac.o
 .comment       0x00000000       0x2b C:\FbEdit\Projects\Applications\fbe\STM32F4Discovery\STM32F4_LCMeter\STM32_LCMeter\stm32f4xx_spi.o
 .comment       0x00000000       0x2b C:\FbEdit\Projects\Applications\fbe\STM32F4Discovery\STM32F4_LCMeter\STM32_LCMeter\stm32f4xx_usart.o
 .comment       0x00000000       0x2b C:\FbEdit\Projects\Applications\fbe\STM32F4Discovery\STM32F4_LCMeter\STM32_LCMeter\stm32f4xx_adc.o
 .comment       0x00000000       0x2b C:\FbEdit\Projects\Applications\fbe\STM32F4Discovery\STM32F4_LCMeter\STM32_LCMeter\stm32f4xx_dma.o
 .comment       0x0000002a       0x2b C:\Program Files (x86)\Raisonance\Ride\Lib\ARM\STM32x_io_putchar_thumb.a(STM32F10X_io_putchar.o)
 .comment       0x00000055       0x2a C:\Program Files (x86)\Raisonance\Ride\Lib\ARM\std_sbrk_thumb.lib(write.o)

.debug
 *(.debug)

.line
 *(.line)

.debug_srcinfo
 *(.debug_srcinfo)

.debug_sfnames
 *(.debug_sfnames)

.debug_aranges  0x00000000      0xb38
 *(.debug_aranges)
 .debug_aranges
                0x00000000       0xc8 C:\FbEdit\Projects\Applications\fbe\STM32F4Discovery\STM32F4_LCMeter\STM32_LCMeter\main.o
 .debug_aranges
                0x000000c8       0x60 C:\FbEdit\Projects\Applications\fbe\STM32F4Discovery\STM32F4_LCMeter\STM32_LCMeter\stm32f4xx_it.o
 .debug_aranges
                0x00000128      0x178 C:\FbEdit\Projects\Applications\fbe\STM32F4Discovery\STM32F4_LCMeter\STM32_LCMeter\stm32f4xx_rcc.o
 .debug_aranges
                0x000002a0       0x88 C:\FbEdit\Projects\Applications\fbe\STM32F4Discovery\STM32F4_LCMeter\STM32_LCMeter\stm32f4xx_gpio.o
 .debug_aranges
                0x00000328      0x2e8 C:\FbEdit\Projects\Applications\fbe\STM32F4Discovery\STM32F4_LCMeter\STM32_LCMeter\stm32f4xx_tim.o
 .debug_aranges
                0x00000610       0x40 C:\FbEdit\Projects\Applications\fbe\STM32F4Discovery\STM32F4_LCMeter\STM32_LCMeter\misc.o
 .debug_aranges
                0x00000650       0x28 C:\FbEdit\Projects\Applications\fbe\STM32F4Discovery\STM32F4_LCMeter\STM32_LCMeter\system_stm32f4xx.o
 .debug_aranges
                0x00000678       0x48 C:\FbEdit\Projects\Applications\fbe\STM32F4Discovery\STM32F4_LCMeter\STM32_LCMeter\stm32f4_discovery.o
 .debug_aranges
                0x000006c0       0xa0 C:\FbEdit\Projects\Applications\fbe\STM32F4Discovery\STM32F4_LCMeter\STM32_LCMeter\stm32f4xx_dac.o
 .debug_aranges
                0x00000760       0xe0 C:\FbEdit\Projects\Applications\fbe\STM32F4Discovery\STM32F4_LCMeter\STM32_LCMeter\stm32f4xx_spi.o
 .debug_aranges
                0x00000840      0x100 C:\FbEdit\Projects\Applications\fbe\STM32F4Discovery\STM32F4_LCMeter\STM32_LCMeter\stm32f4xx_usart.o
 .debug_aranges
                0x00000940      0x148 C:\FbEdit\Projects\Applications\fbe\STM32F4Discovery\STM32F4_LCMeter\STM32_LCMeter\stm32f4xx_adc.o
 .debug_aranges
                0x00000a88       0xb0 C:\FbEdit\Projects\Applications\fbe\STM32F4Discovery\STM32F4_LCMeter\STM32_LCMeter\stm32f4xx_dma.o

.debug_pubnames
                0x00000000     0x1ded
 *(.debug_pubnames)
 .debug_pubnames
                0x00000000      0x1a4 C:\FbEdit\Projects\Applications\fbe\STM32F4Discovery\STM32F4_LCMeter\STM32_LCMeter\main.o
 .debug_pubnames
                0x000001a4       0xc6 C:\FbEdit\Projects\Applications\fbe\STM32F4Discovery\STM32F4_LCMeter\STM32_LCMeter\stm32f4xx_it.o
 .debug_pubnames
                0x0000026a      0x417 C:\FbEdit\Projects\Applications\fbe\STM32F4Discovery\STM32F4_LCMeter\STM32_LCMeter\stm32f4xx_rcc.o
 .debug_pubnames
                0x00000681      0x12d C:\FbEdit\Projects\Applications\fbe\STM32F4Discovery\STM32F4_LCMeter\STM32_LCMeter\stm32f4xx_gpio.o
 .debug_pubnames
                0x000007ae      0x7c4 C:\FbEdit\Projects\Applications\fbe\STM32F4Discovery\STM32F4_LCMeter\STM32_LCMeter\stm32f4xx_tim.o
 .debug_pubnames
                0x00000f72       0x89 C:\FbEdit\Projects\Applications\fbe\STM32F4Discovery\STM32F4_LCMeter\STM32_LCMeter\misc.o
 .debug_pubnames
                0x00000ffb       0x61 C:\FbEdit\Projects\Applications\fbe\STM32F4Discovery\STM32F4_LCMeter\STM32_LCMeter\system_stm32f4xx.o
 .debug_pubnames
                0x0000105c      0x150 C:\FbEdit\Projects\Applications\fbe\STM32F4Discovery\STM32F4_LCMeter\STM32_LCMeter\stm32f4_discovery.o
 .debug_pubnames
                0x000011ac      0x17d C:\FbEdit\Projects\Applications\fbe\STM32F4Discovery\STM32F4_LCMeter\STM32_LCMeter\stm32f4xx_dac.o
 .debug_pubnames
                0x00001329      0x221 C:\FbEdit\Projects\Applications\fbe\STM32F4Discovery\STM32F4_LCMeter\STM32_LCMeter\stm32f4xx_spi.o
 .debug_pubnames
                0x0000154a      0x294 C:\FbEdit\Projects\Applications\fbe\STM32F4Discovery\STM32F4_LCMeter\STM32_LCMeter\stm32f4xx_usart.o
 .debug_pubnames
                0x000017de      0x446 C:\FbEdit\Projects\Applications\fbe\STM32F4Discovery\STM32F4_LCMeter\STM32_LCMeter\stm32f4xx_adc.o
 .debug_pubnames
                0x00001c24      0x1c9 C:\FbEdit\Projects\Applications\fbe\STM32F4Discovery\STM32F4_LCMeter\STM32_LCMeter\stm32f4xx_dma.o

.debug_info     0x00000000     0x9086
 *(.debug_info .gnu.linkonce.wi.*)
 .debug_info    0x00000000     0x17eb C:\FbEdit\Projects\Applications\fbe\STM32F4Discovery\STM32F4_LCMeter\STM32_LCMeter\main.o
 .debug_info    0x000017eb      0x14c C:\FbEdit\Projects\Applications\fbe\STM32F4Discovery\STM32F4_LCMeter\STM32_LCMeter\stm32f4xx_it.o
 .debug_info    0x00001937      0xd05 C:\FbEdit\Projects\Applications\fbe\STM32F4Discovery\STM32F4_LCMeter\STM32_LCMeter\stm32f4xx_rcc.o
 .debug_info    0x0000263c      0x62d C:\FbEdit\Projects\Applications\fbe\STM32F4Discovery\STM32F4_LCMeter\STM32_LCMeter\stm32f4xx_gpio.o
 .debug_info    0x00002c69     0x1e20 C:\FbEdit\Projects\Applications\fbe\STM32F4Discovery\STM32F4_LCMeter\STM32_LCMeter\stm32f4xx_tim.o
 .debug_info    0x00004a89      0x598 C:\FbEdit\Projects\Applications\fbe\STM32F4Discovery\STM32F4_LCMeter\STM32_LCMeter\misc.o
 .debug_info    0x00005021      0x635 C:\FbEdit\Projects\Applications\fbe\STM32F4Discovery\STM32F4_LCMeter\STM32_LCMeter\system_stm32f4xx.o
 .debug_info    0x00005656      0x963 C:\FbEdit\Projects\Applications\fbe\STM32F4Discovery\STM32F4_LCMeter\STM32_LCMeter\stm32f4_discovery.o
 .debug_info    0x00005fb9      0x68d C:\FbEdit\Projects\Applications\fbe\STM32F4Discovery\STM32F4_LCMeter\STM32_LCMeter\stm32f4xx_dac.o
 .debug_info    0x00006646      0xbb5 C:\FbEdit\Projects\Applications\fbe\STM32F4Discovery\STM32F4_LCMeter\STM32_LCMeter\stm32f4xx_spi.o
 .debug_info    0x000071fb      0xa30 C:\FbEdit\Projects\Applications\fbe\STM32F4Discovery\STM32F4_LCMeter\STM32_LCMeter\stm32f4xx_usart.o
 .debug_info    0x00007c2b      0xcce C:\FbEdit\Projects\Applications\fbe\STM32F4Discovery\STM32F4_LCMeter\STM32_LCMeter\stm32f4xx_adc.o
 .debug_info    0x000088f9      0x78d C:\FbEdit\Projects\Applications\fbe\STM32F4Discovery\STM32F4_LCMeter\STM32_LCMeter\stm32f4xx_dma.o

.debug_abbrev   0x00000000     0x1558
 *(.debug_abbrev)
 .debug_abbrev  0x00000000      0x235 C:\FbEdit\Projects\Applications\fbe\STM32F4Discovery\STM32F4_LCMeter\STM32_LCMeter\main.o
 .debug_abbrev  0x00000235       0x64 C:\FbEdit\Projects\Applications\fbe\STM32F4Discovery\STM32F4_LCMeter\STM32_LCMeter\stm32f4xx_it.o
 .debug_abbrev  0x00000299      0x1f8 C:\FbEdit\Projects\Applications\fbe\STM32F4Discovery\STM32F4_LCMeter\STM32_LCMeter\stm32f4xx_rcc.o
 .debug_abbrev  0x00000491      0x1d0 C:\FbEdit\Projects\Applications\fbe\STM32F4Discovery\STM32F4_LCMeter\STM32_LCMeter\stm32f4xx_gpio.o
 .debug_abbrev  0x00000661      0x207 C:\FbEdit\Projects\Applications\fbe\STM32F4Discovery\STM32F4_LCMeter\STM32_LCMeter\stm32f4xx_tim.o
 .debug_abbrev  0x00000868      0x14e C:\FbEdit\Projects\Applications\fbe\STM32F4Discovery\STM32F4_LCMeter\STM32_LCMeter\misc.o
 .debug_abbrev  0x000009b6      0x16c C:\FbEdit\Projects\Applications\fbe\STM32F4Discovery\STM32F4_LCMeter\STM32_LCMeter\system_stm32f4xx.o
 .debug_abbrev  0x00000b22      0x19c C:\FbEdit\Projects\Applications\fbe\STM32F4Discovery\STM32F4_LCMeter\STM32_LCMeter\stm32f4_discovery.o
 .debug_abbrev  0x00000cbe      0x1d9 C:\FbEdit\Projects\Applications\fbe\STM32F4Discovery\STM32F4_LCMeter\STM32_LCMeter\stm32f4xx_dac.o
 .debug_abbrev  0x00000e97      0x1ae C:\FbEdit\Projects\Applications\fbe\STM32F4Discovery\STM32F4_LCMeter\STM32_LCMeter\stm32f4xx_spi.o
 .debug_abbrev  0x00001045      0x19e C:\FbEdit\Projects\Applications\fbe\STM32F4Discovery\STM32F4_LCMeter\STM32_LCMeter\stm32f4xx_usart.o
 .debug_abbrev  0x000011e3      0x1d7 C:\FbEdit\Projects\Applications\fbe\STM32F4Discovery\STM32F4_LCMeter\STM32_LCMeter\stm32f4xx_adc.o
 .debug_abbrev  0x000013ba      0x19e C:\FbEdit\Projects\Applications\fbe\STM32F4Discovery\STM32F4_LCMeter\STM32_LCMeter\stm32f4xx_dma.o

.debug_line     0x00000000     0x3209
 *(.debug_line)
 .debug_line    0x00000000      0x5d8 C:\FbEdit\Projects\Applications\fbe\STM32F4Discovery\STM32F4_LCMeter\STM32_LCMeter\main.o
 .debug_line    0x000005d8      0x1f8 C:\FbEdit\Projects\Applications\fbe\STM32F4Discovery\STM32F4_LCMeter\STM32_LCMeter\stm32f4xx_it.o
 .debug_line    0x000007d0      0x509 C:\FbEdit\Projects\Applications\fbe\STM32F4Discovery\STM32F4_LCMeter\STM32_LCMeter\stm32f4xx_rcc.o
 .debug_line    0x00000cd9      0x2c1 C:\FbEdit\Projects\Applications\fbe\STM32F4Discovery\STM32F4_LCMeter\STM32_LCMeter\stm32f4xx_gpio.o
 .debug_line    0x00000f9a      0x956 C:\FbEdit\Projects\Applications\fbe\STM32F4Discovery\STM32F4_LCMeter\STM32_LCMeter\stm32f4xx_tim.o
 .debug_line    0x000018f0      0x1d5 C:\FbEdit\Projects\Applications\fbe\STM32F4Discovery\STM32F4_LCMeter\STM32_LCMeter\misc.o
 .debug_line    0x00001ac5      0x1e4 C:\FbEdit\Projects\Applications\fbe\STM32F4Discovery\STM32F4_LCMeter\STM32_LCMeter\system_stm32f4xx.o
 .debug_line    0x00001ca9      0x28a C:\FbEdit\Projects\Applications\fbe\STM32F4Discovery\STM32F4_LCMeter\STM32_LCMeter\stm32f4_discovery.o
 .debug_line    0x00001f33      0x2e3 C:\FbEdit\Projects\Applications\fbe\STM32F4Discovery\STM32F4_LCMeter\STM32_LCMeter\stm32f4xx_dac.o
 .debug_line    0x00002216      0x3c7 C:\FbEdit\Projects\Applications\fbe\STM32F4Discovery\STM32F4_LCMeter\STM32_LCMeter\stm32f4xx_spi.o
 .debug_line    0x000025dd      0x40a C:\FbEdit\Projects\Applications\fbe\STM32F4Discovery\STM32F4_LCMeter\STM32_LCMeter\stm32f4xx_usart.o
 .debug_line    0x000029e7      0x4ce C:\FbEdit\Projects\Applications\fbe\STM32F4Discovery\STM32F4_LCMeter\STM32_LCMeter\stm32f4xx_adc.o
 .debug_line    0x00002eb5      0x354 C:\FbEdit\Projects\Applications\fbe\STM32F4Discovery\STM32F4_LCMeter\STM32_LCMeter\stm32f4xx_dma.o

.debug_frame    0x00000000     0x17d8
 *(.debug_frame)
 .debug_frame   0x00000000      0x26c C:\FbEdit\Projects\Applications\fbe\STM32F4Discovery\STM32F4_LCMeter\STM32_LCMeter\main.o
 .debug_frame   0x0000026c       0xa0 C:\FbEdit\Projects\Applications\fbe\STM32F4Discovery\STM32F4_LCMeter\STM32_LCMeter\stm32f4xx_it.o
 .debug_frame   0x0000030c      0x2e4 C:\FbEdit\Projects\Applications\fbe\STM32F4Discovery\STM32F4_LCMeter\STM32_LCMeter\stm32f4xx_rcc.o
 .debug_frame   0x000005f0      0x118 C:\FbEdit\Projects\Applications\fbe\STM32F4Discovery\STM32F4_LCMeter\STM32_LCMeter\stm32f4xx_gpio.o
 .debug_frame   0x00000708      0x670 C:\FbEdit\Projects\Applications\fbe\STM32F4Discovery\STM32F4_LCMeter\STM32_LCMeter\stm32f4xx_tim.o
 .debug_frame   0x00000d78       0x68 C:\FbEdit\Projects\Applications\fbe\STM32F4Discovery\STM32F4_LCMeter\STM32_LCMeter\misc.o
 .debug_frame   0x00000de0       0x34 C:\FbEdit\Projects\Applications\fbe\STM32F4Discovery\STM32F4_LCMeter\STM32_LCMeter\system_stm32f4xx.o
 .debug_frame   0x00000e14       0x9c C:\FbEdit\Projects\Applications\fbe\STM32F4Discovery\STM32F4_LCMeter\STM32_LCMeter\stm32f4_discovery.o
 .debug_frame   0x00000eb0      0x13c C:\FbEdit\Projects\Applications\fbe\STM32F4Discovery\STM32F4_LCMeter\STM32_LCMeter\stm32f4xx_dac.o
 .debug_frame   0x00000fec      0x1cc C:\FbEdit\Projects\Applications\fbe\STM32F4Discovery\STM32F4_LCMeter\STM32_LCMeter\stm32f4xx_spi.o
 .debug_frame   0x000011b8      0x210 C:\FbEdit\Projects\Applications\fbe\STM32F4Discovery\STM32F4_LCMeter\STM32_LCMeter\stm32f4xx_usart.o
 .debug_frame   0x000013c8      0x2a8 C:\FbEdit\Projects\Applications\fbe\STM32F4Discovery\STM32F4_LCMeter\STM32_LCMeter\stm32f4xx_adc.o
 .debug_frame   0x00001670      0x168 C:\FbEdit\Projects\Applications\fbe\STM32F4Discovery\STM32F4_LCMeter\STM32_LCMeter\stm32f4xx_dma.o

.debug_str      0x00000000     0x3bbc
 *(.debug_str)
 .debug_str     0x00000000     0x12d7 C:\FbEdit\Projects\Applications\fbe\STM32F4Discovery\STM32F4_LCMeter\STM32_LCMeter\main.o
                               0x1335 (size before relaxing)
 .debug_str     0x000012d7       0xf2 C:\FbEdit\Projects\Applications\fbe\STM32F4Discovery\STM32F4_LCMeter\STM32_LCMeter\stm32f4xx_it.o
                                0x197 (size before relaxing)
 .debug_str     0x000013c9      0x6bc C:\FbEdit\Projects\Applications\fbe\STM32F4Discovery\STM32F4_LCMeter\STM32_LCMeter\stm32f4xx_rcc.o
                                0x81a (size before relaxing)
 .debug_str     0x00001a85      0x1bd C:\FbEdit\Projects\Applications\fbe\STM32F4Discovery\STM32F4_LCMeter\STM32_LCMeter\stm32f4xx_gpio.o
                                0x46d (size before relaxing)
 .debug_str     0x00001c42      0xa18 C:\FbEdit\Projects\Applications\fbe\STM32F4Discovery\STM32F4_LCMeter\STM32_LCMeter\stm32f4xx_tim.o
                                0xd9a (size before relaxing)
 .debug_str     0x0000265a      0x1c8 C:\FbEdit\Projects\Applications\fbe\STM32F4Discovery\STM32F4_LCMeter\STM32_LCMeter\misc.o
                                0x3a3 (size before relaxing)
 .debug_str     0x00002822       0xe4 C:\FbEdit\Projects\Applications\fbe\STM32F4Discovery\STM32F4_LCMeter\STM32_LCMeter\system_stm32f4xx.o
                                0x327 (size before relaxing)
 .debug_str     0x00002906      0x29d C:\FbEdit\Projects\Applications\fbe\STM32F4Discovery\STM32F4_LCMeter\STM32_LCMeter\stm32f4_discovery.o
                                0xaad (size before relaxing)
 .debug_str     0x00002ba3      0x1f1 C:\FbEdit\Projects\Applications\fbe\STM32F4Discovery\STM32F4_LCMeter\STM32_LCMeter\stm32f4xx_dac.o
                                0x41d (size before relaxing)
 .debug_str     0x00002d94      0x311 C:\FbEdit\Projects\Applications\fbe\STM32F4Discovery\STM32F4_LCMeter\STM32_LCMeter\stm32f4xx_spi.o
                                0x654 (size before relaxing)
 .debug_str     0x000030a5      0x3c4 C:\FbEdit\Projects\Applications\fbe\STM32F4Discovery\STM32F4_LCMeter\STM32_LCMeter\stm32f4xx_usart.o
                                0x659 (size before relaxing)
 .debug_str     0x00003469      0x4d2 C:\FbEdit\Projects\Applications\fbe\STM32F4Discovery\STM32F4_LCMeter\STM32_LCMeter\stm32f4xx_adc.o
                                0x7ce (size before relaxing)
 .debug_str     0x0000393b      0x281 C:\FbEdit\Projects\Applications\fbe\STM32F4Discovery\STM32F4_LCMeter\STM32_LCMeter\stm32f4xx_dma.o
                                0x516 (size before relaxing)

.debug_loc      0x00000000     0x4073
 *(.debug_loc)
 .debug_loc     0x00000000      0x505 C:\FbEdit\Projects\Applications\fbe\STM32F4Discovery\STM32F4_LCMeter\STM32_LCMeter\main.o
 .debug_loc     0x00000505      0x6ed C:\FbEdit\Projects\Applications\fbe\STM32F4Discovery\STM32F4_LCMeter\STM32_LCMeter\stm32f4xx_rcc.o
 .debug_loc     0x00000bf2      0x26d C:\FbEdit\Projects\Applications\fbe\STM32F4Discovery\STM32F4_LCMeter\STM32_LCMeter\stm32f4xx_gpio.o
 .debug_loc     0x00000e5f     0x14bc C:\FbEdit\Projects\Applications\fbe\STM32F4Discovery\STM32F4_LCMeter\STM32_LCMeter\stm32f4xx_tim.o
 .debug_loc     0x0000231b      0x11d C:\FbEdit\Projects\Applications\fbe\STM32F4Discovery\STM32F4_LCMeter\STM32_LCMeter\misc.o
 .debug_loc     0x00002438      0x133 C:\FbEdit\Projects\Applications\fbe\STM32F4Discovery\STM32F4_LCMeter\STM32_LCMeter\system_stm32f4xx.o
 .debug_loc     0x0000256b       0xc4 C:\FbEdit\Projects\Applications\fbe\STM32F4Discovery\STM32F4_LCMeter\STM32_LCMeter\stm32f4_discovery.o
 .debug_loc     0x0000262f      0x425 C:\FbEdit\Projects\Applications\fbe\STM32F4Discovery\STM32F4_LCMeter\STM32_LCMeter\stm32f4xx_dac.o
 .debug_loc     0x00002a54      0x488 C:\FbEdit\Projects\Applications\fbe\STM32F4Discovery\STM32F4_LCMeter\STM32_LCMeter\stm32f4xx_spi.o
 .debug_loc     0x00002edc      0x508 C:\FbEdit\Projects\Applications\fbe\STM32F4Discovery\STM32F4_LCMeter\STM32_LCMeter\stm32f4xx_usart.o
 .debug_loc     0x000033e4      0x94c C:\FbEdit\Projects\Applications\fbe\STM32F4Discovery\STM32F4_LCMeter\STM32_LCMeter\stm32f4xx_adc.o
 .debug_loc     0x00003d30      0x343 C:\FbEdit\Projects\Applications\fbe\STM32F4Discovery\STM32F4_LCMeter\STM32_LCMeter\stm32f4xx_dma.o

.debug_macinfo
 *(.debug_macinfo)

.debug_weaknames
 *(.debug_weaknames)

.debug_funcnames
 *(.debug_funcnames)

.debug_typenames
 *(.debug_typenames)

.debug_varnames
 *(.debug_varnames)
START GROUP
LOAD c:/program files (x86)/raisonance/ride/arm-gcc/bin/../lib/gcc/arm-none-eabi/4.5.1/thumb2\libgcc.a
LOAD c:/program files (x86)/raisonance/ride/arm-gcc/bin/../lib/gcc/arm-none-eabi/4.5.1/../../../../arm-none-eabi/lib/thumb2\libc.a
END GROUP
OUTPUT(C:\FbEdit\Projects\Applications\fbe\STM32F4Discovery\STM32F4_LCMeter\STM32_LCMeter\LCMeter.elf elf32-littlearm)

.debug_pubtypes
                0x00000000      0xb3b
 .debug_pubtypes
                0x00000000      0x2b7 C:\FbEdit\Projects\Applications\fbe\STM32F4Discovery\STM32F4_LCMeter\STM32_LCMeter\main.o
 .debug_pubtypes
                0x000002b7       0x1e C:\FbEdit\Projects\Applications\fbe\STM32F4Discovery\STM32F4_LCMeter\STM32_LCMeter\stm32f4xx_it.o
 .debug_pubtypes
                0x000002d5       0xaa C:\FbEdit\Projects\Applications\fbe\STM32F4Discovery\STM32F4_LCMeter\STM32_LCMeter\stm32f4xx_rcc.o
 .debug_pubtypes
                0x0000037f       0xce C:\FbEdit\Projects\Applications\fbe\STM32F4Discovery\STM32F4_LCMeter\STM32_LCMeter\stm32f4xx_gpio.o
 .debug_pubtypes
                0x0000044d       0xe4 C:\FbEdit\Projects\Applications\fbe\STM32F4Discovery\STM32F4_LCMeter\STM32_LCMeter\stm32f4xx_tim.o
 .debug_pubtypes
                0x00000531       0x8c C:\FbEdit\Projects\Applications\fbe\STM32F4Discovery\STM32F4_LCMeter\STM32_LCMeter\misc.o
 .debug_pubtypes
                0x000005bd       0x83 C:\FbEdit\Projects\Applications\fbe\STM32F4Discovery\STM32F4_LCMeter\STM32_LCMeter\system_stm32f4xx.o
 .debug_pubtypes
                0x00000640      0x16e C:\FbEdit\Projects\Applications\fbe\STM32F4Discovery\STM32F4_LCMeter\STM32_LCMeter\stm32f4_discovery.o
 .debug_pubtypes
                0x000007ae       0x98 C:\FbEdit\Projects\Applications\fbe\STM32F4Discovery\STM32F4_LCMeter\STM32_LCMeter\stm32f4xx_dac.o
 .debug_pubtypes
                0x00000846       0xbc C:\FbEdit\Projects\Applications\fbe\STM32F4Discovery\STM32F4_LCMeter\STM32_LCMeter\stm32f4xx_spi.o
 .debug_pubtypes
                0x00000902       0xcd C:\FbEdit\Projects\Applications\fbe\STM32F4Discovery\STM32F4_LCMeter\STM32_LCMeter\stm32f4xx_usart.o
 .debug_pubtypes
                0x000009cf       0xc9 C:\FbEdit\Projects\Applications\fbe\STM32F4Discovery\STM32F4_LCMeter\STM32_LCMeter\stm32f4xx_adc.o
 .debug_pubtypes
                0x00000a98       0xa3 C:\FbEdit\Projects\Applications\fbe\STM32F4Discovery\STM32F4_LCMeter\STM32_LCMeter\stm32f4xx_dma.o

.debug_ranges   0x00000000      0xa68
 .debug_ranges  0x00000000       0xb8 C:\FbEdit\Projects\Applications\fbe\STM32F4Discovery\STM32F4_LCMeter\STM32_LCMeter\main.o
 .debug_ranges  0x000000b8       0x50 C:\FbEdit\Projects\Applications\fbe\STM32F4Discovery\STM32F4_LCMeter\STM32_LCMeter\stm32f4xx_it.o
 .debug_ranges  0x00000108      0x168 C:\FbEdit\Projects\Applications\fbe\STM32F4Discovery\STM32F4_LCMeter\STM32_LCMeter\stm32f4xx_rcc.o
 .debug_ranges  0x00000270       0x78 C:\FbEdit\Projects\Applications\fbe\STM32F4Discovery\STM32F4_LCMeter\STM32_LCMeter\stm32f4xx_gpio.o
 .debug_ranges  0x000002e8      0x2d8 C:\FbEdit\Projects\Applications\fbe\STM32F4Discovery\STM32F4_LCMeter\STM32_LCMeter\stm32f4xx_tim.o
 .debug_ranges  0x000005c0       0x30 C:\FbEdit\Projects\Applications\fbe\STM32F4Discovery\STM32F4_LCMeter\STM32_LCMeter\misc.o
 .debug_ranges  0x000005f0       0x18 C:\FbEdit\Projects\Applications\fbe\STM32F4Discovery\STM32F4_LCMeter\STM32_LCMeter\system_stm32f4xx.o
 .debug_ranges  0x00000608       0x38 C:\FbEdit\Projects\Applications\fbe\STM32F4Discovery\STM32F4_LCMeter\STM32_LCMeter\stm32f4_discovery.o
 .debug_ranges  0x00000640       0x90 C:\FbEdit\Projects\Applications\fbe\STM32F4Discovery\STM32F4_LCMeter\STM32_LCMeter\stm32f4xx_dac.o
 .debug_ranges  0x000006d0       0xd0 C:\FbEdit\Projects\Applications\fbe\STM32F4Discovery\STM32F4_LCMeter\STM32_LCMeter\stm32f4xx_spi.o
 .debug_ranges  0x000007a0       0xf0 C:\FbEdit\Projects\Applications\fbe\STM32F4Discovery\STM32F4_LCMeter\STM32_LCMeter\stm32f4xx_usart.o
 .debug_ranges  0x00000890      0x138 C:\FbEdit\Projects\Applications\fbe\STM32F4Discovery\STM32F4_LCMeter\STM32_LCMeter\stm32f4xx_adc.o
 .debug_ranges  0x000009c8       0xa0 C:\FbEdit\Projects\Applications\fbe\STM32F4Discovery\STM32F4_LCMeter\STM32_LCMeter\stm32f4xx_dma.o
