Archive member included because of file (symbol)

C:\Program Files (x86)\Raisonance\Ride\Lib\ARM\STM32x_io_putchar_thumb.a(STM32F10X_io_putchar.o)
                              (__io_putchar)
C:\Program Files (x86)\Raisonance\Ride\Lib\ARM\std_sbrk_thumb.lib(write.o)
                              (_write)

Allocating common symbols
Common symbol       size              file

STM32_CMD           0xd8              C:\FbEdit\Projects\Applications\fbe\STM32F4Discovery\STM32F4_LCMeter\STM32_LCMeter\main.o
NVIC_InitStructure  0x4               C:\FbEdit\Projects\Applications\fbe\STM32F4Discovery\STM32F4_LCMeter\STM32_LCMeter\stm32f4_discovery.o

Discarded input sections

 .text          0x00000000       0x14 .\startup_stm32f4xx.o
 .data          0x00000000        0x0 .\startup_stm32f4xx.o
 .bss           0x00000000        0x0 .\startup_stm32f4xx.o
 .text          0x00000000        0x0 C:\FbEdit\Projects\Applications\fbe\STM32F4Discovery\STM32F4_LCMeter\STM32_LCMeter\main.o
 .data          0x00000000        0x0 C:\FbEdit\Projects\Applications\fbe\STM32F4Discovery\STM32F4_LCMeter\STM32_LCMeter\main.o
 .bss           0x00000000        0x0 C:\FbEdit\Projects\Applications\fbe\STM32F4Discovery\STM32F4_LCMeter\STM32_LCMeter\main.o
 .text.USART3_puts
                0x00000000       0x24 C:\FbEdit\Projects\Applications\fbe\STM32F4Discovery\STM32F4_LCMeter\STM32_LCMeter\main.o
 .text          0x00000000        0x0 C:\FbEdit\Projects\Applications\fbe\STM32F4Discovery\STM32F4_LCMeter\STM32_LCMeter\stm32f4xx_it.o
 .data          0x00000000        0x0 C:\FbEdit\Projects\Applications\fbe\STM32F4Discovery\STM32F4_LCMeter\STM32_LCMeter\stm32f4xx_it.o
 .bss           0x00000000        0x0 C:\FbEdit\Projects\Applications\fbe\STM32F4Discovery\STM32F4_LCMeter\STM32_LCMeter\stm32f4xx_it.o
 .text          0x00000000        0x0 C:\FbEdit\Projects\Applications\fbe\STM32F4Discovery\STM32F4_LCMeter\STM32_LCMeter\stm32f4xx_rcc.o
 .bss           0x00000000        0x0 C:\FbEdit\Projects\Applications\fbe\STM32F4Discovery\STM32F4_LCMeter\STM32_LCMeter\stm32f4xx_rcc.o
 .text.RCC_DeInit
                0x00000000       0x38 C:\FbEdit\Projects\Applications\fbe\STM32F4Discovery\STM32F4_LCMeter\STM32_LCMeter\stm32f4xx_rcc.o
 .text.RCC_HSEConfig
                0x00000000       0x14 C:\FbEdit\Projects\Applications\fbe\STM32F4Discovery\STM32F4_LCMeter\STM32_LCMeter\stm32f4xx_rcc.o
 .text.RCC_AdjustHSICalibrationValue
                0x00000000       0x18 C:\FbEdit\Projects\Applications\fbe\STM32F4Discovery\STM32F4_LCMeter\STM32_LCMeter\stm32f4xx_rcc.o
 .text.RCC_HSICmd
                0x00000000        0xc C:\FbEdit\Projects\Applications\fbe\STM32F4Discovery\STM32F4_LCMeter\STM32_LCMeter\stm32f4xx_rcc.o
 .text.RCC_LSEConfig
                0x00000000       0x3c C:\FbEdit\Projects\Applications\fbe\STM32F4Discovery\STM32F4_LCMeter\STM32_LCMeter\stm32f4xx_rcc.o
 .text.RCC_LSICmd
                0x00000000        0xc C:\FbEdit\Projects\Applications\fbe\STM32F4Discovery\STM32F4_LCMeter\STM32_LCMeter\stm32f4xx_rcc.o
 .text.RCC_PLLConfig
                0x00000000       0x24 C:\FbEdit\Projects\Applications\fbe\STM32F4Discovery\STM32F4_LCMeter\STM32_LCMeter\stm32f4xx_rcc.o
 .text.RCC_PLLCmd
                0x00000000        0xc C:\FbEdit\Projects\Applications\fbe\STM32F4Discovery\STM32F4_LCMeter\STM32_LCMeter\stm32f4xx_rcc.o
 .text.RCC_PLLI2SConfig
                0x00000000       0x18 C:\FbEdit\Projects\Applications\fbe\STM32F4Discovery\STM32F4_LCMeter\STM32_LCMeter\stm32f4xx_rcc.o
 .text.RCC_PLLI2SCmd
                0x00000000        0xc C:\FbEdit\Projects\Applications\fbe\STM32F4Discovery\STM32F4_LCMeter\STM32_LCMeter\stm32f4xx_rcc.o
 .text.RCC_ClockSecuritySystemCmd
                0x00000000        0xc C:\FbEdit\Projects\Applications\fbe\STM32F4Discovery\STM32F4_LCMeter\STM32_LCMeter\stm32f4xx_rcc.o
 .text.RCC_MCO1Config
                0x00000000       0x18 C:\FbEdit\Projects\Applications\fbe\STM32F4Discovery\STM32F4_LCMeter\STM32_LCMeter\stm32f4xx_rcc.o
 .text.RCC_MCO2Config
                0x00000000       0x18 C:\FbEdit\Projects\Applications\fbe\STM32F4Discovery\STM32F4_LCMeter\STM32_LCMeter\stm32f4xx_rcc.o
 .text.RCC_SYSCLKConfig
                0x00000000       0x18 C:\FbEdit\Projects\Applications\fbe\STM32F4Discovery\STM32F4_LCMeter\STM32_LCMeter\stm32f4xx_rcc.o
 .text.RCC_GetSYSCLKSource
                0x00000000       0x10 C:\FbEdit\Projects\Applications\fbe\STM32F4Discovery\STM32F4_LCMeter\STM32_LCMeter\stm32f4xx_rcc.o
 .text.RCC_HCLKConfig
                0x00000000       0x18 C:\FbEdit\Projects\Applications\fbe\STM32F4Discovery\STM32F4_LCMeter\STM32_LCMeter\stm32f4xx_rcc.o
 .text.RCC_PCLK1Config
                0x00000000       0x18 C:\FbEdit\Projects\Applications\fbe\STM32F4Discovery\STM32F4_LCMeter\STM32_LCMeter\stm32f4xx_rcc.o
 .text.RCC_PCLK2Config
[...]
Memory Configuration

Name             Origin             Length             Attributes
RAM              0x20000000         0x00002000         xrw
FLASH            0x08000000         0x00010000         xr
STARTFLASH       0x00000000         0x00000000         xr
CRPPATCH         0x00000000         0x00000000         r
FLASHPATCH       0x00000000         0x00000000         r
ENDFLASH         0x00000000         0x00000000         xr
FLASHB1          0x00000000         0x00000000         xr
EXTMEMB0         0x00000000         0x00000000         xr
EXTMEMB1         0x00000000         0x00000000         xr
EXTMEMB2         0x00000000         0x00000000         xr
EXTMEMB3         0x00000000         0x00000000         xr
*default*        0x00000000         0xffffffff

Linker script and memory map

LOAD .\startup_stm32f4xx.o
LOAD C:\FbEdit\Projects\Applications\fbe\STM32F4Discovery\STM32F4_LCMeter\STM32_LCMeter\main.o
LOAD C:\FbEdit\Projects\Applications\fbe\STM32F4Discovery\STM32F4_LCMeter\STM32_LCMeter\stm32f4xx_it.o
LOAD C:\FbEdit\Projects\Applications\fbe\STM32F4Discovery\STM32F4_LCMeter\STM32_LCMeter\stm32f4xx_rcc.o
LOAD C:\FbEdit\Projects\Applications\fbe\STM32F4Discovery\STM32F4_LCMeter\STM32_LCMeter\stm32f4xx_gpio.o
LOAD C:\FbEdit\Projects\Applications\fbe\STM32F4Discovery\STM32F4_LCMeter\STM32_LCMeter\stm32f4xx_tim.o
LOAD C:\FbEdit\Projects\Applications\fbe\STM32F4Discovery\STM32F4_LCMeter\STM32_LCMeter\misc.o
LOAD C:\FbEdit\Projects\Applications\fbe\STM32F4Discovery\STM32F4_LCMeter\STM32_LCMeter\system_stm32f4xx.o
LOAD C:\FbEdit\Projects\Applications\fbe\STM32F4Discovery\STM32F4_LCMeter\STM32_LCMeter\stm32f4_discovery.o
LOAD C:\FbEdit\Projects\Applications\fbe\STM32F4Discovery\STM32F4_LCMeter\STM32_LCMeter\stm32f4xx_dac.o
LOAD C:\FbEdit\Projects\Applications\fbe\STM32F4Discovery\STM32F4_LCMeter\STM32_LCMeter\stm32f4xx_spi.o
LOAD C:\FbEdit\Projects\Applications\fbe\STM32F4Discovery\STM32F4_LCMeter\STM32_LCMeter\stm32f4xx_usart.o
LOAD C:\FbEdit\Projects\Applications\fbe\STM32F4Discovery\STM32F4_LCMeter\STM32_LCMeter\stm32f4xx_adc.o
LOAD C:\FbEdit\Projects\Applications\fbe\STM32F4Discovery\STM32F4_LCMeter\STM32_LCMeter\stm32f4xx_dma.o
START GROUP
LOAD C:\Program Files (x86)\Raisonance\Ride\Lib\ARM\STM32x_io_putchar_thumb.a
LOAD C:\Program Files (x86)\Raisonance\Ride\Lib\ARM\std_sbrk_thumb.lib
LOAD C:\Program Files (x86)\Raisonance\Ride\Lib\ARM\smallprintf_thumb.a
LOAD c:/program files (x86)/raisonance/ride/arm-gcc/bin/../lib/gcc/arm-none-eabi/4.5.1/../../../../arm-none-eabi/lib/thumb2\libc.a
LOAD c:/program files (x86)/raisonance/ride/arm-gcc/bin/../lib/gcc/arm-none-eabi/4.5.1/../../../../arm-none-eabi/lib/thumb2\libm.a
END GROUP
                0x00000400                __Stack_Size = 0x400
                0x00000400                PROVIDE (_Stack_Size, __Stack_Size)
                0x20001c00                __Stack_Init = (_estack - __Stack_Size)
                0x20001c00                PROVIDE (_Stack_Init, __Stack_Init)
                0x00000100                _Minimum_Stack_Size = 0x100
                0x00000000                PROVIDE (Undefined_Handler, 0x0)
                0x00000000                PROVIDE (SWI_Handler, 0x0)
                0x00000000                PROVIDE (IRQ_Handler, 0x0)
                0x00000000                PROVIDE (Prefetch_Handler, 0x0)
                0x00000000                PROVIDE (Abort_Handler, 0x0)
                0x00000000                PROVIDE (FIQ_Handler, 0x0)
                0x00000000                PROVIDE (NMIException, 0x0)
                0x00000000                PROVIDE (NMI_Handler, 0x0)
                0x00000000                PROVIDE (HardFaultException, 0x0)
                0x00000000                PROVIDE (HardFault_Handler, 0x0)
                0x00000000                PROVIDE (MemManageException, 0x0)
                0x00000000                PROVIDE (MemManage_Handler, 0x0)
                0x00000000                PROVIDE (BusFaultException, 0x0)
                0x00000000                PROVIDE (BusFault_Handler, 0x0)
                0x00000000                PROVIDE (UsageFaultException, 0x0)
                0x00000000                PROVIDE (UsageFault_Handler, 0x0)
                0x00000000                PROVIDE (SVCHandler, 0x0)
                0x00000000                PROVIDE (SVC_Handler, 0x0)
                0x00000000                PROVIDE (DebugMonitor, 0x0)
                0x00000000                PROVIDE (DebugMon_Handler, 0x0)
                0x00000000                PROVIDE (PendSVC, 0x0)
                0x00000000                PROVIDE (PendSV_Handler, 0x0)
                0x00000000                PROVIDE (SysTickHandler, 0x0)
                0x00000000                PROVIDE (SysTick_Handler, 0x0)
                0x00000000                PROVIDE (WWDG_IRQHandler, 0x0)
                0x00000000                PROVIDE (PVD_IRQHandler, 0x0)
                0x00000000                PROVIDE (TAMPER_IRQHandler, 0x0)
                0x00000000                PROVIDE (RTC_IRQHandler, 0x0)
                0x00000000                PROVIDE (FLASH_IRQHandler, 0x0)
                0x00000000                PROVIDE (RCC_IRQHandler, 0x0)
                0x00000000                PROVIDE (EXTI0_IRQHandler, 0x0)
                0x00000000                PROVIDE (EXTI1_IRQHandler, 0x0)
                0x00000000                PROVIDE (EXTI2_IRQHandler, 0x0)
                0x00000000                PROVIDE (EXTI3_IRQHandler, 0x0)
                0x00000000                PROVIDE (EXTI4_IRQHandler, 0x0)
                0x00000000                PROVIDE (DMAChannel1_IRQHandler, 0x0)
                0x00000000                PROVIDE (DMAChannel2_IRQHandler, 0x0)
                0x00000000                PROVIDE (DMAChannel3_IRQHandler, 0x0)
                0x00000000                PROVIDE (DMAChannel4_IRQHandler, 0x0)
                0x00000000                PROVIDE (DMAChannel5_IRQHandler, 0x0)
                0x00000000                PROVIDE (DMAChannel6_IRQHandler, 0x0)
                0x00000000                PROVIDE (DMAChannel7_IRQHandler, 0x0)
                0x00000000                PROVIDE (DMA1_Channel1_IRQHandler, 0x0)
                0x00000000                PROVIDE (DMA1_Channel2_IRQHandler, 0x0)
                0x00000000                PROVIDE (DMA1_Channel3_IRQHandler, 0x0)
                0x00000000                PROVIDE (DMA1_Channel4_IRQHandler, 0x0)
                0x00000000                PROVIDE (DMA1_Channel5_IRQHandler, 0x0)
                0x00000000                PROVIDE (DMA1_Channel6_IRQHandler, 0x0)
                0x00000000                PROVIDE (DMA1_Channel7_IRQHandler, 0x0)
                0x00000000                PROVIDE (ADC_IRQHandler, 0x0)
                0x00000000                PROVIDE (ADC1_2_IRQHandler, 0x0)
                0x00000000                PROVIDE (USB_HP_CAN_TX_IRQHandler, 0x0)
                0x00000000                PROVIDE (USB_HP_CAN1_TX_IRQHandler, 0x0)
                0x00000000                PROVIDE (USB_LP_CAN_RX0_IRQHandler, 0x0)
                0x00000000                PROVIDE (USB_LP_CAN1_RX0_IRQHandler, 0x0)
                0x00000000                PROVIDE (CAN_RX1_IRQHandler, 0x0)
                0x00000000                PROVIDE (CAN1_RX1_IRQHandler, 0x0)
                0x00000000                PROVIDE (CAN_SCE_IRQHandler, 0x0)
                0x00000000                PROVIDE (CAN1_SCE_IRQHandler, 0x0)
                0x00000000                PROVIDE (EXTI9_5_IRQHandler, 0x0)
                0x00000000                PROVIDE (TIM1_BRK_IRQHandler, 0x0)
                0x00000000                PROVIDE (TIM1_UP_IRQHandler, 0x0)
                0x00000000                PROVIDE (TIM1_TRG_COM_IRQHandler, 0x0)
                0x00000000                PROVIDE (TIM1_CC_IRQHandler, 0x0)
                0x00000000                PROVIDE (TIM2_IRQHandler, 0x0)
                0x00000000                PROVIDE (TIM3_IRQHandler, 0x0)
                0x00000000                PROVIDE (TIM4_IRQHandler, 0x0)
                0x00000000                PROVIDE (I2C1_EV_IRQHandler, 0x0)
                0x00000000                PROVIDE (I2C1_ER_IRQHandler, 0x0)
                0x00000000                PROVIDE (I2C2_EV_IRQHandler, 0x0)
                0x00000000                PROVIDE (I2C2_ER_IRQHandler, 0x0)
                0x00000000                PROVIDE (SPI1_IRQHandler, 0x0)
                0x00000000                PROVIDE (SPI2_IRQHandler, 0x0)
                0x00000000                PROVIDE (USART1_IRQHandler, 0x0)
                0x00000000                PROVIDE (USART2_IRQHandler, 0x0)
                0x00000000                PROVIDE (USART3_IRQHandler, 0x0)
                0x00000000                PROVIDE (EXTI15_10_IRQHandler, 0x0)
                0x00000000                PROVIDE (RTCAlarm_IRQHandler, 0x0)
                0x00000000                PROVIDE (USBWakeUp_IRQHandler, 0x0)
                0x00000000                PROVIDE (TIM8_BRK_IRQHandler, 0x0)
                0x00000000                PROVIDE (TIM8_UP_IRQHandler, 0x0)
                0x00000000                PROVIDE (TIM8_TRG_COM_IRQHandler, 0x0)
                0x00000000                PROVIDE (TIM8_CC_IRQHandler, 0x0)
                0x00000000                PROVIDE (ADC3_IRQHandler, 0x0)
                0x00000000                PROVIDE (FSMC_IRQHandler, 0x0)
                0x00000000                PROVIDE (SDIO_IRQHandler, 0x0)
                0x00000000                PROVIDE (TIM5_IRQHandler, 0x0)
                0x00000000                PROVIDE (SPI3_IRQHandler, 0x0)
                0x00000000                PROVIDE (UART4_IRQHandler, 0x0)
                0x00000000                PROVIDE (UART5_IRQHandler, 0x0)
                0x00000000                PROVIDE (TIM6_IRQHandler, 0x0)
                0x00000000                PROVIDE (TIM7_IRQHandler, 0x0)
                0x00000000                PROVIDE (DMA2_Channel1_IRQHandler, 0x0)
                0x00000000                PROVIDE (DMA2_Channel2_IRQHandler, 0x0)
                0x00000000                PROVIDE (DMA2_Channel3_IRQHandler, 0x0)
                0x00000000                PROVIDE (DMA2_Channel4_5_IRQHandler, 0x0)
                0x42000000                PERIPH_BB_BASE = 0x42000000
                0x22000000                SRAM_BB_BASE = 0x22000000
                0x20000000                SRAM_BASE = 0x20000000
                0x40000000                PERIPH_BASE = 0x40000000
                0x40022000                PROVIDE (FLASH_BASE, 0x40022000)
                0x1ffff800                PROVIDE (OB_BASE, 0x1ffff800)
                0x40000000                APB1PERIPH_BASE = PERIPH_BASE
                0x40010000                APB2PERIPH_BASE = (PERIPH_BASE + 0x10000)
                0x40020000                AHBPERIPH_BASE = (PERIPH_BASE + 0x20000)
                0x40000000                PROVIDE (TIM2, (APB1PERIPH_BASE + 0x0))
                0x40000400                PROVIDE (TIM3, (APB1PERIPH_BASE + 0x400))
                0x40000800                PROVIDE (TIM4, (APB1PERIPH_BASE + 0x800))
                0x40002800                PROVIDE (RTC, (APB1PERIPH_BASE + 0x2800))
                0x40002c00                PROVIDE (WWDG, (APB1PERIPH_BASE + 0x2c00))
                0x40003000                PROVIDE (IWDG, (APB1PERIPH_BASE + 0x3000))
                0x40003800                PROVIDE (SPI2, (APB1PERIPH_BASE + 0x3800))
                0x40004400                PROVIDE (USART2, (APB1PERIPH_BASE + 0x4400))
                0x40004800                PROVIDE (USART3, (APB1PERIPH_BASE + 0x4800))
                0x40005400                PROVIDE (I2C1, (APB1PERIPH_BASE + 0x5400))
                0x40005800                PROVIDE (I2C2, (APB1PERIPH_BASE + 0x5800))
                0x40006400                PROVIDE (CAN, (APB1PERIPH_BASE + 0x6400))
                0x40006c00                PROVIDE (BKP, (APB1PERIPH_BASE + 0x6c00))
                0x40007000                PROVIDE (PWR, (APB1PERIPH_BASE + 0x7000))
                0x40010000                PROVIDE (AFIO, (APB2PERIPH_BASE + 0x0))
                0x40010400                PROVIDE (EXTI, (APB2PERIPH_BASE + 0x400))
                0x40010800                PROVIDE (GPIOA, (APB2PERIPH_BASE + 0x800))
                0x40010c00                PROVIDE (GPIOB, (APB2PERIPH_BASE + 0xc00))
                0x40011000                PROVIDE (GPIOC, (APB2PERIPH_BASE + 0x1000))
                0x40011400                PROVIDE (GPIOD, (APB2PERIPH_BASE + 0x1400))
                0x40011800                PROVIDE (GPIOE, (APB2PERIPH_BASE + 0x1800))
                0x40012400                PROVIDE (ADC1, (APB2PERIPH_BASE + 0x2400))
                0x40012800                PROVIDE (ADC2, (APB2PERIPH_BASE + 0x2800))
                0x40012c00                PROVIDE (TIM1, (APB2PERIPH_BASE + 0x2c00))
                0x40013000                PROVIDE (SPI1, (APB2PERIPH_BASE + 0x3000))
                0x40013800                PROVIDE (USART1, (APB2PERIPH_BASE + 0x3800))
                0x40020000                PROVIDE (DMA, (AHBPERIPH_BASE + 0x0))
                0x40020008                PROVIDE (DMA_Channel1, (AHBPERIPH_BASE + 0x8))
                0x4002001c                PROVIDE (DMA_Channel2, (AHBPERIPH_BASE + 0x1c))
                0x40020030                PROVIDE (DMA_Channel3, (AHBPERIPH_BASE + 0x30))
                0x40020044                PROVIDE (DMA_Channel4, (AHBPERIPH_BASE + 0x44))
                0x40020058                PROVIDE (DMA_Channel5, (AHBPERIPH_BASE + 0x58))
                0x4002006c                PROVIDE (DMA_Channel6, (AHBPERIPH_BASE + 0x6c))
                0x40020080                PROVIDE (DMA_Channel7, (AHBPERIPH_BASE + 0x80))
                0x40021000                PROVIDE (RCC, (AHBPERIPH_BASE + 0x1000))
                0xe000e000                SCS_BASE = 0xe000e000
                0xe000e010                PROVIDE (SysTick, (SCS_BASE + 0x10))
                0xe000e100                PROVIDE (NVIC, (SCS_BASE + 0x100))
                0xe000ed00                PROVIDE (SCB, (SCS_BASE + 0xd00))
                0x20002000                _estack = 0x20002000

.isr_vector     0x08000000      0x188
                0x08000000                . = ALIGN (0x4)
 *(.isr_vector)
 .isr_vector    0x08000000      0x188 .\startup_stm32f4xx.o
                0x08000000                g_pfnVectors
                0x08000188                . = ALIGN (0x4)

.flash_start    0x00000000        0x0
                0x00000000                . = ALIGN (0x4)
 *(.flash_start)
 *(.flash_start.*)
                0x00000000                . = ALIGN (0x4)

.crp_patch      0x00000000        0x0
                0x00000000                . = ALIGN (0x4)
 *(.crp_patch)
                0x00000000                . = ALIGN (0x4)

.flashtext      0x08000188        0x0
                0x08000188                . = ALIGN (0x4)
 *(.flashtext)
                0x08000188                . = ALIGN (0x4)

.text           0x08000188     0x1fe8
                0x08000188                . = ALIGN (0x4)
 *(.text)
 *(.text.*)
 .text.Reset_Handler
                0x08000188       0x44 .\startup_stm32f4xx.o
                0x08000188                Reset_Handler
 .text.Default_Handler
                0x080001cc        0x2 .\startup_stm32f4xx.o
                0x080001cc                RTC_Alarm_IRQHandler
                0x080001cc                HASH_RNG_IRQHandler
                0x080001cc                EXTI2_IRQHandler
                0x080001cc                TIM8_CC_IRQHandler
                0x080001cc                TIM1_CC_IRQHandler
                0x080001cc                DMA2_Stream5_IRQHandler
                0x080001cc                DMA1_Stream5_IRQHandler
                0x080001cc                PVD_IRQHandler
                0x080001cc                SDIO_IRQHandler
                0x080001cc                TAMP_STAMP_IRQHandler
                0x080001cc                CAN2_RX1_IRQHandler
                0x080001cc                EXTI3_IRQHandler
                0x080001cc                TIM8_TRG_COM_TIM14_IRQHandler
                0x080001cc                TIM1_UP_TIM10_IRQHandler
                0x080001cc                TIM8_UP_TIM13_IRQHandler
                0x080001cc                I2C3_ER_IRQHandler
                0x080001cc                EXTI0_IRQHandler
                0x080001cc                I2C2_EV_IRQHandler
                0x080001cc                DMA1_Stream2_IRQHandler
                0x080001cc                CAN1_RX0_IRQHandler
                0x080001cc                FPU_IRQHandler
                0x080001cc                OTG_HS_WKUP_IRQHandler
                0x080001cc                CAN2_SCE_IRQHandler
                0x080001cc                DMA2_Stream2_IRQHandler
                0x080001cc                SPI1_IRQHandler
                0x080001cc                TIM6_DAC_IRQHandler
                0x080001cc                TIM1_BRK_TIM9_IRQHandler
                0x080001cc                DCMI_IRQHandler
                0x080001cc                CAN2_RX0_IRQHandler
                0x080001cc                DMA2_Stream3_IRQHandler
                0x080001cc                USART6_IRQHandler
                0x080001cc                USART3_IRQHandler
                0x080001cc                CRYP_IRQHandler
                0x080001cc                CAN1_RX1_IRQHandler
                0x080001cc                UART5_IRQHandler
                0x080001cc                DMA2_Stream0_IRQHandler
                0x080001cc                TIM4_IRQHandler
                0x080001cc                I2C1_EV_IRQHandler
                0x080001cc                DMA1_Stream6_IRQHandler
                0x080001cc                DMA1_Stream1_IRQHandler
                0x080001cc                UART4_IRQHandler
                0x080001cc                RCC_IRQHandler
                0x080001cc                TIM8_BRK_TIM12_IRQHandler
                0x080001cc                Default_Handler
                0x080001cc                EXTI15_10_IRQHandler
                0x080001cc                ADC_IRQHandler
                0x080001cc                DMA1_Stream7_IRQHandler
                0x080001cc                TIM7_IRQHandler
                0x080001cc                CAN2_TX_IRQHandler
                0x080001cc                TIM5_IRQHandler
                0x080001cc                DMA2_Stream7_IRQHandler
                0x080001cc                I2C3_EV_IRQHandler
                0x080001cc                EXTI9_5_IRQHandler
                0x080001cc                RTC_WKUP_IRQHandler
                0x080001cc                ETH_WKUP_IRQHandler
                0x080001cc                SPI2_IRQHandler
                0x080001cc                OTG_HS_EP1_IN_IRQHandler
                0x080001cc                DMA1_Stream0_IRQHandler
                0x080001cc                CAN1_TX_IRQHandler
                0x080001cc                EXTI4_IRQHandler
                0x080001cc                FSMC_IRQHandler
                0x080001cc                ETH_IRQHandler
                0x080001cc                OTG_HS_EP1_OUT_IRQHandler
                0x080001cc                WWDG_IRQHandler
                0x080001cc                TIM2_IRQHandler
                0x080001cc                OTG_FS_WKUP_IRQHandler
                0x080001cc                TIM1_TRG_COM_TIM11_IRQHandler
                0x080001cc                OTG_HS_IRQHandler
                0x080001cc                EXTI1_IRQHandler
                0x080001cc                USART2_IRQHandler
                0x080001cc                I2C2_ER_IRQHandler
                0x080001cc                DMA2_Stream1_IRQHandler
                0x080001cc                CAN1_SCE_IRQHandler
                0x080001cc                FLASH_IRQHandler
                0x080001cc                DMA2_Stream4_IRQHandler
                0x080001cc                USART1_IRQHandler
                0x080001cc                OTG_FS_IRQHandler
                0x080001cc                SPI3_IRQHandler
                0x080001cc                DMA1_Stream4_IRQHandler
                0x080001cc                I2C1_ER_IRQHandler
                0x080001cc                DMA2_Stream6_IRQHandler
                0x080001cc                DMA1_Stream3_IRQHandler
 *fill*         0x080001ce        0x2 00
 .text.SendCompressedBuffer
                0x080001d0       0x98 C:\FbEdit\Projects\Applications\fbe\STM32F4Discovery\STM32F4_LCMeter\STM32_LCMeter\main.o
                0x080001d0                SendCompressedBuffer
 .text.GetFrequency
                0x08000268       0x24 C:\FbEdit\Projects\Applications\fbe\STM32F4Discovery\STM32F4_LCMeter\STM32_LCMeter\main.o
                0x08000268                GetFrequency
 .text.LCM_Calibrate
                0x0800028c       0xa4 C:\FbEdit\Projects\Applications\fbe\STM32F4Discovery\STM32F4_LCMeter\STM32_LCMeter\main.o
                0x0800028c                LCM_Calibrate
 .text.SPISendData
                0x08000330       0x2c C:\FbEdit\Projects\Applications\fbe\STM32F4Discovery\STM32F4_LCMeter\STM32_LCMeter\main.o
                0x08000330                SPISendData
 .text.SPISendData32
                0x0800035c       0x14 C:\FbEdit\Projects\Applications\fbe\STM32F4Discovery\STM32F4_LCMeter\STM32_LCMeter\main.o
                0x0800035c                SPISendData32
 .text.USART3_putdata
                0x08000370       0x30 C:\FbEdit\Projects\Applications\fbe\STM32F4Discovery\STM32F4_LCMeter\STM32_LCMeter\main.o
                0x08000370                USART3_putdata
 .text.USART3_getdata
                0x080003a0       0x30 C:\FbEdit\Projects\Applications\fbe\STM32F4Discovery\STM32F4_LCMeter\STM32_LCMeter\main.o
                0x080003a0                USART3_getdata
 .text.RCC_Config
                0x080003d0       0x74 C:\FbEdit\Projects\Applications\fbe\STM32F4Discovery\STM32F4_LCMeter\STM32_LCMeter\main.o
                0x080003d0                RCC_Config
 .text.NVIC_Config
                0x08000444       0x2c C:\FbEdit\Projects\Applications\fbe\STM32F4Discovery\STM32F4_LCMeter\STM32_LCMeter\main.o
                0x08000444                NVIC_Config
 .text.GPIO_Config
                0x08000470      0x1dc C:\FbEdit\Projects\Applications\fbe\STM32F4Discovery\STM32F4_LCMeter\STM32_LCMeter\main.o
                0x08000470                GPIO_Config
 .text.TIM_Config
                0x0800064c      0x138 C:\FbEdit\Projects\Applications\fbe\STM32F4Discovery\STM32F4_LCMeter\STM32_LCMeter\main.o
                0x0800064c                TIM_Config
 .text.DAC_Config
                0x08000784       0x70 C:\FbEdit\Projects\Applications\fbe\STM32F4Discovery\STM32F4_LCMeter\STM32_LCMeter\main.o
                0x08000784                DAC_Config
 .text.DMA_SingleConfig
                0x080007f4       0x78 C:\FbEdit\Projects\Applications\fbe\STM32F4Discovery\STM32F4_LCMeter\STM32_LCMeter\main.o
                0x080007f4                DMA_SingleConfig
 .text.ADC_SingleConfig
                0x0800086c       0x7c C:\FbEdit\Projects\Applications\fbe\STM32F4Discovery\STM32F4_LCMeter\STM32_LCMeter\main.o
                0x0800086c                ADC_SingleConfig
 .text.DMA_TripleConfig
                0x080008e8       0x78 C:\FbEdit\Projects\Applications\fbe\STM32F4Discovery\STM32F4_LCMeter\STM32_LCMeter\main.o
                0x080008e8                DMA_TripleConfig
 .text.ADC_TripleConfig
                0x08000960       0xd8 C:\FbEdit\Projects\Applications\fbe\STM32F4Discovery\STM32F4_LCMeter\STM32_LCMeter\main.o
                0x08000960                ADC_TripleConfig
 .text.DMA_LGAConfig
                0x08000a38       0x78 C:\FbEdit\Projects\Applications\fbe\STM32F4Discovery\STM32F4_LCMeter\STM32_LCMeter\main.o
                0x08000a38                DMA_LGAConfig
 .text.SPI_Config
                0x08000ab0       0x64 C:\FbEdit\Projects\Applications\fbe\STM32F4Discovery\STM32F4_LCMeter\STM32_LCMeter\main.o
                0x08000ab0                SPI_Config
 .text.USART_Config
                0x08000b14       0x6c C:\FbEdit\Projects\Applications\fbe\STM32F4Discovery\STM32F4_LCMeter\STM32_LCMeter\main.o
                0x08000b14                USART_Config
 .text.main     0x08000b80      0x61c C:\FbEdit\Projects\Applications\fbe\STM32F4Discovery\STM32F4_LCMeter\STM32_LCMeter\main.o
                0x08000b80                main
 .text.TIM3_IRQHandler
                0x0800119c       0x70 C:\FbEdit\Projects\Applications\fbe\STM32F4Discovery\STM32F4_LCMeter\STM32_LCMeter\main.o
                0x0800119c                TIM3_IRQHandler
 .text.NMI_Handler
                0x0800120c        0x4 C:\FbEdit\Projects\Applications\fbe\STM32F4Discovery\STM32F4_LCMeter\STM32_LCMeter\stm32f4xx_it.o
                0x0800120c                NMI_Handler
 .text.HardFault_Handler
                0x08001210        0x4 C:\FbEdit\Projects\Applications\fbe\STM32F4Discovery\STM32F4_LCMeter\STM32_LCMeter\stm32f4xx_it.o
                0x08001210                HardFault_Handler
 .text.MemManage_Handler
                0x08001214        0x4 C:\FbEdit\Projects\Applications\fbe\STM32F4Discovery\STM32F4_LCMeter\STM32_LCMeter\stm32f4xx_it.o
                0x08001214                MemManage_Handler
 .text.BusFault_Handler
                0x08001218        0x4 C:\FbEdit\Projects\Applications\fbe\STM32F4Discovery\STM32F4_LCMeter\STM32_LCMeter\stm32f4xx_it.o
                0x08001218                BusFault_Handler
 .text.UsageFault_Handler
                0x0800121c        0x4 C:\FbEdit\Projects\Applications\fbe\STM32F4Discovery\STM32F4_LCMeter\STM32_LCMeter\stm32f4xx_it.o
                0x0800121c                UsageFault_Handler
 .text.DebugMon_Handler
                0x08001220        0x4 C:\FbEdit\Projects\Applications\fbe\STM32F4Discovery\STM32F4_LCMeter\STM32_LCMeter\stm32f4xx_it.o
                0x08001220                DebugMon_Handler
 .text.SVC_Handler
                0x08001224        0x4 C:\FbEdit\Projects\Applications\fbe\STM32F4Discovery\STM32F4_LCMeter\STM32_LCMeter\stm32f4xx_it.o
                0x08001224                SVC_Handler
 .text.PendSV_Handler
                0x08001228        0x4 C:\FbEdit\Projects\Applications\fbe\STM32F4Discovery\STM32F4_LCMeter\STM32_LCMeter\stm32f4xx_it.o
                0x08001228                PendSV_Handler
 .text.SysTick_Handler
                0x0800122c        0x4 C:\FbEdit\Projects\Applications\fbe\STM32F4Discovery\STM32F4_LCMeter\STM32_LCMeter\stm32f4xx_it.o
                0x0800122c                SysTick_Handler
 .text.RCC_GetClocksFreq
                0x08001230       0xd8 C:\FbEdit\Projects\Applications\fbe\STM32F4Discovery\STM32F4_LCMeter\STM32_LCMeter\stm32f4xx_rcc.o
                0x08001230                RCC_GetClocksFreq
 .text.RCC_AHB1PeriphClockCmd
                0x08001308       0x24 C:\FbEdit\Projects\Applications\fbe\STM32F4Discovery\STM32F4_LCMeter\STM32_LCMeter\stm32f4xx_rcc.o
                0x08001308                RCC_AHB1PeriphClockCmd
 .text.RCC_APB1PeriphClockCmd
                0x0800132c       0x24 C:\FbEdit\Projects\Applications\fbe\STM32F4Discovery\STM32F4_LCMeter\STM32_LCMeter\stm32f4xx_rcc.o
                0x0800132c                RCC_APB1PeriphClockCmd
 .text.RCC_APB2PeriphClockCmd
                0x08001350       0x24 C:\FbEdit\Projects\Applications\fbe\STM32F4Discovery\STM32F4_LCMeter\STM32_LCMeter\stm32f4xx_rcc.o
                0x08001350                RCC_APB2PeriphClockCmd
 .text.GPIO_Init
                0x08001374       0xbc C:\FbEdit\Projects\Applications\fbe\STM32F4Discovery\STM32F4_LCMeter\STM32_LCMeter\stm32f4xx_gpio.o
                0x08001374                GPIO_Init
 .text.GPIO_SetBits
                0x08001430        0x4 C:\FbEdit\Projects\Applications\fbe\STM32F4Discovery\STM32F4_LCMeter\STM32_LCMeter\stm32f4xx_gpio.o
                0x08001430                GPIO_SetBits
 .text.GPIO_ResetBits
                0x08001434        0x4 C:\FbEdit\Projects\Applications\fbe\STM32F4Discovery\STM32F4_LCMeter\STM32_LCMeter\stm32f4xx_gpio.o
                0x08001434                GPIO_ResetBits
 .text.GPIO_PinAFConfig
                0x08001438       0x3c C:\FbEdit\Projects\Applications\fbe\STM32F4Discovery\STM32F4_LCMeter\STM32_LCMeter\stm32f4xx_gpio.o
                0x08001438                GPIO_PinAFConfig
 .text.TIM_TimeBaseInit
                0x08001474       0xc0 C:\FbEdit\Projects\Applications\fbe\STM32F4Discovery\STM32F4_LCMeter\STM32_LCMeter\stm32f4xx_tim.o
                0x08001474                TIM_TimeBaseInit
 .text.TIM_ARRPreloadConfig
                0x08001534       0x20 C:\FbEdit\Projects\Applications\fbe\STM32F4Discovery\STM32F4_LCMeter\STM32_LCMeter\stm32f4xx_tim.o
                0x08001534                TIM_ARRPreloadConfig
 .text.TIM_Cmd  0x08001554       0x20 C:\FbEdit\Projects\Applications\fbe\STM32F4Discovery\STM32F4_LCMeter\STM32_LCMeter\stm32f4xx_tim.o
                0x08001554                TIM_Cmd
 .text.TIM_OC2Init
                0x08001574       0xb0 C:\FbEdit\Projects\Applications\fbe\STM32F4Discovery\STM32F4_LCMeter\STM32_LCMeter\stm32f4xx_tim.o
                0x08001574                TIM_OC2Init
 .text.TIM_OCStructInit
                0x08001624       0x18 C:\FbEdit\Projects\Applications\fbe\STM32F4Discovery\STM32F4_LCMeter\STM32_LCMeter\stm32f4xx_tim.o
                0x08001624                TIM_OCStructInit
 .text.TIM_OC2PreloadConfig
                0x0800163c       0x18 C:\FbEdit\Projects\Applications\fbe\STM32F4Discovery\STM32F4_LCMeter\STM32_LCMeter\stm32f4xx_tim.o
                0x0800163c                TIM_OC2PreloadConfig
 .text.TIM_ITConfig
                0x08001654       0x18 C:\FbEdit\Projects\Applications\fbe\STM32F4Discovery\STM32F4_LCMeter\STM32_LCMeter\stm32f4xx_tim.o
                0x08001654                TIM_ITConfig
 .text.TIM_ClearITPendingBit
                0x0800166c        0xc C:\FbEdit\Projects\Applications\fbe\STM32F4Discovery\STM32F4_LCMeter\STM32_LCMeter\stm32f4xx_tim.o
                0x0800166c                TIM_ClearITPendingBit
 .text.TIM_DMACmd
                0x08001678       0x18 C:\FbEdit\Projects\Applications\fbe\STM32F4Discovery\STM32F4_LCMeter\STM32_LCMeter\stm32f4xx_tim.o
                0x08001678                TIM_DMACmd
 .text.NVIC_Init
                0x08001690       0x88 C:\FbEdit\Projects\Applications\fbe\STM32F4Discovery\STM32F4_LCMeter\STM32_LCMeter\misc.o
                0x08001690                NVIC_Init
 .text.SystemInit
                0x08001718      0x124 C:\FbEdit\Projects\Applications\fbe\STM32F4Discovery\STM32F4_LCMeter\STM32_LCMeter\system_stm32f4xx.o
                0x08001718                SystemInit
 .text.STM_EVAL_LEDInit
                0x0800183c       0x54 C:\FbEdit\Projects\Applications\fbe\STM32F4Discovery\STM32F4_LCMeter\STM32_LCMeter\stm32f4_discovery.o
                0x0800183c                STM_EVAL_LEDInit
 .text.STM_EVAL_LEDToggle
                0x08001890       0x24 C:\FbEdit\Projects\Applications\fbe\STM32F4Discovery\STM32F4_LCMeter\STM32_LCMeter\stm32f4_discovery.o
                0x08001890                STM_EVAL_LEDToggle
 .text.DAC_Init
                0x080018b4       0x38 C:\FbEdit\Projects\Applications\fbe\STM32F4Discovery\STM32F4_LCMeter\STM32_LCMeter\stm32f4xx_dac.o
                0x080018b4                DAC_Init
 .text.DAC_StructInit
                0x080018ec       0x10 C:\FbEdit\Projects\Applications\fbe\STM32F4Discovery\STM32F4_LCMeter\STM32_LCMeter\stm32f4xx_dac.o
                0x080018ec                DAC_StructInit
 .text.DAC_Cmd  0x080018fc       0x34 C:\FbEdit\Projects\Applications\fbe\STM32F4Discovery\STM32F4_LCMeter\STM32_LCMeter\stm32f4xx_dac.o
                0x080018fc                DAC_Cmd
 .text.DAC_SetChannel1Data
                0x08001930       0x24 C:\FbEdit\Projects\Applications\fbe\STM32F4Discovery\STM32F4_LCMeter\STM32_LCMeter\stm32f4xx_dac.o
                0x08001930                DAC_SetChannel1Data
 .text.DAC_SetChannel2Data
                0x08001954       0x24 C:\FbEdit\Projects\Applications\fbe\STM32F4Discovery\STM32F4_LCMeter\STM32_LCMeter\stm32f4xx_dac.o
                0x08001954                DAC_SetChannel2Data
 .text.SPI_Init
                0x08001978       0x48 C:\FbEdit\Projects\Applications\fbe\STM32F4Discovery\STM32F4_LCMeter\STM32_LCMeter\stm32f4xx_spi.o
                0x08001978                SPI_Init
 .text.SPI_Cmd  0x080019c0       0x20 C:\FbEdit\Projects\Applications\fbe\STM32F4Discovery\STM32F4_LCMeter\STM32_LCMeter\stm32f4xx_spi.o
                0x080019c0                SPI_Cmd
 .text.USART_Init
                0x080019e0      0x10c C:\FbEdit\Projects\Applications\fbe\STM32F4Discovery\STM32F4_LCMeter\STM32_LCMeter\stm32f4xx_usart.o
                0x080019e0                USART_Init
 .text.USART_StructInit
                0x08001aec       0x1c C:\FbEdit\Projects\Applications\fbe\STM32F4Discovery\STM32F4_LCMeter\STM32_LCMeter\stm32f4xx_usart.o
                0x08001aec                USART_StructInit
 .text.USART_Cmd
                0x08001b08       0x20 C:\FbEdit\Projects\Applications\fbe\STM32F4Discovery\STM32F4_LCMeter\STM32_LCMeter\stm32f4xx_usart.o
                0x08001b08                USART_Cmd
 .text.ADC_Init
                0x08001b28       0x54 C:\FbEdit\Projects\Applications\fbe\STM32F4Discovery\STM32F4_LCMeter\STM32_LCMeter\stm32f4xx_adc.o
                0x08001b28                ADC_Init
 .text.ADC_StructInit
                0x08001b7c       0x18 C:\FbEdit\Projects\Applications\fbe\STM32F4Discovery\STM32F4_LCMeter\STM32_LCMeter\stm32f4xx_adc.o
                0x08001b7c                ADC_StructInit
 .text.ADC_CommonInit
                0x08001b94       0x34 C:\FbEdit\Projects\Applications\fbe\STM32F4Discovery\STM32F4_LCMeter\STM32_LCMeter\stm32f4xx_adc.o
                0x08001b94                ADC_CommonInit
 .text.ADC_CommonStructInit
                0x08001bc8       0x10 C:\FbEdit\Projects\Applications\fbe\STM32F4Discovery\STM32F4_LCMeter\STM32_LCMeter\stm32f4xx_adc.o
                0x08001bc8                ADC_CommonStructInit
 .text.ADC_Cmd  0x08001bd8       0x18 C:\FbEdit\Projects\Applications\fbe\STM32F4Discovery\STM32F4_LCMeter\STM32_LCMeter\stm32f4xx_adc.o
                0x08001bd8                ADC_Cmd
 .text.ADC_RegularChannelConfig
                0x08001bf0       0xb4 C:\FbEdit\Projects\Applications\fbe\STM32F4Discovery\STM32F4_LCMeter\STM32_LCMeter\stm32f4xx_adc.o
                0x08001bf0                ADC_RegularChannelConfig
 .text.ADC_DMACmd
                0x08001ca4       0x18 C:\FbEdit\Projects\Applications\fbe\STM32F4Discovery\STM32F4_LCMeter\STM32_LCMeter\stm32f4xx_adc.o
                0x08001ca4                ADC_DMACmd
 .text.ADC_DMARequestAfterLastTransferCmd
                0x08001cbc       0x18 C:\FbEdit\Projects\Applications\fbe\STM32F4Discovery\STM32F4_LCMeter\STM32_LCMeter\stm32f4xx_adc.o
                0x08001cbc                ADC_DMARequestAfterLastTransferCmd
 .text.ADC_MultiModeDMARequestAfterLastTransferCmd
                0x08001cd4       0x28 C:\FbEdit\Projects\Applications\fbe\STM32F4Discovery\STM32F4_LCMeter\STM32_LCMeter\stm32f4xx_adc.o
                0x08001cd4                ADC_MultiModeDMARequestAfterLastTransferCmd
 .text.DMA_DeInit
                0x08001cfc      0x1f4 C:\FbEdit\Projects\Applications\fbe\STM32F4Discovery\STM32F4_LCMeter\STM32_LCMeter\stm32f4xx_dma.o
                0x08001cfc                DMA_DeInit
 .text.DMA_Init
                0x08001ef0       0x60 C:\FbEdit\Projects\Applications\fbe\STM32F4Discovery\STM32F4_LCMeter\STM32_LCMeter\stm32f4xx_dma.o
                0x08001ef0                DMA_Init
 .text.DMA_StructInit
                0x08001f50       0x24 C:\FbEdit\Projects\Applications\fbe\STM32F4Discovery\STM32F4_LCMeter\STM32_LCMeter\stm32f4xx_dma.o
                0x08001f50                DMA_StructInit
 .text.DMA_Cmd  0x08001f74       0x18 C:\FbEdit\Projects\Applications\fbe\STM32F4Discovery\STM32F4_LCMeter\STM32_LCMeter\stm32f4xx_dma.o
                0x08001f74                DMA_Cmd
 .text.DMA_GetFlagStatus
                0x08001f8c       0x44 C:\FbEdit\Projects\Applications\fbe\STM32F4Discovery\STM32F4_LCMeter\STM32_LCMeter\stm32f4xx_dma.o
                0x08001f8c                DMA_GetFlagStatus
 .text.__io_putchar
                0x08001fd0      0x16c C:\Program Files (x86)\Raisonance\Ride\Lib\ARM\STM32x_io_putchar_thumb.a(STM32F10X_io_putchar.o)
                0x08001fd0                __io_putchar
 .text._write   0x0800213c        0x4 C:\Program Files (x86)\Raisonance\Ride\Lib\ARM\std_sbrk_thumb.lib(write.o)
                0x0800213c                _write
 *(.rodata)
 .rodata        0x08002140       0x30 C:\FbEdit\Projects\Applications\fbe\STM32F4Discovery\STM32F4_LCMeter\STM32_LCMeter\stm32f4_discovery.o
                0x08002140                GPIO_CLK
                0x08002150                GPIO_PIN
                0x08002158                BUTTON_CLK
                0x0800215c                BUTTON_PIN
                0x08002160                BUTTON_PORT_SOURCE
                0x08002164                BUTTON_PIN_SOURCE
                0x08002168                BUTTON_EXTI_LINE
                0x0800216c                BUTTON_IRQn
 *(.rodata*)
 *(.glue_7)
 .glue_7        0x00000000        0x0 linker stubs
 *(.glue_7t)
 .glue_7t       0x00000000        0x0 linker stubs
                0x08002170                . = ALIGN (0x4)
                0x08002170                _etext = .
                0x08002170                _sidata = _etext

.vfp11_veneer   0x08002170        0x0
 .vfp11_veneer  0x00000000        0x0 linker stubs

.v4_bx          0x08002170        0x0
 .v4_bx         0x00000000        0x0 linker stubs

.flashpatch     0x00000000        0x0
                0x00000000                . = ALIGN (0x4)
 *(.flashpatch)
                0x00000000                . = ALIGN (0x4)

.endflash       0x00000000        0x0
                0x00000000                . = ALIGN (0x4)
 *(.endflash)
                0x00000000                . = ALIGN (0x4)
                0x00000000                _e_endflash = .

.data           0x20000000       0x24 load address 0x08002170
                0x20000000                . = ALIGN (0x4)
                0x20000000                _sdata = .
                0x20000000                _data = .
 *(.data)
 .data          0x20000000       0x10 C:\FbEdit\Projects\Applications\fbe\STM32F4Discovery\STM32F4_LCMeter\STM32_LCMeter\stm32f4xx_rcc.o
 .data          0x20000010       0x14 C:\FbEdit\Projects\Applications\fbe\STM32F4Discovery\STM32F4_LCMeter\STM32_LCMeter\stm32f4_discovery.o
                0x20000010                GPIO_PORT
                0x20000020                BUTTON_PORT
 *(.data.*)
 *(.RAMtext)
                0x20000024                . = ALIGN (0x4)
                0x20000024                _edata = .
                0x08002194                _eidata = ((_sidata + _edata) - _sdata)
                0x08010000                _lastdataromaddress = 0x8010000
                0x00000000                toobig = (_eidata > _lastdataromaddress)?!!!!!!!!! FLASH IS FULL !!!!!!!!!:0x0

.bss            0x20000024       0xd8 load address 0x08002194
                0x20000024                . = ALIGN (0x4)
                0x20000024                _sbss = .
                0x20000024                _bss = .
 *(.bss)
 *(COMMON)
 COMMON         0x20000024       0xd8 C:\FbEdit\Projects\Applications\fbe\STM32F4Discovery\STM32F4_LCMeter\STM32_LCMeter\main.o
                0x20000024                STM32_CMD
                0x200000fc                . = ALIGN (0x4)
                0x200000fc                _ebss = .
                0x200000fc                PROVIDE (end, _ebss)
                0x200000fc                PROVIDE (_end, _ebss)

._usrstack      0x200000fc      0x100 load address 0x0800226c
                0x200000fc                . = ALIGN (0x4)
                0x200000fc                _susrstack = .
                0x200001fc                . = (. + _Minimum_Stack_Size)
 *fill*         0x200000fc      0x100 00
                0x200001fc                . = ALIGN (0x4)
                0x200001fc                _eusrstack = .

.b1text
 *(.b1text)
 *(.b1rodata)
 *(.b1rodata*)

.eb0text
 *(.eb0text)
 *(.eb0rodata)
 *(.eb0rodata*)

.eb1text
 *(.eb1text)
 *(.eb1rodata)
 *(.eb1rodata*)

.eb2text
 *(.eb2text)
 *(.eb2rodata)
 *(.eb2rodata*)

.eb3text
 *(.eb3text)
 *(.eb3rodata)
 *(.eb3rodata*)
                0x200001fc                __exidx_start = .
                0x200001fc                __exidx_end = .

/DISCARD/
 libc.a(*)
 libm.a(*)
 libgcc.a(*)

.stab
 *(.stab)

.stabstr
 *(.stabstr)

.stab.excl
 *(.stab.excl)

.stab.exclstr
 *(.stab.exclstr)

.stab.index
 *(.stab.index)

.stab.indexstr
 *(.stab.indexstr)

.ARM.attributes
                0x00000000       0x2f
 .ARM.attributes
                0x00000000       0x23 .\startup_stm32f4xx.o
 .ARM.attributes
                0x00000023       0x31 C:\FbEdit\Projects\Applications\fbe\STM32F4Discovery\STM32F4_LCMeter\STM32_LCMeter\main.o
 .ARM.attributes
                0x00000054       0x31 C:\FbEdit\Projects\Applications\fbe\STM32F4Discovery\STM32F4_LCMeter\STM32_LCMeter\stm32f4xx_it.o
 .ARM.attributes
                0x00000085       0x31 C:\FbEdit\Projects\Applications\fbe\STM32F4Discovery\STM32F4_LCMeter\STM32_LCMeter\stm32f4xx_rcc.o
 .ARM.attributes
                0x000000b6       0x31 C:\FbEdit\Projects\Applications\fbe\STM32F4Discovery\STM32F4_LCMeter\STM32_LCMeter\stm32f4xx_gpio.o
 .ARM.attributes
                0x000000e7       0x31 C:\FbEdit\Projects\Applications\fbe\STM32F4Discovery\STM32F4_LCMeter\STM32_LCMeter\stm32f4xx_tim.o
 .ARM.attributes
                0x00000118       0x31 C:\FbEdit\Projects\Applications\fbe\STM32F4Discovery\STM32F4_LCMeter\STM32_LCMeter\misc.o
 .ARM.attributes
                0x00000149       0x31 C:\FbEdit\Projects\Applications\fbe\STM32F4Discovery\STM32F4_LCMeter\STM32_LCMeter\system_stm32f4xx.o
 .ARM.attributes
                0x0000017a       0x31 C:\FbEdit\Projects\Applications\fbe\STM32F4Discovery\STM32F4_LCMeter\STM32_LCMeter\stm32f4_discovery.o
 .ARM.attributes
                0x000001ab       0x31 C:\FbEdit\Projects\Applications\fbe\STM32F4Discovery\STM32F4_LCMeter\STM32_LCMeter\stm32f4xx_dac.o
 .ARM.attributes
                0x000001dc       0x31 C:\FbEdit\Projects\Applications\fbe\STM32F4Discovery\STM32F4_LCMeter\STM32_LCMeter\stm32f4xx_spi.o
 .ARM.attributes
                0x0000020d       0x31 C:\FbEdit\Projects\Applications\fbe\STM32F4Discovery\STM32F4_LCMeter\STM32_LCMeter\stm32f4xx_usart.o
 .ARM.attributes
                0x0000023e       0x31 C:\FbEdit\Projects\Applications\fbe\STM32F4Discovery\STM32F4_LCMeter\STM32_LCMeter\stm32f4xx_adc.o
 .ARM.attributes
                0x0000026f       0x31 C:\FbEdit\Projects\Applications\fbe\STM32F4Discovery\STM32F4_LCMeter\STM32_LCMeter\stm32f4xx_dma.o
 .ARM.attributes
                0x000002a0       0x31 C:\Program Files (x86)\Raisonance\Ride\Lib\ARM\STM32x_io_putchar_thumb.a(STM32F10X_io_putchar.o)
 .ARM.attributes
                0x000002d1       0x2e C:\Program Files (x86)\Raisonance\Ride\Lib\ARM\std_sbrk_thumb.lib(write.o)

.comment        0x00000000       0x7f
 *(.comment)
 .comment       0x00000000       0x2a C:\FbEdit\Projects\Applications\fbe\STM32F4Discovery\STM32F4_LCMeter\STM32_LCMeter\main.o
                                 0x2b (size before relaxing)
 .comment       0x00000000       0x2b C:\FbEdit\Projects\Applications\fbe\STM32F4Discovery\STM32F4_LCMeter\STM32_LCMeter\stm32f4xx_it.o
 .comment       0x00000000       0x2b C:\FbEdit\Projects\Applications\fbe\STM32F4Discovery\STM32F4_LCMeter\STM32_LCMeter\stm32f4xx_rcc.o
 .comment       0x00000000       0x2b C:\FbEdit\Projects\Applications\fbe\STM32F4Discovery\STM32F4_LCMeter\STM32_LCMeter\stm32f4xx_gpio.o
 .comment       0x00000000       0x2b C:\FbEdit\Projects\Applications\fbe\STM32F4Discovery\STM32F4_LCMeter\STM32_LCMeter\stm32f4xx_tim.o
 .comment       0x00000000       0x2b C:\FbEdit\Projects\Applications\fbe\STM32F4Discovery\STM32F4_LCMeter\STM32_LCMeter\misc.o
 .comment       0x00000000       0x2b C:\FbEdit\Projects\Applications\fbe\STM32F4Discovery\STM32F4_LCMeter\STM32_LCMeter\system_stm32f4xx.o
 .comment       0x00000000       0x2b C:\FbEdit\Projects\Applications\fbe\STM32F4Discovery\STM32F4_LCMeter\STM32_LCMeter\stm32f4_discovery.o
 .comment       0x00000000       0x2b C:\FbEdit\Projects\Applications\fbe\STM32F4Discovery\STM32F4_LCMeter\STM32_LCMeter\stm32f4xx_dac.o
 .comment       0x00000000       0x2b C:\FbEdit\Projects\Applications\fbe\STM32F4Discovery\STM32F4_LCMeter\STM32_LCMeter\stm32f4xx_spi.o
 .comment       0x00000000       0x2b C:\FbEdit\Projects\Applications\fbe\STM32F4Discovery\STM32F4_LCMeter\STM32_LCMeter\stm32f4xx_usart.o
 .comment       0x00000000       0x2b C:\FbEdit\Projects\Applications\fbe\STM32F4Discovery\STM32F4_LCMeter\STM32_LCMeter\stm32f4xx_adc.o
 .comment       0x00000000       0x2b C:\FbEdit\Projects\Applications\fbe\STM32F4Discovery\STM32F4_LCMeter\STM32_LCMeter\stm32f4xx_dma.o
 .comment       0x0000002a       0x2b C:\Program Files (x86)\Raisonance\Ride\Lib\ARM\STM32x_io_putchar_thumb.a(STM32F10X_io_putchar.o)
 .comment       0x00000055       0x2a C:\Program Files (x86)\Raisonance\Ride\Lib\ARM\std_sbrk_thumb.lib(write.o)

.debug
 *(.debug)

.line
 *(.line)

.debug_srcinfo
 *(.debug_srcinfo)

.debug_sfnames
 *(.debug_sfnames)

.debug_aranges  0x00000000      0xb38
 *(.debug_aranges)
 .debug_aranges
                0x00000000       0xc8 C:\FbEdit\Projects\Applications\fbe\STM32F4Discovery\STM32F4_LCMeter\STM32_LCMeter\main.o
 .debug_aranges
                0x000000c8       0x60 C:\FbEdit\Projects\Applications\fbe\STM32F4Discovery\STM32F4_LCMeter\STM32_LCMeter\stm32f4xx_it.o
 .debug_aranges
                0x00000128      0x178 C:\FbEdit\Projects\Applications\fbe\STM32F4Discovery\STM32F4_LCMeter\STM32_LCMeter\stm32f4xx_rcc.o
 .debug_aranges
                0x000002a0       0x88 C:\FbEdit\Projects\Applications\fbe\STM32F4Discovery\STM32F4_LCMeter\STM32_LCMeter\stm32f4xx_gpio.o
 .debug_aranges
                0x00000328      0x2e8 C:\FbEdit\Projects\Applications\fbe\STM32F4Discovery\STM32F4_LCMeter\STM32_LCMeter\stm32f4xx_tim.o
 .debug_aranges
                0x00000610       0x40 C:\FbEdit\Projects\Applications\fbe\STM32F4Discovery\STM32F4_LCMeter\STM32_LCMeter\misc.o
 .debug_aranges
                0x00000650       0x28 C:\FbEdit\Projects\Applications\fbe\STM32F4Discovery\STM32F4_LCMeter\STM32_LCMeter\system_stm32f4xx.o
 .debug_aranges
                0x00000678       0x48 C:\FbEdit\Projects\Applications\fbe\STM32F4Discovery\STM32F4_LCMeter\STM32_LCMeter\stm32f4_discovery.o
 .debug_aranges
                0x000006c0       0xa0 C:\FbEdit\Projects\Applications\fbe\STM32F4Discovery\STM32F4_LCMeter\STM32_LCMeter\stm32f4xx_dac.o
 .debug_aranges
                0x00000760       0xe0 C:\FbEdit\Projects\Applications\fbe\STM32F4Discovery\STM32F4_LCMeter\STM32_LCMeter\stm32f4xx_spi.o
 .debug_aranges
                0x00000840      0x100 C:\FbEdit\Projects\Applications\fbe\STM32F4Discovery\STM32F4_LCMeter\STM32_LCMeter\stm32f4xx_usart.o
 .debug_aranges
                0x00000940      0x148 C:\FbEdit\Projects\Applications\fbe\STM32F4Discovery\STM32F4_LCMeter\STM32_LCMeter\stm32f4xx_adc.o
 .debug_aranges
                0x00000a88       0xb0 C:\FbEdit\Projects\Applications\fbe\STM32F4Discovery\STM32F4_LCMeter\STM32_LCMeter\stm32f4xx_dma.o

.debug_pubnames
                0x00000000     0x1ded
 *(.debug_pubnames)
 .debug_pubnames
                0x00000000      0x1a4 C:\FbEdit\Projects\Applications\fbe\STM32F4Discovery\STM32F4_LCMeter\STM32_LCMeter\main.o
 .debug_pubnames
                0x000001a4       0xc6 C:\FbEdit\Projects\Applications\fbe\STM32F4Discovery\STM32F4_LCMeter\STM32_LCMeter\stm32f4xx_it.o
 .debug_pubnames
                0x0000026a      0x417 C:\FbEdit\Projects\Applications\fbe\STM32F4Discovery\STM32F4_LCMeter\STM32_LCMeter\stm32f4xx_rcc.o
 .debug_pubnames
                0x00000681      0x12d C:\FbEdit\Projects\Applications\fbe\STM32F4Discovery\STM32F4_LCMeter\STM32_LCMeter\stm32f4xx_gpio.o
 .debug_pubnames
                0x000007ae      0x7c4 C:\FbEdit\Projects\Applications\fbe\STM32F4Discovery\STM32F4_LCMeter\STM32_LCMeter\stm32f4xx_tim.o
 .debug_pubnames
                0x00000f72       0x89 C:\FbEdit\Projects\Applications\fbe\STM32F4Discovery\STM32F4_LCMeter\STM32_LCMeter\misc.o
 .debug_pubnames
                0x00000ffb       0x61 C:\FbEdit\Projects\Applications\fbe\STM32F4Discovery\STM32F4_LCMeter\STM32_LCMeter\system_stm32f4xx.o
 .debug_pubnames
                0x0000105c      0x150 C:\FbEdit\Projects\Applications\fbe\STM32F4Discovery\STM32F4_LCMeter\STM32_LCMeter\stm32f4_discovery.o
 .debug_pubnames
                0x000011ac      0x17d C:\FbEdit\Projects\Applications\fbe\STM32F4Discovery\STM32F4_LCMeter\STM32_LCMeter\stm32f4xx_dac.o
 .debug_pubnames
                0x00001329      0x221 C:\FbEdit\Projects\Applications\fbe\STM32F4Discovery\STM32F4_LCMeter\STM32_LCMeter\stm32f4xx_spi.o
 .debug_pubnames
                0x0000154a      0x294 C:\FbEdit\Projects\Applications\fbe\STM32F4Discovery\STM32F4_LCMeter\STM32_LCMeter\stm32f4xx_usart.o
 .debug_pubnames
                0x000017de      0x446 C:\FbEdit\Projects\Applications\fbe\STM32F4Discovery\STM32F4_LCMeter\STM32_LCMeter\stm32f4xx_adc.o
 .debug_pubnames
                0x00001c24      0x1c9 C:\FbEdit\Projects\Applications\fbe\STM32F4Discovery\STM32F4_LCMeter\STM32_LCMeter\stm32f4xx_dma.o

.debug_info     0x00000000     0x91af
 *(.debug_info .gnu.linkonce.wi.*)
 .debug_info    0x00000000     0x1914 C:\FbEdit\Projects\Applications\fbe\STM32F4Discovery\STM32F4_LCMeter\STM32_LCMeter\main.o
 .debug_info    0x00001914      0x14c C:\FbEdit\Projects\Applications\fbe\STM32F4Discovery\STM32F4_LCMeter\STM32_LCMeter\stm32f4xx_it.o
 .debug_info    0x00001a60      0xd05 C:\FbEdit\Projects\Applications\fbe\STM32F4Discovery\STM32F4_LCMeter\STM32_LCMeter\stm32f4xx_rcc.o
 .debug_info    0x00002765      0x62d C:\FbEdit\Projects\Applications\fbe\STM32F4Discovery\STM32F4_LCMeter\STM32_LCMeter\stm32f4xx_gpio.o
 .debug_info    0x00002d92     0x1e20 C:\FbEdit\Projects\Applications\fbe\STM32F4Discovery\STM32F4_LCMeter\STM32_LCMeter\stm32f4xx_tim.o
 .debug_info    0x00004bb2      0x598 C:\FbEdit\Projects\Applications\fbe\STM32F4Discovery\STM32F4_LCMeter\STM32_LCMeter\misc.o
 .debug_info    0x0000514a      0x635 C:\FbEdit\Projects\Applications\fbe\STM32F4Discovery\STM32F4_LCMeter\STM32_LCMeter\system_stm32f4xx.o
 .debug_info    0x0000577f      0x963 C:\FbEdit\Projects\Applications\fbe\STM32F4Discovery\STM32F4_LCMeter\STM32_LCMeter\stm32f4_discovery.o
 .debug_info    0x000060e2      0x68d C:\FbEdit\Projects\Applications\fbe\STM32F4Discovery\STM32F4_LCMeter\STM32_LCMeter\stm32f4xx_dac.o
 .debug_info    0x0000676f      0xbb5 C:\FbEdit\Projects\Applications\fbe\STM32F4Discovery\STM32F4_LCMeter\STM32_LCMeter\stm32f4xx_spi.o
 .debug_info    0x00007324      0xa30 C:\FbEdit\Projects\Applications\fbe\STM32F4Discovery\STM32F4_LCMeter\STM32_LCMeter\stm32f4xx_usart.o
 .debug_info    0x00007d54      0xcce C:\FbEdit\Projects\Applications\fbe\STM32F4Discovery\STM32F4_LCMeter\STM32_LCMeter\stm32f4xx_adc.o
 .debug_info    0x00008a22      0x78d C:\FbEdit\Projects\Applications\fbe\STM32F4Discovery\STM32F4_LCMeter\STM32_LCMeter\stm32f4xx_dma.o

.debug_abbrev   0x00000000     0x1556
 *(.debug_abbrev)
 .debug_abbrev  0x00000000      0x233 C:\FbEdit\Projects\Applications\fbe\STM32F4Discovery\STM32F4_LCMeter\STM32_LCMeter\main.o
 .debug_abbrev  0x00000233       0x64 C:\FbEdit\Projects\Applications\fbe\STM32F4Discovery\STM32F4_LCMeter\STM32_LCMeter\stm32f4xx_it.o
 .debug_abbrev  0x00000297      0x1f8 C:\FbEdit\Projects\Applications\fbe\STM32F4Discovery\STM32F4_LCMeter\STM32_LCMeter\stm32f4xx_rcc.o
 .debug_abbrev  0x0000048f      0x1d0 C:\FbEdit\Projects\Applications\fbe\STM32F4Discovery\STM32F4_LCMeter\STM32_LCMeter\stm32f4xx_gpio.o
 .debug_abbrev  0x0000065f      0x207 C:\FbEdit\Projects\Applications\fbe\STM32F4Discovery\STM32F4_LCMeter\STM32_LCMeter\stm32f4xx_tim.o
 .debug_abbrev  0x00000866      0x14e C:\FbEdit\Projects\Applications\fbe\STM32F4Discovery\STM32F4_LCMeter\STM32_LCMeter\misc.o
 .debug_abbrev  0x000009b4      0x16c C:\FbEdit\Projects\Applications\fbe\STM32F4Discovery\STM32F4_LCMeter\STM32_LCMeter\system_stm32f4xx.o
 .debug_abbrev  0x00000b20      0x19c C:\FbEdit\Projects\Applications\fbe\STM32F4Discovery\STM32F4_LCMeter\STM32_LCMeter\stm32f4_discovery.o
 .debug_abbrev  0x00000cbc      0x1d9 C:\FbEdit\Projects\Applications\fbe\STM32F4Discovery\STM32F4_LCMeter\STM32_LCMeter\stm32f4xx_dac.o
 .debug_abbrev  0x00000e95      0x1ae C:\FbEdit\Projects\Applications\fbe\STM32F4Discovery\STM32F4_LCMeter\STM32_LCMeter\stm32f4xx_spi.o
 .debug_abbrev  0x00001043      0x19e C:\FbEdit\Projects\Applications\fbe\STM32F4Discovery\STM32F4_LCMeter\STM32_LCMeter\stm32f4xx_usart.o
 .debug_abbrev  0x000011e1      0x1d7 C:\FbEdit\Projects\Applications\fbe\STM32F4Discovery\STM32F4_LCMeter\STM32_LCMeter\stm32f4xx_adc.o
 .debug_abbrev  0x000013b8      0x19e C:\FbEdit\Projects\Applications\fbe\STM32F4Discovery\STM32F4_LCMeter\STM32_LCMeter\stm32f4xx_dma.o

.debug_line     0x00000000     0x3239
 *(.debug_line)
 .debug_line    0x00000000      0x608 C:\FbEdit\Projects\Applications\fbe\STM32F4Discovery\STM32F4_LCMeter\STM32_LCMeter\main.o
 .debug_line    0x00000608      0x1f8 C:\FbEdit\Projects\Applications\fbe\STM32F4Discovery\STM32F4_LCMeter\STM32_LCMeter\stm32f4xx_it.o
 .debug_line    0x00000800      0x509 C:\FbEdit\Projects\Applications\fbe\STM32F4Discovery\STM32F4_LCMeter\STM32_LCMeter\stm32f4xx_rcc.o
 .debug_line    0x00000d09      0x2c1 C:\FbEdit\Projects\Applications\fbe\STM32F4Discovery\STM32F4_LCMeter\STM32_LCMeter\stm32f4xx_gpio.o
 .debug_line    0x00000fca      0x956 C:\FbEdit\Projects\Applications\fbe\STM32F4Discovery\STM32F4_LCMeter\STM32_LCMeter\stm32f4xx_tim.o
 .debug_line    0x00001920      0x1d5 C:\FbEdit\Projects\Applications\fbe\STM32F4Discovery\STM32F4_LCMeter\STM32_LCMeter\misc.o
 .debug_line    0x00001af5      0x1e4 C:\FbEdit\Projects\Applications\fbe\STM32F4Discovery\STM32F4_LCMeter\STM32_LCMeter\system_stm32f4xx.o
 .debug_line    0x00001cd9      0x28a C:\FbEdit\Projects\Applications\fbe\STM32F4Discovery\STM32F4_LCMeter\STM32_LCMeter\stm32f4_discovery.o
 .debug_line    0x00001f63      0x2e3 C:\FbEdit\Projects\Applications\fbe\STM32F4Discovery\STM32F4_LCMeter\STM32_LCMeter\stm32f4xx_dac.o
 .debug_line    0x00002246      0x3c7 C:\FbEdit\Projects\Applications\fbe\STM32F4Discovery\STM32F4_LCMeter\STM32_LCMeter\stm32f4xx_spi.o
 .debug_line    0x0000260d      0x40a C:\FbEdit\Projects\Applications\fbe\STM32F4Discovery\STM32F4_LCMeter\STM32_LCMeter\stm32f4xx_usart.o
 .debug_line    0x00002a17      0x4ce C:\FbEdit\Projects\Applications\fbe\STM32F4Discovery\STM32F4_LCMeter\STM32_LCMeter\stm32f4xx_adc.o
 .debug_line    0x00002ee5      0x354 C:\FbEdit\Projects\Applications\fbe\STM32F4Discovery\STM32F4_LCMeter\STM32_LCMeter\stm32f4xx_dma.o

.debug_frame    0x00000000     0x17d8
 *(.debug_frame)
 .debug_frame   0x00000000      0x26c C:\FbEdit\Projects\Applications\fbe\STM32F4Discovery\STM32F4_LCMeter\STM32_LCMeter\main.o
 .debug_frame   0x0000026c       0xa0 C:\FbEdit\Projects\Applications\fbe\STM32F4Discovery\STM32F4_LCMeter\STM32_LCMeter\stm32f4xx_it.o
 .debug_frame   0x0000030c      0x2e4 C:\FbEdit\Projects\Applications\fbe\STM32F4Discovery\STM32F4_LCMeter\STM32_LCMeter\stm32f4xx_rcc.o
 .debug_frame   0x000005f0      0x118 C:\FbEdit\Projects\Applications\fbe\STM32F4Discovery\STM32F4_LCMeter\STM32_LCMeter\stm32f4xx_gpio.o
 .debug_frame   0x00000708      0x670 C:\FbEdit\Projects\Applications\fbe\STM32F4Discovery\STM32F4_LCMeter\STM32_LCMeter\stm32f4xx_tim.o
 .debug_frame   0x00000d78       0x68 C:\FbEdit\Projects\Applications\fbe\STM32F4Discovery\STM32F4_LCMeter\STM32_LCMeter\misc.o
 .debug_frame   0x00000de0       0x34 C:\FbEdit\Projects\Applications\fbe\STM32F4Discovery\STM32F4_LCMeter\STM32_LCMeter\system_stm32f4xx.o
 .debug_frame   0x00000e14       0x9c C:\FbEdit\Projects\Applications\fbe\STM32F4Discovery\STM32F4_LCMeter\STM32_LCMeter\stm32f4_discovery.o
 .debug_frame   0x00000eb0      0x13c C:\FbEdit\Projects\Applications\fbe\STM32F4Discovery\STM32F4_LCMeter\STM32_LCMeter\stm32f4xx_dac.o
 .debug_frame   0x00000fec      0x1cc C:\FbEdit\Projects\Applications\fbe\STM32F4Discovery\STM32F4_LCMeter\STM32_LCMeter\stm32f4xx_spi.o
 .debug_frame   0x000011b8      0x210 C:\FbEdit\Projects\Applications\fbe\STM32F4Discovery\STM32F4_LCMeter\STM32_LCMeter\stm32f4xx_usart.o
 .debug_frame   0x000013c8      0x2a8 C:\FbEdit\Projects\Applications\fbe\STM32F4Discovery\STM32F4_LCMeter\STM32_LCMeter\stm32f4xx_adc.o
 .debug_frame   0x00001670      0x168 C:\FbEdit\Projects\Applications\fbe\STM32F4Discovery\STM32F4_LCMeter\STM32_LCMeter\stm32f4xx_dma.o

.debug_str      0x00000000     0x3bf8
 *(.debug_str)
 .debug_str     0x00000000     0x1318 C:\FbEdit\Projects\Applications\fbe\STM32F4Discovery\STM32F4_LCMeter\STM32_LCMeter\main.o
                               0x13d4 (size before relaxing)
 .debug_str     0x00001318       0xf2 C:\FbEdit\Projects\Applications\fbe\STM32F4Discovery\STM32F4_LCMeter\STM32_LCMeter\stm32f4xx_it.o
                                0x197 (size before relaxing)
 .debug_str     0x0000140a      0x6bc C:\FbEdit\Projects\Applications\fbe\STM32F4Discovery\STM32F4_LCMeter\STM32_LCMeter\stm32f4xx_rcc.o
                                0x81a (size before relaxing)
 .debug_str     0x00001ac6      0x1bd C:\FbEdit\Projects\Applications\fbe\STM32F4Discovery\STM32F4_LCMeter\STM32_LCMeter\stm32f4xx_gpio.o
                                0x46d (size before relaxing)
 .debug_str     0x00001c83      0xa13 C:\FbEdit\Projects\Applications\fbe\STM32F4Discovery\STM32F4_LCMeter\STM32_LCMeter\stm32f4xx_tim.o
                                0xd9a (size before relaxing)
 .debug_str     0x00002696      0x1c8 C:\FbEdit\Projects\Applications\fbe\STM32F4Discovery\STM32F4_LCMeter\STM32_LCMeter\misc.o
                                0x3a3 (size before relaxing)
 .debug_str     0x0000285e       0xe4 C:\FbEdit\Projects\Applications\fbe\STM32F4Discovery\STM32F4_LCMeter\STM32_LCMeter\system_stm32f4xx.o
                                0x327 (size before relaxing)
 .debug_str     0x00002942      0x29d C:\FbEdit\Projects\Applications\fbe\STM32F4Discovery\STM32F4_LCMeter\STM32_LCMeter\stm32f4_discovery.o
                                0xaad (size before relaxing)
 .debug_str     0x00002bdf      0x1f1 C:\FbEdit\Projects\Applications\fbe\STM32F4Discovery\STM32F4_LCMeter\STM32_LCMeter\stm32f4xx_dac.o
                                0x41d (size before relaxing)
 .debug_str     0x00002dd0      0x311 C:\FbEdit\Projects\Applications\fbe\STM32F4Discovery\STM32F4_LCMeter\STM32_LCMeter\stm32f4xx_spi.o
                                0x654 (size before relaxing)
 .debug_str     0x000030e1      0x3c4 C:\FbEdit\Projects\Applications\fbe\STM32F4Discovery\STM32F4_LCMeter\STM32_LCMeter\stm32f4xx_usart.o
                                0x659 (size before relaxing)
 .debug_str     0x000034a5      0x4d2 C:\FbEdit\Projects\Applications\fbe\STM32F4Discovery\STM32F4_LCMeter\STM32_LCMeter\stm32f4xx_adc.o
                                0x7ce (size before relaxing)
 .debug_str     0x00003977      0x281 C:\FbEdit\Projects\Applications\fbe\STM32F4Discovery\STM32F4_LCMeter\STM32_LCMeter\stm32f4xx_dma.o
                                0x516 (size before relaxing)

.debug_loc      0x00000000     0x4145
 *(.debug_loc)
 .debug_loc     0x00000000      0x5d7 C:\FbEdit\Projects\Applications\fbe\STM32F4Discovery\STM32F4_LCMeter\STM32_LCMeter\main.o
 .debug_loc     0x000005d7      0x6ed C:\FbEdit\Projects\Applications\fbe\STM32F4Discovery\STM32F4_LCMeter\STM32_LCMeter\stm32f4xx_rcc.o
 .debug_loc     0x00000cc4      0x26d C:\FbEdit\Projects\Applications\fbe\STM32F4Discovery\STM32F4_LCMeter\STM32_LCMeter\stm32f4xx_gpio.o
 .debug_loc     0x00000f31     0x14bc C:\FbEdit\Projects\Applications\fbe\STM32F4Discovery\STM32F4_LCMeter\STM32_LCMeter\stm32f4xx_tim.o
 .debug_loc     0x000023ed      0x11d C:\FbEdit\Projects\Applications\fbe\STM32F4Discovery\STM32F4_LCMeter\STM32_LCMeter\misc.o
 .debug_loc     0x0000250a      0x133 C:\FbEdit\Projects\Applications\fbe\STM32F4Discovery\STM32F4_LCMeter\STM32_LCMeter\system_stm32f4xx.o
 .debug_loc     0x0000263d       0xc4 C:\FbEdit\Projects\Applications\fbe\STM32F4Discovery\STM32F4_LCMeter\STM32_LCMeter\stm32f4_discovery.o
 .debug_loc     0x00002701      0x425 C:\FbEdit\Projects\Applications\fbe\STM32F4Discovery\STM32F4_LCMeter\STM32_LCMeter\stm32f4xx_dac.o
 .debug_loc     0x00002b26      0x488 C:\FbEdit\Projects\Applications\fbe\STM32F4Discovery\STM32F4_LCMeter\STM32_LCMeter\stm32f4xx_spi.o
 .debug_loc     0x00002fae      0x508 C:\FbEdit\Projects\Applications\fbe\STM32F4Discovery\STM32F4_LCMeter\STM32_LCMeter\stm32f4xx_usart.o
 .debug_loc     0x000034b6      0x94c C:\FbEdit\Projects\Applications\fbe\STM32F4Discovery\STM32F4_LCMeter\STM32_LCMeter\stm32f4xx_adc.o
 .debug_loc     0x00003e02      0x343 C:\FbEdit\Projects\Applications\fbe\STM32F4Discovery\STM32F4_LCMeter\STM32_LCMeter\stm32f4xx_dma.o

.debug_macinfo
 *(.debug_macinfo)

.debug_weaknames
 *(.debug_weaknames)

.debug_funcnames
 *(.debug_funcnames)

.debug_typenames
 *(.debug_typenames)

.debug_varnames
 *(.debug_varnames)
START GROUP
LOAD c:/program files (x86)/raisonance/ride/arm-gcc/bin/../lib/gcc/arm-none-eabi/4.5.1/thumb2\libgcc.a
LOAD c:/program files (x86)/raisonance/ride/arm-gcc/bin/../lib/gcc/arm-none-eabi/4.5.1/../../../../arm-none-eabi/lib/thumb2\libc.a
END GROUP
OUTPUT(C:\FbEdit\Projects\Applications\fbe\STM32F4Discovery\STM32F4_LCMeter\STM32_LCMeter\LCMeter.elf elf32-littlearm)

.debug_pubtypes
                0x00000000      0xb51
 .debug_pubtypes
                0x00000000      0x2cd C:\FbEdit\Projects\Applications\fbe\STM32F4Discovery\STM32F4_LCMeter\STM32_LCMeter\main.o
 .debug_pubtypes
                0x000002cd       0x1e C:\FbEdit\Projects\Applications\fbe\STM32F4Discovery\STM32F4_LCMeter\STM32_LCMeter\stm32f4xx_it.o
 .debug_pubtypes
                0x000002eb       0xaa C:\FbEdit\Projects\Applications\fbe\STM32F4Discovery\STM32F4_LCMeter\STM32_LCMeter\stm32f4xx_rcc.o
 .debug_pubtypes
                0x00000395       0xce C:\FbEdit\Projects\Applications\fbe\STM32F4Discovery\STM32F4_LCMeter\STM32_LCMeter\stm32f4xx_gpio.o
 .debug_pubtypes
                0x00000463       0xe4 C:\FbEdit\Projects\Applications\fbe\STM32F4Discovery\STM32F4_LCMeter\STM32_LCMeter\stm32f4xx_tim.o
 .debug_pubtypes
                0x00000547       0x8c C:\FbEdit\Projects\Applications\fbe\STM32F4Discovery\STM32F4_LCMeter\STM32_LCMeter\misc.o
 .debug_pubtypes
                0x000005d3       0x83 C:\FbEdit\Projects\Applications\fbe\STM32F4Discovery\STM32F4_LCMeter\STM32_LCMeter\system_stm32f4xx.o
 .debug_pubtypes
                0x00000656      0x16e C:\FbEdit\Projects\Applications\fbe\STM32F4Discovery\STM32F4_LCMeter\STM32_LCMeter\stm32f4_discovery.o
 .debug_pubtypes
                0x000007c4       0x98 C:\FbEdit\Projects\Applications\fbe\STM32F4Discovery\STM32F4_LCMeter\STM32_LCMeter\stm32f4xx_dac.o
 .debug_pubtypes
                0x0000085c       0xbc C:\FbEdit\Projects\Applications\fbe\STM32F4Discovery\STM32F4_LCMeter\STM32_LCMeter\stm32f4xx_spi.o
 .debug_pubtypes
                0x00000918       0xcd C:\FbEdit\Projects\Applications\fbe\STM32F4Discovery\STM32F4_LCMeter\STM32_LCMeter\stm32f4xx_usart.o
 .debug_pubtypes
                0x000009e5       0xc9 C:\FbEdit\Projects\Applications\fbe\STM32F4Discovery\STM32F4_LCMeter\STM32_LCMeter\stm32f4xx_adc.o
 .debug_pubtypes
                0x00000aae       0xa3 C:\FbEdit\Projects\Applications\fbe\STM32F4Discovery\STM32F4_LCMeter\STM32_LCMeter\stm32f4xx_dma.o

.debug_ranges   0x00000000      0xa68
 .debug_ranges  0x00000000       0xb8 C:\FbEdit\Projects\Applications\fbe\STM32F4Discovery\STM32F4_LCMeter\STM32_LCMeter\main.o
 .debug_ranges  0x000000b8       0x50 C:\FbEdit\Projects\Applications\fbe\STM32F4Discovery\STM32F4_LCMeter\STM32_LCMeter\stm32f4xx_it.o
 .debug_ranges  0x00000108      0x168 C:\FbEdit\Projects\Applications\fbe\STM32F4Discovery\STM32F4_LCMeter\STM32_LCMeter\stm32f4xx_rcc.o
 .debug_ranges  0x00000270       0x78 C:\FbEdit\Projects\Applications\fbe\STM32F4Discovery\STM32F4_LCMeter\STM32_LCMeter\stm32f4xx_gpio.o
 .debug_ranges  0x000002e8      0x2d8 C:\FbEdit\Projects\Applications\fbe\STM32F4Discovery\STM32F4_LCMeter\STM32_LCMeter\stm32f4xx_tim.o
 .debug_ranges  0x000005c0       0x30 C:\FbEdit\Projects\Applications\fbe\STM32F4Discovery\STM32F4_LCMeter\STM32_LCMeter\misc.o
 .debug_ranges  0x000005f0       0x18 C:\FbEdit\Projects\Applications\fbe\STM32F4Discovery\STM32F4_LCMeter\STM32_LCMeter\system_stm32f4xx.o
 .debug_ranges  0x00000608       0x38 C:\FbEdit\Projects\Applications\fbe\STM32F4Discovery\STM32F4_LCMeter\STM32_LCMeter\stm32f4_discovery.o
 .debug_ranges  0x00000640       0x90 C:\FbEdit\Projects\Applications\fbe\STM32F4Discovery\STM32F4_LCMeter\STM32_LCMeter\stm32f4xx_dac.o
 .debug_ranges  0x000006d0       0xd0 C:\FbEdit\Projects\Applications\fbe\STM32F4Discovery\STM32F4_LCMeter\STM32_LCMeter\stm32f4xx_spi.o
 .debug_ranges  0x000007a0       0xf0 C:\FbEdit\Projects\Applications\fbe\STM32F4Discovery\STM32F4_LCMeter\STM32_LCMeter\stm32f4xx_usart.o
 .debug_ranges  0x00000890      0x138 C:\FbEdit\Projects\Applications\fbe\STM32F4Discovery\STM32F4_LCMeter\STM32_LCMeter\stm32f4xx_adc.o
 .debug_ranges  0x000009c8       0xa0 C:\FbEdit\Projects\Applications\fbe\STM32F4Discovery\STM32F4_LCMeter\STM32_LCMeter\stm32f4xx_dma.o
