Archive member included because of file (symbol)

C:\Program Files\Raisonance\Ride\Lib\ARM\STM32x_io_putchar_thumb.a(STM32F10X_io_putchar.o)
                              (__io_putchar)
C:\Program Files\Raisonance\Ride\Lib\ARM\std_sbrk_thumb.lib(write.o)
                              (_write)

Allocating common symbols
Common symbol       size              file

HSEStartUpStatus    0x1               C:\STM32\Projects\LCDDriver\main.o
TIM_TimeBaseStructure
                    0xa               C:\STM32\Projects\LCDDriver\main.o
LineCount           0x2               C:\STM32\Projects\LCDDriver\main.o
NVIC_InitStructure  0x4               C:\STM32\Projects\LCDDriver\main.o

Discarded input sections

 .text          0x00000000       0x14 \STM32\Projects\LCDDriver\startup_stm32f10x_hd.o
 .data          0x00000000        0x0 \STM32\Projects\LCDDriver\startup_stm32f10x_hd.o
 .bss           0x00000000        0x0 \STM32\Projects\LCDDriver\startup_stm32f10x_hd.o
 .text          0x00000000        0x0 C:\STM32\Projects\LCDDriver\main.o
 .data          0x00000000      0x800 C:\STM32\Projects\LCDDriver\main.o
 .bss           0x00000000        0x0 C:\STM32\Projects\LCDDriver\main.o
 .text          0x00000000        0x0 C:\STM32\Projects\LCDDriver\stm32f10x_lib.o
 .data          0x00000000        0x0 C:\STM32\Projects\LCDDriver\stm32f10x_lib.o
 .bss           0x00000000        0x0 C:\STM32\Projects\LCDDriver\stm32f10x_lib.o
 .text          0x00000000        0x0 C:\STM32\Projects\LCDDriver\stm32f10x_nvic.o
 .data          0x00000000        0x0 C:\STM32\Projects\LCDDriver\stm32f10x_nvic.o
 .bss           0x00000000        0x0 C:\STM32\Projects\LCDDriver\stm32f10x_nvic.o
 .text.NVIC_DeInit
                0x00000000       0x40 C:\STM32\Projects\LCDDriver\stm32f10x_nvic.o
 .text.NVIC_SCBDeInit
                0x00000000       0x34 C:\STM32\Projects\LCDDriver\stm32f10x_nvic.o
 .text.NVIC_PriorityGroupConfig
                0x00000000       0x14 C:\STM32\Projects\LCDDriver\stm32f10x_nvic.o
 .text.NVIC_StructInit
                0x00000000       0x10 C:\STM32\Projects\LCDDriver\stm32f10x_nvic.o
 .text.NVIC_SETPRIMASK
                0x00000000        0x8 C:\STM32\Projects\LCDDriver\stm32f10x_nvic.o
 .text.NVIC_RESETPRIMASK
                0x00000000        0x8 C:\STM32\Projects\LCDDriver\stm32f10x_nvic.o
 .text.NVIC_SETFAULTMASK
                0x00000000        0x8 C:\STM32\Projects\LCDDriver\stm32f10x_nvic.o
 .text.NVIC_RESETFAULTMASK
                0x00000000        0x8 C:\STM32\Projects\LCDDriver\stm32f10x_nvic.o
 .text.NVIC_BASEPRICONFIG
                0x00000000        0xc C:\STM32\Projects\LCDDriver\stm32f10x_nvic.o
 .text.NVIC_GetBASEPRI
                0x00000000        0x8 C:\STM32\Projects\LCDDriver\stm32f10x_nvic.o
 .text.NVIC_GetCurrentPendingIRQChannel
                0x00000000       0x10 C:\STM32\Projects\LCDDriver\stm32f10x_nvic.o
 .text.NVIC_GetIRQChannelPendingBitStatus
                0x00000000       0x2c C:\STM32\Projects\LCDDriver\stm32f10x_nvic.o
 .text.NVIC_SetIRQChannelPendingBit
                0x00000000        0xc C:\STM32\Projects\LCDDriver\stm32f10x_nvic.o
 .text.NVIC_ClearIRQChannelPendingBit
                0x00000000       0x24 C:\STM32\Projects\LCDDriver\stm32f10x_nvic.o
 .text.NVIC_GetCurrentActiveHandler
                0x00000000       0x14 C:\STM32\Projects\LCDDriver\stm32f10x_nvic.o
 .text.NVIC_GetIRQChannelActiveBitStatus
                0x00000000       0x2c C:\STM32\Projects\LCDDriver\stm32f10x_nvic.o
 .text.NVIC_GetCPUID
                0x00000000        0xc C:\STM32\Projects\LCDDriver\stm32f10x_nvic.o
 .text.NVIC_GenerateSystemReset
                0x00000000       0x14 C:\STM32\Projects\LCDDriver\stm32f10x_nvic.o
 .text.NVIC_GenerateCoreReset
                0x00000000       0x14 C:\STM32\Projects\LCDDriver\stm32f10x_nvic.o
 .text.NVIC_SystemLPConfig
                0x00000000       0x24 C:\STM32\Projects\LCDDriver\stm32f10x_nvic.o
 .text.NVIC_SystemHandlerConfig
                0x00000000       0x30 C:\STM32\Projects\LCDDriver\stm32f10x_nvic.o
 .text.NVIC_SystemHandlerPriorityConfig
                0x00000000       0x64 C:\STM32\Projects\LCDDriver\stm32f10x_nvic.o
 .text.NVIC_GetSystemHandlerPendingBitStatus
                0x00000000       0x24 C:\STM32\Projects\LCDDriver\stm32f10x_nvic.o
 .text.NVIC_SetSystemHandlerPendingBit
                0x00000000       0x20 C:\STM32\Projects\LCDDriver\stm32f10x_nvic.o
 .text.NVIC_ClearSystemHandlerPendingBit
                0x00000000       0x24 C:\STM32\Projects\LCDDriver\stm32f10x_nvic.o
 .text.NVIC_GetSystemHandlerActiveBitStatus
                0x00000000       0x24 C:\STM32\Projects\LCDDriver\stm32f10x_nvic.o
 .text.NVIC_GetFaultHandlerSources
                0x00000000       0x48 C:\STM32\Projects\LCDDriver\stm32f10x_nvic.o
 .text.NVIC_GetFaultAddress
                0x00000000       0x14 C:\STM32\Projects\LCDDriver\stm32f10x_nvic.o
 .text          0x00000000        0x0 C:\STM32\Projects\LCDDriver\stm32f10x_rcc.o
 .data          0x00000000        0x0 C:\STM32\Projects\LCDDriver\stm32f10x_rcc.o
 .bss           0x00000000        0x0 C:\STM32\Projects\LCDDriver\stm32f10x_rcc.o
 .text.RCC_AdjustHSICalibrationValue
                0x00000000       0x18 C:\STM32\Projects\LCDDriver\stm32f10x_rcc.o
 .text.RCC_HSICmd
                0x00000000        0xc C:\STM32\Projects\LCDDriver\stm32f10x_rcc.o
 .text.RCC_ITConfig
                0x00000000       0x24 C:\STM32\Projects\LCDDriver\stm32f10x_rcc.o
 .text.RCC_USBCLKConfig
                0x00000000        0xc C:\STM32\Projects\LCDDriver\stm32f10x_rcc.o
 .text.RCC_LSEConfig
                0x00000000       0x3c C:\STM32\Projects\LCDDriver\stm32f10x_rcc.o
 .text.RCC_LSICmd
                0x00000000        0xc C:\STM32\Projects\LCDDriver\stm32f10x_rcc.o
 .text.RCC_RTCCLKConfig
                0x00000000       0x14 C:\STM32\Projects\LCDDriver\stm32f10x_rcc.o
 .text.RCC_RTCCLKCmd
                0x00000000        0xc C:\STM32\Projects\LCDDriver\stm32f10x_rcc.o
 .text.RCC_GetClocksFreq
                0x00000000       0xe0 C:\STM32\Projects\LCDDriver\stm32f10x_rcc.o
 .text.RCC_AHBPeriphClockCmd
                0x00000000       0x24 C:\STM32\Projects\LCDDriver\stm32f10x_rcc.o
 .text.RCC_APB2PeriphResetCmd
                0x00000000       0x24 C:\STM32\Projects\LCDDriver\stm32f10x_rcc.o
 .text.RCC_APB1PeriphResetCmd
                0x00000000       0x24 C:\STM32\Projects\LCDDriver\stm32f10x_rcc.o
 .text.RCC_BackupResetCmd
                0x00000000        0xc C:\STM32\Projects\LCDDriver\stm32f10x_rcc.o
 .text.RCC_ClockSecuritySystemCmd
                0x00000000        0xc C:\STM32\Projects\LCDDriver\stm32f10x_rcc.o
 .text.RCC_MCOConfig
                0x00000000        0xc C:\STM32\Projects\LCDDriver\stm32f10x_rcc.o
 .text.RCC_ClearFlag
                0x00000000       0x14 C:\STM32\Projects\LCDDriver\stm32f10x_rcc.o
 .text.RCC_GetITStatus
                0x00000000       0x14 C:\STM32\Projects\LCDDriver\stm32f10x_rcc.o
 .text.RCC_ClearITPendingBit
                0x00000000        0xc C:\STM32\Projects\LCDDriver\stm32f10x_rcc.o
 .rodata        0x00000000       0x14 C:\STM32\Projects\LCDDriver\stm32f10x_rcc.o
 .text          0x00000000        0x0 C:\STM32\Projects\LCDDriver\stm32f10x_gpio.o
 .data          0x00000000        0x0 C:\STM32\Projects\LCDDriver\stm32f10x_gpio.o
 .bss           0x00000000        0x0 C:\STM32\Projects\LCDDriver\stm32f10x_gpio.o
 .text.GPIO_DeInit
                0x00000000      0x11c C:\STM32\Projects\LCDDriver\stm32f10x_gpio.o
 .text.GPIO_AFIODeInit
                0x00000000       0x1c C:\STM32\Projects\LCDDriver\stm32f10x_gpio.o
 .text.GPIO_StructInit
                0x00000000       0x14 C:\STM32\Projects\LCDDriver\stm32f10x_gpio.o
 .text.GPIO_ReadInputDataBit
                0x00000000        0xc C:\STM32\Projects\LCDDriver\stm32f10x_gpio.o
 .text.GPIO_ReadInputData
                0x00000000        0x8 C:\STM32\Projects\LCDDriver\stm32f10x_gpio.o
 .text.GPIO_ReadOutputDataBit
                0x00000000        0xc C:\STM32\Projects\LCDDriver\stm32f10x_gpio.o
 .text.GPIO_ReadOutputData
                0x00000000        0x8 C:\STM32\Projects\LCDDriver\stm32f10x_gpio.o
 .text.GPIO_WriteBit
                0x00000000        0xc C:\STM32\Projects\LCDDriver\stm32f10x_gpio.o
 .text.GPIO_Write
                0x00000000        0x4 C:\STM32\Projects\LCDDriver\stm32f10x_gpio.o
 .text.GPIO_PinLockConfig
                0x00000000       0x10 C:\STM32\Projects\LCDDriver\stm32f10x_gpio.o
 .text.GPIO_EventOutputConfig
                0x00000000       0x24 C:\STM32\Projects\LCDDriver\stm32f10x_gpio.o
 .text.GPIO_EventOutputCmd
                0x00000000        0xc C:\STM32\Projects\LCDDriver\stm32f10x_gpio.o
 .text.GPIO_PinRemapConfig
                0x00000000       0x70 C:\STM32\Projects\LCDDriver\stm32f10x_gpio.o
 .text.GPIO_EXTILineConfig
                0x00000000       0x44 C:\STM32\Projects\LCDDriver\stm32f10x_gpio.o
 .text          0x00000000        0x0 C:\STM32\Projects\LCDDriver\stm32f10x_flash.o
 .data          0x00000000        0x0 C:\STM32\Projects\LCDDriver\stm32f10x_flash.o
 .bss           0x00000000        0x0 C:\STM32\Projects\LCDDriver\stm32f10x_flash.o
 .text.FLASH_HalfCycleAccessCmd
                0x00000000       0x1c C:\STM32\Projects\LCDDriver\stm32f10x_flash.o
 .text          0x00000000        0x0 C:\STM32\Projects\LCDDriver\stm32f10x_it.o
 .data          0x00000000        0x0 C:\STM32\Projects\LCDDriver\stm32f10x_it.o
 .bss           0x00000000        0x0 C:\STM32\Projects\LCDDriver\stm32f10x_it.o
 .text.NMIException
                0x00000000        0x4 C:\STM32\Projects\LCDDriver\stm32f10x_it.o
 .text.HardFaultException
                0x00000000        0x4 C:\STM32\Projects\LCDDriver\stm32f10x_it.o
 .text.MemManageException
                0x00000000        0x4 C:\STM32\Projects\LCDDriver\stm32f10x_it.o
 .text.BusFaultException
                0x00000000        0x4 C:\STM32\Projects\LCDDriver\stm32f10x_it.o
 .text.UsageFaultException
                0x00000000        0x4 C:\STM32\Projects\LCDDriver\stm32f10x_it.o
 .text.DebugMonitor
                0x00000000        0x4 C:\STM32\Projects\LCDDriver\stm32f10x_it.o
 .text.SVCHandler
                0x00000000        0x4 C:\STM32\Projects\LCDDriver\stm32f10x_it.o
 .text.PendSVC  0x00000000        0x4 C:\STM32\Projects\LCDDriver\stm32f10x_it.o
 .text.SysTickHandler
                0x00000000        0x4 C:\STM32\Projects\LCDDriver\stm32f10x_it.o
 .text.USB_HP_CAN_TX_IRQHandler
                0x00000000        0x4 C:\STM32\Projects\LCDDriver\stm32f10x_it.o
 .text.USB_LP_CAN_RX0_IRQHandler
                0x00000000        0x4 C:\STM32\Projects\LCDDriver\stm32f10x_it.o
 .text.CAN_RX1_IRQHandler
                0x00000000        0x4 C:\STM32\Projects\LCDDriver\stm32f10x_it.o
 .text.CAN_SCE_IRQHandler
                0x00000000        0x4 C:\STM32\Projects\LCDDriver\stm32f10x_it.o
 .text          0x00000000        0x0 C:\STM32\Projects\LCDDriver\stm32f10x_tim.o
 .data          0x00000000        0x0 C:\STM32\Projects\LCDDriver\stm32f10x_tim.o
 .bss           0x00000000        0x0 C:\STM32\Projects\LCDDriver\stm32f10x_tim.o
 .text.TI1_Config
                0x00000000       0x48 C:\STM32\Projects\LCDDriver\stm32f10x_tim.o
 .text.TI2_Config
                0x00000000       0x4c C:\STM32\Projects\LCDDriver\stm32f10x_tim.o
 .text.TIM_DeInit
                0x00000000      0x14c C:\STM32\Projects\LCDDriver\stm32f10x_tim.o
 .text.TIM_OC1Init
                0x00000000       0xa0 C:\STM32\Projects\LCDDriver\stm32f10x_tim.o
 .text.TIM_OC2Init
                0x00000000       0xb0 C:\STM32\Projects\LCDDriver\stm32f10x_tim.o
 .text.TIM_OC3Init
                0x00000000       0xac C:\STM32\Projects\LCDDriver\stm32f10x_tim.o
 .text.TIM_OC4Init
                0x00000000       0x8c C:\STM32\Projects\LCDDriver\stm32f10x_tim.o
 .text.TIM_BDTRConfig
                0x00000000       0x24 C:\STM32\Projects\LCDDriver\stm32f10x_tim.o
 .text.TIM_TimeBaseStructInit
                0x00000000       0x14 C:\STM32\Projects\LCDDriver\stm32f10x_tim.o
 .text.TIM_OCStructInit
                0x00000000       0x18 C:\STM32\Projects\LCDDriver\stm32f10x_tim.o
 .text.TIM_ICStructInit
                0x00000000       0x14 C:\STM32\Projects\LCDDriver\stm32f10x_tim.o
 .text.TIM_BDTRStructInit
                0x00000000       0x14 C:\STM32\Projects\LCDDriver\stm32f10x_tim.o
 .text.TIM_CtrlPWMOutputs
                0x00000000       0x28 C:\STM32\Projects\LCDDriver\stm32f10x_tim.o
 .text.TIM_GenerateEvent
                0x00000000        0x4 C:\STM32\Projects\LCDDriver\stm32f10x_tim.o
 .text.TIM_DMAConfig
                0x00000000        0x8 C:\STM32\Projects\LCDDriver\stm32f10x_tim.o
 .text.TIM_DMACmd
                0x00000000       0x18 C:\STM32\Projects\LCDDriver\stm32f10x_tim.o
 .text.TIM_InternalClockConfig
                0x00000000       0x14 C:\STM32\Projects\LCDDriver\stm32f10x_tim.o
 .text.TIM_ETRConfig
                0x00000000       0x1c C:\STM32\Projects\LCDDriver\stm32f10x_tim.o
 .text.TIM_ETRClockMode2Config
                0x00000000       0x14 C:\STM32\Projects\LCDDriver\stm32f10x_tim.o
 .text.TIM_ETRClockMode1Config
                0x00000000       0x20 C:\STM32\Projects\LCDDriver\stm32f10x_tim.o
 .text.TIM_PrescalerConfig
                0x00000000        0x8 C:\STM32\Projects\LCDDriver\stm32f10x_tim.o
 .text.TIM_CounterModeConfig
                0x00000000       0x18 C:\STM32\Projects\LCDDriver\stm32f10x_tim.o
 .text.TIM_SelectInputTrigger
                0x00000000       0x18 C:\STM32\Projects\LCDDriver\stm32f10x_tim.o
 .text.TIM_TIxExternalClockConfig
                0x00000000       0x34 C:\STM32\Projects\LCDDriver\stm32f10x_tim.o
 .text.TIM_ITRxExternalClockConfig
                0x00000000       0x14 C:\STM32\Projects\LCDDriver\stm32f10x_tim.o
 .text.TIM_EncoderInterfaceConfig
                0x00000000       0x50 C:\STM32\Projects\LCDDriver\stm32f10x_tim.o
 .text.TIM_ForcedOC1Config
                0x00000000       0x18 C:\STM32\Projects\LCDDriver\stm32f10x_tim.o
 .text.TIM_ForcedOC2Config
                0x00000000       0x18 C:\STM32\Projects\LCDDriver\stm32f10x_tim.o
 .text.TIM_ForcedOC3Config
                0x00000000       0x18 C:\STM32\Projects\LCDDriver\stm32f10x_tim.o
 .text.TIM_ForcedOC4Config
                0x00000000       0x18 C:\STM32\Projects\LCDDriver\stm32f10x_tim.o
 .text.TIM_ARRPreloadConfig
                0x00000000       0x20 C:\STM32\Projects\LCDDriver\stm32f10x_tim.o
 .text.TIM_SelectCOM
                0x00000000       0x20 C:\STM32\Projects\LCDDriver\stm32f10x_tim.o
 .text.TIM_SelectCCDMA
                0x00000000       0x20 C:\STM32\Projects\LCDDriver\stm32f10x_tim.o
 .text.TIM_CCPreloadControl
                0x00000000       0x20 C:\STM32\Projects\LCDDriver\stm32f10x_tim.o
 .text.TIM_OC1PreloadConfig
                0x00000000       0x18 C:\STM32\Projects\LCDDriver\stm32f10x_tim.o
 .text.TIM_OC2PreloadConfig
                0x00000000       0x18 C:\STM32\Projects\LCDDriver\stm32f10x_tim.o
 .text.TIM_OC3PreloadConfig
                0x00000000       0x18 C:\STM32\Projects\LCDDriver\stm32f10x_tim.o
 .text.TIM_OC4PreloadConfig
                0x00000000       0x18 C:\STM32\Projects\LCDDriver\stm32f10x_tim.o
 .text.TIM_OC1FastConfig
                0x00000000       0x18 C:\STM32\Projects\LCDDriver\stm32f10x_tim.o
 .text.TIM_OC2FastConfig
                0x00000000       0x18 C:\STM32\Projects\LCDDriver\stm32f10x_tim.o
 .text.TIM_OC3FastConfig
                0x00000000       0x18 C:\STM32\Projects\LCDDriver\stm32f10x_tim.o
 .text.TIM_OC4FastConfig
                0x00000000       0x18 C:\STM32\Projects\LCDDriver\stm32f10x_tim.o
 .text.TIM_ClearOC1Ref
                0x00000000       0x18 C:\STM32\Projects\LCDDriver\stm32f10x_tim.o
 .text.TIM_ClearOC2Ref
                0x00000000       0x14 C:\STM32\Projects\LCDDriver\stm32f10x_tim.o
 .text.TIM_ClearOC3Ref
                0x00000000       0x18 C:\STM32\Projects\LCDDriver\stm32f10x_tim.o
 .text.TIM_ClearOC4Ref
                0x00000000       0x14 C:\STM32\Projects\LCDDriver\stm32f10x_tim.o
 .text.TIM_OC1PolarityConfig
                0x00000000       0x18 C:\STM32\Projects\LCDDriver\stm32f10x_tim.o
 .text.TIM_OC1NPolarityConfig
                0x00000000       0x18 C:\STM32\Projects\LCDDriver\stm32f10x_tim.o
 .text.TIM_OC2PolarityConfig
                0x00000000       0x18 C:\STM32\Projects\LCDDriver\stm32f10x_tim.o
 .text.TIM_OC2NPolarityConfig
                0x00000000       0x18 C:\STM32\Projects\LCDDriver\stm32f10x_tim.o
 .text.TIM_OC3PolarityConfig
                0x00000000       0x18 C:\STM32\Projects\LCDDriver\stm32f10x_tim.o
 .text.TIM_OC3NPolarityConfig
                0x00000000       0x18 C:\STM32\Projects\LCDDriver\stm32f10x_tim.o
 .text.TIM_OC4PolarityConfig
                0x00000000       0x18 C:\STM32\Projects\LCDDriver\stm32f10x_tim.o
 .text.TIM_CCxCmd
                0x00000000       0x28 C:\STM32\Projects\LCDDriver\stm32f10x_tim.o
 .text.TIM_CCxNCmd
                0x00000000       0x28 C:\STM32\Projects\LCDDriver\stm32f10x_tim.o
 .text.TIM_SelectOCxM
                0x00000000       0x70 C:\STM32\Projects\LCDDriver\stm32f10x_tim.o
 .text.TIM_UpdateDisableConfig
                0x00000000       0x20 C:\STM32\Projects\LCDDriver\stm32f10x_tim.o
 .text.TIM_UpdateRequestConfig
                0x00000000       0x20 C:\STM32\Projects\LCDDriver\stm32f10x_tim.o
 .text.TIM_SelectHallSensor
                0x00000000       0x20 C:\STM32\Projects\LCDDriver\stm32f10x_tim.o
 .text.TIM_SelectOnePulseMode
                0x00000000       0x1c C:\STM32\Projects\LCDDriver\stm32f10x_tim.o
 .text.TIM_SelectOutputTrigger
                0x00000000       0x1c C:\STM32\Projects\LCDDriver\stm32f10x_tim.o
 .text.TIM_SelectSlaveMode
                0x00000000       0x1c C:\STM32\Projects\LCDDriver\stm32f10x_tim.o
 .text.TIM_SelectMasterSlaveMode
                0x00000000       0x1c C:\STM32\Projects\LCDDriver\stm32f10x_tim.o
 .text.TIM_SetCounter
                0x00000000        0x4 C:\STM32\Projects\LCDDriver\stm32f10x_tim.o
 .text.TIM_SetAutoreload
                0x00000000        0x4 C:\STM32\Projects\LCDDriver\stm32f10x_tim.o
 .text.TIM_SetCompare1
                0x00000000        0x4 C:\STM32\Projects\LCDDriver\stm32f10x_tim.o
 .text.TIM_SetCompare2
                0x00000000        0x4 C:\STM32\Projects\LCDDriver\stm32f10x_tim.o
 .text.TIM_SetCompare3
                0x00000000        0x4 C:\STM32\Projects\LCDDriver\stm32f10x_tim.o
 .text.TIM_SetCompare4
                0x00000000        0x8 C:\STM32\Projects\LCDDriver\stm32f10x_tim.o
 .text.TIM_SetIC1Prescaler
                0x00000000       0x1c C:\STM32\Projects\LCDDriver\stm32f10x_tim.o
 .text.TIM_SetIC2Prescaler
                0x00000000       0x20 C:\STM32\Projects\LCDDriver\stm32f10x_tim.o
 .text.TIM_PWMIConfig
                0x00000000       0x68 C:\STM32\Projects\LCDDriver\stm32f10x_tim.o
 .text.TIM_SetIC3Prescaler
                0x00000000       0x1c C:\STM32\Projects\LCDDriver\stm32f10x_tim.o
 .text.TIM_SetIC4Prescaler
                0x00000000       0x20 C:\STM32\Projects\LCDDriver\stm32f10x_tim.o
 .text.TIM_ICInit
                0x00000000       0xe0 C:\STM32\Projects\LCDDriver\stm32f10x_tim.o
 .text.TIM_SetClockDivision
                0x00000000       0x14 C:\STM32\Projects\LCDDriver\stm32f10x_tim.o
 .text.TIM_GetCapture1
                0x00000000        0x8 C:\STM32\Projects\LCDDriver\stm32f10x_tim.o
 .text.TIM_GetCapture2
                0x00000000        0x8 C:\STM32\Projects\LCDDriver\stm32f10x_tim.o
 .text.TIM_GetCapture3
                0x00000000        0x8 C:\STM32\Projects\LCDDriver\stm32f10x_tim.o
 .text.TIM_GetCapture4
                0x00000000        0x8 C:\STM32\Projects\LCDDriver\stm32f10x_tim.o
 .text.TIM_GetCounter
                0x00000000        0x8 C:\STM32\Projects\LCDDriver\stm32f10x_tim.o
 .text.TIM_GetPrescaler
                0x00000000        0x8 C:\STM32\Projects\LCDDriver\stm32f10x_tim.o
 .text.TIM_GetFlagStatus
                0x00000000        0xc C:\STM32\Projects\LCDDriver\stm32f10x_tim.o
 .text.TIM_ClearFlag
                0x00000000        0xc C:\STM32\Projects\LCDDriver\stm32f10x_tim.o
 .text.TIM_GetITStatus
                0x00000000       0x18 C:\STM32\Projects\LCDDriver\stm32f10x_tim.o
 .text          0x00000000        0x0 C:\Program Files\Raisonance\Ride\Lib\ARM\STM32x_io_putchar_thumb.a(STM32F10X_io_putchar.o)
 .data          0x00000000        0x0 C:\Program Files\Raisonance\Ride\Lib\ARM\STM32x_io_putchar_thumb.a(STM32F10X_io_putchar.o)
 .bss           0x00000000        0x0 C:\Program Files\Raisonance\Ride\Lib\ARM\STM32x_io_putchar_thumb.a(STM32F10X_io_putchar.o)
 .text.__io_init
                0x00000000       0x94 C:\Program Files\Raisonance\Ride\Lib\ARM\STM32x_io_putchar_thumb.a(STM32F10X_io_putchar.o)
 .text.__io_getchar
                0x00000000       0xb4 C:\Program Files\Raisonance\Ride\Lib\ARM\STM32x_io_putchar_thumb.a(STM32F10X_io_putchar.o)
 .text.getchar  0x00000000       0xb4 C:\Program Files\Raisonance\Ride\Lib\ARM\STM32x_io_putchar_thumb.a(STM32F10X_io_putchar.o)
 .text.putchar  0x00000000       0xd4 C:\Program Files\Raisonance\Ride\Lib\ARM\STM32x_io_putchar_thumb.a(STM32F10X_io_putchar.o)
 .text          0x00000000        0x0 C:\Program Files\Raisonance\Ride\Lib\ARM\std_sbrk_thumb.lib(write.o)
 .data          0x00000000        0x0 C:\Program Files\Raisonance\Ride\Lib\ARM\std_sbrk_thumb.lib(write.o)
 .bss           0x00000000        0x0 C:\Program Files\Raisonance\Ride\Lib\ARM\std_sbrk_thumb.lib(write.o)

Memory Configuration

Name             Origin             Length             Attributes
RAM              0x20000000         0x00002000         xrw
FLASH            0x08000000         0x00010000         xr
STARTFLASH       0x00000000         0x00000000         xr
CRPPATCH         0x00000000         0x00000000         r
FLASHPATCH       0x00000000         0x00000000         r
ENDFLASH         0x00000000         0x00000000         xr
FLASHB1          0x00000000         0x00000000         xr
EXTMEMB0         0x00000000         0x00000000         xr
EXTMEMB1         0x00000000         0x00000000         xr
EXTMEMB2         0x00000000         0x00000000         xr
EXTMEMB3         0x00000000         0x00000000         xr
*default*        0x00000000         0xffffffff

Linker script and memory map

LOAD \STM32\Projects\LCDDriver\startup_stm32f10x_hd.o
LOAD C:\STM32\Projects\LCDDriver\main.o
LOAD C:\STM32\Projects\LCDDriver\stm32f10x_lib.o
LOAD C:\STM32\Projects\LCDDriver\stm32f10x_nvic.o
LOAD C:\STM32\Projects\LCDDriver\stm32f10x_rcc.o
LOAD C:\STM32\Projects\LCDDriver\stm32f10x_gpio.o
LOAD C:\STM32\Projects\LCDDriver\stm32f10x_flash.o
LOAD C:\STM32\Projects\LCDDriver\stm32f10x_it.o
LOAD C:\STM32\Projects\LCDDriver\stm32f10x_tim.o
START GROUP
LOAD C:\Program Files\Raisonance\Ride\Lib\ARM\STM32x_io_putchar_thumb.a
LOAD C:\Program Files\Raisonance\Ride\Lib\ARM\std_sbrk_thumb.lib
LOAD C:\Program Files\Raisonance\Ride\Lib\ARM\smallprintf_thumb.a
LOAD c:/program files/raisonance/ride/arm-gcc/bin/../lib/gcc/arm-none-eabi/4.5.1/../../../../arm-none-eabi/lib/thumb2\libc.a
LOAD c:/program files/raisonance/ride/arm-gcc/bin/../lib/gcc/arm-none-eabi/4.5.1/../../../../arm-none-eabi/lib/thumb2\libm.a
END GROUP
                0x00000400                __Stack_Size = 0x400
                0x00000400                PROVIDE (_Stack_Size, __Stack_Size)
                0x20001c00                __Stack_Init = (_estack - __Stack_Size)
                0x20001c00                PROVIDE (_Stack_Init, __Stack_Init)
                0x00000100                _Minimum_Stack_Size = 0x100
                0x00000000                PROVIDE (Undefined_Handler, 0x0)
                0x00000000                PROVIDE (SWI_Handler, 0x0)
                0x00000000                PROVIDE (IRQ_Handler, 0x0)
                0x00000000                PROVIDE (Prefetch_Handler, 0x0)
                0x00000000                PROVIDE (Abort_Handler, 0x0)
                0x00000000                PROVIDE (FIQ_Handler, 0x0)
                0x00000000                PROVIDE (NMIException, 0x0)
                0x00000000                PROVIDE (NMI_Handler, 0x0)
                0x00000000                PROVIDE (HardFaultException, 0x0)
                0x00000000                PROVIDE (HardFault_Handler, 0x0)
                0x00000000                PROVIDE (MemManageException, 0x0)
                0x00000000                PROVIDE (MemManage_Handler, 0x0)
                0x00000000                PROVIDE (BusFaultException, 0x0)
                0x00000000                PROVIDE (BusFault_Handler, 0x0)
                0x00000000                PROVIDE (UsageFaultException, 0x0)
                0x00000000                PROVIDE (UsageFault_Handler, 0x0)
                0x00000000                PROVIDE (SVCHandler, 0x0)
                0x00000000                PROVIDE (SVC_Handler, 0x0)
                0x00000000                PROVIDE (DebugMonitor, 0x0)
                0x00000000                PROVIDE (DebugMon_Handler, 0x0)
                0x00000000                PROVIDE (PendSVC, 0x0)
                0x00000000                PROVIDE (PendSV_Handler, 0x0)
                0x00000000                PROVIDE (SysTickHandler, 0x0)
                0x00000000                PROVIDE (SysTick_Handler, 0x0)
                0x00000000                PROVIDE (WWDG_IRQHandler, 0x0)
                0x00000000                PROVIDE (PVD_IRQHandler, 0x0)
                0x00000000                PROVIDE (TAMPER_IRQHandler, 0x0)
                0x00000000                PROVIDE (RTC_IRQHandler, 0x0)
                0x00000000                PROVIDE (FLASH_IRQHandler, 0x0)
                0x00000000                PROVIDE (RCC_IRQHandler, 0x0)
                0x00000000                PROVIDE (EXTI0_IRQHandler, 0x0)
                0x00000000                PROVIDE (EXTI1_IRQHandler, 0x0)
                0x00000000                PROVIDE (EXTI2_IRQHandler, 0x0)
                0x00000000                PROVIDE (EXTI3_IRQHandler, 0x0)
                0x00000000                PROVIDE (EXTI4_IRQHandler, 0x0)
                0x00000000                PROVIDE (DMAChannel1_IRQHandler, 0x0)
                0x00000000                PROVIDE (DMAChannel2_IRQHandler, 0x0)
                0x00000000                PROVIDE (DMAChannel3_IRQHandler, 0x0)
                0x00000000                PROVIDE (DMAChannel4_IRQHandler, 0x0)
                0x00000000                PROVIDE (DMAChannel5_IRQHandler, 0x0)
                0x00000000                PROVIDE (DMAChannel6_IRQHandler, 0x0)
                0x00000000                PROVIDE (DMAChannel7_IRQHandler, 0x0)
                0x00000000                PROVIDE (DMA1_Channel1_IRQHandler, 0x0)
                0x00000000                PROVIDE (DMA1_Channel2_IRQHandler, 0x0)
                0x00000000                PROVIDE (DMA1_Channel3_IRQHandler, 0x0)
                0x00000000                PROVIDE (DMA1_Channel4_IRQHandler, 0x0)
                0x00000000                PROVIDE (DMA1_Channel5_IRQHandler, 0x0)
                0x00000000                PROVIDE (DMA1_Channel6_IRQHandler, 0x0)
                0x00000000                PROVIDE (DMA1_Channel7_IRQHandler, 0x0)
                0x00000000                PROVIDE (ADC_IRQHandler, 0x0)
                0x00000000                PROVIDE (ADC1_2_IRQHandler, 0x0)
                0x00000000                PROVIDE (USB_HP_CAN_TX_IRQHandler, 0x0)
                0x00000000                PROVIDE (USB_HP_CAN1_TX_IRQHandler, 0x0)
                0x00000000                PROVIDE (USB_LP_CAN_RX0_IRQHandler, 0x0)
                0x00000000                PROVIDE (USB_LP_CAN1_RX0_IRQHandler, 0x0)
                0x00000000                PROVIDE (CAN_RX1_IRQHandler, 0x0)
                0x00000000                PROVIDE (CAN1_RX1_IRQHandler, 0x0)
                0x00000000                PROVIDE (CAN_SCE_IRQHandler, 0x0)
                0x00000000                PROVIDE (CAN1_SCE_IRQHandler, 0x0)
                0x00000000                PROVIDE (EXTI9_5_IRQHandler, 0x0)
                0x00000000                PROVIDE (TIM1_BRK_IRQHandler, 0x0)
                0x00000000                PROVIDE (TIM1_UP_IRQHandler, 0x0)
                0x00000000                PROVIDE (TIM1_TRG_COM_IRQHandler, 0x0)
                0x00000000                PROVIDE (TIM1_CC_IRQHandler, 0x0)
                0x00000000                PROVIDE (TIM2_IRQHandler, 0x0)
                0x00000000                PROVIDE (TIM3_IRQHandler, 0x0)
                0x00000000                PROVIDE (TIM4_IRQHandler, 0x0)
                0x00000000                PROVIDE (I2C1_EV_IRQHandler, 0x0)
                0x00000000                PROVIDE (I2C1_ER_IRQHandler, 0x0)
                0x00000000                PROVIDE (I2C2_EV_IRQHandler, 0x0)
                0x00000000                PROVIDE (I2C2_ER_IRQHandler, 0x0)
                0x00000000                PROVIDE (SPI1_IRQHandler, 0x0)
                0x00000000                PROVIDE (SPI2_IRQHandler, 0x0)
                0x00000000                PROVIDE (USART1_IRQHandler, 0x0)
                0x00000000                PROVIDE (USART2_IRQHandler, 0x0)
                0x00000000                PROVIDE (USART3_IRQHandler, 0x0)
                0x00000000                PROVIDE (EXTI15_10_IRQHandler, 0x0)
                0x00000000                PROVIDE (RTCAlarm_IRQHandler, 0x0)
                0x00000000                PROVIDE (USBWakeUp_IRQHandler, 0x0)
                0x00000000                PROVIDE (TIM8_BRK_IRQHandler, 0x0)
                0x00000000                PROVIDE (TIM8_UP_IRQHandler, 0x0)
                0x00000000                PROVIDE (TIM8_TRG_COM_IRQHandler, 0x0)
                0x00000000                PROVIDE (TIM8_CC_IRQHandler, 0x0)
                0x00000000                PROVIDE (ADC3_IRQHandler, 0x0)
                0x00000000                PROVIDE (FSMC_IRQHandler, 0x0)
                0x00000000                PROVIDE (SDIO_IRQHandler, 0x0)
                0x00000000                PROVIDE (TIM5_IRQHandler, 0x0)
                0x00000000                PROVIDE (SPI3_IRQHandler, 0x0)
                0x00000000                PROVIDE (UART4_IRQHandler, 0x0)
                0x00000000                PROVIDE (UART5_IRQHandler, 0x0)
                0x00000000                PROVIDE (TIM6_IRQHandler, 0x0)
                0x00000000                PROVIDE (TIM7_IRQHandler, 0x0)
                0x00000000                PROVIDE (DMA2_Channel1_IRQHandler, 0x0)
                0x00000000                PROVIDE (DMA2_Channel2_IRQHandler, 0x0)
                0x00000000                PROVIDE (DMA2_Channel3_IRQHandler, 0x0)
                0x00000000                PROVIDE (DMA2_Channel4_5_IRQHandler, 0x0)
                0x42000000                PERIPH_BB_BASE = 0x42000000
                0x22000000                SRAM_BB_BASE = 0x22000000
                0x20000000                SRAM_BASE = 0x20000000
                0x40000000                PERIPH_BASE = 0x40000000
                0x40022000                PROVIDE (FLASH_BASE, 0x40022000)
                0x1ffff800                PROVIDE (OB_BASE, 0x1ffff800)
                0x40000000                APB1PERIPH_BASE = PERIPH_BASE
                0x40010000                APB2PERIPH_BASE = (PERIPH_BASE + 0x10000)
                0x40020000                AHBPERIPH_BASE = (PERIPH_BASE + 0x20000)
                0x40000000                PROVIDE (TIM2, (APB1PERIPH_BASE + 0x0))
                0x40000400                PROVIDE (TIM3, (APB1PERIPH_BASE + 0x400))
                0x40000800                PROVIDE (TIM4, (APB1PERIPH_BASE + 0x800))
                0x40002800                PROVIDE (RTC, (APB1PERIPH_BASE + 0x2800))
                0x40002c00                PROVIDE (WWDG, (APB1PERIPH_BASE + 0x2c00))
                0x40003000                PROVIDE (IWDG, (APB1PERIPH_BASE + 0x3000))
                0x40003800                PROVIDE (SPI2, (APB1PERIPH_BASE + 0x3800))
                0x40004400                PROVIDE (USART2, (APB1PERIPH_BASE + 0x4400))
                0x40004800                PROVIDE (USART3, (APB1PERIPH_BASE + 0x4800))
                0x40005400                PROVIDE (I2C1, (APB1PERIPH_BASE + 0x5400))
                0x40005800                PROVIDE (I2C2, (APB1PERIPH_BASE + 0x5800))
                0x40006400                PROVIDE (CAN, (APB1PERIPH_BASE + 0x6400))
                0x40006c00                PROVIDE (BKP, (APB1PERIPH_BASE + 0x6c00))
                0x40007000                PROVIDE (PWR, (APB1PERIPH_BASE + 0x7000))
                0x40010000                PROVIDE (AFIO, (APB2PERIPH_BASE + 0x0))
                0x40010400                PROVIDE (EXTI, (APB2PERIPH_BASE + 0x400))
                0x40010800                PROVIDE (GPIOA, (APB2PERIPH_BASE + 0x800))
                0x40010c00                PROVIDE (GPIOB, (APB2PERIPH_BASE + 0xc00))
                0x40011000                PROVIDE (GPIOC, (APB2PERIPH_BASE + 0x1000))
                0x40011400                PROVIDE (GPIOD, (APB2PERIPH_BASE + 0x1400))
                0x40011800                PROVIDE (GPIOE, (APB2PERIPH_BASE + 0x1800))
                0x40012400                PROVIDE (ADC1, (APB2PERIPH_BASE + 0x2400))
                0x40012800                PROVIDE (ADC2, (APB2PERIPH_BASE + 0x2800))
                0x40012c00                PROVIDE (TIM1, (APB2PERIPH_BASE + 0x2c00))
                0x40013000                PROVIDE (SPI1, (APB2PERIPH_BASE + 0x3000))
                0x40013800                PROVIDE (USART1, (APB2PERIPH_BASE + 0x3800))
                0x40020000                PROVIDE (DMA, (AHBPERIPH_BASE + 0x0))
                0x40020008                PROVIDE (DMA_Channel1, (AHBPERIPH_BASE + 0x8))
                0x4002001c                PROVIDE (DMA_Channel2, (AHBPERIPH_BASE + 0x1c))
                0x40020030                PROVIDE (DMA_Channel3, (AHBPERIPH_BASE + 0x30))
                0x40020044                PROVIDE (DMA_Channel4, (AHBPERIPH_BASE + 0x44))
                0x40020058                PROVIDE (DMA_Channel5, (AHBPERIPH_BASE + 0x58))
                0x4002006c                PROVIDE (DMA_Channel6, (AHBPERIPH_BASE + 0x6c))
                0x40020080                PROVIDE (DMA_Channel7, (AHBPERIPH_BASE + 0x80))
                0x40021000                PROVIDE (RCC, (AHBPERIPH_BASE + 0x1000))
                0xe000e000                SCS_BASE = 0xe000e000
                0xe000e010                PROVIDE (SysTick, (SCS_BASE + 0x10))
                0xe000e100                PROVIDE (NVIC, (SCS_BASE + 0x100))
                0xe000ed00                PROVIDE (SCB, (SCS_BASE + 0xd00))
                0x20002000                _estack = 0x20002000

.isr_vector     0x08000000      0x1e4
                0x08000000                . = ALIGN (0x4)
 *(.isr_vector)
 .isr_vector    0x08000000      0x1e4 \STM32\Projects\LCDDriver\startup_stm32f10x_hd.o
                0x08000000                g_pfnVectors
                0x080001e4                . = ALIGN (0x4)

.flash_start    0x00000000        0x0
                0x00000000                . = ALIGN (0x4)
 *(.flash_start)
 *(.flash_start.*)
                0x00000000                . = ALIGN (0x4)

.crp_patch      0x00000000        0x0
                0x00000000                . = ALIGN (0x4)
 *(.crp_patch)
                0x00000000                . = ALIGN (0x4)

.flashtext      0x080001e4        0x0
                0x080001e4                . = ALIGN (0x4)
 *(.flashtext)
                0x080001e4                . = ALIGN (0x4)

.text           0x080001e4      0x9b0
                0x080001e4                . = ALIGN (0x4)
 *(.text)
 *(.text.*)
 .text.Reset_Handler
                0x080001e4       0x50 \STM32\Projects\LCDDriver\startup_stm32f10x_hd.o
                0x080001e4                Reset_Handler
 .text.SystemInit_ExtMemCtl_Dummy
                0x08000234        0x2 \STM32\Projects\LCDDriver\startup_stm32f10x_hd.o
                0x08000234                SystemInit_ExtMemCtl
                0x08000234                SystemInit_ExtMemCtl_Dummy
 .text.Default_Handler
                0x08000236        0x2 \STM32\Projects\LCDDriver\startup_stm32f10x_hd.o
                0x08000236                DebugMon_Handler
                0x08000236                HardFault_Handler
                0x08000236                SysTick_Handler
                0x08000236                PendSV_Handler
                0x08000236                NMI_Handler
                0x08000236                UsageFault_Handler
                0x08000236                CAN1_RX1_IRQHandler
                0x08000236                Default_Handler
                0x08000236                MemManage_Handler
                0x08000236                SVC_Handler
                0x08000236                USB_LP_CAN1_RX0_IRQHandler
                0x08000236                USB_HP_CAN1_TX_IRQHandler
                0x08000236                CAN1_SCE_IRQHandler
                0x08000236                BusFault_Handler
 .text.TIM3_IRQHandler
                0x08000238       0x40 C:\STM32\Projects\LCDDriver\main.o
                0x08000238                TIM3_IRQHandler
 .text.TIM4_IRQHandler
                0x08000278       0x74 C:\STM32\Projects\LCDDriver\main.o
                0x08000278                TIM4_IRQHandler
 .text.RCC_Configuration
                0x080002ec       0x9c C:\STM32\Projects\LCDDriver\main.o
                0x080002ec                RCC_Configuration
 .text.GPIO_Configuration
                0x08000388       0x64 C:\STM32\Projects\LCDDriver\main.o
                0x08000388                GPIO_Configuration
 .text.NVIC_Configuration
                0x080003ec       0x58 C:\STM32\Projects\LCDDriver\main.o
                0x080003ec                NVIC_Configuration
 .text.TIM3_Configuration
                0x08000444       0x28 C:\STM32\Projects\LCDDriver\main.o
                0x08000444                TIM3_Configuration
 .text.TIM4_Configuration
                0x0800046c       0x28 C:\STM32\Projects\LCDDriver\main.o
                0x0800046c                TIM4_Configuration
 .text.main     0x08000494       0x6c C:\STM32\Projects\LCDDriver\main.o
                0x08000494                main
 .text.NVIC_Init
                0x08000500       0xac C:\STM32\Projects\LCDDriver\stm32f10x_nvic.o
                0x08000500                NVIC_Init
 .text.NVIC_SetVectorTable
                0x080005ac       0x18 C:\STM32\Projects\LCDDriver\stm32f10x_nvic.o
                0x080005ac                NVIC_SetVectorTable
 .text.RCC_DeInit
                0x080005c4       0x44 C:\STM32\Projects\LCDDriver\stm32f10x_rcc.o
                0x080005c4                RCC_DeInit
 .text.RCC_HSEConfig
                0x08000608       0x4c C:\STM32\Projects\LCDDriver\stm32f10x_rcc.o
                0x08000608                RCC_HSEConfig
 .text.RCC_PLLConfig
                0x08000654       0x18 C:\STM32\Projects\LCDDriver\stm32f10x_rcc.o
                0x08000654                RCC_PLLConfig
 .text.RCC_PLLCmd
                0x0800066c        0xc C:\STM32\Projects\LCDDriver\stm32f10x_rcc.o
                0x0800066c                RCC_PLLCmd
 .text.RCC_SYSCLKConfig
                0x08000678       0x18 C:\STM32\Projects\LCDDriver\stm32f10x_rcc.o
                0x08000678                RCC_SYSCLKConfig
 .text.RCC_GetSYSCLKSource
                0x08000690       0x10 C:\STM32\Projects\LCDDriver\stm32f10x_rcc.o
                0x08000690                RCC_GetSYSCLKSource
 .text.RCC_HCLKConfig
                0x080006a0       0x18 C:\STM32\Projects\LCDDriver\stm32f10x_rcc.o
                0x080006a0                RCC_HCLKConfig
 .text.RCC_PCLK1Config
                0x080006b8       0x18 C:\STM32\Projects\LCDDriver\stm32f10x_rcc.o
                0x080006b8                RCC_PCLK1Config
 .text.RCC_PCLK2Config
                0x080006d0       0x18 C:\STM32\Projects\LCDDriver\stm32f10x_rcc.o
                0x080006d0                RCC_PCLK2Config
 .text.RCC_ADCCLKConfig
                0x080006e8       0x18 C:\STM32\Projects\LCDDriver\stm32f10x_rcc.o
                0x080006e8                RCC_ADCCLKConfig
 .text.RCC_APB2PeriphClockCmd
                0x08000700       0x24 C:\STM32\Projects\LCDDriver\stm32f10x_rcc.o
                0x08000700                RCC_APB2PeriphClockCmd
 .text.RCC_APB1PeriphClockCmd
                0x08000724       0x24 C:\STM32\Projects\LCDDriver\stm32f10x_rcc.o
                0x08000724                RCC_APB1PeriphClockCmd
 .text.RCC_GetFlagStatus
                0x08000748       0x34 C:\STM32\Projects\LCDDriver\stm32f10x_rcc.o
                0x08000748                RCC_GetFlagStatus
 .text.RCC_WaitForHSEStartUp
                0x0800077c       0x38 C:\STM32\Projects\LCDDriver\stm32f10x_rcc.o
                0x0800077c                RCC_WaitForHSEStartUp
 .text.GPIO_Init
                0x080007b4       0xc4 C:\STM32\Projects\LCDDriver\stm32f10x_gpio.o
                0x080007b4                GPIO_Init
 .text.GPIO_SetBits
                0x08000878        0x4 C:\STM32\Projects\LCDDriver\stm32f10x_gpio.o
                0x08000878                GPIO_SetBits
 .text.GPIO_ResetBits
                0x0800087c        0x4 C:\STM32\Projects\LCDDriver\stm32f10x_gpio.o
                0x0800087c                GPIO_ResetBits
 .text.FLASH_SetLatency
                0x08000880       0x1c C:\STM32\Projects\LCDDriver\stm32f10x_flash.o
                0x08000880                FLASH_SetLatency
 .text.FLASH_PrefetchBufferCmd
                0x0800089c       0x1c C:\STM32\Projects\LCDDriver\stm32f10x_flash.o
                0x0800089c                FLASH_PrefetchBufferCmd
 .text.WWDG_IRQHandler
                0x080008b8        0x4 C:\STM32\Projects\LCDDriver\stm32f10x_it.o
                0x080008b8                WWDG_IRQHandler
 .text.PVD_IRQHandler
                0x080008bc        0x4 C:\STM32\Projects\LCDDriver\stm32f10x_it.o
                0x080008bc                PVD_IRQHandler
 .text.TAMPER_IRQHandler
                0x080008c0        0x4 C:\STM32\Projects\LCDDriver\stm32f10x_it.o
                0x080008c0                TAMPER_IRQHandler
 .text.RTC_IRQHandler
                0x080008c4        0x4 C:\STM32\Projects\LCDDriver\stm32f10x_it.o
                0x080008c4                RTC_IRQHandler
 .text.FLASH_IRQHandler
                0x080008c8        0x4 C:\STM32\Projects\LCDDriver\stm32f10x_it.o
                0x080008c8                FLASH_IRQHandler
 .text.RCC_IRQHandler
                0x080008cc        0x4 C:\STM32\Projects\LCDDriver\stm32f10x_it.o
                0x080008cc                RCC_IRQHandler
 .text.EXTI0_IRQHandler
                0x080008d0        0x4 C:\STM32\Projects\LCDDriver\stm32f10x_it.o
                0x080008d0                EXTI0_IRQHandler
 .text.EXTI1_IRQHandler
                0x080008d4        0x4 C:\STM32\Projects\LCDDriver\stm32f10x_it.o
                0x080008d4                EXTI1_IRQHandler
 .text.EXTI2_IRQHandler
                0x080008d8        0x4 C:\STM32\Projects\LCDDriver\stm32f10x_it.o
                0x080008d8                EXTI2_IRQHandler
 .text.EXTI3_IRQHandler
                0x080008dc        0x4 C:\STM32\Projects\LCDDriver\stm32f10x_it.o
                0x080008dc                EXTI3_IRQHandler
 .text.EXTI4_IRQHandler
                0x080008e0        0x4 C:\STM32\Projects\LCDDriver\stm32f10x_it.o
                0x080008e0                EXTI4_IRQHandler
 .text.DMA1_Channel1_IRQHandler
                0x080008e4        0x4 C:\STM32\Projects\LCDDriver\stm32f10x_it.o
                0x080008e4                DMA1_Channel1_IRQHandler
 .text.DMA1_Channel2_IRQHandler
                0x080008e8        0x4 C:\STM32\Projects\LCDDriver\stm32f10x_it.o
                0x080008e8                DMA1_Channel2_IRQHandler
 .text.DMA1_Channel3_IRQHandler
                0x080008ec        0x4 C:\STM32\Projects\LCDDriver\stm32f10x_it.o
                0x080008ec                DMA1_Channel3_IRQHandler
 .text.DMA1_Channel4_IRQHandler
                0x080008f0        0x4 C:\STM32\Projects\LCDDriver\stm32f10x_it.o
                0x080008f0                DMA1_Channel4_IRQHandler
 .text.DMA1_Channel5_IRQHandler
                0x080008f4        0x4 C:\STM32\Projects\LCDDriver\stm32f10x_it.o
                0x080008f4                DMA1_Channel5_IRQHandler
 .text.DMA1_Channel6_IRQHandler
                0x080008f8        0x4 C:\STM32\Projects\LCDDriver\stm32f10x_it.o
                0x080008f8                DMA1_Channel6_IRQHandler
 .text.DMA1_Channel7_IRQHandler
                0x080008fc        0x4 C:\STM32\Projects\LCDDriver\stm32f10x_it.o
                0x080008fc                DMA1_Channel7_IRQHandler
 .text.ADC1_2_IRQHandler
                0x08000900        0x4 C:\STM32\Projects\LCDDriver\stm32f10x_it.o
                0x08000900                ADC1_2_IRQHandler
 .text.EXTI9_5_IRQHandler
                0x08000904        0x4 C:\STM32\Projects\LCDDriver\stm32f10x_it.o
                0x08000904                EXTI9_5_IRQHandler
 .text.TIM1_BRK_IRQHandler
                0x08000908        0x4 C:\STM32\Projects\LCDDriver\stm32f10x_it.o
                0x08000908                TIM1_BRK_IRQHandler
 .text.TIM1_UP_IRQHandler
                0x0800090c        0x4 C:\STM32\Projects\LCDDriver\stm32f10x_it.o
                0x0800090c                TIM1_UP_IRQHandler
 .text.TIM1_TRG_COM_IRQHandler
                0x08000910        0x4 C:\STM32\Projects\LCDDriver\stm32f10x_it.o
                0x08000910                TIM1_TRG_COM_IRQHandler
 .text.TIM1_CC_IRQHandler
                0x08000914        0x4 C:\STM32\Projects\LCDDriver\stm32f10x_it.o
                0x08000914                TIM1_CC_IRQHandler
 .text.TIM2_IRQHandler
                0x08000918        0x4 C:\STM32\Projects\LCDDriver\stm32f10x_it.o
                0x08000918                TIM2_IRQHandler
 .text.I2C1_EV_IRQHandler
                0x0800091c        0x4 C:\STM32\Projects\LCDDriver\stm32f10x_it.o
                0x0800091c                I2C1_EV_IRQHandler
 .text.I2C1_ER_IRQHandler
                0x08000920        0x4 C:\STM32\Projects\LCDDriver\stm32f10x_it.o
                0x08000920                I2C1_ER_IRQHandler
 .text.I2C2_EV_IRQHandler
                0x08000924        0x4 C:\STM32\Projects\LCDDriver\stm32f10x_it.o
                0x08000924                I2C2_EV_IRQHandler
 .text.I2C2_ER_IRQHandler
                0x08000928        0x4 C:\STM32\Projects\LCDDriver\stm32f10x_it.o
                0x08000928                I2C2_ER_IRQHandler
 .text.SPI1_IRQHandler
                0x0800092c        0x4 C:\STM32\Projects\LCDDriver\stm32f10x_it.o
                0x0800092c                SPI1_IRQHandler
 .text.SPI2_IRQHandler
                0x08000930        0x4 C:\STM32\Projects\LCDDriver\stm32f10x_it.o
                0x08000930                SPI2_IRQHandler
 .text.USART1_IRQHandler
                0x08000934        0x4 C:\STM32\Projects\LCDDriver\stm32f10x_it.o
                0x08000934                USART1_IRQHandler
 .text.USART2_IRQHandler
                0x08000938        0x4 C:\STM32\Projects\LCDDriver\stm32f10x_it.o
                0x08000938                USART2_IRQHandler
 .text.USART3_IRQHandler
                0x0800093c        0x4 C:\STM32\Projects\LCDDriver\stm32f10x_it.o
                0x0800093c                USART3_IRQHandler
 .text.EXTI15_10_IRQHandler
                0x08000940        0x4 C:\STM32\Projects\LCDDriver\stm32f10x_it.o
                0x08000940                EXTI15_10_IRQHandler
 .text.RTCAlarm_IRQHandler
                0x08000944        0x4 C:\STM32\Projects\LCDDriver\stm32f10x_it.o
                0x08000944                RTCAlarm_IRQHandler
 .text.USBWakeUp_IRQHandler
                0x08000948        0x4 C:\STM32\Projects\LCDDriver\stm32f10x_it.o
                0x08000948                USBWakeUp_IRQHandler
 .text.TIM8_BRK_IRQHandler
                0x0800094c        0x4 C:\STM32\Projects\LCDDriver\stm32f10x_it.o
                0x0800094c                TIM8_BRK_IRQHandler
 .text.TIM8_UP_IRQHandler
                0x08000950        0x4 C:\STM32\Projects\LCDDriver\stm32f10x_it.o
                0x08000950                TIM8_UP_IRQHandler
 .text.TIM8_TRG_COM_IRQHandler
                0x08000954        0x4 C:\STM32\Projects\LCDDriver\stm32f10x_it.o
                0x08000954                TIM8_TRG_COM_IRQHandler
 .text.TIM8_CC_IRQHandler
                0x08000958        0x4 C:\STM32\Projects\LCDDriver\stm32f10x_it.o
                0x08000958                TIM8_CC_IRQHandler
 .text.ADC3_IRQHandler
                0x0800095c        0x4 C:\STM32\Projects\LCDDriver\stm32f10x_it.o
                0x0800095c                ADC3_IRQHandler
 .text.FSMC_IRQHandler
                0x08000960        0x4 C:\STM32\Projects\LCDDriver\stm32f10x_it.o
                0x08000960                FSMC_IRQHandler
 .text.SDIO_IRQHandler
                0x08000964        0x4 C:\STM32\Projects\LCDDriver\stm32f10x_it.o
                0x08000964                SDIO_IRQHandler
 .text.TIM5_IRQHandler
                0x08000968        0x4 C:\STM32\Projects\LCDDriver\stm32f10x_it.o
                0x08000968                TIM5_IRQHandler
 .text.SPI3_IRQHandler
                0x0800096c        0x4 C:\STM32\Projects\LCDDriver\stm32f10x_it.o
                0x0800096c                SPI3_IRQHandler
 .text.UART4_IRQHandler
                0x08000970        0x4 C:\STM32\Projects\LCDDriver\stm32f10x_it.o
                0x08000970                UART4_IRQHandler
 .text.UART5_IRQHandler
                0x08000974        0x4 C:\STM32\Projects\LCDDriver\stm32f10x_it.o
                0x08000974                UART5_IRQHandler
 .text.TIM6_IRQHandler
                0x08000978        0x4 C:\STM32\Projects\LCDDriver\stm32f10x_it.o
                0x08000978                TIM6_IRQHandler
 .text.TIM7_IRQHandler
                0x0800097c        0x4 C:\STM32\Projects\LCDDriver\stm32f10x_it.o
                0x0800097c                TIM7_IRQHandler
 .text.DMA2_Channel1_IRQHandler
                0x08000980        0x4 C:\STM32\Projects\LCDDriver\stm32f10x_it.o
                0x08000980                DMA2_Channel1_IRQHandler
 .text.DMA2_Channel2_IRQHandler
                0x08000984        0x4 C:\STM32\Projects\LCDDriver\stm32f10x_it.o
                0x08000984                DMA2_Channel2_IRQHandler
 .text.DMA2_Channel3_IRQHandler
                0x08000988        0x4 C:\STM32\Projects\LCDDriver\stm32f10x_it.o
                0x08000988                DMA2_Channel3_IRQHandler
 .text.DMA2_Channel4_5_IRQHandler
                0x0800098c        0x4 C:\STM32\Projects\LCDDriver\stm32f10x_it.o
                0x0800098c                DMA2_Channel4_5_IRQHandler
 .text.TIM_TimeBaseInit
                0x08000990       0x50 C:\STM32\Projects\LCDDriver\stm32f10x_tim.o
                0x08000990                TIM_TimeBaseInit
 .text.TIM_Cmd  0x080009e0       0x20 C:\STM32\Projects\LCDDriver\stm32f10x_tim.o
                0x080009e0                TIM_Cmd
 .text.TIM_ITConfig
                0x08000a00       0x18 C:\STM32\Projects\LCDDriver\stm32f10x_tim.o
                0x08000a00                TIM_ITConfig
 .text.TIM_ClearITPendingBit
                0x08000a18        0xc C:\STM32\Projects\LCDDriver\stm32f10x_tim.o
                0x08000a18                TIM_ClearITPendingBit
 .text.__io_putchar
                0x08000a24      0x16c C:\Program Files\Raisonance\Ride\Lib\ARM\STM32x_io_putchar_thumb.a(STM32F10X_io_putchar.o)
                0x08000a24                __io_putchar
 .text._write   0x08000b90        0x4 C:\Program Files\Raisonance\Ride\Lib\ARM\std_sbrk_thumb.lib(write.o)
                0x08000b90                _write
 *(.rodata)
 *(.rodata*)
 *(.glue_7)
 .glue_7        0x00000000        0x0 linker stubs
 *(.glue_7t)
 .glue_7t       0x00000000        0x0 linker stubs
                0x08000b94                . = ALIGN (0x4)
                0x08000b94                _etext = .
                0x08000b94                _sidata = _etext

.vfp11_veneer   0x08000b94        0x0
 .vfp11_veneer  0x00000000        0x0 linker stubs

.v4_bx          0x08000b94        0x0
 .v4_bx         0x00000000        0x0 linker stubs

.flashpatch     0x00000000        0x0
                0x00000000                . = ALIGN (0x4)
 *(.flashpatch)
                0x00000000                . = ALIGN (0x4)

.endflash       0x00000000        0x0
                0x00000000                . = ALIGN (0x4)
 *(.endflash)
                0x00000000                . = ALIGN (0x4)
                0x00000000                _e_endflash = .

.data           0x20000000        0x0 load address 0x08000b94
                0x20000000                . = ALIGN (0x4)
                0x20000000                _sdata = .
                0x20000000                _data = .
 *(.data)
 *(.data.*)
 *(.RAMtext)
                0x20000000                . = ALIGN (0x4)
                0x20000000                _edata = .
                0x08000b94                _eidata = ((_sidata + _edata) - _sdata)
                0x08010000                _lastdataromaddress = 0x8010000
                0x00000000                toobig = (_eidata > _lastdataromaddress)?!!!!!!!!! FLASH IS FULL !!!!!!!!!:0x0

.bss            0x20000000       0x14
                0x20000000                . = ALIGN (0x4)
                0x20000000                _sbss = .
                0x20000000                _bss = .
 *(.bss)
 *(COMMON)
 COMMON         0x20000000       0x14 C:\STM32\Projects\LCDDriver\main.o
                0x20000000                HSEStartUpStatus
                0x20000004                TIM_TimeBaseStructure
                0x2000000e                LineCount
                0x20000010                NVIC_InitStructure
                0x20000014                . = ALIGN (0x4)
                0x20000014                _ebss = .
                0x20000014                PROVIDE (end, _ebss)
                0x20000014                PROVIDE (_end, _ebss)

._usrstack      0x20000014      0x100
                0x20000014                . = ALIGN (0x4)
                0x20000014                _susrstack = .
                0x20000114                . = (. + _Minimum_Stack_Size)
 *fill*         0x20000014      0x100 00
                0x20000114                . = ALIGN (0x4)
                0x20000114                _eusrstack = .

.b1text
 *(.b1text)
 *(.b1rodata)
 *(.b1rodata*)

.eb0text
 *(.eb0text)
 *(.eb0rodata)
 *(.eb0rodata*)

.eb1text
 *(.eb1text)
 *(.eb1rodata)
 *(.eb1rodata*)

.eb2text
 *(.eb2text)
 *(.eb2rodata)
 *(.eb2rodata*)

.eb3text
 *(.eb3text)
 *(.eb3rodata)
 *(.eb3rodata*)
                0x20000114                __exidx_start = .
                0x20000114                __exidx_end = .

/DISCARD/
 libc.a(*)
 libm.a(*)
 libgcc.a(*)

.stab
 *(.stab)

.stabstr
 *(.stabstr)

.stab.excl
 *(.stab.excl)

.stab.exclstr
 *(.stab.exclstr)

.stab.index
 *(.stab.index)

.stab.indexstr
 *(.stab.indexstr)

.ARM.attributes
                0x00000000       0x2d
 .ARM.attributes
                0x00000000       0x21 \STM32\Projects\LCDDriver\startup_stm32f10x_hd.o
 .ARM.attributes
                0x00000021       0x31 C:\STM32\Projects\LCDDriver\main.o
 .ARM.attributes
                0x00000052       0x31 C:\STM32\Projects\LCDDriver\stm32f10x_lib.o
 .ARM.attributes
                0x00000083       0x31 C:\STM32\Projects\LCDDriver\stm32f10x_nvic.o
 .ARM.attributes
                0x000000b4       0x31 C:\STM32\Projects\LCDDriver\stm32f10x_rcc.o
 .ARM.attributes
                0x000000e5       0x31 C:\STM32\Projects\LCDDriver\stm32f10x_gpio.o
 .ARM.attributes
                0x00000116       0x31 C:\STM32\Projects\LCDDriver\stm32f10x_flash.o
 .ARM.attributes
                0x00000147       0x31 C:\STM32\Projects\LCDDriver\stm32f10x_it.o
 .ARM.attributes
                0x00000178       0x31 C:\STM32\Projects\LCDDriver\stm32f10x_tim.o
 .ARM.attributes
                0x000001a9       0x31 C:\Program Files\Raisonance\Ride\Lib\ARM\STM32x_io_putchar_thumb.a(STM32F10X_io_putchar.o)
 .ARM.attributes
                0x000001da       0x2e C:\Program Files\Raisonance\Ride\Lib\ARM\std_sbrk_thumb.lib(write.o)

.comment        0x00000000       0x7f
 *(.comment)
 .comment       0x00000000       0x2a C:\STM32\Projects\LCDDriver\main.o
                                 0x2b (size before relaxing)
 .comment       0x00000000       0x2b C:\STM32\Projects\LCDDriver\stm32f10x_lib.o
 .comment       0x00000000       0x2b C:\STM32\Projects\LCDDriver\stm32f10x_nvic.o
 .comment       0x00000000       0x2b C:\STM32\Projects\LCDDriver\stm32f10x_rcc.o
 .comment       0x00000000       0x2b C:\STM32\Projects\LCDDriver\stm32f10x_gpio.o
 .comment       0x00000000       0x2b C:\STM32\Projects\LCDDriver\stm32f10x_flash.o
 .comment       0x00000000       0x2b C:\STM32\Projects\LCDDriver\stm32f10x_it.o
 .comment       0x00000000       0x2b C:\STM32\Projects\LCDDriver\stm32f10x_tim.o
 .comment       0x0000002a       0x2b C:\Program Files\Raisonance\Ride\Lib\ARM\STM32x_io_putchar_thumb.a(STM32F10X_io_putchar.o)
 .comment       0x00000055       0x2a C:\Program Files\Raisonance\Ride\Lib\ARM\std_sbrk_thumb.lib(write.o)

.debug
 *(.debug)

.line
 *(.line)

.debug_srcinfo
 *(.debug_srcinfo)

.debug_sfnames
 *(.debug_sfnames)

.debug_aranges  0x00000000      0x858
 *(.debug_aranges)
 .debug_aranges
                0x00000000       0x58 C:\STM32\Projects\LCDDriver\main.o
 .debug_aranges
                0x00000058      0x108 C:\STM32\Projects\LCDDriver\stm32f10x_nvic.o
 .debug_aranges
                0x00000160      0x118 C:\STM32\Projects\LCDDriver\stm32f10x_rcc.o
 .debug_aranges
                0x00000278       0xa0 C:\STM32\Projects\LCDDriver\stm32f10x_gpio.o
 .debug_aranges
                0x00000318       0x30 C:\STM32\Projects\LCDDriver\stm32f10x_flash.o
 .debug_aranges
                0x00000348      0x230 C:\STM32\Projects\LCDDriver\stm32f10x_it.o
 .debug_aranges
                0x00000578      0x2e0 C:\STM32\Projects\LCDDriver\stm32f10x_tim.o

.debug_pubnames
                0x00000000     0x16d8
 *(.debug_pubnames)
 .debug_pubnames
                0x00000000      0x115 C:\STM32\Projects\LCDDriver\main.o
 .debug_pubnames
                0x00000115      0x360 C:\STM32\Projects\LCDDriver\stm32f10x_nvic.o
 .debug_pubnames
                0x00000475      0x2c4 C:\STM32\Projects\LCDDriver\stm32f10x_rcc.o
 .debug_pubnames
                0x00000739      0x17b C:\STM32\Projects\LCDDriver\stm32f10x_gpio.o
 .debug_pubnames
                0x000008b4       0x60 C:\STM32\Projects\LCDDriver\stm32f10x_flash.o
 .debug_pubnames
                0x00000914      0x614 C:\STM32\Projects\LCDDriver\stm32f10x_it.o
 .debug_pubnames
                0x00000f28      0x7b0 C:\STM32\Projects\LCDDriver\stm32f10x_tim.o

.debug_info     0x00000000     0x442e
 *(.debug_info .gnu.linkonce.wi.*)
 .debug_info    0x00000000      0x67c C:\STM32\Projects\LCDDriver\main.o
 .debug_info    0x0000067c       0x53 C:\STM32\Projects\LCDDriver\stm32f10x_lib.o
 .debug_info    0x000006cf      0x964 C:\STM32\Projects\LCDDriver\stm32f10x_nvic.o
 .debug_info    0x00001033      0x8ac C:\STM32\Projects\LCDDriver\stm32f10x_rcc.o
 .debug_info    0x000018df      0x690 C:\STM32\Projects\LCDDriver\stm32f10x_gpio.o
 .debug_info    0x00001f6f      0x16f C:\STM32\Projects\LCDDriver\stm32f10x_flash.o
 .debug_info    0x000020de      0x5c3 C:\STM32\Projects\LCDDriver\stm32f10x_it.o
 .debug_info    0x000026a1     0x1d8d C:\STM32\Projects\LCDDriver\stm32f10x_tim.o

.debug_abbrev   0x00000000      0xabf
 *(.debug_abbrev)
 .debug_abbrev  0x00000000      0x159 C:\STM32\Projects\LCDDriver\main.o
 .debug_abbrev  0x00000159       0x1d C:\STM32\Projects\LCDDriver\stm32f10x_lib.o
 .debug_abbrev  0x00000176      0x22f C:\STM32\Projects\LCDDriver\stm32f10x_nvic.o
 .debug_abbrev  0x000003a5      0x1f6 C:\STM32\Projects\LCDDriver\stm32f10x_rcc.o
 .debug_abbrev  0x0000059b      0x1f5 C:\STM32\Projects\LCDDriver\stm32f10x_gpio.o
 .debug_abbrev  0x00000790       0xa6 C:\STM32\Projects\LCDDriver\stm32f10x_flash.o
 .debug_abbrev  0x00000836       0x49 C:\STM32\Projects\LCDDriver\stm32f10x_it.o
 .debug_abbrev  0x0000087f      0x240 C:\STM32\Projects\LCDDriver\stm32f10x_tim.o

.debug_line     0x00000000     0x1804
 *(.debug_line)
 .debug_line    0x00000000      0x1bc C:\STM32\Projects\LCDDriver\main.o
 .debug_line    0x000001bc       0x1d C:\STM32\Projects\LCDDriver\stm32f10x_lib.o
 .debug_line    0x000001d9      0x317 C:\STM32\Projects\LCDDriver\stm32f10x_nvic.o
 .debug_line    0x000004f0      0x33d C:\STM32\Projects\LCDDriver\stm32f10x_rcc.o
 .debug_line    0x0000082d      0x236 C:\STM32\Projects\LCDDriver\stm32f10x_gpio.o
 .debug_line    0x00000a63       0xb9 C:\STM32\Projects\LCDDriver\stm32f10x_flash.o
 .debug_line    0x00000b1c      0x4b7 C:\STM32\Projects\LCDDriver\stm32f10x_it.o
 .debug_line    0x00000fd3      0x831 C:\STM32\Projects\LCDDriver\stm32f10x_tim.o

.debug_frame    0x00000000     0x1168
 *(.debug_frame)
 .debug_frame   0x00000000       0xdc C:\STM32\Projects\LCDDriver\main.o
 .debug_frame   0x000000dc      0x238 C:\STM32\Projects\LCDDriver\stm32f10x_nvic.o
 .debug_frame   0x00000314      0x224 C:\STM32\Projects\LCDDriver\stm32f10x_rcc.o
 .debug_frame   0x00000538      0x158 C:\STM32\Projects\LCDDriver\stm32f10x_gpio.o
 .debug_frame   0x00000690       0x40 C:\STM32\Projects\LCDDriver\stm32f10x_flash.o
 .debug_frame   0x000006d0      0x440 C:\STM32\Projects\LCDDriver\stm32f10x_it.o
 .debug_frame   0x00000b10      0x658 C:\STM32\Projects\LCDDriver\stm32f10x_tim.o

.debug_str      0x00000000     0x1fd4
 *(.debug_str)
 .debug_str     0x00000000      0x49e C:\STM32\Projects\LCDDriver\main.o
                                0x4bd (size before relaxing)
 .debug_str     0x0000049e       0x2c C:\STM32\Projects\LCDDriver\stm32f10x_lib.o
                                 0x97 (size before relaxing)
 .debug_str     0x000004ca      0x4ae C:\STM32\Projects\LCDDriver\stm32f10x_nvic.o
                                0x5e6 (size before relaxing)
 .debug_str     0x00000978      0x423 C:\STM32\Projects\LCDDriver\stm32f10x_rcc.o
                                0x51b (size before relaxing)
 .debug_str     0x00000d9b      0x201 C:\STM32\Projects\LCDDriver\stm32f10x_gpio.o
                                0x3d4 (size before relaxing)
 .debug_str     0x00000f9c       0xcd C:\STM32\Projects\LCDDriver\stm32f10x_flash.o
                                0x13d (size before relaxing)
 .debug_str     0x00001069      0x521 C:\STM32\Projects\LCDDriver\stm32f10x_it.o
                                0x58c (size before relaxing)
 .debug_str     0x0000158a      0xa4a C:\STM32\Projects\LCDDriver\stm32f10x_tim.o
                                0xcd9 (size before relaxing)

.debug_loc      0x00000000     0x2630
 *(.debug_loc)
 .debug_loc     0x00000000      0x10c C:\STM32\Projects\LCDDriver\main.o
 .debug_loc     0x0000010c      0x83d C:\STM32\Projects\LCDDriver\stm32f10x_nvic.o
 .debug_loc     0x00000949      0x4d5 C:\STM32\Projects\LCDDriver\stm32f10x_rcc.o
 .debug_loc     0x00000e1e      0x490 C:\STM32\Projects\LCDDriver\stm32f10x_gpio.o
 .debug_loc     0x000012ae     0x1382 C:\STM32\Projects\LCDDriver\stm32f10x_tim.o

.debug_macinfo
 *(.debug_macinfo)

.debug_weaknames
 *(.debug_weaknames)

.debug_funcnames
 *(.debug_funcnames)

.debug_typenames
 *(.debug_typenames)

.debug_varnames
 *(.debug_varnames)
START GROUP
LOAD c:/program files/raisonance/ride/arm-gcc/bin/../lib/gcc/arm-none-eabi/4.5.1/thumb2\libgcc.a
LOAD c:/program files/raisonance/ride/arm-gcc/bin/../lib/gcc/arm-none-eabi/4.5.1/../../../../arm-none-eabi/lib/thumb2\libc.a
END GROUP
OUTPUT(C:\STM32\Projects\LCDDriver\LCDDriver.elf elf32-littlearm)

.debug_pubtypes
                0x00000000      0x3e0
 .debug_pubtypes
                0x00000000       0xdf C:\STM32\Projects\LCDDriver\main.o
 .debug_pubtypes
                0x000000df       0x12 C:\STM32\Projects\LCDDriver\stm32f10x_lib.o
 .debug_pubtypes
                0x000000f1       0x89 C:\STM32\Projects\LCDDriver\stm32f10x_nvic.o
 .debug_pubtypes
                0x0000017a       0xa0 C:\STM32\Projects\LCDDriver\stm32f10x_rcc.o
 .debug_pubtypes
                0x0000021a       0xb6 C:\STM32\Projects\LCDDriver\stm32f10x_gpio.o
 .debug_pubtypes
                0x000002d0       0x2c C:\STM32\Projects\LCDDriver\stm32f10x_flash.o
 .debug_pubtypes
                0x000002fc       0x12 C:\STM32\Projects\LCDDriver\stm32f10x_it.o
 .debug_pubtypes
                0x0000030e       0xd2 C:\STM32\Projects\LCDDriver\stm32f10x_tim.o

.debug_ranges   0x00000000      0x7e8
 .debug_ranges  0x00000000       0x48 C:\STM32\Projects\LCDDriver\main.o
 .debug_ranges  0x00000048       0xf8 C:\STM32\Projects\LCDDriver\stm32f10x_nvic.o
 .debug_ranges  0x00000140      0x108 C:\STM32\Projects\LCDDriver\stm32f10x_rcc.o
 .debug_ranges  0x00000248       0x90 C:\STM32\Projects\LCDDriver\stm32f10x_gpio.o
 .debug_ranges  0x000002d8       0x20 C:\STM32\Projects\LCDDriver\stm32f10x_flash.o
 .debug_ranges  0x000002f8      0x220 C:\STM32\Projects\LCDDriver\stm32f10x_it.o
 .debug_ranges  0x00000518      0x2d0 C:\STM32\Projects\LCDDriver\stm32f10x_tim.o
