Archive member included because of file (symbol)

D:\Ride\Ride\Lib\ARM\STM32x_io_putchar_thumb.a(STM32F10X_io_putchar.o)
                              (__io_putchar)
D:\Ride\Ride\Lib\ARM\std_sbrk_thumb.lib(write.o)
                              (_write)

Allocating common symbols
Common symbol       size              file

HSEStartUpStatus    0x1               D:\FbEdit\Projects\Applications\FbEdit\STM32Discovery\LCDDriver\main.o
TIM_TimeBaseStructure
                    0xa               D:\FbEdit\Projects\Applications\FbEdit\STM32Discovery\LCDDriver\main.o
PixelBuff           0x40              D:\FbEdit\Projects\Applications\FbEdit\STM32Discovery\LCDDriver\main.o
ScreenChars         0x800             D:\FbEdit\Projects\Applications\FbEdit\STM32Discovery\LCDDriver\main.o
LineCount           0x2               D:\FbEdit\Projects\Applications\FbEdit\STM32Discovery\LCDDriver\main.o
SPI_InitStructure   0x12              D:\FbEdit\Projects\Applications\FbEdit\STM32Discovery\LCDDriver\main.o
NVIC_InitStructure  0x4               D:\FbEdit\Projects\Applications\FbEdit\STM32Discovery\LCDDriver\main.o
DMA_InitStructure   0x2c              D:\FbEdit\Projects\Applications\FbEdit\STM32Discovery\LCDDriver\main.o

Discarded input sections

 .text          0x00000000       0x14 \FbEdit\Projects\Applications\FbEdit\STM32Discovery\LCDDriver\startup_stm32f10x_hd.o
 .data          0x00000000        0x0 \FbEdit\Projects\Applications\FbEdit\STM32Discovery\LCDDriver\startup_stm32f10x_hd.o
 .bss           0x00000000        0x0 \FbEdit\Projects\Applications\FbEdit\STM32Discovery\LCDDriver\startup_stm32f10x_hd.o
 .text          0x00000000        0x0 D:\FbEdit\Projects\Applications\FbEdit\STM32Discovery\LCDDriver\main.o
 .bss           0x00000000        0x0 D:\FbEdit\Projects\Applications\FbEdit\STM32Discovery\LCDDriver\main.o
 .text          0x00000000        0x0 D:\FbEdit\Projects\Applications\FbEdit\STM32Discovery\LCDDriver\stm32f10x_flash.o
 .data          0x00000000        0x0 D:\FbEdit\Projects\Applications\FbEdit\STM32Discovery\LCDDriver\stm32f10x_flash.o
 .bss           0x00000000        0x0 D:\FbEdit\Projects\Applications\FbEdit\STM32Discovery\LCDDriver\stm32f10x_flash.o
 .text.FLASH_HalfCycleAccessCmd
                0x00000000       0x1c D:\FbEdit\Projects\Applications\FbEdit\STM32Discovery\LCDDriver\stm32f10x_flash.o
 .text          0x00000000        0x0 D:\FbEdit\Projects\Applications\FbEdit\STM32Discovery\LCDDriver\stm32f10x_gpio.o
 .data          0x00000000        0x0 D:\FbEdit\Projects\Applications\FbEdit\STM32Discovery\LCDDriver\stm32f10x_gpio.o
 .bss           0x00000000        0x0 D:\FbEdit\Projects\Applications\FbEdit\STM32Discovery\LCDDriver\stm32f10x_gpio.o
 .text.GPIO_DeInit
                0x00000000      0x11c D:\FbEdit\Projects\Applications\FbEdit\STM32Discovery\LCDDriver\stm32f10x_gpio.o
 .text.GPIO_AFIODeInit
                0x00000000       0x1c D:\FbEdit\Projects\Applications\FbEdit\STM32Discovery\LCDDriver\stm32f10x_gpio.o
 .text.GPIO_StructInit
                0x00000000       0x14 D:\FbEdit\Projects\Applications\FbEdit\STM32Discovery\LCDDriver\stm32f10x_gpio.o
 .text.GPIO_ReadInputDataBit
                0x00000000        0xc D:\FbEdit\Projects\Applications\FbEdit\STM32Discovery\LCDDriver\stm32f10x_gpio.o
 .text.GPIO_ReadInputData
                0x00000000        0x8 D:\FbEdit\Projects\Applications\FbEdit\STM32Discovery\LCDDriver\stm32f10x_gpio.o
 .text.GPIO_ReadOutputDataBit
                0x00000000        0xc D:\FbEdit\Projects\Applications\FbEdit\STM32Discovery\LCDDriver\stm32f10x_gpio.o
 .text.GPIO_ReadOutputData
                0x00000000        0x8 D:\FbEdit\Projects\Applications\FbEdit\STM32Discovery\LCDDriver\stm32f10x_gpio.o
 .text.GPIO_ResetBits
                0x00000000        0x4 D:\FbEdit\Projects\Applications\FbEdit\STM32Discovery\LCDDriver\stm32f10x_gpio.o
 .text.GPIO_WriteBit
                0x00000000        0xc D:\FbEdit\Projects\Applications\FbEdit\STM32Discovery\LCDDriver\stm32f10x_gpio.o
 .text.GPIO_Write
                0x00000000        0x4 D:\FbEdit\Projects\Applications\FbEdit\STM32Discovery\LCDDriver\stm32f10x_gpio.o
 .text.GPIO_PinLockConfig
                0x00000000       0x10 D:\FbEdit\Projects\Applications\FbEdit\STM32Discovery\LCDDriver\stm32f10x_gpio.o
 .text.GPIO_EventOutputConfig
                0x00000000       0x24 D:\FbEdit\Projects\Applications\FbEdit\STM32Discovery\LCDDriver\stm32f10x_gpio.o
 .text.GPIO_EventOutputCmd
                0x00000000        0xc D:\FbEdit\Projects\Applications\FbEdit\STM32Discovery\LCDDriver\stm32f10x_gpio.o
 .text.GPIO_PinRemapConfig
                0x00000000       0x70 D:\FbEdit\Projects\Applications\FbEdit\STM32Discovery\LCDDriver\stm32f10x_gpio.o
 .text.GPIO_EXTILineConfig
                0x00000000       0x44 D:\FbEdit\Projects\Applications\FbEdit\STM32Discovery\LCDDriver\stm32f10x_gpio.o
 .text          0x00000000        0x0 D:\FbEdit\Projects\Applications\FbEdit\STM32Discovery\LCDDriver\stm32f10x_it.o
 .data          0x00000000        0x0 D:\FbEdit\Projects\Applications\FbEdit\STM32Discovery\LCDDriver\stm32f10x_it.o
 .bss           0x00000000        0x0 D:\FbEdit\Projects\Applications\FbEdit\STM32Discovery\LCDDriver\stm32f10x_it.o
 .text.NMIException
                0x00000000        0x4 D:\FbEdit\Projects\Applications\FbEdit\STM32Discovery\LCDDriver\stm32f10x_it.o
 .text.HardFaultException
                0x00000000        0x4 D:\FbEdit\Projects\Applications\FbEdit\STM32Discovery\LCDDriver\stm32f10x_it.o
 .text.MemManageException
                0x00000000        0x4 D:\FbEdit\Projects\Applications\FbEdit\STM32Discovery\LCDDriver\stm32f10x_it.o
 .text.BusFaultException
                0x00000000        0x4 D:\FbEdit\Projects\Applications\FbEdit\STM32Discovery\LCDDriver\stm32f10x_it.o
 .text.UsageFaultException
                0x00000000        0x4 D:\FbEdit\Projects\Applications\FbEdit\STM32Discovery\LCDDriver\stm32f10x_it.o
 .text.DebugMonitor
                0x00000000        0x4 D:\FbEdit\Projects\Applications\FbEdit\STM32Discovery\LCDDriver\stm32f10x_it.o
 .text.SVCHandler
                0x00000000        0x4 D:\FbEdit\Projects\Applications\FbEdit\STM32Discovery\LCDDriver\stm32f10x_it.o
 .text.PendSVC  0x00000000        0x4 D:\FbEdit\Projects\Applications\FbEdit\STM32Discovery\LCDDriver\stm32f10x_it.o
 .text.SysTickHandler
                0x00000000        0x4 D:\FbEdit\Projects\Applications\FbEdit\STM32Discovery\LCDDriver\stm32f10x_it.o
 .text.USB_HP_CAN_TX_IRQHandler
                0x00000000        0x4 D:\FbEdit\Projects\Applications\FbEdit\STM32Discovery\LCDDriver\stm32f10x_it.o
 .text.USB_LP_CAN_RX0_IRQHandler
                0x00000000        0x4 D:\FbEdit\Projects\Applications\FbEdit\STM32Discovery\LCDDriver\stm32f10x_it.o
 .text.CAN_RX1_IRQHandler
                0x00000000        0x4 D:\FbEdit\Projects\Applications\FbEdit\STM32Discovery\LCDDriver\stm32f10x_it.o
 .text.CAN_SCE_IRQHandler
                0x00000000        0x4 D:\FbEdit\Projects\Applications\FbEdit\STM32Discovery\LCDDriver\stm32f10x_it.o
 .text          0x00000000        0x0 D:\FbEdit\Projects\Applications\FbEdit\STM32Discovery\LCDDriver\stm32f10x_lib.o
 .data          0x00000000        0x0 D:\FbEdit\Projects\Applications\FbEdit\STM32Discovery\LCDDriver\stm32f10x_lib.o
 .bss           0x00000000        0x0 D:\FbEdit\Projects\Applications\FbEdit\STM32Discovery\LCDDriver\stm32f10x_lib.o
 .text          0x00000000        0x0 D:\FbEdit\Projects\Applications\FbEdit\STM32Discovery\LCDDriver\stm32f10x_nvic.o
 .data          0x00000000        0x0 D:\FbEdit\Projects\Applications\FbEdit\STM32Discovery\LCDDriver\stm32f10x_nvic.o
 .bss           0x00000000        0x0 D:\FbEdit\Projects\Applications\FbEdit\STM32Discovery\LCDDriver\stm32f10x_nvic.o
 .text.NVIC_DeInit
                0x00000000       0x40 D:\FbEdit\Projects\Applications\FbEdit\STM32Discovery\LCDDriver\stm32f10x_nvic.o
 .text.NVIC_SCBDeInit
                0x00000000       0x34 D:\FbEdit\Projects\Applications\FbEdit\STM32Discovery\LCDDriver\stm32f10x_nvic.o
 .text.NVIC_PriorityGroupConfig
                0x00000000       0x14 D:\FbEdit\Projects\Applications\FbEdit\STM32Discovery\LCDDriver\stm32f10x_nvic.o
 .text.NVIC_StructInit
                0x00000000       0x10 D:\FbEdit\Projects\Applications\FbEdit\STM32Discovery\LCDDriver\stm32f10x_nvic.o
 .text.NVIC_SETPRIMASK
                0x00000000        0x8 D:\FbEdit\Projects\Applications\FbEdit\STM32Discovery\LCDDriver\stm32f10x_nvic.o
 .text.NVIC_RESETPRIMASK
                0x00000000        0x8 D:\FbEdit\Projects\Applications\FbEdit\STM32Discovery\LCDDriver\stm32f10x_nvic.o
 .text.NVIC_SETFAULTMASK
                0x00000000        0x8 D:\FbEdit\Projects\Applications\FbEdit\STM32Discovery\LCDDriver\stm32f10x_nvic.o
 .text.NVIC_RESETFAULTMASK
                0x00000000        0x8 D:\FbEdit\Projects\Applications\FbEdit\STM32Discovery\LCDDriver\stm32f10x_nvic.o
 .text.NVIC_BASEPRICONFIG
                0x00000000        0xc D:\FbEdit\Projects\Applications\FbEdit\STM32Discovery\LCDDriver\stm32f10x_nvic.o
 .text.NVIC_GetBASEPRI
                0x00000000        0x8 D:\FbEdit\Projects\Applications\FbEdit\STM32Discovery\LCDDriver\stm32f10x_nvic.o
 .text.NVIC_GetCurrentPendingIRQChannel
                0x00000000       0x10 D:\FbEdit\Projects\Applications\FbEdit\STM32Discovery\LCDDriver\stm32f10x_nvic.o
 .text.NVIC_GetIRQChannelPendingBitStatus
                0x00000000       0x2c D:\FbEdit\Projects\Applications\FbEdit\STM32Discovery\LCDDriver\stm32f10x_nvic.o
 .text.NVIC_SetIRQChannelPendingBit
                0x00000000        0xc D:\FbEdit\Projects\Applications\FbEdit\STM32Discovery\LCDDriver\stm32f10x_nvic.o
 .text.NVIC_ClearIRQChannelPendingBit
                0x00000000       0x24 D:\FbEdit\Projects\Applications\FbEdit\STM32Discovery\LCDDriver\stm32f10x_nvic.o
 .text.NVIC_GetCurrentActiveHandler
                0x00000000       0x14 D:\FbEdit\Projects\Applications\FbEdit\STM32Discovery\LCDDriver\stm32f10x_nvic.o
 .text.NVIC_GetIRQChannelActiveBitStatus
                0x00000000       0x2c D:\FbEdit\Projects\Applications\FbEdit\STM32Discovery\LCDDriver\stm32f10x_nvic.o
 .text.NVIC_GetCPUID
                0x00000000        0xc D:\FbEdit\Projects\Applications\FbEdit\STM32Discovery\LCDDriver\stm32f10x_nvic.o
 .text.NVIC_GenerateSystemReset
                0x00000000       0x14 D:\FbEdit\Projects\Applications\FbEdit\STM32Discovery\LCDDriver\stm32f10x_nvic.o
 .text.NVIC_GenerateCoreReset
                0x00000000       0x14 D:\FbEdit\Projects\Applications\FbEdit\STM32Discovery\LCDDriver\stm32f10x_nvic.o
 .text.NVIC_SystemLPConfig
                0x00000000       0x24 D:\FbEdit\Projects\Applications\FbEdit\STM32Discovery\LCDDriver\stm32f10x_nvic.o
 .text.NVIC_SystemHandlerConfig
                0x00000000       0x30 D:\FbEdit\Projects\Applications\FbEdit\STM32Discovery\LCDDriver\stm32f10x_nvic.o
 .text.NVIC_SystemHandlerPriorityConfig
                0x00000000       0x64 D:\FbEdit\Projects\Applications\FbEdit\STM32Discovery\LCDDriver\stm32f10x_nvic.o
 .text.NVIC_GetSystemHandlerPendingBitStatus
                0x00000000       0x24 D:\FbEdit\Projects\Applications\FbEdit\STM32Discovery\LCDDriver\stm32f10x_nvic.o
 .text.NVIC_SetSystemHandlerPendingBit
                0x00000000       0x20 D:\FbEdit\Projects\Applications\FbEdit\STM32Discovery\LCDDriver\stm32f10x_nvic.o
 .text.NVIC_ClearSystemHandlerPendingBit
                0x00000000       0x24 D:\FbEdit\Projects\Applications\FbEdit\STM32Discovery\LCDDriver\stm32f10x_nvic.o
 .text.NVIC_GetSystemHandlerActiveBitStatus
                0x00000000       0x24 D:\FbEdit\Projects\Applications\FbEdit\STM32Discovery\LCDDriver\stm32f10x_nvic.o
 .text.NVIC_GetFaultHandlerSources
                0x00000000       0x48 D:\FbEdit\Projects\Applications\FbEdit\STM32Discovery\LCDDriver\stm32f10x_nvic.o
 .text.NVIC_GetFaultAddress
                0x00000000       0x14 D:\FbEdit\Projects\Applications\FbEdit\STM32Discovery\LCDDriver\stm32f10x_nvic.o
 .text          0x00000000        0x0 D:\FbEdit\Projects\Applications\FbEdit\STM32Discovery\LCDDriver\stm32f10x_rcc.o
 .data          0x00000000        0x0 D:\FbEdit\Projects\Applications\FbEdit\STM32Discovery\LCDDriver\stm32f10x_rcc.o
 .bss           0x00000000        0x0 D:\FbEdit\Projects\Applications\FbEdit\STM32Discovery\LCDDriver\stm32f10x_rcc.o
 .text.RCC_AdjustHSICalibrationValue
                0x00000000       0x18 D:\FbEdit\Projects\Applications\FbEdit\STM32Discovery\LCDDriver\stm32f10x_rcc.o
 .text.RCC_HSICmd
                0x00000000        0xc D:\FbEdit\Projects\Applications\FbEdit\STM32Discovery\LCDDriver\stm32f10x_rcc.o
 .text.RCC_ITConfig
                0x00000000       0x24 D:\FbEdit\Projects\Applications\FbEdit\STM32Discovery\LCDDriver\stm32f10x_rcc.o
 .text.RCC_USBCLKConfig
                0x00000000        0xc D:\FbEdit\Projects\Applications\FbEdit\STM32Discovery\LCDDriver\stm32f10x_rcc.o
 .text.RCC_LSEConfig
                0x00000000       0x3c D:\FbEdit\Projects\Applications\FbEdit\STM32Discovery\LCDDriver\stm32f10x_rcc.o
 .text.RCC_LSICmd
                0x00000000        0xc D:\FbEdit\Projects\Applications\FbEdit\STM32Discovery\LCDDriver\stm32f10x_rcc.o
 .text.RCC_RTCCLKConfig
                0x00000000       0x14 D:\FbEdit\Projects\Applications\FbEdit\STM32Discovery\LCDDriver\stm32f10x_rcc.o
 .text.RCC_RTCCLKCmd
                0x00000000        0xc D:\FbEdit\Projects\Applications\FbEdit\STM32Discovery\LCDDriver\stm32f10x_rcc.o
 .text.RCC_GetClocksFreq
                0x00000000       0xe0 D:\FbEdit\Projects\Applications\FbEdit\STM32Discovery\LCDDriver\stm32f10x_rcc.o
 .text.RCC_APB2PeriphResetCmd
                0x00000000       0x24 D:\FbEdit\Projects\Applications\FbEdit\STM32Discovery\LCDDriver\stm32f10x_rcc.o
 .text.RCC_APB1PeriphResetCmd
                0x00000000       0x24 D:\FbEdit\Projects\Applications\FbEdit\STM32Discovery\LCDDriver\stm32f10x_rcc.o
 .text.RCC_BackupResetCmd
                0x00000000        0xc D:\FbEdit\Projects\Applications\FbEdit\STM32Discovery\LCDDriver\stm32f10x_rcc.o
 .text.RCC_ClockSecuritySystemCmd
                0x00000000        0xc D:\FbEdit\Projects\Applications\FbEdit\STM32Discovery\LCDDriver\stm32f10x_rcc.o
 .text.RCC_MCOConfig
                0x00000000        0xc D:\FbEdit\Projects\Applications\FbEdit\STM32Discovery\LCDDriver\stm32f10x_rcc.o
 .text.RCC_ClearFlag
                0x00000000       0x14 D:\FbEdit\Projects\Applications\FbEdit\STM32Discovery\LCDDriver\stm32f10x_rcc.o
 .text.RCC_GetITStatus
                0x00000000       0x14 D:\FbEdit\Projects\Applications\FbEdit\STM32Discovery\LCDDriver\stm32f10x_rcc.o
 .text.RCC_ClearITPendingBit
                0x00000000        0xc D:\FbEdit\Projects\Applications\FbEdit\STM32Discovery\LCDDriver\stm32f10x_rcc.o
 .rodata        0x00000000       0x14 D:\FbEdit\Projects\Applications\FbEdit\STM32Discovery\LCDDriver\stm32f10x_rcc.o
 .text          0x00000000        0x0 D:\FbEdit\Projects\Applications\FbEdit\STM32Discovery\LCDDriver\stm32f10x_tim.o
 .data          0x00000000        0x0 D:\FbEdit\Projects\Applications\FbEdit\STM32Discovery\LCDDriver\stm32f10x_tim.o
 .bss           0x00000000        0x0 D:\FbEdit\Projects\Applications\FbEdit\STM32Discovery\LCDDriver\stm32f10x_tim.o
 .text.TI1_Config
                0x00000000       0x48 D:\FbEdit\Projects\Applications\FbEdit\STM32Discovery\LCDDriver\stm32f10x_tim.o
 .text.TI2_Config
                0x00000000       0x4c D:\FbEdit\Projects\Applications\FbEdit\STM32Discovery\LCDDriver\stm32f10x_tim.o
 .text.TIM_DeInit
                0x00000000      0x14c D:\FbEdit\Projects\Applications\FbEdit\STM32Discovery\LCDDriver\stm32f10x_tim.o
 .text.TIM_OC1Init
                0x00000000       0xa0 D:\FbEdit\Projects\Applications\FbEdit\STM32Discovery\LCDDriver\stm32f10x_tim.o
 .text.TIM_OC2Init
                0x00000000       0xb0 D:\FbEdit\Projects\Applications\FbEdit\STM32Discovery\LCDDriver\stm32f10x_tim.o
 .text.TIM_OC3Init
                0x00000000       0xac D:\FbEdit\Projects\Applications\FbEdit\STM32Discovery\LCDDriver\stm32f10x_tim.o
 .text.TIM_OC4Init
                0x00000000       0x8c D:\FbEdit\Projects\Applications\FbEdit\STM32Discovery\LCDDriver\stm32f10x_tim.o
 .text.TIM_BDTRConfig
                0x00000000       0x24 D:\FbEdit\Projects\Applications\FbEdit\STM32Discovery\LCDDriver\stm32f10x_tim.o
 .text.TIM_TimeBaseStructInit
                0x00000000       0x14 D:\FbEdit\Projects\Applications\FbEdit\STM32Discovery\LCDDriver\stm32f10x_tim.o
 .text.TIM_OCStructInit
                0x00000000       0x18 D:\FbEdit\Projects\Applications\FbEdit\STM32Discovery\LCDDriver\stm32f10x_tim.o
 .text.TIM_ICStructInit
                0x00000000       0x14 D:\FbEdit\Projects\Applications\FbEdit\STM32Discovery\LCDDriver\stm32f10x_tim.o
 .text.TIM_BDTRStructInit
                0x00000000       0x14 D:\FbEdit\Projects\Applications\FbEdit\STM32Discovery\LCDDriver\stm32f10x_tim.o
 .text.TIM_CtrlPWMOutputs
                0x00000000       0x28 D:\FbEdit\Projects\Applications\FbEdit\STM32Discovery\LCDDriver\stm32f10x_tim.o
 .text.TIM_GenerateEvent
                0x00000000        0x4 D:\FbEdit\Projects\Applications\FbEdit\STM32Discovery\LCDDriver\stm32f10x_tim.o
 .text.TIM_DMAConfig
                0x00000000        0x8 D:\FbEdit\Projects\Applications\FbEdit\STM32Discovery\LCDDriver\stm32f10x_tim.o
 .text.TIM_DMACmd
                0x00000000       0x18 D:\FbEdit\Projects\Applications\FbEdit\STM32Discovery\LCDDriver\stm32f10x_tim.o
 .text.TIM_InternalClockConfig
                0x00000000       0x14 D:\FbEdit\Projects\Applications\FbEdit\STM32Discovery\LCDDriver\stm32f10x_tim.o
 .text.TIM_ETRConfig
                0x00000000       0x1c D:\FbEdit\Projects\Applications\FbEdit\STM32Discovery\LCDDriver\stm32f10x_tim.o
 .text.TIM_ETRClockMode2Config
                0x00000000       0x14 D:\FbEdit\Projects\Applications\FbEdit\STM32Discovery\LCDDriver\stm32f10x_tim.o
 .text.TIM_ETRClockMode1Config
                0x00000000       0x20 D:\FbEdit\Projects\Applications\FbEdit\STM32Discovery\LCDDriver\stm32f10x_tim.o
 .text.TIM_PrescalerConfig
                0x00000000        0x8 D:\FbEdit\Projects\Applications\FbEdit\STM32Discovery\LCDDriver\stm32f10x_tim.o
 .text.TIM_CounterModeConfig
                0x00000000       0x18 D:\FbEdit\Projects\Applications\FbEdit\STM32Discovery\LCDDriver\stm32f10x_tim.o
 .text.TIM_SelectInputTrigger
                0x00000000       0x18 D:\FbEdit\Projects\Applications\FbEdit\STM32Discovery\LCDDriver\stm32f10x_tim.o
 .text.TIM_TIxExternalClockConfig
                0x00000000       0x34 D:\FbEdit\Projects\Applications\FbEdit\STM32Discovery\LCDDriver\stm32f10x_tim.o
 .text.TIM_ITRxExternalClockConfig
                0x00000000       0x14 D:\FbEdit\Projects\Applications\FbEdit\STM32Discovery\LCDDriver\stm32f10x_tim.o
 .text.TIM_EncoderInterfaceConfig
                0x00000000       0x50 D:\FbEdit\Projects\Applications\FbEdit\STM32Discovery\LCDDriver\stm32f10x_tim.o
 .text.TIM_ForcedOC1Config
                0x00000000       0x18 D:\FbEdit\Projects\Applications\FbEdit\STM32Discovery\LCDDriver\stm32f10x_tim.o
 .text.TIM_ForcedOC2Config
                0x00000000       0x18 D:\FbEdit\Projects\Applications\FbEdit\STM32Discovery\LCDDriver\stm32f10x_tim.o
 .text.TIM_ForcedOC3Config
                0x00000000       0x18 D:\FbEdit\Projects\Applications\FbEdit\STM32Discovery\LCDDriver\stm32f10x_tim.o
 .text.TIM_ForcedOC4Config
                0x00000000       0x18 D:\FbEdit\Projects\Applications\FbEdit\STM32Discovery\LCDDriver\stm32f10x_tim.o
 .text.TIM_ARRPreloadConfig
                0x00000000       0x20 D:\FbEdit\Projects\Applications\FbEdit\STM32Discovery\LCDDriver\stm32f10x_tim.o
 .text.TIM_SelectCOM
                0x00000000       0x20 D:\FbEdit\Projects\Applications\FbEdit\STM32Discovery\LCDDriver\stm32f10x_tim.o
 .text.TIM_SelectCCDMA
                0x00000000       0x20 D:\FbEdit\Projects\Applications\FbEdit\STM32Discovery\LCDDriver\stm32f10x_tim.o
 .text.TIM_CCPreloadControl
                0x00000000       0x20 D:\FbEdit\Projects\Applications\FbEdit\STM32Discovery\LCDDriver\stm32f10x_tim.o
 .text.TIM_OC1PreloadConfig
                0x00000000       0x18 D:\FbEdit\Projects\Applications\FbEdit\STM32Discovery\LCDDriver\stm32f10x_tim.o
 .text.TIM_OC2PreloadConfig
                0x00000000       0x18 D:\FbEdit\Projects\Applications\FbEdit\STM32Discovery\LCDDriver\stm32f10x_tim.o
 .text.TIM_OC3PreloadConfig
                0x00000000       0x18 D:\FbEdit\Projects\Applications\FbEdit\STM32Discovery\LCDDriver\stm32f10x_tim.o
 .text.TIM_OC4PreloadConfig
                0x00000000       0x18 D:\FbEdit\Projects\Applications\FbEdit\STM32Discovery\LCDDriver\stm32f10x_tim.o
 .text.TIM_OC1FastConfig
                0x00000000       0x18 D:\FbEdit\Projects\Applications\FbEdit\STM32Discovery\LCDDriver\stm32f10x_tim.o
 .text.TIM_OC2FastConfig
                0x00000000       0x18 D:\FbEdit\Projects\Applications\FbEdit\STM32Discovery\LCDDriver\stm32f10x_tim.o
 .text.TIM_OC3FastConfig
                0x00000000       0x18 D:\FbEdit\Projects\Applications\FbEdit\STM32Discovery\LCDDriver\stm32f10x_tim.o
 .text.TIM_OC4FastConfig
                0x00000000       0x18 D:\FbEdit\Projects\Applications\FbEdit\STM32Discovery\LCDDriver\stm32f10x_tim.o
 .text.TIM_ClearOC1Ref
                0x00000000       0x18 D:\FbEdit\Projects\Applications\FbEdit\STM32Discovery\LCDDriver\stm32f10x_tim.o
 .text.TIM_ClearOC2Ref
                0x00000000       0x14 D:\FbEdit\Projects\Applications\FbEdit\STM32Discovery\LCDDriver\stm32f10x_tim.o
 .text.TIM_ClearOC3Ref
                0x00000000       0x18 D:\FbEdit\Projects\Applications\FbEdit\STM32Discovery\LCDDriver\stm32f10x_tim.o
 .text.TIM_ClearOC4Ref
                0x00000000       0x14 D:\FbEdit\Projects\Applications\FbEdit\STM32Discovery\LCDDriver\stm32f10x_tim.o
 .text.TIM_OC1PolarityConfig
                0x00000000       0x18 D:\FbEdit\Projects\Applications\FbEdit\STM32Discovery\LCDDriver\stm32f10x_tim.o
 .text.TIM_OC1NPolarityConfig
                0x00000000       0x18 D:\FbEdit\Projects\Applications\FbEdit\STM32Discovery\LCDDriver\stm32f10x_tim.o
 .text.TIM_OC2PolarityConfig
                0x00000000       0x18 D:\FbEdit\Projects\Applications\FbEdit\STM32Discovery\LCDDriver\stm32f10x_tim.o
 .text.TIM_OC2NPolarityConfig
                0x00000000       0x18 D:\FbEdit\Projects\Applications\FbEdit\STM32Discovery\LCDDriver\stm32f10x_tim.o
 .text.TIM_OC3PolarityConfig
                0x00000000       0x18 D:\FbEdit\Projects\Applications\FbEdit\STM32Discovery\LCDDriver\stm32f10x_tim.o
 .text.TIM_OC3NPolarityConfig
                0x00000000       0x18 D:\FbEdit\Projects\Applications\FbEdit\STM32Discovery\LCDDriver\stm32f10x_tim.o
 .text.TIM_OC4PolarityConfig
                0x00000000       0x18 D:\FbEdit\Projects\Applications\FbEdit\STM32Discovery\LCDDriver\stm32f10x_tim.o
 .text.TIM_CCxCmd
                0x00000000       0x28 D:\FbEdit\Projects\Applications\FbEdit\STM32Discovery\LCDDriver\stm32f10x_tim.o
 .text.TIM_CCxNCmd
                0x00000000       0x28 D:\FbEdit\Projects\Applications\FbEdit\STM32Discovery\LCDDriver\stm32f10x_tim.o
 .text.TIM_SelectOCxM
                0x00000000       0x70 D:\FbEdit\Projects\Applications\FbEdit\STM32Discovery\LCDDriver\stm32f10x_tim.o
 .text.TIM_UpdateDisableConfig
                0x00000000       0x20 D:\FbEdit\Projects\Applications\FbEdit\STM32Discovery\LCDDriver\stm32f10x_tim.o
 .text.TIM_UpdateRequestConfig
                0x00000000       0x20 D:\FbEdit\Projects\Applications\FbEdit\STM32Discovery\LCDDriver\stm32f10x_tim.o
 .text.TIM_SelectHallSensor
                0x00000000       0x20 D:\FbEdit\Projects\Applications\FbEdit\STM32Discovery\LCDDriver\stm32f10x_tim.o
 .text.TIM_SelectOnePulseMode
                0x00000000       0x1c D:\FbEdit\Projects\Applications\FbEdit\STM32Discovery\LCDDriver\stm32f10x_tim.o
 .text.TIM_SelectOutputTrigger
                0x00000000       0x1c D:\FbEdit\Projects\Applications\FbEdit\STM32Discovery\LCDDriver\stm32f10x_tim.o
 .text.TIM_SelectSlaveMode
                0x00000000       0x1c D:\FbEdit\Projects\Applications\FbEdit\STM32Discovery\LCDDriver\stm32f10x_tim.o
 .text.TIM_SelectMasterSlaveMode
                0x00000000       0x1c D:\FbEdit\Projects\Applications\FbEdit\STM32Discovery\LCDDriver\stm32f10x_tim.o
 .text.TIM_SetCounter
                0x00000000        0x4 D:\FbEdit\Projects\Applications\FbEdit\STM32Discovery\LCDDriver\stm32f10x_tim.o
 .text.TIM_SetAutoreload
                0x00000000        0x4 D:\FbEdit\Projects\Applications\FbEdit\STM32Discovery\LCDDriver\stm32f10x_tim.o
 .text.TIM_SetCompare1
                0x00000000        0x4 D:\FbEdit\Projects\Applications\FbEdit\STM32Discovery\LCDDriver\stm32f10x_tim.o
 .text.TIM_SetCompare2
                0x00000000        0x4 D:\FbEdit\Projects\Applications\FbEdit\STM32Discovery\LCDDriver\stm32f10x_tim.o
 .text.TIM_SetCompare3
                0x00000000        0x4 D:\FbEdit\Projects\Applications\FbEdit\STM32Discovery\LCDDriver\stm32f10x_tim.o
 .text.TIM_SetCompare4
                0x00000000        0x8 D:\FbEdit\Projects\Applications\FbEdit\STM32Discovery\LCDDriver\stm32f10x_tim.o
 .text.TIM_SetIC1Prescaler
                0x00000000       0x1c D:\FbEdit\Projects\Applications\FbEdit\STM32Discovery\LCDDriver\stm32f10x_tim.o
 .text.TIM_SetIC2Prescaler
                0x00000000       0x20 D:\FbEdit\Projects\Applications\FbEdit\STM32Discovery\LCDDriver\stm32f10x_tim.o
 .text.TIM_PWMIConfig
                0x00000000       0x68 D:\FbEdit\Projects\Applications\FbEdit\STM32Discovery\LCDDriver\stm32f10x_tim.o
 .text.TIM_SetIC3Prescaler
                0x00000000       0x1c D:\FbEdit\Projects\Applications\FbEdit\STM32Discovery\LCDDriver\stm32f10x_tim.o
 .text.TIM_SetIC4Prescaler
                0x00000000       0x20 D:\FbEdit\Projects\Applications\FbEdit\STM32Discovery\LCDDriver\stm32f10x_tim.o
 .text.TIM_ICInit
                0x00000000       0xe0 D:\FbEdit\Projects\Applications\FbEdit\STM32Discovery\LCDDriver\stm32f10x_tim.o
 .text.TIM_SetClockDivision
                0x00000000       0x14 D:\FbEdit\Projects\Applications\FbEdit\STM32Discovery\LCDDriver\stm32f10x_tim.o
 .text.TIM_GetCapture1
                0x00000000        0x8 D:\FbEdit\Projects\Applications\FbEdit\STM32Discovery\LCDDriver\stm32f10x_tim.o
 .text.TIM_GetCapture2
                0x00000000        0x8 D:\FbEdit\Projects\Applications\FbEdit\STM32Discovery\LCDDriver\stm32f10x_tim.o
 .text.TIM_GetCapture3
                0x00000000        0x8 D:\FbEdit\Projects\Applications\FbEdit\STM32Discovery\LCDDriver\stm32f10x_tim.o
 .text.TIM_GetCapture4
                0x00000000        0x8 D:\FbEdit\Projects\Applications\FbEdit\STM32Discovery\LCDDriver\stm32f10x_tim.o
 .text.TIM_GetCounter
                0x00000000        0x8 D:\FbEdit\Projects\Applications\FbEdit\STM32Discovery\LCDDriver\stm32f10x_tim.o
 .text.TIM_GetPrescaler
                0x00000000        0x8 D:\FbEdit\Projects\Applications\FbEdit\STM32Discovery\LCDDriver\stm32f10x_tim.o
 .text.TIM_GetFlagStatus
                0x00000000        0xc D:\FbEdit\Projects\Applications\FbEdit\STM32Discovery\LCDDriver\stm32f10x_tim.o
 .text.TIM_ClearFlag
                0x00000000        0xc D:\FbEdit\Projects\Applications\FbEdit\STM32Discovery\LCDDriver\stm32f10x_tim.o
 .text.TIM_GetITStatus
                0x00000000       0x18 D:\FbEdit\Projects\Applications\FbEdit\STM32Discovery\LCDDriver\stm32f10x_tim.o
 .text          0x00000000        0x0 D:\FbEdit\Projects\Applications\FbEdit\STM32Discovery\LCDDriver\stm32f10x_dma.o
 .data          0x00000000        0x0 D:\FbEdit\Projects\Applications\FbEdit\STM32Discovery\LCDDriver\stm32f10x_dma.o
 .bss           0x00000000        0x0 D:\FbEdit\Projects\Applications\FbEdit\STM32Discovery\LCDDriver\stm32f10x_dma.o
 .text.DMA_StructInit
                0x00000000       0x1c D:\FbEdit\Projects\Applications\FbEdit\STM32Discovery\LCDDriver\stm32f10x_dma.o
 .text.DMA_Cmd  0x00000000       0x18 D:\FbEdit\Projects\Applications\FbEdit\STM32Discovery\LCDDriver\stm32f10x_dma.o
 .text.DMA_ITConfig
                0x00000000       0x14 D:\FbEdit\Projects\Applications\FbEdit\STM32Discovery\LCDDriver\stm32f10x_dma.o
 .text.DMA_GetCurrDataCounter
                0x00000000        0x8 D:\FbEdit\Projects\Applications\FbEdit\STM32Discovery\LCDDriver\stm32f10x_dma.o
 .text.DMA_GetFlagStatus
                0x00000000       0x1c D:\FbEdit\Projects\Applications\FbEdit\STM32Discovery\LCDDriver\stm32f10x_dma.o
 .text.DMA_ClearFlag
                0x00000000       0x14 D:\FbEdit\Projects\Applications\FbEdit\STM32Discovery\LCDDriver\stm32f10x_dma.o
 .text.DMA_GetITStatus
                0x00000000       0x1c D:\FbEdit\Projects\Applications\FbEdit\STM32Discovery\LCDDriver\stm32f10x_dma.o
 .text.DMA_ClearITPendingBit
                0x00000000       0x14 D:\FbEdit\Projects\Applications\FbEdit\STM32Discovery\LCDDriver\stm32f10x_dma.o
 .text          0x00000000        0x0 D:\FbEdit\Projects\Applications\FbEdit\STM32Discovery\LCDDriver\stm32f10x_spi.o
 .data          0x00000000        0x0 D:\FbEdit\Projects\Applications\FbEdit\STM32Discovery\LCDDriver\stm32f10x_spi.o
 .bss           0x00000000        0x0 D:\FbEdit\Projects\Applications\FbEdit\STM32Discovery\LCDDriver\stm32f10x_spi.o
 .text.SPI_I2S_DeInit
                0x00000000       0x78 D:\FbEdit\Projects\Applications\FbEdit\STM32Discovery\LCDDriver\stm32f10x_spi.o
 .text.I2S_Init
                0x00000000       0xbc D:\FbEdit\Projects\Applications\FbEdit\STM32Discovery\LCDDriver\stm32f10x_spi.o
 .text.SPI_StructInit
                0x00000000       0x1c D:\FbEdit\Projects\Applications\FbEdit\STM32Discovery\LCDDriver\stm32f10x_spi.o
 .text.I2S_StructInit
                0x00000000       0x18 D:\FbEdit\Projects\Applications\FbEdit\STM32Discovery\LCDDriver\stm32f10x_spi.o
 .text.I2S_Cmd  0x00000000       0x20 D:\FbEdit\Projects\Applications\FbEdit\STM32Discovery\LCDDriver\stm32f10x_spi.o
 .text.SPI_I2S_ITConfig
                0x00000000       0x28 D:\FbEdit\Projects\Applications\FbEdit\STM32Discovery\LCDDriver\stm32f10x_spi.o
 .text.SPI_I2S_SendData
                0x00000000        0x4 D:\FbEdit\Projects\Applications\FbEdit\STM32Discovery\LCDDriver\stm32f10x_spi.o
 .text.SPI_I2S_ReceiveData
                0x00000000        0x8 D:\FbEdit\Projects\Applications\FbEdit\STM32Discovery\LCDDriver\stm32f10x_spi.o
 .text.SPI_NSSInternalSoftwareConfig
                0x00000000       0x20 D:\FbEdit\Projects\Applications\FbEdit\STM32Discovery\LCDDriver\stm32f10x_spi.o
 .text.SPI_SSOutputCmd
                0x00000000       0x20 D:\FbEdit\Projects\Applications\FbEdit\STM32Discovery\LCDDriver\stm32f10x_spi.o
 .text.SPI_DataSizeConfig
                0x00000000       0x1c D:\FbEdit\Projects\Applications\FbEdit\STM32Discovery\LCDDriver\stm32f10x_spi.o
 .text.SPI_TransmitCRC
                0x00000000        0xc D:\FbEdit\Projects\Applications\FbEdit\STM32Discovery\LCDDriver\stm32f10x_spi.o
 .text.SPI_CalculateCRC
                0x00000000       0x20 D:\FbEdit\Projects\Applications\FbEdit\STM32Discovery\LCDDriver\stm32f10x_spi.o
 .text.SPI_GetCRC
                0x00000000       0x10 D:\FbEdit\Projects\Applications\FbEdit\STM32Discovery\LCDDriver\stm32f10x_spi.o
 .text.SPI_GetCRCPolynomial
                0x00000000        0x8 D:\FbEdit\Projects\Applications\FbEdit\STM32Discovery\LCDDriver\stm32f10x_spi.o
 .text.SPI_BiDirectionalLineConfig
                0x00000000       0x1c D:\FbEdit\Projects\Applications\FbEdit\STM32Discovery\LCDDriver\stm32f10x_spi.o
 .text.SPI_I2S_GetFlagStatus
                0x00000000        0xc D:\FbEdit\Projects\Applications\FbEdit\STM32Discovery\LCDDriver\stm32f10x_spi.o
 .text.SPI_I2S_ClearFlag
                0x00000000        0xc D:\FbEdit\Projects\Applications\FbEdit\STM32Discovery\LCDDriver\stm32f10x_spi.o
 .text.SPI_I2S_GetITStatus
                0x00000000       0x34 D:\FbEdit\Projects\Applications\FbEdit\STM32Discovery\LCDDriver\stm32f10x_spi.o
 .text.SPI_I2S_ClearITPendingBit
                0x00000000       0x18 D:\FbEdit\Projects\Applications\FbEdit\STM32Discovery\LCDDriver\stm32f10x_spi.o
 .text          0x00000000        0x0 D:\Ride\Ride\Lib\ARM\STM32x_io_putchar_thumb.a(STM32F10X_io_putchar.o)
 .data          0x00000000        0x0 D:\Ride\Ride\Lib\ARM\STM32x_io_putchar_thumb.a(STM32F10X_io_putchar.o)
 .bss           0x00000000        0x0 D:\Ride\Ride\Lib\ARM\STM32x_io_putchar_thumb.a(STM32F10X_io_putchar.o)
 .text.__io_init
                0x00000000       0x94 D:\Ride\Ride\Lib\ARM\STM32x_io_putchar_thumb.a(STM32F10X_io_putchar.o)
 .text.__io_getchar
                0x00000000       0xb4 D:\Ride\Ride\Lib\ARM\STM32x_io_putchar_thumb.a(STM32F10X_io_putchar.o)
 .text.getchar  0x00000000       0xb4 D:\Ride\Ride\Lib\ARM\STM32x_io_putchar_thumb.a(STM32F10X_io_putchar.o)
 .text.putchar  0x00000000       0xd4 D:\Ride\Ride\Lib\ARM\STM32x_io_putchar_thumb.a(STM32F10X_io_putchar.o)
 .text          0x00000000        0x0 D:\Ride\Ride\Lib\ARM\std_sbrk_thumb.lib(write.o)
 .data          0x00000000        0x0 D:\Ride\Ride\Lib\ARM\std_sbrk_thumb.lib(write.o)
 .bss           0x00000000        0x0 D:\Ride\Ride\Lib\ARM\std_sbrk_thumb.lib(write.o)

Memory Configuration

Name             Origin             Length             Attributes
RAM              0x20000000         0x00002000         xrw
FLASH            0x08000000         0x00010000         xr
STARTFLASH       0x00000000         0x00000000         xr
CRPPATCH         0x00000000         0x00000000         r
FLASHPATCH       0x00000000         0x00000000         r
ENDFLASH         0x00000000         0x00000000         xr
FLASHB1          0x00000000         0x00000000         xr
EXTMEMB0         0x00000000         0x00000000         xr
EXTMEMB1         0x00000000         0x00000000         xr
EXTMEMB2         0x00000000         0x00000000         xr
EXTMEMB3         0x00000000         0x00000000         xr
*default*        0x00000000         0xffffffff

Linker script and memory map

LOAD \FbEdit\Projects\Applications\FbEdit\STM32Discovery\LCDDriver\startup_stm32f10x_hd.o
LOAD D:\FbEdit\Projects\Applications\FbEdit\STM32Discovery\LCDDriver\main.o
LOAD D:\FbEdit\Projects\Applications\FbEdit\STM32Discovery\LCDDriver\stm32f10x_flash.o
LOAD D:\FbEdit\Projects\Applications\FbEdit\STM32Discovery\LCDDriver\stm32f10x_gpio.o
LOAD D:\FbEdit\Projects\Applications\FbEdit\STM32Discovery\LCDDriver\stm32f10x_it.o
LOAD D:\FbEdit\Projects\Applications\FbEdit\STM32Discovery\LCDDriver\stm32f10x_lib.o
LOAD D:\FbEdit\Projects\Applications\FbEdit\STM32Discovery\LCDDriver\stm32f10x_nvic.o
LOAD D:\FbEdit\Projects\Applications\FbEdit\STM32Discovery\LCDDriver\stm32f10x_rcc.o
LOAD D:\FbEdit\Projects\Applications\FbEdit\STM32Discovery\LCDDriver\stm32f10x_tim.o
LOAD D:\FbEdit\Projects\Applications\FbEdit\STM32Discovery\LCDDriver\stm32f10x_dma.o
LOAD D:\FbEdit\Projects\Applications\FbEdit\STM32Discovery\LCDDriver\stm32f10x_spi.o
START GROUP
LOAD D:\Ride\Ride\Lib\ARM\STM32x_io_putchar_thumb.a
LOAD D:\Ride\Ride\Lib\ARM\std_sbrk_thumb.lib
LOAD D:\Ride\Ride\Lib\ARM\smallprintf_thumb.a
LOAD d:/ride/ride/arm-gcc/bin/../lib/gcc/arm-none-eabi/4.5.1/../../../../arm-none-eabi/lib/thumb2\libc.a
LOAD d:/ride/ride/arm-gcc/bin/../lib/gcc/arm-none-eabi/4.5.1/../../../../arm-none-eabi/lib/thumb2\libm.a
END GROUP
                0x00000400                __Stack_Size = 0x400
                0x00000400                PROVIDE (_Stack_Size, __Stack_Size)
                0x20001c00                __Stack_Init = (_estack - __Stack_Size)
                0x20001c00                PROVIDE (_Stack_Init, __Stack_Init)
                0x00000100                _Minimum_Stack_Size = 0x100
                0x00000000                PROVIDE (Undefined_Handler, 0x0)
                0x00000000                PROVIDE (SWI_Handler, 0x0)
                0x00000000                PROVIDE (IRQ_Handler, 0x0)
                0x00000000                PROVIDE (Prefetch_Handler, 0x0)
                0x00000000                PROVIDE (Abort_Handler, 0x0)
                0x00000000                PROVIDE (FIQ_Handler, 0x0)
                0x00000000                PROVIDE (NMIException, 0x0)
                0x00000000                PROVIDE (NMI_Handler, 0x0)
                0x00000000                PROVIDE (HardFaultException, 0x0)
                0x00000000                PROVIDE (HardFault_Handler, 0x0)
                0x00000000                PROVIDE (MemManageException, 0x0)
                0x00000000                PROVIDE (MemManage_Handler, 0x0)
                0x00000000                PROVIDE (BusFaultException, 0x0)
                0x00000000                PROVIDE (BusFault_Handler, 0x0)
                0x00000000                PROVIDE (UsageFaultException, 0x0)
                0x00000000                PROVIDE (UsageFault_Handler, 0x0)
                0x00000000                PROVIDE (SVCHandler, 0x0)
                0x00000000                PROVIDE (SVC_Handler, 0x0)
                0x00000000                PROVIDE (DebugMonitor, 0x0)
                0x00000000                PROVIDE (DebugMon_Handler, 0x0)
                0x00000000                PROVIDE (PendSVC, 0x0)
                0x00000000                PROVIDE (PendSV_Handler, 0x0)
                0x00000000                PROVIDE (SysTickHandler, 0x0)
                0x00000000                PROVIDE (SysTick_Handler, 0x0)
                0x00000000                PROVIDE (WWDG_IRQHandler, 0x0)
                0x00000000                PROVIDE (PVD_IRQHandler, 0x0)
                0x00000000                PROVIDE (TAMPER_IRQHandler, 0x0)
                0x00000000                PROVIDE (RTC_IRQHandler, 0x0)
                0x00000000                PROVIDE (FLASH_IRQHandler, 0x0)
                0x00000000                PROVIDE (RCC_IRQHandler, 0x0)
                0x00000000                PROVIDE (EXTI0_IRQHandler, 0x0)
                0x00000000                PROVIDE (EXTI1_IRQHandler, 0x0)
                0x00000000                PROVIDE (EXTI2_IRQHandler, 0x0)
                0x00000000                PROVIDE (EXTI3_IRQHandler, 0x0)
                0x00000000                PROVIDE (EXTI4_IRQHandler, 0x0)
                0x00000000                PROVIDE (DMAChannel1_IRQHandler, 0x0)
                0x00000000                PROVIDE (DMAChannel2_IRQHandler, 0x0)
                0x00000000                PROVIDE (DMAChannel3_IRQHandler, 0x0)
                0x00000000                PROVIDE (DMAChannel4_IRQHandler, 0x0)
                0x00000000                PROVIDE (DMAChannel5_IRQHandler, 0x0)
                0x00000000                PROVIDE (DMAChannel6_IRQHandler, 0x0)
                0x00000000                PROVIDE (DMAChannel7_IRQHandler, 0x0)
                0x00000000                PROVIDE (DMA1_Channel1_IRQHandler, 0x0)
                0x00000000                PROVIDE (DMA1_Channel2_IRQHandler, 0x0)
                0x00000000                PROVIDE (DMA1_Channel3_IRQHandler, 0x0)
                0x00000000                PROVIDE (DMA1_Channel4_IRQHandler, 0x0)
                0x00000000                PROVIDE (DMA1_Channel5_IRQHandler, 0x0)
                0x00000000                PROVIDE (DMA1_Channel6_IRQHandler, 0x0)
                0x00000000                PROVIDE (DMA1_Channel7_IRQHandler, 0x0)
                0x00000000                PROVIDE (ADC_IRQHandler, 0x0)
                0x00000000                PROVIDE (ADC1_2_IRQHandler, 0x0)
                0x00000000                PROVIDE (USB_HP_CAN_TX_IRQHandler, 0x0)
                0x00000000                PROVIDE (USB_HP_CAN1_TX_IRQHandler, 0x0)
                0x00000000                PROVIDE (USB_LP_CAN_RX0_IRQHandler, 0x0)
                0x00000000                PROVIDE (USB_LP_CAN1_RX0_IRQHandler, 0x0)
                0x00000000                PROVIDE (CAN_RX1_IRQHandler, 0x0)
                0x00000000                PROVIDE (CAN1_RX1_IRQHandler, 0x0)
                0x00000000                PROVIDE (CAN_SCE_IRQHandler, 0x0)
                0x00000000                PROVIDE (CAN1_SCE_IRQHandler, 0x0)
                0x00000000                PROVIDE (EXTI9_5_IRQHandler, 0x0)
                0x00000000                PROVIDE (TIM1_BRK_IRQHandler, 0x0)
                0x00000000                PROVIDE (TIM1_UP_IRQHandler, 0x0)
                0x00000000                PROVIDE (TIM1_TRG_COM_IRQHandler, 0x0)
                0x00000000                PROVIDE (TIM1_CC_IRQHandler, 0x0)
                0x00000000                PROVIDE (TIM2_IRQHandler, 0x0)
                0x00000000                PROVIDE (TIM3_IRQHandler, 0x0)
                0x00000000                PROVIDE (TIM4_IRQHandler, 0x0)
                0x00000000                PROVIDE (I2C1_EV_IRQHandler, 0x0)
                0x00000000                PROVIDE (I2C1_ER_IRQHandler, 0x0)
                0x00000000                PROVIDE (I2C2_EV_IRQHandler, 0x0)
                0x00000000                PROVIDE (I2C2_ER_IRQHandler, 0x0)
                0x00000000                PROVIDE (SPI1_IRQHandler, 0x0)
                0x00000000                PROVIDE (SPI2_IRQHandler, 0x0)
                0x00000000                PROVIDE (USART1_IRQHandler, 0x0)
                0x00000000                PROVIDE (USART2_IRQHandler, 0x0)
                0x00000000                PROVIDE (USART3_IRQHandler, 0x0)
                0x00000000                PROVIDE (EXTI15_10_IRQHandler, 0x0)
                0x00000000                PROVIDE (RTCAlarm_IRQHandler, 0x0)
                0x00000000                PROVIDE (USBWakeUp_IRQHandler, 0x0)
                0x00000000                PROVIDE (TIM8_BRK_IRQHandler, 0x0)
                0x00000000                PROVIDE (TIM8_UP_IRQHandler, 0x0)
                0x00000000                PROVIDE (TIM8_TRG_COM_IRQHandler, 0x0)
                0x00000000                PROVIDE (TIM8_CC_IRQHandler, 0x0)
                0x00000000                PROVIDE (ADC3_IRQHandler, 0x0)
                0x00000000                PROVIDE (FSMC_IRQHandler, 0x0)
                0x00000000                PROVIDE (SDIO_IRQHandler, 0x0)
                0x00000000                PROVIDE (TIM5_IRQHandler, 0x0)
                0x00000000                PROVIDE (SPI3_IRQHandler, 0x0)
                0x00000000                PROVIDE (UART4_IRQHandler, 0x0)
                0x00000000                PROVIDE (UART5_IRQHandler, 0x0)
                0x00000000                PROVIDE (TIM6_IRQHandler, 0x0)
                0x00000000                PROVIDE (TIM7_IRQHandler, 0x0)
                0x00000000                PROVIDE (DMA2_Channel1_IRQHandler, 0x0)
                0x00000000                PROVIDE (DMA2_Channel2_IRQHandler, 0x0)
                0x00000000                PROVIDE (DMA2_Channel3_IRQHandler, 0x0)
                0x00000000                PROVIDE (DMA2_Channel4_5_IRQHandler, 0x0)
                0x42000000                PERIPH_BB_BASE = 0x42000000
                0x22000000                SRAM_BB_BASE = 0x22000000
                0x20000000                SRAM_BASE = 0x20000000
                0x40000000                PERIPH_BASE = 0x40000000
                0x40022000                PROVIDE (FLASH_BASE, 0x40022000)
                0x1ffff800                PROVIDE (OB_BASE, 0x1ffff800)
                0x40000000                APB1PERIPH_BASE = PERIPH_BASE
                0x40010000                APB2PERIPH_BASE = (PERIPH_BASE + 0x10000)
                0x40020000                AHBPERIPH_BASE = (PERIPH_BASE + 0x20000)
                0x40000000                PROVIDE (TIM2, (APB1PERIPH_BASE + 0x0))
                0x40000400                PROVIDE (TIM3, (APB1PERIPH_BASE + 0x400))
                0x40000800                PROVIDE (TIM4, (APB1PERIPH_BASE + 0x800))
                0x40002800                PROVIDE (RTC, (APB1PERIPH_BASE + 0x2800))
                0x40002c00                PROVIDE (WWDG, (APB1PERIPH_BASE + 0x2c00))
                0x40003000                PROVIDE (IWDG, (APB1PERIPH_BASE + 0x3000))
                0x40003800                PROVIDE (SPI2, (APB1PERIPH_BASE + 0x3800))
                0x40004400                PROVIDE (USART2, (APB1PERIPH_BASE + 0x4400))
                0x40004800                PROVIDE (USART3, (APB1PERIPH_BASE + 0x4800))
                0x40005400                PROVIDE (I2C1, (APB1PERIPH_BASE + 0x5400))
                0x40005800                PROVIDE (I2C2, (APB1PERIPH_BASE + 0x5800))
                0x40006400                PROVIDE (CAN, (APB1PERIPH_BASE + 0x6400))
                0x40006c00                PROVIDE (BKP, (APB1PERIPH_BASE + 0x6c00))
                0x40007000                PROVIDE (PWR, (APB1PERIPH_BASE + 0x7000))
                0x40010000                PROVIDE (AFIO, (APB2PERIPH_BASE + 0x0))
                0x40010400                PROVIDE (EXTI, (APB2PERIPH_BASE + 0x400))
                0x40010800                PROVIDE (GPIOA, (APB2PERIPH_BASE + 0x800))
                0x40010c00                PROVIDE (GPIOB, (APB2PERIPH_BASE + 0xc00))
                0x40011000                PROVIDE (GPIOC, (APB2PERIPH_BASE + 0x1000))
                0x40011400                PROVIDE (GPIOD, (APB2PERIPH_BASE + 0x1400))
                0x40011800                PROVIDE (GPIOE, (APB2PERIPH_BASE + 0x1800))
                0x40012400                PROVIDE (ADC1, (APB2PERIPH_BASE + 0x2400))
                0x40012800                PROVIDE (ADC2, (APB2PERIPH_BASE + 0x2800))
                0x40012c00                PROVIDE (TIM1, (APB2PERIPH_BASE + 0x2c00))
                0x40013000                PROVIDE (SPI1, (APB2PERIPH_BASE + 0x3000))
                0x40013800                PROVIDE (USART1, (APB2PERIPH_BASE + 0x3800))
                0x40020000                PROVIDE (DMA, (AHBPERIPH_BASE + 0x0))
                0x40020008                PROVIDE (DMA_Channel1, (AHBPERIPH_BASE + 0x8))
                0x4002001c                PROVIDE (DMA_Channel2, (AHBPERIPH_BASE + 0x1c))
                0x40020030                PROVIDE (DMA_Channel3, (AHBPERIPH_BASE + 0x30))
                0x40020044                PROVIDE (DMA_Channel4, (AHBPERIPH_BASE + 0x44))
                0x40020058                PROVIDE (DMA_Channel5, (AHBPERIPH_BASE + 0x58))
                0x4002006c                PROVIDE (DMA_Channel6, (AHBPERIPH_BASE + 0x6c))
                0x40020080                PROVIDE (DMA_Channel7, (AHBPERIPH_BASE + 0x80))
                0x40021000                PROVIDE (RCC, (AHBPERIPH_BASE + 0x1000))
                0xe000e000                SCS_BASE = 0xe000e000
                0xe000e010                PROVIDE (SysTick, (SCS_BASE + 0x10))
                0xe000e100                PROVIDE (NVIC, (SCS_BASE + 0x100))
                0xe000ed00                PROVIDE (SCB, (SCS_BASE + 0xd00))
                0x20002000                _estack = 0x20002000

.isr_vector     0x08000000      0x1e4
                0x08000000                . = ALIGN (0x4)
 *(.isr_vector)
 .isr_vector    0x08000000      0x1e4 \FbEdit\Projects\Applications\FbEdit\STM32Discovery\LCDDriver\startup_stm32f10x_hd.o
                0x08000000                g_pfnVectors
                0x080001e4                . = ALIGN (0x4)

.flash_start    0x00000000        0x0
                0x00000000                . = ALIGN (0x4)
 *(.flash_start)
 *(.flash_start.*)
                0x00000000                . = ALIGN (0x4)

.crp_patch      0x00000000        0x0
                0x00000000                . = ALIGN (0x4)
 *(.crp_patch)
                0x00000000                . = ALIGN (0x4)

.flashtext      0x080001e4        0x0
                0x080001e4                . = ALIGN (0x4)
 *(.flashtext)
                0x080001e4                . = ALIGN (0x4)

.text           0x080001e4      0xe44
                0x080001e4                . = ALIGN (0x4)
 *(.text)
 *(.text.*)
 .text.Reset_Handler
                0x080001e4       0x50 \FbEdit\Projects\Applications\FbEdit\STM32Discovery\LCDDriver\startup_stm32f10x_hd.o
                0x080001e4                Reset_Handler
 .text.SystemInit_ExtMemCtl_Dummy
                0x08000234        0x2 \FbEdit\Projects\Applications\FbEdit\STM32Discovery\LCDDriver\startup_stm32f10x_hd.o
                0x08000234                SystemInit_ExtMemCtl
                0x08000234                SystemInit_ExtMemCtl_Dummy
 .text.Default_Handler
                0x08000236        0x2 \FbEdit\Projects\Applications\FbEdit\STM32Discovery\LCDDriver\startup_stm32f10x_hd.o
                0x08000236                DebugMon_Handler
                0x08000236                HardFault_Handler
                0x08000236                SysTick_Handler
                0x08000236                PendSV_Handler
                0x08000236                NMI_Handler
                0x08000236                UsageFault_Handler
                0x08000236                CAN1_RX1_IRQHandler
                0x08000236                Default_Handler
                0x08000236                MemManage_Handler
                0x08000236                SVC_Handler
                0x08000236                USB_LP_CAN1_RX0_IRQHandler
                0x08000236                USB_HP_CAN1_TX_IRQHandler
                0x08000236                CAN1_SCE_IRQHandler
                0x08000236                BusFault_Handler
 .text.MakeVideoLine
                0x08000238       0x70 D:\FbEdit\Projects\Applications\FbEdit\STM32Discovery\LCDDriver\main.o
                0x08000238                MakeVideoLine
 .text.TIM3_IRQHandler
                0x080002a8       0x58 D:\FbEdit\Projects\Applications\FbEdit\STM32Discovery\LCDDriver\main.o
                0x080002a8                TIM3_IRQHandler
 .text.RCC_Configuration
                0x08000300       0xa8 D:\FbEdit\Projects\Applications\FbEdit\STM32Discovery\LCDDriver\main.o
                0x08000300                RCC_Configuration
 .text.GPIO_Configuration
                0x080003a8       0x74 D:\FbEdit\Projects\Applications\FbEdit\STM32Discovery\LCDDriver\main.o
                0x080003a8                GPIO_Configuration
 .text.NVIC_Configuration
                0x0800041c       0x5c D:\FbEdit\Projects\Applications\FbEdit\STM32Discovery\LCDDriver\main.o
                0x0800041c                NVIC_Configuration
 .text.TIM3_Configuration
                0x08000478       0x28 D:\FbEdit\Projects\Applications\FbEdit\STM32Discovery\LCDDriver\main.o
                0x08000478                TIM3_Configuration
 .text.TIM4_Configuration
                0x080004a0       0x28 D:\FbEdit\Projects\Applications\FbEdit\STM32Discovery\LCDDriver\main.o
                0x080004a0                TIM4_Configuration
 .text.SPI_Configuration
                0x080004c8       0x58 D:\FbEdit\Projects\Applications\FbEdit\STM32Discovery\LCDDriver\main.o
                0x080004c8                SPI_Configuration
 .text.main     0x08000520       0xc8 D:\FbEdit\Projects\Applications\FbEdit\STM32Discovery\LCDDriver\main.o
                0x08000520                main
 .text.DMA_Configuration
                0x080005e8       0x64 D:\FbEdit\Projects\Applications\FbEdit\STM32Discovery\LCDDriver\main.o
                0x080005e8                DMA_Configuration
 .text.TIM4_IRQHandler
                0x0800064c       0xb8 D:\FbEdit\Projects\Applications\FbEdit\STM32Discovery\LCDDriver\main.o
                0x0800064c                TIM4_IRQHandler
 .text.FLASH_SetLatency
                0x08000704       0x1c D:\FbEdit\Projects\Applications\FbEdit\STM32Discovery\LCDDriver\stm32f10x_flash.o
                0x08000704                FLASH_SetLatency
 .text.FLASH_PrefetchBufferCmd
                0x08000720       0x1c D:\FbEdit\Projects\Applications\FbEdit\STM32Discovery\LCDDriver\stm32f10x_flash.o
                0x08000720                FLASH_PrefetchBufferCmd
 .text.GPIO_Init
                0x0800073c       0xc4 D:\FbEdit\Projects\Applications\FbEdit\STM32Discovery\LCDDriver\stm32f10x_gpio.o
                0x0800073c                GPIO_Init
 .text.GPIO_SetBits
                0x08000800        0x4 D:\FbEdit\Projects\Applications\FbEdit\STM32Discovery\LCDDriver\stm32f10x_gpio.o
                0x08000800                GPIO_SetBits
 .text.WWDG_IRQHandler
                0x08000804        0x4 D:\FbEdit\Projects\Applications\FbEdit\STM32Discovery\LCDDriver\stm32f10x_it.o
                0x08000804                WWDG_IRQHandler
 .text.PVD_IRQHandler
                0x08000808        0x4 D:\FbEdit\Projects\Applications\FbEdit\STM32Discovery\LCDDriver\stm32f10x_it.o
                0x08000808                PVD_IRQHandler
 .text.TAMPER_IRQHandler
                0x0800080c        0x4 D:\FbEdit\Projects\Applications\FbEdit\STM32Discovery\LCDDriver\stm32f10x_it.o
                0x0800080c                TAMPER_IRQHandler
 .text.RTC_IRQHandler
                0x08000810        0x4 D:\FbEdit\Projects\Applications\FbEdit\STM32Discovery\LCDDriver\stm32f10x_it.o
                0x08000810                RTC_IRQHandler
 .text.FLASH_IRQHandler
                0x08000814        0x4 D:\FbEdit\Projects\Applications\FbEdit\STM32Discovery\LCDDriver\stm32f10x_it.o
                0x08000814                FLASH_IRQHandler
 .text.RCC_IRQHandler
                0x08000818        0x4 D:\FbEdit\Projects\Applications\FbEdit\STM32Discovery\LCDDriver\stm32f10x_it.o
                0x08000818                RCC_IRQHandler
 .text.EXTI0_IRQHandler
                0x0800081c        0x4 D:\FbEdit\Projects\Applications\FbEdit\STM32Discovery\LCDDriver\stm32f10x_it.o
                0x0800081c                EXTI0_IRQHandler
 .text.EXTI1_IRQHandler
                0x08000820        0x4 D:\FbEdit\Projects\Applications\FbEdit\STM32Discovery\LCDDriver\stm32f10x_it.o
                0x08000820                EXTI1_IRQHandler
 .text.EXTI2_IRQHandler
                0x08000824        0x4 D:\FbEdit\Projects\Applications\FbEdit\STM32Discovery\LCDDriver\stm32f10x_it.o
                0x08000824                EXTI2_IRQHandler
 .text.EXTI3_IRQHandler
                0x08000828        0x4 D:\FbEdit\Projects\Applications\FbEdit\STM32Discovery\LCDDriver\stm32f10x_it.o
                0x08000828                EXTI3_IRQHandler
 .text.EXTI4_IRQHandler
                0x0800082c        0x4 D:\FbEdit\Projects\Applications\FbEdit\STM32Discovery\LCDDriver\stm32f10x_it.o
                0x0800082c                EXTI4_IRQHandler
 .text.DMA1_Channel1_IRQHandler
                0x08000830        0x4 D:\FbEdit\Projects\Applications\FbEdit\STM32Discovery\LCDDriver\stm32f10x_it.o
                0x08000830                DMA1_Channel1_IRQHandler
 .text.DMA1_Channel2_IRQHandler
                0x08000834        0x4 D:\FbEdit\Projects\Applications\FbEdit\STM32Discovery\LCDDriver\stm32f10x_it.o
                0x08000834                DMA1_Channel2_IRQHandler
 .text.DMA1_Channel3_IRQHandler
                0x08000838        0x4 D:\FbEdit\Projects\Applications\FbEdit\STM32Discovery\LCDDriver\stm32f10x_it.o
                0x08000838                DMA1_Channel3_IRQHandler
 .text.DMA1_Channel4_IRQHandler
                0x0800083c        0x4 D:\FbEdit\Projects\Applications\FbEdit\STM32Discovery\LCDDriver\stm32f10x_it.o
                0x0800083c                DMA1_Channel4_IRQHandler
 .text.DMA1_Channel5_IRQHandler
                0x08000840        0x4 D:\FbEdit\Projects\Applications\FbEdit\STM32Discovery\LCDDriver\stm32f10x_it.o
                0x08000840                DMA1_Channel5_IRQHandler
 .text.DMA1_Channel6_IRQHandler
                0x08000844        0x4 D:\FbEdit\Projects\Applications\FbEdit\STM32Discovery\LCDDriver\stm32f10x_it.o
                0x08000844                DMA1_Channel6_IRQHandler
 .text.DMA1_Channel7_IRQHandler
                0x08000848        0x4 D:\FbEdit\Projects\Applications\FbEdit\STM32Discovery\LCDDriver\stm32f10x_it.o
                0x08000848                DMA1_Channel7_IRQHandler
 .text.ADC1_2_IRQHandler
                0x0800084c        0x4 D:\FbEdit\Projects\Applications\FbEdit\STM32Discovery\LCDDriver\stm32f10x_it.o
                0x0800084c                ADC1_2_IRQHandler
 .text.EXTI9_5_IRQHandler
                0x08000850        0x4 D:\FbEdit\Projects\Applications\FbEdit\STM32Discovery\LCDDriver\stm32f10x_it.o
                0x08000850                EXTI9_5_IRQHandler
 .text.TIM1_BRK_IRQHandler
                0x08000854        0x4 D:\FbEdit\Projects\Applications\FbEdit\STM32Discovery\LCDDriver\stm32f10x_it.o
                0x08000854                TIM1_BRK_IRQHandler
 .text.TIM1_UP_IRQHandler
                0x08000858        0x4 D:\FbEdit\Projects\Applications\FbEdit\STM32Discovery\LCDDriver\stm32f10x_it.o
                0x08000858                TIM1_UP_IRQHandler
 .text.TIM1_TRG_COM_IRQHandler
                0x0800085c        0x4 D:\FbEdit\Projects\Applications\FbEdit\STM32Discovery\LCDDriver\stm32f10x_it.o
                0x0800085c                TIM1_TRG_COM_IRQHandler
 .text.TIM1_CC_IRQHandler
                0x08000860        0x4 D:\FbEdit\Projects\Applications\FbEdit\STM32Discovery\LCDDriver\stm32f10x_it.o
                0x08000860                TIM1_CC_IRQHandler
 .text.TIM2_IRQHandler
                0x08000864        0x4 D:\FbEdit\Projects\Applications\FbEdit\STM32Discovery\LCDDriver\stm32f10x_it.o
                0x08000864                TIM2_IRQHandler
 .text.I2C1_EV_IRQHandler
                0x08000868        0x4 D:\FbEdit\Projects\Applications\FbEdit\STM32Discovery\LCDDriver\stm32f10x_it.o
                0x08000868                I2C1_EV_IRQHandler
 .text.I2C1_ER_IRQHandler
                0x0800086c        0x4 D:\FbEdit\Projects\Applications\FbEdit\STM32Discovery\LCDDriver\stm32f10x_it.o
                0x0800086c                I2C1_ER_IRQHandler
 .text.I2C2_EV_IRQHandler
                0x08000870        0x4 D:\FbEdit\Projects\Applications\FbEdit\STM32Discovery\LCDDriver\stm32f10x_it.o
                0x08000870                I2C2_EV_IRQHandler
 .text.I2C2_ER_IRQHandler
                0x08000874        0x4 D:\FbEdit\Projects\Applications\FbEdit\STM32Discovery\LCDDriver\stm32f10x_it.o
                0x08000874                I2C2_ER_IRQHandler
 .text.SPI1_IRQHandler
                0x08000878        0x4 D:\FbEdit\Projects\Applications\FbEdit\STM32Discovery\LCDDriver\stm32f10x_it.o
                0x08000878                SPI1_IRQHandler
 .text.SPI2_IRQHandler
                0x0800087c        0x4 D:\FbEdit\Projects\Applications\FbEdit\STM32Discovery\LCDDriver\stm32f10x_it.o
                0x0800087c                SPI2_IRQHandler
 .text.USART1_IRQHandler
                0x08000880        0x4 D:\FbEdit\Projects\Applications\FbEdit\STM32Discovery\LCDDriver\stm32f10x_it.o
                0x08000880                USART1_IRQHandler
 .text.USART2_IRQHandler
                0x08000884        0x4 D:\FbEdit\Projects\Applications\FbEdit\STM32Discovery\LCDDriver\stm32f10x_it.o
                0x08000884                USART2_IRQHandler
 .text.USART3_IRQHandler
                0x08000888        0x4 D:\FbEdit\Projects\Applications\FbEdit\STM32Discovery\LCDDriver\stm32f10x_it.o
                0x08000888                USART3_IRQHandler
 .text.EXTI15_10_IRQHandler
                0x0800088c        0x4 D:\FbEdit\Projects\Applications\FbEdit\STM32Discovery\LCDDriver\stm32f10x_it.o
                0x0800088c                EXTI15_10_IRQHandler
 .text.RTCAlarm_IRQHandler
                0x08000890        0x4 D:\FbEdit\Projects\Applications\FbEdit\STM32Discovery\LCDDriver\stm32f10x_it.o
                0x08000890                RTCAlarm_IRQHandler
 .text.USBWakeUp_IRQHandler
                0x08000894        0x4 D:\FbEdit\Projects\Applications\FbEdit\STM32Discovery\LCDDriver\stm32f10x_it.o
                0x08000894                USBWakeUp_IRQHandler
 .text.TIM8_BRK_IRQHandler
                0x08000898        0x4 D:\FbEdit\Projects\Applications\FbEdit\STM32Discovery\LCDDriver\stm32f10x_it.o
                0x08000898                TIM8_BRK_IRQHandler
 .text.TIM8_UP_IRQHandler
                0x0800089c        0x4 D:\FbEdit\Projects\Applications\FbEdit\STM32Discovery\LCDDriver\stm32f10x_it.o
                0x0800089c                TIM8_UP_IRQHandler
 .text.TIM8_TRG_COM_IRQHandler
                0x080008a0        0x4 D:\FbEdit\Projects\Applications\FbEdit\STM32Discovery\LCDDriver\stm32f10x_it.o
                0x080008a0                TIM8_TRG_COM_IRQHandler
 .text.TIM8_CC_IRQHandler
                0x080008a4        0x4 D:\FbEdit\Projects\Applications\FbEdit\STM32Discovery\LCDDriver\stm32f10x_it.o
                0x080008a4                TIM8_CC_IRQHandler
 .text.ADC3_IRQHandler
                0x080008a8        0x4 D:\FbEdit\Projects\Applications\FbEdit\STM32Discovery\LCDDriver\stm32f10x_it.o
                0x080008a8                ADC3_IRQHandler
 .text.FSMC_IRQHandler
                0x080008ac        0x4 D:\FbEdit\Projects\Applications\FbEdit\STM32Discovery\LCDDriver\stm32f10x_it.o
                0x080008ac                FSMC_IRQHandler
 .text.SDIO_IRQHandler
                0x080008b0        0x4 D:\FbEdit\Projects\Applications\FbEdit\STM32Discovery\LCDDriver\stm32f10x_it.o
                0x080008b0                SDIO_IRQHandler
 .text.TIM5_IRQHandler
                0x080008b4        0x4 D:\FbEdit\Projects\Applications\FbEdit\STM32Discovery\LCDDriver\stm32f10x_it.o
                0x080008b4                TIM5_IRQHandler
 .text.SPI3_IRQHandler
                0x080008b8        0x4 D:\FbEdit\Projects\Applications\FbEdit\STM32Discovery\LCDDriver\stm32f10x_it.o
                0x080008b8                SPI3_IRQHandler
 .text.UART4_IRQHandler
                0x080008bc        0x4 D:\FbEdit\Projects\Applications\FbEdit\STM32Discovery\LCDDriver\stm32f10x_it.o
                0x080008bc                UART4_IRQHandler
 .text.UART5_IRQHandler
                0x080008c0        0x4 D:\FbEdit\Projects\Applications\FbEdit\STM32Discovery\LCDDriver\stm32f10x_it.o
                0x080008c0                UART5_IRQHandler
 .text.TIM6_IRQHandler
                0x080008c4        0x4 D:\FbEdit\Projects\Applications\FbEdit\STM32Discovery\LCDDriver\stm32f10x_it.o
                0x080008c4                TIM6_IRQHandler
 .text.TIM7_IRQHandler
                0x080008c8        0x4 D:\FbEdit\Projects\Applications\FbEdit\STM32Discovery\LCDDriver\stm32f10x_it.o
                0x080008c8                TIM7_IRQHandler
 .text.DMA2_Channel1_IRQHandler
                0x080008cc        0x4 D:\FbEdit\Projects\Applications\FbEdit\STM32Discovery\LCDDriver\stm32f10x_it.o
                0x080008cc                DMA2_Channel1_IRQHandler
 .text.DMA2_Channel2_IRQHandler
                0x080008d0        0x4 D:\FbEdit\Projects\Applications\FbEdit\STM32Discovery\LCDDriver\stm32f10x_it.o
                0x080008d0                DMA2_Channel2_IRQHandler
 .text.DMA2_Channel3_IRQHandler
                0x080008d4        0x4 D:\FbEdit\Projects\Applications\FbEdit\STM32Discovery\LCDDriver\stm32f10x_it.o
                0x080008d4                DMA2_Channel3_IRQHandler
 .text.DMA2_Channel4_5_IRQHandler
                0x080008d8        0x4 D:\FbEdit\Projects\Applications\FbEdit\STM32Discovery\LCDDriver\stm32f10x_it.o
                0x080008d8                DMA2_Channel4_5_IRQHandler
 .text.NVIC_Init
                0x080008dc       0xac D:\FbEdit\Projects\Applications\FbEdit\STM32Discovery\LCDDriver\stm32f10x_nvic.o
                0x080008dc                NVIC_Init
 .text.NVIC_SetVectorTable
                0x08000988       0x18 D:\FbEdit\Projects\Applications\FbEdit\STM32Discovery\LCDDriver\stm32f10x_nvic.o
                0x08000988                NVIC_SetVectorTable
 .text.RCC_DeInit
                0x080009a0       0x44 D:\FbEdit\Projects\Applications\FbEdit\STM32Discovery\LCDDriver\stm32f10x_rcc.o
                0x080009a0                RCC_DeInit
 .text.RCC_HSEConfig
                0x080009e4       0x4c D:\FbEdit\Projects\Applications\FbEdit\STM32Discovery\LCDDriver\stm32f10x_rcc.o
                0x080009e4                RCC_HSEConfig
 .text.RCC_PLLConfig
                0x08000a30       0x18 D:\FbEdit\Projects\Applications\FbEdit\STM32Discovery\LCDDriver\stm32f10x_rcc.o
                0x08000a30                RCC_PLLConfig
 .text.RCC_PLLCmd
                0x08000a48        0xc D:\FbEdit\Projects\Applications\FbEdit\STM32Discovery\LCDDriver\stm32f10x_rcc.o
                0x08000a48                RCC_PLLCmd
 .text.RCC_SYSCLKConfig
                0x08000a54       0x18 D:\FbEdit\Projects\Applications\FbEdit\STM32Discovery\LCDDriver\stm32f10x_rcc.o
                0x08000a54                RCC_SYSCLKConfig
 .text.RCC_GetSYSCLKSource
                0x08000a6c       0x10 D:\FbEdit\Projects\Applications\FbEdit\STM32Discovery\LCDDriver\stm32f10x_rcc.o
                0x08000a6c                RCC_GetSYSCLKSource
 .text.RCC_HCLKConfig
                0x08000a7c       0x18 D:\FbEdit\Projects\Applications\FbEdit\STM32Discovery\LCDDriver\stm32f10x_rcc.o
                0x08000a7c                RCC_HCLKConfig
 .text.RCC_PCLK1Config
                0x08000a94       0x18 D:\FbEdit\Projects\Applications\FbEdit\STM32Discovery\LCDDriver\stm32f10x_rcc.o
                0x08000a94                RCC_PCLK1Config
 .text.RCC_PCLK2Config
                0x08000aac       0x18 D:\FbEdit\Projects\Applications\FbEdit\STM32Discovery\LCDDriver\stm32f10x_rcc.o
                0x08000aac                RCC_PCLK2Config
 .text.RCC_ADCCLKConfig
                0x08000ac4       0x18 D:\FbEdit\Projects\Applications\FbEdit\STM32Discovery\LCDDriver\stm32f10x_rcc.o
                0x08000ac4                RCC_ADCCLKConfig
 .text.RCC_AHBPeriphClockCmd
                0x08000adc       0x24 D:\FbEdit\Projects\Applications\FbEdit\STM32Discovery\LCDDriver\stm32f10x_rcc.o
                0x08000adc                RCC_AHBPeriphClockCmd
 .text.RCC_APB2PeriphClockCmd
                0x08000b00       0x24 D:\FbEdit\Projects\Applications\FbEdit\STM32Discovery\LCDDriver\stm32f10x_rcc.o
                0x08000b00                RCC_APB2PeriphClockCmd
 .text.RCC_APB1PeriphClockCmd
                0x08000b24       0x24 D:\FbEdit\Projects\Applications\FbEdit\STM32Discovery\LCDDriver\stm32f10x_rcc.o
                0x08000b24                RCC_APB1PeriphClockCmd
 .text.RCC_GetFlagStatus
                0x08000b48       0x34 D:\FbEdit\Projects\Applications\FbEdit\STM32Discovery\LCDDriver\stm32f10x_rcc.o
                0x08000b48                RCC_GetFlagStatus
 .text.RCC_WaitForHSEStartUp
                0x08000b7c       0x38 D:\FbEdit\Projects\Applications\FbEdit\STM32Discovery\LCDDriver\stm32f10x_rcc.o
                0x08000b7c                RCC_WaitForHSEStartUp
 .text.TIM_TimeBaseInit
                0x08000bb4       0x50 D:\FbEdit\Projects\Applications\FbEdit\STM32Discovery\LCDDriver\stm32f10x_tim.o
                0x08000bb4                TIM_TimeBaseInit
 .text.TIM_Cmd  0x08000c04       0x20 D:\FbEdit\Projects\Applications\FbEdit\STM32Discovery\LCDDriver\stm32f10x_tim.o
                0x08000c04                TIM_Cmd
 .text.TIM_ITConfig
                0x08000c24       0x18 D:\FbEdit\Projects\Applications\FbEdit\STM32Discovery\LCDDriver\stm32f10x_tim.o
                0x08000c24                TIM_ITConfig
 .text.TIM_ClearITPendingBit
                0x08000c3c        0xc D:\FbEdit\Projects\Applications\FbEdit\STM32Discovery\LCDDriver\stm32f10x_tim.o
                0x08000c3c                TIM_ClearITPendingBit
 .text.DMA_DeInit
                0x08000c48      0x1b0 D:\FbEdit\Projects\Applications\FbEdit\STM32Discovery\LCDDriver\stm32f10x_dma.o
                0x08000c48                DMA_DeInit
 .text.DMA_Init
                0x08000df8       0x40 D:\FbEdit\Projects\Applications\FbEdit\STM32Discovery\LCDDriver\stm32f10x_dma.o
                0x08000df8                DMA_Init
 .text.SPI_Init
                0x08000e38       0x48 D:\FbEdit\Projects\Applications\FbEdit\STM32Discovery\LCDDriver\stm32f10x_spi.o
                0x08000e38                SPI_Init
 .text.SPI_Cmd  0x08000e80       0x20 D:\FbEdit\Projects\Applications\FbEdit\STM32Discovery\LCDDriver\stm32f10x_spi.o
                0x08000e80                SPI_Cmd
 .text.SPI_I2S_DMACmd
                0x08000ea0       0x18 D:\FbEdit\Projects\Applications\FbEdit\STM32Discovery\LCDDriver\stm32f10x_spi.o
                0x08000ea0                SPI_I2S_DMACmd
 .text.__io_putchar
                0x08000eb8      0x16c D:\Ride\Ride\Lib\ARM\STM32x_io_putchar_thumb.a(STM32F10X_io_putchar.o)
                0x08000eb8                __io_putchar
 .text._write   0x08001024        0x4 D:\Ride\Ride\Lib\ARM\std_sbrk_thumb.lib(write.o)
                0x08001024                _write
 *(.rodata)
 *(.rodata*)
 *(.glue_7)
 .glue_7        0x00000000        0x0 linker stubs
 *(.glue_7t)
 .glue_7t       0x00000000        0x0 linker stubs
                0x08001028                . = ALIGN (0x4)
                0x08001028                _etext = .
                0x08001028                _sidata = _etext

.vfp11_veneer   0x08001028        0x0
 .vfp11_veneer  0x00000000        0x0 linker stubs

.v4_bx          0x08001028        0x0
 .v4_bx         0x00000000        0x0 linker stubs

.flashpatch     0x00000000        0x0
                0x00000000                . = ALIGN (0x4)
 *(.flashpatch)
                0x00000000                . = ALIGN (0x4)

.endflash       0x00000000        0x0
                0x00000000                . = ALIGN (0x4)
 *(.endflash)
                0x00000000                . = ALIGN (0x4)
                0x00000000                _e_endflash = .

.data           0x20000000      0x800 load address 0x08001028
                0x20000000                . = ALIGN (0x4)
                0x20000000                _sdata = .
                0x20000000                _data = .
 *(.data)
 .data          0x20000000      0x800 D:\FbEdit\Projects\Applications\FbEdit\STM32Discovery\LCDDriver\main.o
                0x20000000                Font6x8
 *(.data.*)
 *(.RAMtext)
                0x20000800                . = ALIGN (0x4)
                0x20000800                _edata = .
                0x08001828                _eidata = ((_sidata + _edata) - _sdata)
                0x08010000                _lastdataromaddress = 0x8010000
                0x00000000                toobig = (_eidata > _lastdataromaddress)?!!!!!!!!! FLASH IS FULL !!!!!!!!!:0x0

.bss            0x20000800      0x898 load address 0x08001828
                0x20000800                . = ALIGN (0x4)
                0x20000800                _sbss = .
                0x20000800                _bss = .
 *(.bss)
 *(COMMON)
 COMMON         0x20000800      0x898 D:\FbEdit\Projects\Applications\FbEdit\STM32Discovery\LCDDriver\main.o
                0x20000800                HSEStartUpStatus
                0x20000804                TIM_TimeBaseStructure
                0x20000810                PixelBuff
                0x20000850                ScreenChars
                0x20001050                LineCount
                0x20001054                SPI_InitStructure
                0x20001068                NVIC_InitStructure
                0x2000106c                DMA_InitStructure
                0x20001098                . = ALIGN (0x4)
                0x20001098                _ebss = .
                0x20001098                PROVIDE (end, _ebss)
                0x20001098                PROVIDE (_end, _ebss)

._usrstack      0x20001098      0x100 load address 0x080020c0
                0x20001098                . = ALIGN (0x4)
                0x20001098                _susrstack = .
                0x20001198                . = (. + _Minimum_Stack_Size)
 *fill*         0x20001098      0x100 00
                0x20001198                . = ALIGN (0x4)
                0x20001198                _eusrstack = .

.b1text
 *(.b1text)
 *(.b1rodata)
 *(.b1rodata*)

.eb0text
 *(.eb0text)
 *(.eb0rodata)
 *(.eb0rodata*)

.eb1text
 *(.eb1text)
 *(.eb1rodata)
 *(.eb1rodata*)

.eb2text
 *(.eb2text)
 *(.eb2rodata)
 *(.eb2rodata*)

.eb3text
 *(.eb3text)
 *(.eb3rodata)
 *(.eb3rodata*)
                0x20001198                __exidx_start = .
                0x20001198                __exidx_end = .

/DISCARD/
 libc.a(*)
 libm.a(*)
 libgcc.a(*)

.stab
 *(.stab)

.stabstr
 *(.stabstr)

.stab.excl
 *(.stab.excl)

.stab.exclstr
 *(.stab.exclstr)

.stab.index
 *(.stab.index)

.stab.indexstr
 *(.stab.indexstr)

.ARM.attributes
                0x00000000       0x2d
 .ARM.attributes
                0x00000000       0x21 \FbEdit\Projects\Applications\FbEdit\STM32Discovery\LCDDriver\startup_stm32f10x_hd.o
 .ARM.attributes
                0x00000021       0x31 D:\FbEdit\Projects\Applications\FbEdit\STM32Discovery\LCDDriver\main.o
 .ARM.attributes
                0x00000052       0x31 D:\FbEdit\Projects\Applications\FbEdit\STM32Discovery\LCDDriver\stm32f10x_flash.o
 .ARM.attributes
                0x00000083       0x31 D:\FbEdit\Projects\Applications\FbEdit\STM32Discovery\LCDDriver\stm32f10x_gpio.o
 .ARM.attributes
                0x000000b4       0x31 D:\FbEdit\Projects\Applications\FbEdit\STM32Discovery\LCDDriver\stm32f10x_it.o
 .ARM.attributes
                0x000000e5       0x31 D:\FbEdit\Projects\Applications\FbEdit\STM32Discovery\LCDDriver\stm32f10x_lib.o
 .ARM.attributes
                0x00000116       0x31 D:\FbEdit\Projects\Applications\FbEdit\STM32Discovery\LCDDriver\stm32f10x_nvic.o
 .ARM.attributes
                0x00000147       0x31 D:\FbEdit\Projects\Applications\FbEdit\STM32Discovery\LCDDriver\stm32f10x_rcc.o
 .ARM.attributes
                0x00000178       0x31 D:\FbEdit\Projects\Applications\FbEdit\STM32Discovery\LCDDriver\stm32f10x_tim.o
 .ARM.attributes
                0x000001a9       0x31 D:\FbEdit\Projects\Applications\FbEdit\STM32Discovery\LCDDriver\stm32f10x_dma.o
 .ARM.attributes
                0x000001da       0x31 D:\FbEdit\Projects\Applications\FbEdit\STM32Discovery\LCDDriver\stm32f10x_spi.o
 .ARM.attributes
                0x0000020b       0x31 D:\Ride\Ride\Lib\ARM\STM32x_io_putchar_thumb.a(STM32F10X_io_putchar.o)
 .ARM.attributes
                0x0000023c       0x2e D:\Ride\Ride\Lib\ARM\std_sbrk_thumb.lib(write.o)

.comment        0x00000000       0x7f
 *(.comment)
 .comment       0x00000000       0x2a D:\FbEdit\Projects\Applications\FbEdit\STM32Discovery\LCDDriver\main.o
                                 0x2b (size before relaxing)
 .comment       0x00000000       0x2b D:\FbEdit\Projects\Applications\FbEdit\STM32Discovery\LCDDriver\stm32f10x_flash.o
 .comment       0x00000000       0x2b D:\FbEdit\Projects\Applications\FbEdit\STM32Discovery\LCDDriver\stm32f10x_gpio.o
 .comment       0x00000000       0x2b D:\FbEdit\Projects\Applications\FbEdit\STM32Discovery\LCDDriver\stm32f10x_it.o
 .comment       0x00000000       0x2b D:\FbEdit\Projects\Applications\FbEdit\STM32Discovery\LCDDriver\stm32f10x_lib.o
 .comment       0x00000000       0x2b D:\FbEdit\Projects\Applications\FbEdit\STM32Discovery\LCDDriver\stm32f10x_nvic.o
 .comment       0x00000000       0x2b D:\FbEdit\Projects\Applications\FbEdit\STM32Discovery\LCDDriver\stm32f10x_rcc.o
 .comment       0x00000000       0x2b D:\FbEdit\Projects\Applications\FbEdit\STM32Discovery\LCDDriver\stm32f10x_tim.o
 .comment       0x00000000       0x2b D:\FbEdit\Projects\Applications\FbEdit\STM32Discovery\LCDDriver\stm32f10x_dma.o
 .comment       0x00000000       0x2b D:\FbEdit\Projects\Applications\FbEdit\STM32Discovery\LCDDriver\stm32f10x_spi.o
 .comment       0x0000002a       0x2b D:\Ride\Ride\Lib\ARM\STM32x_io_putchar_thumb.a(STM32F10X_io_putchar.o)
 .comment       0x00000055       0x2a D:\Ride\Ride\Lib\ARM\std_sbrk_thumb.lib(write.o)

.debug
 *(.debug)

.line
 *(.line)

.debug_srcinfo
 *(.debug_srcinfo)

.debug_sfnames
 *(.debug_sfnames)

.debug_aranges  0x00000000      0x9a8
 *(.debug_aranges)
 .debug_aranges
                0x00000000       0x70 D:\FbEdit\Projects\Applications\FbEdit\STM32Discovery\LCDDriver\main.o
 .debug_aranges
                0x00000070       0x30 D:\FbEdit\Projects\Applications\FbEdit\STM32Discovery\LCDDriver\stm32f10x_flash.o
 .debug_aranges
                0x000000a0       0xa0 D:\FbEdit\Projects\Applications\FbEdit\STM32Discovery\LCDDriver\stm32f10x_gpio.o
 .debug_aranges
                0x00000140      0x230 D:\FbEdit\Projects\Applications\FbEdit\STM32Discovery\LCDDriver\stm32f10x_it.o
 .debug_aranges
                0x00000370      0x108 D:\FbEdit\Projects\Applications\FbEdit\STM32Discovery\LCDDriver\stm32f10x_nvic.o
 .debug_aranges
                0x00000478      0x118 D:\FbEdit\Projects\Applications\FbEdit\STM32Discovery\LCDDriver\stm32f10x_rcc.o
 .debug_aranges
                0x00000590      0x2e0 D:\FbEdit\Projects\Applications\FbEdit\STM32Discovery\LCDDriver\stm32f10x_tim.o
 .debug_aranges
                0x00000870       0x68 D:\FbEdit\Projects\Applications\FbEdit\STM32Discovery\LCDDriver\stm32f10x_dma.o
 .debug_aranges
                0x000008d8       0xd0 D:\FbEdit\Projects\Applications\FbEdit\STM32Discovery\LCDDriver\stm32f10x_spi.o

.debug_pubnames
                0x00000000     0x1a25
 *(.debug_pubnames)
 .debug_pubnames
                0x00000000      0x19d D:\FbEdit\Projects\Applications\FbEdit\STM32Discovery\LCDDriver\main.o
 .debug_pubnames
                0x0000019d       0x60 D:\FbEdit\Projects\Applications\FbEdit\STM32Discovery\LCDDriver\stm32f10x_flash.o
 .debug_pubnames
                0x000001fd      0x17b D:\FbEdit\Projects\Applications\FbEdit\STM32Discovery\LCDDriver\stm32f10x_gpio.o
 .debug_pubnames
                0x00000378      0x614 D:\FbEdit\Projects\Applications\FbEdit\STM32Discovery\LCDDriver\stm32f10x_it.o
 .debug_pubnames
                0x0000098c      0x360 D:\FbEdit\Projects\Applications\FbEdit\STM32Discovery\LCDDriver\stm32f10x_nvic.o
 .debug_pubnames
                0x00000cec      0x2c4 D:\FbEdit\Projects\Applications\FbEdit\STM32Discovery\LCDDriver\stm32f10x_rcc.o
 .debug_pubnames
                0x00000fb0      0x7b0 D:\FbEdit\Projects\Applications\FbEdit\STM32Discovery\LCDDriver\stm32f10x_tim.o
 .debug_pubnames
                0x00001760       0xcf D:\FbEdit\Projects\Applications\FbEdit\STM32Discovery\LCDDriver\stm32f10x_dma.o
 .debug_pubnames
                0x0000182f      0x1f6 D:\FbEdit\Projects\Applications\FbEdit\STM32Discovery\LCDDriver\stm32f10x_spi.o

.debug_info     0x00000000     0x5537
 *(.debug_info .gnu.linkonce.wi.*)
 .debug_info    0x00000000      0xa68 D:\FbEdit\Projects\Applications\FbEdit\STM32Discovery\LCDDriver\main.o
 .debug_info    0x00000a68      0x16f D:\FbEdit\Projects\Applications\FbEdit\STM32Discovery\LCDDriver\stm32f10x_flash.o
 .debug_info    0x00000bd7      0x690 D:\FbEdit\Projects\Applications\FbEdit\STM32Discovery\LCDDriver\stm32f10x_gpio.o
 .debug_info    0x00001267      0x5c3 D:\FbEdit\Projects\Applications\FbEdit\STM32Discovery\LCDDriver\stm32f10x_it.o
 .debug_info    0x0000182a       0x53 D:\FbEdit\Projects\Applications\FbEdit\STM32Discovery\LCDDriver\stm32f10x_lib.o
 .debug_info    0x0000187d      0x964 D:\FbEdit\Projects\Applications\FbEdit\STM32Discovery\LCDDriver\stm32f10x_nvic.o
 .debug_info    0x000021e1      0x8ac D:\FbEdit\Projects\Applications\FbEdit\STM32Discovery\LCDDriver\stm32f10x_rcc.o
 .debug_info    0x00002a8d     0x1d8d D:\FbEdit\Projects\Applications\FbEdit\STM32Discovery\LCDDriver\stm32f10x_tim.o
 .debug_info    0x0000481a      0x414 D:\FbEdit\Projects\Applications\FbEdit\STM32Discovery\LCDDriver\stm32f10x_dma.o
 .debug_info    0x00004c2e      0x909 D:\FbEdit\Projects\Applications\FbEdit\STM32Discovery\LCDDriver\stm32f10x_spi.o

.debug_abbrev   0x00000000      0xdfb
 *(.debug_abbrev)
 .debug_abbrev  0x00000000      0x18e D:\FbEdit\Projects\Applications\FbEdit\STM32Discovery\LCDDriver\main.o
 .debug_abbrev  0x0000018e       0xa6 D:\FbEdit\Projects\Applications\FbEdit\STM32Discovery\LCDDriver\stm32f10x_flash.o
 .debug_abbrev  0x00000234      0x1f5 D:\FbEdit\Projects\Applications\FbEdit\STM32Discovery\LCDDriver\stm32f10x_gpio.o
 .debug_abbrev  0x00000429       0x49 D:\FbEdit\Projects\Applications\FbEdit\STM32Discovery\LCDDriver\stm32f10x_it.o
 .debug_abbrev  0x00000472       0x1d D:\FbEdit\Projects\Applications\FbEdit\STM32Discovery\LCDDriver\stm32f10x_lib.o
 .debug_abbrev  0x0000048f      0x22f D:\FbEdit\Projects\Applications\FbEdit\STM32Discovery\LCDDriver\stm32f10x_nvic.o
 .debug_abbrev  0x000006be      0x1f6 D:\FbEdit\Projects\Applications\FbEdit\STM32Discovery\LCDDriver\stm32f10x_rcc.o
 .debug_abbrev  0x000008b4      0x240 D:\FbEdit\Projects\Applications\FbEdit\STM32Discovery\LCDDriver\stm32f10x_tim.o
 .debug_abbrev  0x00000af4      0x151 D:\FbEdit\Projects\Applications\FbEdit\STM32Discovery\LCDDriver\stm32f10x_dma.o
 .debug_abbrev  0x00000c45      0x1b6 D:\FbEdit\Projects\Applications\FbEdit\STM32Discovery\LCDDriver\stm32f10x_spi.o

.debug_line     0x00000000     0x1e52
 *(.debug_line)
 .debug_line    0x00000000      0x2b6 D:\FbEdit\Projects\Applications\FbEdit\STM32Discovery\LCDDriver\main.o
 .debug_line    0x000002b6       0xdd D:\FbEdit\Projects\Applications\FbEdit\STM32Discovery\LCDDriver\stm32f10x_flash.o
 .debug_line    0x00000393      0x25a D:\FbEdit\Projects\Applications\FbEdit\STM32Discovery\LCDDriver\stm32f10x_gpio.o
 .debug_line    0x000005ed      0x4db D:\FbEdit\Projects\Applications\FbEdit\STM32Discovery\LCDDriver\stm32f10x_it.o
 .debug_line    0x00000ac8       0x1d D:\FbEdit\Projects\Applications\FbEdit\STM32Discovery\LCDDriver\stm32f10x_lib.o
 .debug_line    0x00000ae5      0x33b D:\FbEdit\Projects\Applications\FbEdit\STM32Discovery\LCDDriver\stm32f10x_nvic.o
 .debug_line    0x00000e20      0x361 D:\FbEdit\Projects\Applications\FbEdit\STM32Discovery\LCDDriver\stm32f10x_rcc.o
 .debug_line    0x00001181      0x855 D:\FbEdit\Projects\Applications\FbEdit\STM32Discovery\LCDDriver\stm32f10x_tim.o
 .debug_line    0x000019d6      0x1ab D:\FbEdit\Projects\Applications\FbEdit\STM32Discovery\LCDDriver\stm32f10x_dma.o
 .debug_line    0x00001b81      0x2d1 D:\FbEdit\Projects\Applications\FbEdit\STM32Discovery\LCDDriver\stm32f10x_spi.o

.debug_frame    0x00000000     0x141c
 *(.debug_frame)
 .debug_frame   0x00000000      0x12c D:\FbEdit\Projects\Applications\FbEdit\STM32Discovery\LCDDriver\main.o
 .debug_frame   0x0000012c       0x40 D:\FbEdit\Projects\Applications\FbEdit\STM32Discovery\LCDDriver\stm32f10x_flash.o
 .debug_frame   0x0000016c      0x158 D:\FbEdit\Projects\Applications\FbEdit\STM32Discovery\LCDDriver\stm32f10x_gpio.o
 .debug_frame   0x000002c4      0x440 D:\FbEdit\Projects\Applications\FbEdit\STM32Discovery\LCDDriver\stm32f10x_it.o
 .debug_frame   0x00000704      0x238 D:\FbEdit\Projects\Applications\FbEdit\STM32Discovery\LCDDriver\stm32f10x_nvic.o
 .debug_frame   0x0000093c      0x224 D:\FbEdit\Projects\Applications\FbEdit\STM32Discovery\LCDDriver\stm32f10x_rcc.o
 .debug_frame   0x00000b60      0x658 D:\FbEdit\Projects\Applications\FbEdit\STM32Discovery\LCDDriver\stm32f10x_tim.o
 .debug_frame   0x000011b8       0xb8 D:\FbEdit\Projects\Applications\FbEdit\STM32Discovery\LCDDriver\stm32f10x_dma.o
 .debug_frame   0x00001270      0x1ac D:\FbEdit\Projects\Applications\FbEdit\STM32Discovery\LCDDriver\stm32f10x_spi.o

.debug_str      0x00000000     0x26e1
 *(.debug_str)
 .debug_str     0x00000000      0x6bc D:\FbEdit\Projects\Applications\FbEdit\STM32Discovery\LCDDriver\main.o
                                0x6db (size before relaxing)
 .debug_str     0x000006bc       0xf1 D:\FbEdit\Projects\Applications\FbEdit\STM32Discovery\LCDDriver\stm32f10x_flash.o
                                0x161 (size before relaxing)
 .debug_str     0x000007ad      0x251 D:\FbEdit\Projects\Applications\FbEdit\STM32Discovery\LCDDriver\stm32f10x_gpio.o
                                0x3f8 (size before relaxing)
 .debug_str     0x000009fe      0x545 D:\FbEdit\Projects\Applications\FbEdit\STM32Discovery\LCDDriver\stm32f10x_it.o
                                0x5b0 (size before relaxing)
 .debug_str     0x00000f43       0x50 D:\FbEdit\Projects\Applications\FbEdit\STM32Discovery\LCDDriver\stm32f10x_lib.o
                                 0xbb (size before relaxing)
 .debug_str     0x00000f93      0x4a6 D:\FbEdit\Projects\Applications\FbEdit\STM32Discovery\LCDDriver\stm32f10x_nvic.o
                                0x60a (size before relaxing)
 .debug_str     0x00001439      0x442 D:\FbEdit\Projects\Applications\FbEdit\STM32Discovery\LCDDriver\stm32f10x_rcc.o
                                0x53f (size before relaxing)
 .debug_str     0x0000187b      0xa6e D:\FbEdit\Projects\Applications\FbEdit\STM32Discovery\LCDDriver\stm32f10x_tim.o
                                0xcfd (size before relaxing)
 .debug_str     0x000022e9      0x123 D:\FbEdit\Projects\Applications\FbEdit\STM32Discovery\LCDDriver\stm32f10x_dma.o
                                0x2be (size before relaxing)
 .debug_str     0x0000240c      0x2d5 D:\FbEdit\Projects\Applications\FbEdit\STM32Discovery\LCDDriver\stm32f10x_spi.o
                                0x511 (size before relaxing)

.debug_loc      0x00000000     0x2bd0
 *(.debug_loc)
 .debug_loc     0x00000000      0x1a9 D:\FbEdit\Projects\Applications\FbEdit\STM32Discovery\LCDDriver\main.o
 .debug_loc     0x000001a9      0x490 D:\FbEdit\Projects\Applications\FbEdit\STM32Discovery\LCDDriver\stm32f10x_gpio.o
 .debug_loc     0x00000639      0x83d D:\FbEdit\Projects\Applications\FbEdit\STM32Discovery\LCDDriver\stm32f10x_nvic.o
 .debug_loc     0x00000e76      0x4d5 D:\FbEdit\Projects\Applications\FbEdit\STM32Discovery\LCDDriver\stm32f10x_rcc.o
 .debug_loc     0x0000134b     0x1382 D:\FbEdit\Projects\Applications\FbEdit\STM32Discovery\LCDDriver\stm32f10x_tim.o
 .debug_loc     0x000026cd      0x142 D:\FbEdit\Projects\Applications\FbEdit\STM32Discovery\LCDDriver\stm32f10x_dma.o
 .debug_loc     0x0000280f      0x3c1 D:\FbEdit\Projects\Applications\FbEdit\STM32Discovery\LCDDriver\stm32f10x_spi.o

.debug_macinfo
 *(.debug_macinfo)

.debug_weaknames
 *(.debug_weaknames)

.debug_funcnames
 *(.debug_funcnames)

.debug_typenames
 *(.debug_typenames)

.debug_varnames
 *(.debug_varnames)
START GROUP
LOAD d:/ride/ride/arm-gcc/bin/../lib/gcc/arm-none-eabi/4.5.1/thumb2\libgcc.a
LOAD d:/ride/ride/arm-gcc/bin/../lib/gcc/arm-none-eabi/4.5.1/../../../../arm-none-eabi/lib/thumb2\libc.a
END GROUP
OUTPUT(D:\FbEdit\Projects\Applications\FbEdit\STM32Discovery\LCDDriver\LCDDriver.elf elf32-littlearm)

.debug_pubtypes
                0x00000000      0x565
 .debug_pubtypes
                0x00000000      0x12f D:\FbEdit\Projects\Applications\FbEdit\STM32Discovery\LCDDriver\main.o
 .debug_pubtypes
                0x0000012f       0x2c D:\FbEdit\Projects\Applications\FbEdit\STM32Discovery\LCDDriver\stm32f10x_flash.o
 .debug_pubtypes
                0x0000015b       0xb6 D:\FbEdit\Projects\Applications\FbEdit\STM32Discovery\LCDDriver\stm32f10x_gpio.o
 .debug_pubtypes
                0x00000211       0x12 D:\FbEdit\Projects\Applications\FbEdit\STM32Discovery\LCDDriver\stm32f10x_it.o
 .debug_pubtypes
                0x00000223       0x12 D:\FbEdit\Projects\Applications\FbEdit\STM32Discovery\LCDDriver\stm32f10x_lib.o
 .debug_pubtypes
                0x00000235       0x89 D:\FbEdit\Projects\Applications\FbEdit\STM32Discovery\LCDDriver\stm32f10x_nvic.o
 .debug_pubtypes
                0x000002be       0xa0 D:\FbEdit\Projects\Applications\FbEdit\STM32Discovery\LCDDriver\stm32f10x_rcc.o
 .debug_pubtypes
                0x0000035e       0xd2 D:\FbEdit\Projects\Applications\FbEdit\STM32Discovery\LCDDriver\stm32f10x_tim.o
 .debug_pubtypes
                0x00000430       0x8e D:\FbEdit\Projects\Applications\FbEdit\STM32Discovery\LCDDriver\stm32f10x_dma.o
 .debug_pubtypes
                0x000004be       0xa7 D:\FbEdit\Projects\Applications\FbEdit\STM32Discovery\LCDDriver\stm32f10x_spi.o

.debug_ranges   0x00000000      0x918
 .debug_ranges  0x00000000       0x60 D:\FbEdit\Projects\Applications\FbEdit\STM32Discovery\LCDDriver\main.o
 .debug_ranges  0x00000060       0x20 D:\FbEdit\Projects\Applications\FbEdit\STM32Discovery\LCDDriver\stm32f10x_flash.o
 .debug_ranges  0x00000080       0x90 D:\FbEdit\Projects\Applications\FbEdit\STM32Discovery\LCDDriver\stm32f10x_gpio.o
 .debug_ranges  0x00000110      0x220 D:\FbEdit\Projects\Applications\FbEdit\STM32Discovery\LCDDriver\stm32f10x_it.o
 .debug_ranges  0x00000330       0xf8 D:\FbEdit\Projects\Applications\FbEdit\STM32Discovery\LCDDriver\stm32f10x_nvic.o
 .debug_ranges  0x00000428      0x108 D:\FbEdit\Projects\Applications\FbEdit\STM32Discovery\LCDDriver\stm32f10x_rcc.o
 .debug_ranges  0x00000530      0x2d0 D:\FbEdit\Projects\Applications\FbEdit\STM32Discovery\LCDDriver\stm32f10x_tim.o
 .debug_ranges  0x00000800       0x58 D:\FbEdit\Projects\Applications\FbEdit\STM32Discovery\LCDDriver\stm32f10x_dma.o
 .debug_ranges  0x00000858       0xc0 D:\FbEdit\Projects\Applications\FbEdit\STM32Discovery\LCDDriver\stm32f10x_spi.o
